<!doctype html public "-//w3c//dtd html 4.0 transitional//en">
<html><head>
<title>Static Call Graph - [.\Flash\keil_framework_2194.axf]</title></head>
<body><HR>
<H1>Static Call Graph for image .\Flash\keil_framework_2194.axf</H1><HR>
<BR><P>#&#060CALLGRAPH&#062# ARM Linker, RVCT4.0 [Build 524]: Last Updated: Fri Mar 04 13:58:17 2016
<BR><P>
<H3>Maximum Stack Usage =        288 bytes + Unknown(Functions without stacksize, Cycles, Untraceable Function Pointers)</H3><H3>
Call chain for Maximum Stack Depth:</H3>
main &rArr; init_software &rArr; qdc_tmr0_init &rArr; __aeabi_dmul &rArr; _double_epilogue &rArr; _double_round
<P>
<H3>
Functions with no stack information
</H3><UL>
 <LI><a href="#[7026c4]">Reset_Handler</a>
 <LI><a href="#[70264c]">FIQ_Handler</a>
 <LI><a href="#[7028e0]">Undef_Handler</a>
 <LI><a href="#[7028a4]">SWI_Handler</a>
 <LI><a href="#[702868]">PAbt_Handler</a>
 <LI><a href="#[70282c]">DAbt_Handler</a>
 <LI><a href="#[7027f0]">IRQ_Handler</a>
 <LI><a href="#[6f8458]">__switch$$</a>
 <LI><a href="#[6f841c]">__switch$$</a>
</UL>
</UL>
<P>
<H3>
Mutually Recursive functions
</H3> <LI><a href="#[700c0c]">mutex_lock</a>&nbsp;&nbsp;&nbsp;&rArr;&nbsp;&nbsp;&nbsp;<a href="#[700c0c]">mutex_lock</a><BR>
 <LI><a href="#[76e3c0]">_float_round</a>&nbsp;&nbsp;&nbsp;&rArr;&nbsp;&nbsp;&nbsp;<a href="#[76e3c0]">_float_round</a><BR>
 <LI><a href="#[7028e0]">Undef_Handler</a>&nbsp;&nbsp;&nbsp;&rArr;&nbsp;&nbsp;&nbsp;<a href="#[7028e0]">Undef_Handler</a><BR>
 <LI><a href="#[7028a4]">SWI_Handler</a>&nbsp;&nbsp;&nbsp;&rArr;&nbsp;&nbsp;&nbsp;<a href="#[7028a4]">SWI_Handler</a><BR>
 <LI><a href="#[702868]">PAbt_Handler</a>&nbsp;&nbsp;&nbsp;&rArr;&nbsp;&nbsp;&nbsp;<a href="#[702868]">PAbt_Handler</a><BR>
 <LI><a href="#[70282c]">DAbt_Handler</a>&nbsp;&nbsp;&nbsp;&rArr;&nbsp;&nbsp;&nbsp;<a href="#[70282c]">DAbt_Handler</a><BR>
 <LI><a href="#[7027f0]">IRQ_Handler</a>&nbsp;&nbsp;&nbsp;&rArr;&nbsp;&nbsp;&nbsp;<a href="#[7027f0]">IRQ_Handler</a><BR>
</UL>
<P>
<H3>
Function Pointers
</H3><UL>
 <LI><a href="#[701ecc]">voidint</a>
 <LI><a href="#[701f44]">voidvoid</a>
 <LI><a href="#[701ddc]">intvoid</a>
 <LI><a href="#[701f44]">voidvoid</a>
 <LI><a href="#[701ddc]">intvoid</a>
 <LI><a href="#[7026c4]">Reset_Handler</a>
 <LI><a href="#[7028e0]">Undef_Handler</a>
 <LI><a href="#[7028a4]">SWI_Handler</a>
 <LI><a href="#[702868]">PAbt_Handler</a>
 <LI><a href="#[70282c]">DAbt_Handler</a>
 <LI><a href="#[7027f0]">IRQ_Handler</a>
 <LI><a href="#[70264c]">FIQ_Handler</a>
 <LI><a href="#[779748]">__main</a>
 <LI><a href="#[702ca0]">main</a>
 <LI><a href="#[70156c]">asched_get_timestamp</a>
 <LI><a href="#[6ffa00]">dn_error_transmit</a>
 <LI><a href="#[6ffa3c]">dn_blue_heartbeat</a>
 <LI><a href="#[6ff9c4]">dn_get_motor_vel_rads</a>
 <LI><a href="#[6ff94c]">dn_get_shaft_pos_rads</a>
 <LI><a href="#[6ff988]">dn_get_raw_motor_current</a>
 <LI><a href="#[6feb00]">can_rx_setter_int_dummy</a>
 <LI><a href="#[6fe6c8]">mc_set_target_current</a>
 <LI><a href="#[6fe77c]">dn_rx_timestamp</a>
 <LI><a href="#[6feb3c]">can_rx_setter_float_dummy</a>
 <LI><a href="#[6fe740]">mc_set_shutdown</a>
 <LI><a href="#[6ff76c]">mc_set_command_current</a>
 <LI><a href="#[6ff6f4]">mc_set_stiffness</a>
 <LI><a href="#[6ff730]">mc_set_dampness</a>
 <LI><a href="#[6fe704]">mc_set_sleep</a>
 <LI><a href="#[70156c]">asched_get_timestamp</a>
 <LI><a href="#[6fe830]">dn_get_motor_pos_rads</a>
 <LI><a href="#[6ff9c4]">dn_get_motor_vel_rads</a>
 <LI><a href="#[6ff94c]">dn_get_shaft_pos_rads</a>
 <LI><a href="#[6fe86c]">dn_get_motor_current</a>
 <LI><a href="#[6fe95c]">dn_get_battery_power</a>
 <LI><a href="#[700db0]">error_get_time</a>
 <LI><a href="#[700d74]">error_get_info</a>
 <LI><a href="#[6fe7b8]">dn_get_status</a>
 <LI><a href="#[6fe7f4]">dn_get_shaft_vel_rads</a>
 <LI><a href="#[6fe998]">dn_get_battery_current</a>
 <LI><a href="#[6fe920]">dn_get_battery_voltage</a>
 <LI><a href="#[6fe8e4]">dn_get_execution_time</a>
 <LI><a href="#[6fe8a8]">dn_get_max_execution_time</a>
 <LI><a href="#[6fe254]">can_rx1_isr</a>
 <LI><a href="#[6fe308]">adcx_isr</a>
 <LI><a href="#[6fe344]">adci_isr</a>
 <LI><a href="#[7004c8]">timer1_isr</a>
 <LI><a href="#[6fe290]">can_error_isr</a>
 <LI><a href="#[6fe218]">uarti_isr</a>
 <LI><a href="#[6fe2cc]">ae_isr</a>
 <LI><a href="#[6f8458]">__switch$$</a>
 <LI><a href="#[6f8458]">__switch$$</a>
 <LI><a href="#[6f8458]">__switch$$</a>
 <LI><a href="#[6f8458]">__switch$$</a>
 <LI><a href="#[6f8458]">__switch$$</a>
 <LI><a href="#[6f841c]">__switch$$</a>
 <LI><a href="#[6f841c]">__switch$$</a>
 <LI><a href="#[6f841c]">__switch$$</a>
 <LI><a href="#[6f841c]">__switch$$</a>
 <LI><a href="#[6f841c]">__switch$$</a>
 <LI><a href="#[6fcea4]">fputc</a>
 <LI><a href="#[770e68]">_sputc</a>
 <LI><a href="#[6fffdc]">task_every_row</a>
 <LI><a href="#[6ffcd0]">can_tx_angle</a>
 <LI><a href="#[6ff898]">dn_sched_done</a>
 <LI><a href="#[6fffdc]">task_every_row</a>
 <LI><a href="#[6ffc94]">can_tx_angle_rate</a>
 <LI><a href="#[6ff898]">dn_sched_done</a>
 <LI><a href="#[6fffdc]">task_every_row</a>
 <LI><a href="#[6ffaf0]">can_tx_motor_current</a>
 <LI><a href="#[6ff898]">dn_sched_done</a>
 <LI><a href="#[6fffdc]">task_every_row</a>
 <LI><a href="#[6fffa0]">run_occasionally</a>
 <LI><a href="#[6ff898]">dn_sched_done</a>
 <LI><a href="#[701ecc]">voidint</a>
 <LI><a href="#[701f44]">voidvoid</a>
 <LI><a href="#[701ddc]">intvoid</a>
 <LI><a href="#[701f44]">voidvoid</a>
 <LI><a href="#[701ddc]">intvoid</a>
</UL>
<P>
<H3>
Global Symbols
</H3>
<P><STRONG><a name="[7026c4]"></a>Reset_Handler</STRONG> (ARM, 0 bytes, Stack size unknown bytes, startup.o(RESET))
<BR>[Address Reference Count : 1]<UL><LI> startup.o(RESET)
</UL>
<P><STRONG><a name="[779748]"></a>__main</STRONG> (ARM, 0 bytes, Stack size unknown bytes, entry.o(.ARM.Collect$$$$00000000))

<P><STRONG><a name="[76eb04]"></a>_main_stk</STRONG> (ARM, 0 bytes, Stack size unknown bytes, entry2.o(.ARM.Collect$$$$00000001))

<P><STRONG><a name="[76ea14]"></a>_main_scatterload</STRONG> (ARM, 0 bytes, Stack size unknown bytes, entry5.o(.ARM.Collect$$$$00000004))
<BR><BR>[Calls]<UL><LI><a href="#[76e078]">&gt;&gt;</a>&nbsp;&nbsp;&nbsp;__scatterload
</UL>

<P><STRONG><a name="[76e9d8]"></a>__main_after_scatterload</STRONG> (ARM, 0 bytes, Stack size unknown bytes, entry5.o(.ARM.Collect$$$$00000004))
<BR><BR>[Called By]<UL><LI><a href="#[76e078]">&gt;&gt;</a>&nbsp;&nbsp;&nbsp;__scatterload
</UL>

<P><STRONG><a name="[76e8e8]"></a>_main_init</STRONG> (ARM, 0 bytes, Stack size unknown bytes, entry7.o(.ARM.Collect$$$$00000007))

<P><STRONG><a name="[6f7b34]"></a>can_rx_push</STRONG> (ARM, 72 bytes, Stack size 0 bytes, can.o(.emb_text))
<BR><BR>[Called By]<UL><LI><a href="#[6f76c0]">&gt;&gt;</a>&nbsp;&nbsp;&nbsp;can_rx4_isr
<LI><a href="#[6f76fc]">&gt;&gt;</a>&nbsp;&nbsp;&nbsp;can_rx3_isr
<LI><a href="#[6f7738]">&gt;&gt;</a>&nbsp;&nbsp;&nbsp;can_rx2_isr
<LI><a href="#[6fe254]">&gt;&gt;</a>&nbsp;&nbsp;&nbsp;can_rx1_isr
</UL>

<P><STRONG><a name="[702cdc]"></a>init</STRONG> (ARM, 28 bytes, Stack size 8 bytes, main.o(.text), UNUSED)
<BR><BR>[Calls]<UL><LI><a href="#[702afc]">&gt;&gt;</a>&nbsp;&nbsp;&nbsp;init_values
<LI><a href="#[702b38]">&gt;&gt;</a>&nbsp;&nbsp;&nbsp;init_software
<LI><a href="#[702b74]">&gt;&gt;</a>&nbsp;&nbsp;&nbsp;init_interrupts
<LI><a href="#[702bb0]">&gt;&gt;</a>&nbsp;&nbsp;&nbsp;init_hardware
<LI><a href="#[702bec]">&gt;&gt;</a>&nbsp;&nbsp;&nbsp;init_can
</UL>

<P><STRONG><a name="[702ca0]"></a>main</STRONG> (ARM, 96 bytes, Stack size 8 bytes, main.o(.text))
<BR><BR>[Stack]<UL><LI>Max Depth = 288<LI>Call Chain = main &rArr; init_software &rArr; qdc_tmr0_init &rArr; __aeabi_dmul &rArr; _double_epilogue &rArr; _double_round
</UL>
<BR>[Calls]<UL><LI><a href="#[702ac0]">&gt;&gt;</a>&nbsp;&nbsp;&nbsp;mcu_led_red_on
<LI><a href="#[702afc]">&gt;&gt;</a>&nbsp;&nbsp;&nbsp;init_values
<LI><a href="#[702b38]">&gt;&gt;</a>&nbsp;&nbsp;&nbsp;init_software
<LI><a href="#[702b74]">&gt;&gt;</a>&nbsp;&nbsp;&nbsp;init_interrupts
<LI><a href="#[702bb0]">&gt;&gt;</a>&nbsp;&nbsp;&nbsp;init_hardware
<LI><a href="#[702bec]">&gt;&gt;</a>&nbsp;&nbsp;&nbsp;init_can
<LI><a href="#[702c28]">&gt;&gt;</a>&nbsp;&nbsp;&nbsp;asched_run
<LI><a href="#[770c88]">&gt;&gt;</a>&nbsp;&nbsp;&nbsp;__2printf
</UL>
<BR>[Address Reference Count : 1]<UL><LI> entry7.o(.ARM.Collect$$$$00000007)
</UL>
<P><STRONG><a name="[702124]"></a>float_to_fixed</STRONG> (ARM, 20 bytes, Stack size 8 bytes, utility.o(.text))
<BR><BR>[Stack]<UL><LI>Max Depth = 8<LI>Call Chain = float_to_fixed
</UL>
<BR>[Calls]<UL><LI><a href="#[701c74]">&gt;&gt;</a>&nbsp;&nbsp;&nbsp;__aeabi_f2iz
<LI><a href="#[701cb0]">&gt;&gt;</a>&nbsp;&nbsp;&nbsp;__ARM_scalbnf
</UL>
<BR>[Called By]<UL><LI><a href="#[6fab40]">&gt;&gt;</a>&nbsp;&nbsp;&nbsp;mc_set_unsafe_target_current
<LI><a href="#[6fe6c8]">&gt;&gt;</a>&nbsp;&nbsp;&nbsp;mc_set_target_current
<LI><a href="#[6ff6f4]">&gt;&gt;</a>&nbsp;&nbsp;&nbsp;mc_set_stiffness
<LI><a href="#[6ff730]">&gt;&gt;</a>&nbsp;&nbsp;&nbsp;mc_set_dampness
<LI><a href="#[6ff76c]">&gt;&gt;</a>&nbsp;&nbsp;&nbsp;mc_set_command_current
<LI><a href="#[6ff7a8]">&gt;&gt;</a>&nbsp;&nbsp;&nbsp;mc_init
<LI><a href="#[6ff7e4]">&gt;&gt;</a>&nbsp;&nbsp;&nbsp;mc_compliant_control
</UL>

<P><STRONG><a name="[7020e8]"></a>int_to_fixed</STRONG> (ARM, 8 bytes, Stack size 0 bytes, utility.o(.text), UNUSED)

<P><STRONG><a name="[7020ac]"></a>fixed_to_float</STRONG> (ARM, 20 bytes, Stack size 8 bytes, utility.o(.text))
<BR><BR>[Stack]<UL><LI>Max Depth = 8<LI>Call Chain = fixed_to_float
</UL>
<BR>[Calls]<UL><LI><a href="#[701c38]">&gt;&gt;</a>&nbsp;&nbsp;&nbsp;__aeabi_i2f
<LI><a href="#[701cb0]">&gt;&gt;</a>&nbsp;&nbsp;&nbsp;__ARM_scalbnf
</UL>
<BR>[Called By]<UL><LI><a href="#[6faa8c]">&gt;&gt;</a>&nbsp;&nbsp;&nbsp;mc_pid_current
<LI><a href="#[6ff7a8]">&gt;&gt;</a>&nbsp;&nbsp;&nbsp;mc_init
</UL>

<P><STRONG><a name="[702070]"></a>fixed_to_int</STRONG> (ARM, 8 bytes, Stack size 0 bytes, utility.o(.text))
<BR><BR>[Called By]<UL><LI><a href="#[6faa8c]">&gt;&gt;</a>&nbsp;&nbsp;&nbsp;mc_pid_current
</UL>

<P><STRONG><a name="[702034]"></a>fixed_mult</STRONG> (ARM, 16 bytes, Stack size 0 bytes, utility.o(.text))
<BR><BR>[Called By]<UL><LI><a href="#[6faa8c]">&gt;&gt;</a>&nbsp;&nbsp;&nbsp;mc_pid_current
<LI><a href="#[6ff7a8]">&gt;&gt;</a>&nbsp;&nbsp;&nbsp;mc_init
<LI><a href="#[6ff7e4]">&gt;&gt;</a>&nbsp;&nbsp;&nbsp;mc_compliant_control
</UL>

<P><STRONG><a name="[701ff8]"></a>fixed_mult_to_long</STRONG> (ARM, 20 bytes, Stack size 0 bytes, utility.o(.text))
<BR><BR>[Called By]<UL><LI><a href="#[6faa8c]">&gt;&gt;</a>&nbsp;&nbsp;&nbsp;mc_pid_current
</UL>

<P><STRONG><a name="[701fbc]"></a>linear_to_fixed</STRONG> (ARM, 52 bytes, Stack size 8 bytes, utility.o(.text))
<BR><BR>[Stack]<UL><LI>Max Depth = 8<LI>Call Chain = linear_to_fixed
</UL>
<BR>[Calls]<UL><LI><a href="#[701c74]">&gt;&gt;</a>&nbsp;&nbsp;&nbsp;__aeabi_f2iz
<LI><a href="#[701cb0]">&gt;&gt;</a>&nbsp;&nbsp;&nbsp;__ARM_scalbnf
</UL>
<BR>[Called By]<UL><LI><a href="#[6fda5c]">&gt;&gt;</a>&nbsp;&nbsp;&nbsp;dn_get_raw_battery_current
<LI><a href="#[6fdb10]">&gt;&gt;</a>&nbsp;&nbsp;&nbsp;dn_get_raw_battery_voltage
<LI><a href="#[6ff988]">&gt;&gt;</a>&nbsp;&nbsp;&nbsp;dn_get_raw_motor_current
</UL>

<P><STRONG><a name="[701f80]"></a>fixed_abs</STRONG> (ARM, 12 bytes, Stack size 0 bytes, utility.o(.text), UNUSED)

<P><STRONG><a name="[701f44]"></a>voidvoid</STRONG> (ARM, 8 bytes, Stack size 0 bytes, utility.o(.text))
<BR><BR>[Stack]<UL><LI>Max Depth = 8<LI>Call Chain = voidvoid &rArr; error_occurred
</UL>
<BR>[Calls]<UL><LI><a href="#[701bfc]">&gt;&gt;</a>&nbsp;&nbsp;&nbsp;error_occurred
</UL>
<BR>[Address Reference Count : 2]<UL><LI> error.o(.data)
<LI> heartbeat.o(.data)
</UL>
<P><STRONG><a name="[701f08]"></a>voidvoid_noerror</STRONG> (ARM, 4 bytes, Stack size 0 bytes, utility.o(.text), UNUSED)

<P><STRONG><a name="[701ecc]"></a>voidint</STRONG> (ARM, 8 bytes, Stack size 0 bytes, utility.o(.text))
<BR><BR>[Stack]<UL><LI>Max Depth = 8<LI>Call Chain = voidint &rArr; error_occurred
</UL>
<BR>[Calls]<UL><LI><a href="#[701bfc]">&gt;&gt;</a>&nbsp;&nbsp;&nbsp;error_occurred
</UL>
<BR>[Address Reference Count : 1]<UL><LI> utility.o(.data)
</UL>
<P><STRONG><a name="[701e90]"></a>voidint_noerror</STRONG> (ARM, 4 bytes, Stack size 0 bytes, utility.o(.text), UNUSED)

<P><STRONG><a name="[701e54]"></a>floatvoid</STRONG> (ARM, 20 bytes, Stack size 8 bytes, utility.o(.text), UNUSED)
<BR><BR>[Calls]<UL><LI><a href="#[701bfc]">&gt;&gt;</a>&nbsp;&nbsp;&nbsp;error_occurred
</UL>

<P><STRONG><a name="[701e18]"></a>floatvoid_noerror</STRONG> (ARM, 8 bytes, Stack size 0 bytes, utility.o(.text), UNUSED)

<P><STRONG><a name="[701ddc]"></a>intvoid</STRONG> (ARM, 20 bytes, Stack size 8 bytes, utility.o(.text))
<BR><BR>[Stack]<UL><LI>Max Depth = 16<LI>Call Chain = intvoid &rArr; error_occurred
</UL>
<BR>[Calls]<UL><LI><a href="#[701bfc]">&gt;&gt;</a>&nbsp;&nbsp;&nbsp;error_occurred
</UL>
<BR>[Address Reference Count : 2]<UL><LI> error.o(.data)
<LI> heartbeat.o(.data)
</UL>
<P><STRONG><a name="[701da0]"></a>intvoid_noerror</STRONG> (ARM, 8 bytes, Stack size 0 bytes, utility.o(.text), UNUSED)

<P><STRONG><a name="[701d64]"></a>tic_toc_init</STRONG> (ARM, 12 bytes, Stack size 0 bytes, utility.o(.text), UNUSED)

<P><STRONG><a name="[701d28]"></a>tic</STRONG> (ARM, 24 bytes, Stack size 0 bytes, utility.o(.text), UNUSED)

<P><STRONG><a name="[701cec]"></a>toc</STRONG> (ARM, 56 bytes, Stack size 8 bytes, utility.o(.text), UNUSED)

<P><STRONG><a name="[701620]"></a>asched_init</STRONG> (ARM, 40 bytes, Stack size 0 bytes, async_scheduler.o(.text))
<BR><BR>[Called By]<UL><LI><a href="#[702b38]">&gt;&gt;</a>&nbsp;&nbsp;&nbsp;init_software
</UL>

<P><STRONG><a name="[7015e4]"></a>asched_tick</STRONG> (ARM, 144 bytes, Stack size 8 bytes, async_scheduler.o(.text))
<BR><BR>[Stack]<UL><LI>Max Depth = 16<LI>Call Chain = asched_tick &rArr; error_occurred
</UL>
<BR>[Calls]<UL><LI><a href="#[701bfc]">&gt;&gt;</a>&nbsp;&nbsp;&nbsp;error_occurred
</UL>
<BR>[Called By]<UL><LI><a href="#[7004c8]">&gt;&gt;</a>&nbsp;&nbsp;&nbsp;timer1_isr
</UL>

<P><STRONG><a name="[7015a8]"></a>asched_set_timestamp</STRONG> (ARM, 12 bytes, Stack size 0 bytes, async_scheduler.o(.text))
<BR><BR>[Called By]<UL><LI><a href="#[6fe77c]">&gt;&gt;</a>&nbsp;&nbsp;&nbsp;dn_rx_timestamp
</UL>

<P><STRONG><a name="[702c28]"></a>asched_run</STRONG> (ARM, 100 bytes, Stack size 8 bytes, async_scheduler.o(.text))
<BR><BR>[Stack]<UL><LI>Max Depth = 8<LI>Call Chain = asched_run
</UL>
<BR>[Called By]<UL><LI><a href="#[702ca0]">&gt;&gt;</a>&nbsp;&nbsp;&nbsp;main
</UL>

<P><STRONG><a name="[70156c]"></a>asched_get_timestamp</STRONG> (ARM, 12 bytes, Stack size 0 bytes, async_scheduler.o(.text))
<BR><BR>[Called By]<UL><LI><a href="#[6ff898]">&gt;&gt;</a>&nbsp;&nbsp;&nbsp;dn_sched_done
</UL>
<BR>[Address Reference Count : 2]<UL><LI> software_setup.o(.text)
<LI> can_setup.o(.text)
</UL>
<P><STRONG><a name="[700ea0]"></a>error_init</STRONG> (ARM, 48 bytes, Stack size 0 bytes, error.o(.text))
<BR><BR>[Called By]<UL><LI><a href="#[702b38]">&gt;&gt;</a>&nbsp;&nbsp;&nbsp;init_software
</UL>

<P><STRONG><a name="[701bfc]"></a>error_occurred</STRONG> (ARM, 92 bytes, Stack size 8 bytes, error.o(.text))
<BR><BR>[Stack]<UL><LI>Max Depth = 8<LI>Call Chain = error_occurred
</UL>
<BR>[Calls]<UL><LI><a href="#[700bd0]">&gt;&gt;</a>&nbsp;&nbsp;&nbsp;mutex_unlock
<LI><a href="#[700c0c]">&gt;&gt;</a>&nbsp;&nbsp;&nbsp;mutex_lock
<LI><a href="#[700c48]">&gt;&gt;</a>&nbsp;&nbsp;&nbsp;mutex_check
</UL>
<BR>[Called By]<UL><LI><a href="#[6f9448]">&gt;&gt;</a>&nbsp;&nbsp;&nbsp;adcx_write
<LI><a href="#[6f9484]">&gt;&gt;</a>&nbsp;&nbsp;&nbsp;adcx_read_buffer
<LI><a href="#[6fa8e8]">&gt;&gt;</a>&nbsp;&nbsp;&nbsp;mc_run_no_control
<LI><a href="#[6faa8c]">&gt;&gt;</a>&nbsp;&nbsp;&nbsp;mc_pid_current
<LI><a href="#[6faac8]">&gt;&gt;</a>&nbsp;&nbsp;&nbsp;mc_set_pwm
<LI><a href="#[6fb608]">&gt;&gt;</a>&nbsp;&nbsp;&nbsp;adci_efilter_add
<LI><a href="#[6fd7c8]">&gt;&gt;</a>&nbsp;&nbsp;&nbsp;ae_get_pos
<LI><a href="#[6fe2cc]">&gt;&gt;</a>&nbsp;&nbsp;&nbsp;ae_isr
<LI><a href="#[6fe308]">&gt;&gt;</a>&nbsp;&nbsp;&nbsp;adcx_isr
<LI><a href="#[6fe344]">&gt;&gt;</a>&nbsp;&nbsp;&nbsp;adci_isr
<LI><a href="#[6fe6c8]">&gt;&gt;</a>&nbsp;&nbsp;&nbsp;mc_set_target_current
<LI><a href="#[6ff58c]">&gt;&gt;</a>&nbsp;&nbsp;&nbsp;qdc_tmr0_cap23_rate_update
<LI><a href="#[6ff640]">&gt;&gt;</a>&nbsp;&nbsp;&nbsp;qdc_tmr0_cap01_rate_update
<LI><a href="#[6ff7e4]">&gt;&gt;</a>&nbsp;&nbsp;&nbsp;mc_compliant_control
<LI><a href="#[6ffdfc]">&gt;&gt;</a>&nbsp;&nbsp;&nbsp;ae_init_encoder
<LI><a href="#[6ffe38]">&gt;&gt;</a>&nbsp;&nbsp;&nbsp;adcx_init
<LI><a href="#[6ffe74]">&gt;&gt;</a>&nbsp;&nbsp;&nbsp;adcx_convert_all
<LI><a href="#[6ffeec]">&gt;&gt;</a>&nbsp;&nbsp;&nbsp;adcx_add_config
<LI><a href="#[6fff64]">&gt;&gt;</a>&nbsp;&nbsp;&nbsp;adci_convert_all
<LI><a href="#[7015e4]">&gt;&gt;</a>&nbsp;&nbsp;&nbsp;asched_tick
<LI><a href="#[701ddc]">&gt;&gt;</a>&nbsp;&nbsp;&nbsp;intvoid
<LI><a href="#[701e54]">&gt;&gt;</a>&nbsp;&nbsp;&nbsp;floatvoid
<LI><a href="#[701ecc]">&gt;&gt;</a>&nbsp;&nbsp;&nbsp;voidint
<LI><a href="#[701f44]">&gt;&gt;</a>&nbsp;&nbsp;&nbsp;voidvoid
</UL>

<P><STRONG><a name="[700e64]"></a>error_occurred_irq</STRONG> (ARM, 92 bytes, Stack size 8 bytes, error.o(.text))
<BR><BR>[Stack]<UL><LI>Max Depth = 8<LI>Call Chain = error_occurred_irq
</UL>
<BR>[Calls]<UL><LI><a href="#[700bd0]">&gt;&gt;</a>&nbsp;&nbsp;&nbsp;mutex_unlock
<LI><a href="#[700c0c]">&gt;&gt;</a>&nbsp;&nbsp;&nbsp;mutex_lock
<LI><a href="#[700c48]">&gt;&gt;</a>&nbsp;&nbsp;&nbsp;mutex_check
</UL>
<BR>[Called By]<UL><LI><a href="#[6fe290]">&gt;&gt;</a>&nbsp;&nbsp;&nbsp;can_error_isr
</UL>

<P><STRONG><a name="[700e28]"></a>error_occurred_fiq</STRONG> (ARM, 92 bytes, Stack size 8 bytes, error.o(.text), UNUSED)
<BR><BR>[Calls]<UL><LI><a href="#[700bd0]">&gt;&gt;</a>&nbsp;&nbsp;&nbsp;mutex_unlock
<LI><a href="#[700c0c]">&gt;&gt;</a>&nbsp;&nbsp;&nbsp;mutex_lock
<LI><a href="#[700c48]">&gt;&gt;</a>&nbsp;&nbsp;&nbsp;mutex_check
</UL>

<P><STRONG><a name="[700dec]"></a>error_update</STRONG> (ARM, 388 bytes, Stack size 72 bytes, error.o(.text))
<BR><BR>[Stack]<UL><LI>Max Depth = 72<LI>Call Chain = error_update
</UL>
<BR>[Called By]<UL><LI><a href="#[6fffdc]">&gt;&gt;</a>&nbsp;&nbsp;&nbsp;task_every_row
</UL>

<P><STRONG><a name="[700db0]"></a>error_get_time</STRONG> (ARM, 32 bytes, Stack size 0 bytes, error.o(.text))
<BR>[Address Reference Count : 1]<UL><LI> can_setup.o(.text)
</UL>
<P><STRONG><a name="[700d74]"></a>error_get_info</STRONG> (ARM, 56 bytes, Stack size 0 bytes, error.o(.text))
<BR>[Address Reference Count : 1]<UL><LI> can_setup.o(.text)
</UL>
<P><STRONG><a name="[700d38]"></a>error_get_board</STRONG> (ARM, 12 bytes, Stack size 0 bytes, error.o(.text), UNUSED)

<P><STRONG><a name="[700cfc]"></a>error_get_id</STRONG> (ARM, 28 bytes, Stack size 0 bytes, error.o(.text), UNUSED)

<P><STRONG><a name="[700cc0]"></a>error_get_frequency</STRONG> (ARM, 28 bytes, Stack size 0 bytes, error.o(.text), UNUSED)

<P><STRONG><a name="[700c84]"></a>error_send_next</STRONG> (ARM, 132 bytes, Stack size 0 bytes, error.o(.text))
<BR><BR>[Called By]<UL><LI><a href="#[6fffa0]">&gt;&gt;</a>&nbsp;&nbsp;&nbsp;run_occasionally
</UL>

<P><STRONG><a name="[700c48]"></a>mutex_check</STRONG> (ARM, 8 bytes, Stack size 0 bytes, mutex.o(.text))
<BR><BR>[Called By]<UL><LI><a href="#[700e28]">&gt;&gt;</a>&nbsp;&nbsp;&nbsp;error_occurred_fiq
<LI><a href="#[700e64]">&gt;&gt;</a>&nbsp;&nbsp;&nbsp;error_occurred_irq
<LI><a href="#[701bfc]">&gt;&gt;</a>&nbsp;&nbsp;&nbsp;error_occurred
</UL>

<P><STRONG><a name="[700c0c]"></a>mutex_lock</STRONG> (ARM, 24 bytes, Stack size 0 bytes, mutex.o(.text))
<BR><BR>[Calls]<UL><LI><a href="#[700c0c]">&gt;&gt;</a>&nbsp;&nbsp;&nbsp;mutex_lock
</UL>
<BR>[Called By]<UL><LI><a href="#[700c0c]">&gt;&gt;</a>&nbsp;&nbsp;&nbsp;mutex_lock
<LI><a href="#[700e28]">&gt;&gt;</a>&nbsp;&nbsp;&nbsp;error_occurred_fiq
<LI><a href="#[700e64]">&gt;&gt;</a>&nbsp;&nbsp;&nbsp;error_occurred_irq
<LI><a href="#[701bfc]">&gt;&gt;</a>&nbsp;&nbsp;&nbsp;error_occurred
</UL>

<P><STRONG><a name="[700bd0]"></a>mutex_unlock</STRONG> (ARM, 12 bytes, Stack size 0 bytes, mutex.o(.text))
<BR><BR>[Called By]<UL><LI><a href="#[700e28]">&gt;&gt;</a>&nbsp;&nbsp;&nbsp;error_occurred_fiq
<LI><a href="#[700e64]">&gt;&gt;</a>&nbsp;&nbsp;&nbsp;error_occurred_irq
<LI><a href="#[701bfc]">&gt;&gt;</a>&nbsp;&nbsp;&nbsp;error_occurred
</UL>

<P><STRONG><a name="[702bb0]"></a>init_hardware</STRONG> (ARM, 1136 bytes, Stack size 16 bytes, hardware_setup.o(.text))
<BR><BR>[Stack]<UL><LI>Max Depth = 16<LI>Call Chain = init_hardware
</UL>
<BR>[Called By]<UL><LI><a href="#[702ca0]">&gt;&gt;</a>&nbsp;&nbsp;&nbsp;main
<LI><a href="#[702cdc]">&gt;&gt;</a>&nbsp;&nbsp;&nbsp;init
</UL>

<P><STRONG><a name="[7004c8]"></a>timer1_isr</STRONG> (ARM, 40 bytes, Stack size 24 bytes, hardware_setup.o(.text))
<BR><BR>[Stack]<UL><LI>Max Depth = 40<LI>Call Chain = timer1_isr &rArr; asched_tick &rArr; error_occurred
</UL>
<BR>[Calls]<UL><LI><a href="#[7015e4]">&gt;&gt;</a>&nbsp;&nbsp;&nbsp;asched_tick
</UL>
<BR>[Address Reference Count : 1]<UL><LI> interrupts.o(.text)
</UL>
<P><STRONG><a name="[6fffdc]"></a>task_every_row</STRONG> (ARM, 68 bytes, Stack size 8 bytes, software_setup.o(.text))
<BR><BR>[Stack]<UL><LI>Max Depth = 132<LI>Call Chain = task_every_row &rArr; can_rx_dispatch_all &rArr; can_rx_dispatch_frame &rArr; can_transmit_alt &rArr; can_transmit_frame &rArr; can_tx4
</UL>
<BR>[Calls]<UL><LI><a href="#[6ff58c]">&gt;&gt;</a>&nbsp;&nbsp;&nbsp;qdc_tmr0_cap23_rate_update
<LI><a href="#[6ff5c8]">&gt;&gt;</a>&nbsp;&nbsp;&nbsp;qdc_tmr0_cap23_angle_update
<LI><a href="#[6ff640]">&gt;&gt;</a>&nbsp;&nbsp;&nbsp;qdc_tmr0_cap01_rate_update
<LI><a href="#[6ff67c]">&gt;&gt;</a>&nbsp;&nbsp;&nbsp;qdc_tmr0_cap01_angle_update
<LI><a href="#[6ff6b8]">&gt;&gt;</a>&nbsp;&nbsp;&nbsp;mcu_led_update
<LI><a href="#[6ff7e4]">&gt;&gt;</a>&nbsp;&nbsp;&nbsp;mc_compliant_control
<LI><a href="#[6ff85c]">&gt;&gt;</a>&nbsp;&nbsp;&nbsp;hb_beat
<LI><a href="#[6ff8d4]">&gt;&gt;</a>&nbsp;&nbsp;&nbsp;dn_safety
<LI><a href="#[6ffd0c]">&gt;&gt;</a>&nbsp;&nbsp;&nbsp;can_tx1
<LI><a href="#[6ffd48]">&gt;&gt;</a>&nbsp;&nbsp;&nbsp;can_rx_dispatch_all
<LI><a href="#[6ffdc0]">&gt;&gt;</a>&nbsp;&nbsp;&nbsp;ae_update
<LI><a href="#[6ffe74]">&gt;&gt;</a>&nbsp;&nbsp;&nbsp;adcx_convert_all
<LI><a href="#[6ffeb0]">&gt;&gt;</a>&nbsp;&nbsp;&nbsp;adcx_conversion_wait
<LI><a href="#[6fff64]">&gt;&gt;</a>&nbsp;&nbsp;&nbsp;adci_convert_all
<LI><a href="#[700dec]">&gt;&gt;</a>&nbsp;&nbsp;&nbsp;error_update
</UL>
<BR>[Address Reference Count : 1]<UL><LI> software_setup.o(.constdata)
</UL>
<P><STRONG><a name="[6fffa0]"></a>run_occasionally</STRONG> (ARM, 192 bytes, Stack size 8 bytes, software_setup.o(.text))
<BR><BR>[Stack]<UL><LI>Max Depth = 160<LI>Call Chain = run_occasionally &rArr; dn_hip_motor_encoder_rezero &rArr; __aeabi_dadd &rArr; _double_addcore &rArr; _double_epilogue &rArr; _double_round
</UL>
<BR>[Calls]<UL><LI><a href="#[6ff910]">&gt;&gt;</a>&nbsp;&nbsp;&nbsp;dn_hip_motor_encoder_rezero
<LI><a href="#[6ffa78]">&gt;&gt;</a>&nbsp;&nbsp;&nbsp;can_tx_motor_velocity
<LI><a href="#[6ffab4]">&gt;&gt;</a>&nbsp;&nbsp;&nbsp;can_tx_motor_position
<LI><a href="#[6ffb2c]">&gt;&gt;</a>&nbsp;&nbsp;&nbsp;can_tx_max_exec_time
<LI><a href="#[6ffb68]">&gt;&gt;</a>&nbsp;&nbsp;&nbsp;can_tx_exec_time
<LI><a href="#[6ffba4]">&gt;&gt;</a>&nbsp;&nbsp;&nbsp;can_tx_board_status
<LI><a href="#[6ffbe0]">&gt;&gt;</a>&nbsp;&nbsp;&nbsp;can_tx_battery_voltage
<LI><a href="#[6ffc1c]">&gt;&gt;</a>&nbsp;&nbsp;&nbsp;can_tx_battery_power
<LI><a href="#[6ffc58]">&gt;&gt;</a>&nbsp;&nbsp;&nbsp;can_tx_battery_current
<LI><a href="#[700c84]">&gt;&gt;</a>&nbsp;&nbsp;&nbsp;error_send_next
</UL>
<BR>[Address Reference Count : 1]<UL><LI> software_setup.o(.constdata)
</UL>
<P><STRONG><a name="[702b38]"></a>init_software</STRONG> (ARM, 324 bytes, Stack size 56 bytes, software_setup.o(.text))
<BR><BR>[Stack]<UL><LI>Max Depth = 280<LI>Call Chain = init_software &rArr; qdc_tmr0_init &rArr; __aeabi_dmul &rArr; _double_epilogue &rArr; _double_round
</UL>
<BR>[Calls]<UL><LI><a href="#[6ff550]">&gt;&gt;</a>&nbsp;&nbsp;&nbsp;qdc_tmr0_init
<LI><a href="#[6ff6f4]">&gt;&gt;</a>&nbsp;&nbsp;&nbsp;mc_set_stiffness
<LI><a href="#[6ff730]">&gt;&gt;</a>&nbsp;&nbsp;&nbsp;mc_set_dampness
<LI><a href="#[6ff76c]">&gt;&gt;</a>&nbsp;&nbsp;&nbsp;mc_set_command_current
<LI><a href="#[6ff7a8]">&gt;&gt;</a>&nbsp;&nbsp;&nbsp;mc_init
<LI><a href="#[6ff820]">&gt;&gt;</a>&nbsp;&nbsp;&nbsp;hb_init
<LI><a href="#[6ffdfc]">&gt;&gt;</a>&nbsp;&nbsp;&nbsp;ae_init_encoder
<LI><a href="#[6ffe38]">&gt;&gt;</a>&nbsp;&nbsp;&nbsp;adcx_init
<LI><a href="#[6ffeec]">&gt;&gt;</a>&nbsp;&nbsp;&nbsp;adcx_add_config
<LI><a href="#[6fff28]">&gt;&gt;</a>&nbsp;&nbsp;&nbsp;adci_init
<LI><a href="#[700ea0]">&gt;&gt;</a>&nbsp;&nbsp;&nbsp;error_init
<LI><a href="#[701620]">&gt;&gt;</a>&nbsp;&nbsp;&nbsp;asched_init
</UL>
<BR>[Called By]<UL><LI><a href="#[702ca0]">&gt;&gt;</a>&nbsp;&nbsp;&nbsp;main
<LI><a href="#[702cdc]">&gt;&gt;</a>&nbsp;&nbsp;&nbsp;init
</UL>

<P><STRONG><a name="[702afc]"></a>init_values</STRONG> (ARM, 24 bytes, Stack size 8 bytes, software_setup.o(.text))
<BR><BR>[Stack]<UL><LI>Max Depth = 80<LI>Call Chain = init_values &rArr; qdc_tmr0_cap01_set_angle_float &rArr; __aeabi_ldivmod &rArr; __aeabi_uldivmod
</UL>
<BR>[Calls]<UL><LI><a href="#[6ff604]">&gt;&gt;</a>&nbsp;&nbsp;&nbsp;qdc_tmr0_cap01_set_angle_float
<LI><a href="#[6ff94c]">&gt;&gt;</a>&nbsp;&nbsp;&nbsp;dn_get_shaft_pos_rads
<LI><a href="#[6ffd84]">&gt;&gt;</a>&nbsp;&nbsp;&nbsp;ae_wait
<LI><a href="#[6ffdc0]">&gt;&gt;</a>&nbsp;&nbsp;&nbsp;ae_update
</UL>
<BR>[Called By]<UL><LI><a href="#[702ca0]">&gt;&gt;</a>&nbsp;&nbsp;&nbsp;main
<LI><a href="#[702cdc]">&gt;&gt;</a>&nbsp;&nbsp;&nbsp;init
</UL>

<P><STRONG><a name="[702bec]"></a>init_can</STRONG> (ARM, 604 bytes, Stack size 16 bytes, can_setup.o(.text))
<BR><BR>[Stack]<UL><LI>Max Depth = 20<LI>Call Chain = init_can &rArr; can_set_tx_descriptor_ii
</UL>
<BR>[Calls]<UL><LI><a href="#[6fea10]">&gt;&gt;</a>&nbsp;&nbsp;&nbsp;can_set_tx_descriptor_ii
<LI><a href="#[6fea4c]">&gt;&gt;</a>&nbsp;&nbsp;&nbsp;can_set_tx_descriptor_fi
<LI><a href="#[6fea88]">&gt;&gt;</a>&nbsp;&nbsp;&nbsp;can_set_rx_descriptor_ii
<LI><a href="#[6feac4]">&gt;&gt;</a>&nbsp;&nbsp;&nbsp;can_set_rx_descriptor_fi
<LI><a href="#[6feb78]">&gt;&gt;</a>&nbsp;&nbsp;&nbsp;can_rx_set_descriptors
<LI><a href="#[6febb4]">&gt;&gt;</a>&nbsp;&nbsp;&nbsp;can_init
</UL>
<BR>[Called By]<UL><LI><a href="#[702ca0]">&gt;&gt;</a>&nbsp;&nbsp;&nbsp;main
<LI><a href="#[702cdc]">&gt;&gt;</a>&nbsp;&nbsp;&nbsp;init
</UL>

<P><STRONG><a name="[6ffab4]"></a>can_tx_motor_position</STRONG> (ARM, 8 bytes, Stack size 0 bytes, can_setup.o(.text))
<BR><BR>[Stack]<UL><LI>Max Depth = 60<LI>Call Chain = can_tx_motor_position &rArr; can_transmit &rArr; can_transmit_alt &rArr; can_transmit_frame &rArr; can_tx4
</UL>
<BR>[Calls]<UL><LI><a href="#[6fe9d4]">&gt;&gt;</a>&nbsp;&nbsp;&nbsp;can_transmit
</UL>
<BR>[Called By]<UL><LI><a href="#[6fffa0]">&gt;&gt;</a>&nbsp;&nbsp;&nbsp;run_occasionally
</UL>

<P><STRONG><a name="[6ffa78]"></a>can_tx_motor_velocity</STRONG> (ARM, 8 bytes, Stack size 0 bytes, can_setup.o(.text))
<BR><BR>[Stack]<UL><LI>Max Depth = 60<LI>Call Chain = can_tx_motor_velocity &rArr; can_transmit &rArr; can_transmit_alt &rArr; can_transmit_frame &rArr; can_tx4
</UL>
<BR>[Calls]<UL><LI><a href="#[6fe9d4]">&gt;&gt;</a>&nbsp;&nbsp;&nbsp;can_transmit
</UL>
<BR>[Called By]<UL><LI><a href="#[6fffa0]">&gt;&gt;</a>&nbsp;&nbsp;&nbsp;run_occasionally
</UL>

<P><STRONG><a name="[6ffcd0]"></a>can_tx_angle</STRONG> (ARM, 8 bytes, Stack size 0 bytes, can_setup.o(.text))
<BR><BR>[Stack]<UL><LI>Max Depth = 60<LI>Call Chain = can_tx_angle &rArr; can_transmit &rArr; can_transmit_alt &rArr; can_transmit_frame &rArr; can_tx4
</UL>
<BR>[Calls]<UL><LI><a href="#[6fe9d4]">&gt;&gt;</a>&nbsp;&nbsp;&nbsp;can_transmit
</UL>
<BR>[Address Reference Count : 1]<UL><LI> software_setup.o(.constdata)
</UL>
<P><STRONG><a name="[6ffaf0]"></a>can_tx_motor_current</STRONG> (ARM, 8 bytes, Stack size 0 bytes, can_setup.o(.text))
<BR><BR>[Stack]<UL><LI>Max Depth = 60<LI>Call Chain = can_tx_motor_current &rArr; can_transmit &rArr; can_transmit_alt &rArr; can_transmit_frame &rArr; can_tx4
</UL>
<BR>[Calls]<UL><LI><a href="#[6fe9d4]">&gt;&gt;</a>&nbsp;&nbsp;&nbsp;can_transmit
</UL>
<BR>[Address Reference Count : 1]<UL><LI> software_setup.o(.constdata)
</UL>
<P><STRONG><a name="[6ffc1c]"></a>can_tx_battery_power</STRONG> (ARM, 8 bytes, Stack size 0 bytes, can_setup.o(.text))
<BR><BR>[Stack]<UL><LI>Max Depth = 60<LI>Call Chain = can_tx_battery_power &rArr; can_transmit &rArr; can_transmit_alt &rArr; can_transmit_frame &rArr; can_tx4
</UL>
<BR>[Calls]<UL><LI><a href="#[6fe9d4]">&gt;&gt;</a>&nbsp;&nbsp;&nbsp;can_transmit
</UL>
<BR>[Called By]<UL><LI><a href="#[6fffa0]">&gt;&gt;</a>&nbsp;&nbsp;&nbsp;run_occasionally
</UL>

<P><STRONG><a name="[6ffc94]"></a>can_tx_angle_rate</STRONG> (ARM, 8 bytes, Stack size 0 bytes, can_setup.o(.text))
<BR><BR>[Stack]<UL><LI>Max Depth = 60<LI>Call Chain = can_tx_angle_rate &rArr; can_transmit &rArr; can_transmit_alt &rArr; can_transmit_frame &rArr; can_tx4
</UL>
<BR>[Calls]<UL><LI><a href="#[6fe9d4]">&gt;&gt;</a>&nbsp;&nbsp;&nbsp;can_transmit
</UL>
<BR>[Address Reference Count : 1]<UL><LI> software_setup.o(.constdata)
</UL>
<P><STRONG><a name="[6ffba4]"></a>can_tx_board_status</STRONG> (ARM, 8 bytes, Stack size 0 bytes, can_setup.o(.text))
<BR><BR>[Stack]<UL><LI>Max Depth = 60<LI>Call Chain = can_tx_board_status &rArr; can_transmit &rArr; can_transmit_alt &rArr; can_transmit_frame &rArr; can_tx4
</UL>
<BR>[Calls]<UL><LI><a href="#[6fe9d4]">&gt;&gt;</a>&nbsp;&nbsp;&nbsp;can_transmit
</UL>
<BR>[Called By]<UL><LI><a href="#[6fffa0]">&gt;&gt;</a>&nbsp;&nbsp;&nbsp;run_occasionally
</UL>

<P><STRONG><a name="[6ffc58]"></a>can_tx_battery_current</STRONG> (ARM, 8 bytes, Stack size 0 bytes, can_setup.o(.text))
<BR><BR>[Stack]<UL><LI>Max Depth = 60<LI>Call Chain = can_tx_battery_current &rArr; can_transmit &rArr; can_transmit_alt &rArr; can_transmit_frame &rArr; can_tx4
</UL>
<BR>[Calls]<UL><LI><a href="#[6fe9d4]">&gt;&gt;</a>&nbsp;&nbsp;&nbsp;can_transmit
</UL>
<BR>[Called By]<UL><LI><a href="#[6fffa0]">&gt;&gt;</a>&nbsp;&nbsp;&nbsp;run_occasionally
</UL>

<P><STRONG><a name="[6ffbe0]"></a>can_tx_battery_voltage</STRONG> (ARM, 8 bytes, Stack size 0 bytes, can_setup.o(.text))
<BR><BR>[Stack]<UL><LI>Max Depth = 60<LI>Call Chain = can_tx_battery_voltage &rArr; can_transmit &rArr; can_transmit_alt &rArr; can_transmit_frame &rArr; can_tx4
</UL>
<BR>[Calls]<UL><LI><a href="#[6fe9d4]">&gt;&gt;</a>&nbsp;&nbsp;&nbsp;can_transmit
</UL>
<BR>[Called By]<UL><LI><a href="#[6fffa0]">&gt;&gt;</a>&nbsp;&nbsp;&nbsp;run_occasionally
</UL>

<P><STRONG><a name="[6ffb68]"></a>can_tx_exec_time</STRONG> (ARM, 8 bytes, Stack size 0 bytes, can_setup.o(.text))
<BR><BR>[Stack]<UL><LI>Max Depth = 60<LI>Call Chain = can_tx_exec_time &rArr; can_transmit &rArr; can_transmit_alt &rArr; can_transmit_frame &rArr; can_tx4
</UL>
<BR>[Calls]<UL><LI><a href="#[6fe9d4]">&gt;&gt;</a>&nbsp;&nbsp;&nbsp;can_transmit
</UL>
<BR>[Called By]<UL><LI><a href="#[6fffa0]">&gt;&gt;</a>&nbsp;&nbsp;&nbsp;run_occasionally
</UL>

<P><STRONG><a name="[6ffb2c]"></a>can_tx_max_exec_time</STRONG> (ARM, 8 bytes, Stack size 0 bytes, can_setup.o(.text))
<BR><BR>[Stack]<UL><LI>Max Depth = 60<LI>Call Chain = can_tx_max_exec_time &rArr; can_transmit &rArr; can_transmit_alt &rArr; can_transmit_frame &rArr; can_tx4
</UL>
<BR>[Calls]<UL><LI><a href="#[6fe9d4]">&gt;&gt;</a>&nbsp;&nbsp;&nbsp;can_transmit
</UL>
<BR>[Called By]<UL><LI><a href="#[6fffa0]">&gt;&gt;</a>&nbsp;&nbsp;&nbsp;run_occasionally
</UL>

<P><STRONG><a name="[702b74]"></a>init_interrupts</STRONG> (ARM, 220 bytes, Stack size 0 bytes, interrupts.o(.text))
<BR><BR>[Called By]<UL><LI><a href="#[702ca0]">&gt;&gt;</a>&nbsp;&nbsp;&nbsp;main
<LI><a href="#[702cdc]">&gt;&gt;</a>&nbsp;&nbsp;&nbsp;init
</UL>

<P><STRONG><a name="[6fdbc4]"></a>dn_get_shaft_position</STRONG> (ARM, 8 bytes, Stack size 0 bytes, data_nexus.o(.text), UNUSED)
<BR><BR>[Calls]<UL><LI><a href="#[6fd7c8]">&gt;&gt;</a>&nbsp;&nbsp;&nbsp;ae_get_pos
</UL>

<P><STRONG><a name="[6ff8d4]"></a>dn_safety</STRONG> (ARM, 104 bytes, Stack size 8 bytes, data_nexus.o(.text))
<BR><BR>[Stack]<UL><LI>Max Depth = 24<LI>Call Chain = dn_safety &rArr; ae_get_pos &rArr; error_occurred
</UL>
<BR>[Calls]<UL><LI><a href="#[6fd69c]">&gt;&gt;</a>&nbsp;&nbsp;&nbsp;mcu_led_red_blink
<LI><a href="#[6fd714]">&gt;&gt;</a>&nbsp;&nbsp;&nbsp;mcu_led_green_blink
<LI><a href="#[6fd78c]">&gt;&gt;</a>&nbsp;&nbsp;&nbsp;mc_direction_control
<LI><a href="#[6fd7c8]">&gt;&gt;</a>&nbsp;&nbsp;&nbsp;ae_get_pos
</UL>
<BR>[Called By]<UL><LI><a href="#[6fffdc]">&gt;&gt;</a>&nbsp;&nbsp;&nbsp;task_every_row
</UL>

<P><STRONG><a name="[6ff94c]"></a>dn_get_shaft_pos_rads</STRONG> (ARM, 28 bytes, Stack size 8 bytes, data_nexus.o(.text))
<BR><BR>[Stack]<UL><LI>Max Depth = 24<LI>Call Chain = dn_get_shaft_pos_rads &rArr; ae_get_pos &rArr; error_occurred
</UL>
<BR>[Calls]<UL><LI><a href="#[6fd7c8]">&gt;&gt;</a>&nbsp;&nbsp;&nbsp;ae_get_pos
<LI><a href="#[6fd8f4]">&gt;&gt;</a>&nbsp;&nbsp;&nbsp;__aeabi_fmul
<LI><a href="#[701c38]">&gt;&gt;</a>&nbsp;&nbsp;&nbsp;__aeabi_i2f
</UL>
<BR>[Called By]<UL><LI><a href="#[702afc]">&gt;&gt;</a>&nbsp;&nbsp;&nbsp;init_values
</UL>
<BR>[Address Reference Count : 2]<UL><LI> software_setup.o(.text)
<LI> can_setup.o(.text)
</UL>
<P><STRONG><a name="[6fe830]"></a>dn_get_motor_pos_rads</STRONG> (ARM, 4 bytes, Stack size 0 bytes, data_nexus.o(.text))
<BR><BR>[Stack]<UL><LI>Max Depth = 8<LI>Call Chain = dn_get_motor_pos_rads &rArr; qdc_tmr0_cap23_get_angle_float
</UL>
<BR>[Calls]<UL><LI><a href="#[6fd5e8]">&gt;&gt;</a>&nbsp;&nbsp;&nbsp;qdc_tmr0_cap23_get_angle_float
</UL>
<BR>[Address Reference Count : 1]<UL><LI> can_setup.o(.text)
</UL>
<P><STRONG><a name="[6ff910]"></a>dn_hip_motor_encoder_rezero</STRONG> (ARM, 108 bytes, Stack size 16 bytes, data_nexus.o(.text))
<BR><BR>[Stack]<UL><LI>Max Depth = 152<LI>Call Chain = dn_hip_motor_encoder_rezero &rArr; __aeabi_dadd &rArr; _double_addcore &rArr; _double_epilogue &rArr; _double_round
</UL>
<BR>[Calls]<UL><LI><a href="#[6fd570]">&gt;&gt;</a>&nbsp;&nbsp;&nbsp;qdc_tmr0_cap23_set_angle_float
<LI><a href="#[6fd5e8]">&gt;&gt;</a>&nbsp;&nbsp;&nbsp;qdc_tmr0_cap23_get_angle_float
<LI><a href="#[6fd7c8]">&gt;&gt;</a>&nbsp;&nbsp;&nbsp;ae_get_pos
<LI><a href="#[6fd8b8]">&gt;&gt;</a>&nbsp;&nbsp;&nbsp;__aeabi_fsub
<LI><a href="#[6fd8f4]">&gt;&gt;</a>&nbsp;&nbsp;&nbsp;__aeabi_fmul
<LI><a href="#[6fd930]">&gt;&gt;</a>&nbsp;&nbsp;&nbsp;__aeabi_f2d
<LI><a href="#[6fd96c]">&gt;&gt;</a>&nbsp;&nbsp;&nbsp;__aeabi_dmul
<LI><a href="#[6fd9a8]">&gt;&gt;</a>&nbsp;&nbsp;&nbsp;__aeabi_dadd
<LI><a href="#[6fd9e4]">&gt;&gt;</a>&nbsp;&nbsp;&nbsp;__aeabi_d2f
<LI><a href="#[701c38]">&gt;&gt;</a>&nbsp;&nbsp;&nbsp;__aeabi_i2f
</UL>
<BR>[Called By]<UL><LI><a href="#[6fffa0]">&gt;&gt;</a>&nbsp;&nbsp;&nbsp;run_occasionally
</UL>

<P><STRONG><a name="[6ffa3c]"></a>dn_blue_heartbeat</STRONG> (ARM, 8 bytes, Stack size 0 bytes, data_nexus.o(.text))
<BR><BR>[Calls]<UL><LI><a href="#[6fd750]">&gt;&gt;</a>&nbsp;&nbsp;&nbsp;mcu_led_blue_blink
</UL>
<BR>[Address Reference Count : 1]<UL><LI> software_setup.o(.text)
</UL>
<P><STRONG><a name="[6fdb88]"></a>dn_green_heartbeat</STRONG> (ARM, 4 bytes, Stack size 0 bytes, data_nexus.o(.text), UNUSED)
<BR><BR>[Calls]<UL><LI><a href="#[6fd6d8]">&gt;&gt;</a>&nbsp;&nbsp;&nbsp;mcu_led_green_toggle
</UL>

<P><STRONG><a name="[6fdb4c]"></a>dn_red_heartbeat</STRONG> (ARM, 4 bytes, Stack size 0 bytes, data_nexus.o(.text), UNUSED)
<BR><BR>[Calls]<UL><LI><a href="#[6fd660]">&gt;&gt;</a>&nbsp;&nbsp;&nbsp;mcu_led_red_toggle
</UL>

<P><STRONG><a name="[6fe920]"></a>dn_get_battery_voltage</STRONG> (ARM, 28 bytes, Stack size 8 bytes, data_nexus.o(.text))
<BR><BR>[Stack]<UL><LI>Max Depth = 8<LI>Call Chain = dn_get_battery_voltage
</UL>
<BR>[Calls]<UL><LI><a href="#[6fd840]">&gt;&gt;</a>&nbsp;&nbsp;&nbsp;adci_get_result
<LI><a href="#[6fd8f4]">&gt;&gt;</a>&nbsp;&nbsp;&nbsp;__aeabi_fmul
<LI><a href="#[701c38]">&gt;&gt;</a>&nbsp;&nbsp;&nbsp;__aeabi_i2f
</UL>
<BR>[Address Reference Count : 1]<UL><LI> can_setup.o(.text)
</UL>
<P><STRONG><a name="[6fdb10]"></a>dn_get_raw_battery_voltage</STRONG> (ARM, 32 bytes, Stack size 8 bytes, data_nexus.o(.text), UNUSED)
<BR><BR>[Calls]<UL><LI><a href="#[6fd840]">&gt;&gt;</a>&nbsp;&nbsp;&nbsp;adci_get_result
<LI><a href="#[701fbc]">&gt;&gt;</a>&nbsp;&nbsp;&nbsp;linear_to_fixed
</UL>

<P><STRONG><a name="[6fdad4]"></a>dn_get_hbridge_raw_temp</STRONG> (ARM, 8 bytes, Stack size 0 bytes, data_nexus.o(.text), UNUSED)
<BR><BR>[Calls]<UL><LI><a href="#[6fd840]">&gt;&gt;</a>&nbsp;&nbsp;&nbsp;adci_get_result
</UL>

<P><STRONG><a name="[6fda98]"></a>dn_get_hbridge_temp</STRONG> (ARM, 20 bytes, Stack size 8 bytes, data_nexus.o(.text), UNUSED)
<BR><BR>[Calls]<UL><LI><a href="#[6fd840]">&gt;&gt;</a>&nbsp;&nbsp;&nbsp;adci_get_result
<LI><a href="#[701c38]">&gt;&gt;</a>&nbsp;&nbsp;&nbsp;__aeabi_i2f
</UL>

<P><STRONG><a name="[6ff988]"></a>dn_get_raw_motor_current</STRONG> (ARM, 32 bytes, Stack size 8 bytes, data_nexus.o(.text))
<BR><BR>[Stack]<UL><LI>Max Depth = 16<LI>Call Chain = dn_get_raw_motor_current &rArr; linear_to_fixed
</UL>
<BR>[Calls]<UL><LI><a href="#[6fd804]">&gt;&gt;</a>&nbsp;&nbsp;&nbsp;adcx_get_result
<LI><a href="#[701fbc]">&gt;&gt;</a>&nbsp;&nbsp;&nbsp;linear_to_fixed
</UL>
<BR>[Address Reference Count : 1]<UL><LI> software_setup.o(.text)
</UL>
<P><STRONG><a name="[6fe86c]"></a>dn_get_motor_current</STRONG> (ARM, 32 bytes, Stack size 8 bytes, data_nexus.o(.text))
<BR><BR>[Stack]<UL><LI>Max Depth = 8<LI>Call Chain = dn_get_motor_current
</UL>
<BR>[Calls]<UL><LI><a href="#[6fd804]">&gt;&gt;</a>&nbsp;&nbsp;&nbsp;adcx_get_result
<LI><a href="#[6fd8f4]">&gt;&gt;</a>&nbsp;&nbsp;&nbsp;__aeabi_fmul
<LI><a href="#[701c38]">&gt;&gt;</a>&nbsp;&nbsp;&nbsp;__aeabi_i2f
</UL>
<BR>[Address Reference Count : 1]<UL><LI> can_setup.o(.text)
</UL>
<P><STRONG><a name="[6fe998]"></a>dn_get_battery_current</STRONG> (ARM, 32 bytes, Stack size 8 bytes, data_nexus.o(.text))
<BR><BR>[Stack]<UL><LI>Max Depth = 8<LI>Call Chain = dn_get_battery_current
</UL>
<BR>[Calls]<UL><LI><a href="#[6fd804]">&gt;&gt;</a>&nbsp;&nbsp;&nbsp;adcx_get_result
<LI><a href="#[6fd8f4]">&gt;&gt;</a>&nbsp;&nbsp;&nbsp;__aeabi_fmul
<LI><a href="#[701c38]">&gt;&gt;</a>&nbsp;&nbsp;&nbsp;__aeabi_i2f
</UL>
<BR>[Address Reference Count : 1]<UL><LI> can_setup.o(.text)
</UL>
<P><STRONG><a name="[6fda5c]"></a>dn_get_raw_battery_current</STRONG> (ARM, 32 bytes, Stack size 8 bytes, data_nexus.o(.text), UNUSED)
<BR><BR>[Calls]<UL><LI><a href="#[6fd804]">&gt;&gt;</a>&nbsp;&nbsp;&nbsp;adcx_get_result
<LI><a href="#[701fbc]">&gt;&gt;</a>&nbsp;&nbsp;&nbsp;linear_to_fixed
</UL>

<P><STRONG><a name="[6fe95c]"></a>dn_get_battery_power</STRONG> (ARM, 48 bytes, Stack size 8 bytes, data_nexus.o(.text))
<BR><BR>[Stack]<UL><LI>Max Depth = 8<LI>Call Chain = dn_get_battery_power
</UL>
<BR>[Calls]<UL><LI><a href="#[6fd804]">&gt;&gt;</a>&nbsp;&nbsp;&nbsp;adcx_get_result
<LI><a href="#[6fd840]">&gt;&gt;</a>&nbsp;&nbsp;&nbsp;adci_get_result
<LI><a href="#[6fd8f4]">&gt;&gt;</a>&nbsp;&nbsp;&nbsp;__aeabi_fmul
<LI><a href="#[701c38]">&gt;&gt;</a>&nbsp;&nbsp;&nbsp;__aeabi_i2f
</UL>
<BR>[Address Reference Count : 1]<UL><LI> can_setup.o(.text)
</UL>
<P><STRONG><a name="[6ffa00]"></a>dn_error_transmit</STRONG> (ARM, 8 bytes, Stack size 0 bytes, data_nexus.o(.text))
<BR><BR>[Stack]<UL><LI>Max Depth = 60<LI>Call Chain = dn_error_transmit &rArr; can_transmit &rArr; can_transmit_alt &rArr; can_transmit_frame &rArr; can_tx4
</UL>
<BR>[Calls]<UL><LI><a href="#[6fe9d4]">&gt;&gt;</a>&nbsp;&nbsp;&nbsp;can_transmit
</UL>
<BR>[Address Reference Count : 1]<UL><LI> software_setup.o(.text)
</UL>
<P><STRONG><a name="[6fda20]"></a>dn_error_print</STRONG> (ARM, 16 bytes, Stack size 0 bytes, data_nexus.o(.text), UNUSED)
<BR><BR>[Calls]<UL><LI><a href="#[6fd534]">&gt;&gt;</a>&nbsp;&nbsp;&nbsp;uarti_tx_buf
</UL>

<P><STRONG><a name="[6ff9c4]"></a>dn_get_motor_vel_rads</STRONG> (ARM, 4 bytes, Stack size 0 bytes, data_nexus.o(.text))
<BR><BR>[Stack]<UL><LI>Max Depth = 8<LI>Call Chain = dn_get_motor_vel_rads &rArr; qdc_tmr0_cap23_get_rate_float
</UL>
<BR>[Calls]<UL><LI><a href="#[6fd5ac]">&gt;&gt;</a>&nbsp;&nbsp;&nbsp;qdc_tmr0_cap23_get_rate_float
</UL>
<BR>[Address Reference Count : 2]<UL><LI> software_setup.o(.text)
<LI> can_setup.o(.text)
</UL>
<P><STRONG><a name="[6fe7f4]"></a>dn_get_shaft_vel_rads</STRONG> (ARM, 4 bytes, Stack size 0 bytes, data_nexus.o(.text))
<BR><BR>[Stack]<UL><LI>Max Depth = 8<LI>Call Chain = dn_get_shaft_vel_rads &rArr; qdc_tmr0_cap01_get_rate_float
</UL>
<BR>[Calls]<UL><LI><a href="#[6fd624]">&gt;&gt;</a>&nbsp;&nbsp;&nbsp;qdc_tmr0_cap01_get_rate_float
</UL>
<BR>[Address Reference Count : 1]<UL><LI> can_setup.o(.text)
</UL>
<P><STRONG><a name="[6fe77c]"></a>dn_rx_timestamp</STRONG> (ARM, 4 bytes, Stack size 0 bytes, data_nexus.o(.text))
<BR><BR>[Calls]<UL><LI><a href="#[7015a8]">&gt;&gt;</a>&nbsp;&nbsp;&nbsp;asched_set_timestamp
</UL>
<BR>[Address Reference Count : 1]<UL><LI> can_setup.o(.text)
</UL>
<P><STRONG><a name="[6fe7b8]"></a>dn_get_status</STRONG> (ARM, 8 bytes, Stack size 0 bytes, data_nexus.o(.text))
<BR>[Address Reference Count : 1]<UL><LI> can_setup.o(.text)
</UL>
<P><STRONG><a name="[6ff898]"></a>dn_sched_done</STRONG> (ARM, 76 bytes, Stack size 16 bytes, data_nexus.o(.text))
<BR><BR>[Stack]<UL><LI>Max Depth = 16<LI>Call Chain = dn_sched_done
</UL>
<BR>[Calls]<UL><LI><a href="#[70156c]">&gt;&gt;</a>&nbsp;&nbsp;&nbsp;asched_get_timestamp
</UL>
<BR>[Address Reference Count : 1]<UL><LI> software_setup.o(.constdata)
</UL>
<P><STRONG><a name="[6fe8e4]"></a>dn_get_execution_time</STRONG> (ARM, 28 bytes, Stack size 8 bytes, data_nexus.o(.text))
<BR><BR>[Stack]<UL><LI>Max Depth = 8<LI>Call Chain = dn_get_execution_time
</UL>
<BR>[Calls]<UL><LI><a href="#[6fd87c]">&gt;&gt;</a>&nbsp;&nbsp;&nbsp;__aeabi_ui2f
<LI><a href="#[6fd8f4]">&gt;&gt;</a>&nbsp;&nbsp;&nbsp;__aeabi_fmul
</UL>
<BR>[Address Reference Count : 1]<UL><LI> can_setup.o(.text)
</UL>
<P><STRONG><a name="[6fe8a8]"></a>dn_get_max_execution_time</STRONG> (ARM, 28 bytes, Stack size 8 bytes, data_nexus.o(.text))
<BR><BR>[Stack]<UL><LI>Max Depth = 8<LI>Call Chain = dn_get_max_execution_time
</UL>
<BR>[Calls]<UL><LI><a href="#[6fd87c]">&gt;&gt;</a>&nbsp;&nbsp;&nbsp;__aeabi_ui2f
<LI><a href="#[6fd8f4]">&gt;&gt;</a>&nbsp;&nbsp;&nbsp;__aeabi_fmul
</UL>
<BR>[Address Reference Count : 1]<UL><LI> can_setup.o(.text)
</UL>
<P><STRONG><a name="[6fcea4]"></a>fputc</STRONG> (ARM, 4 bytes, Stack size 0 bytes, retarget.o(.text))
<BR><BR>[Calls]<UL><LI><a href="#[6fcd78]">&gt;&gt;</a>&nbsp;&nbsp;&nbsp;sendchar
</UL>
<BR>[Address Reference Count : 1]<UL><LI> printfa.o(i.__0printf)
</UL>
<P><STRONG><a name="[6fce68]"></a>ferror</STRONG> (ARM, 8 bytes, Stack size 0 bytes, retarget.o(.text), UNUSED)

<P><STRONG><a name="[6fce2c]"></a>_ttywrch</STRONG> (ARM, 4 bytes, Stack size 0 bytes, retarget.o(.text), UNUSED)
<BR><BR>[Calls]<UL><LI><a href="#[6fcd78]">&gt;&gt;</a>&nbsp;&nbsp;&nbsp;sendchar
</UL>

<P><STRONG><a name="[6fcdf0]"></a>_sys_exit</STRONG> (ARM, 4 bytes, Stack size 0 bytes, retarget.o(.text), UNUSED)
<BR><BR>[Calls]<UL><LI><a href="#[6fcdf0]">&gt;&gt;</a>&nbsp;&nbsp;&nbsp;_sys_exit
</UL>
<BR>[Called By]<UL><LI><a href="#[6fcdf0]">&gt;&gt;</a>&nbsp;&nbsp;&nbsp;_sys_exit
</UL>

<P><STRONG><a name="[6ff820]"></a>hb_init</STRONG> (ARM, 12 bytes, Stack size 0 bytes, heartbeat.o(.text))
<BR><BR>[Called By]<UL><LI><a href="#[702b38]">&gt;&gt;</a>&nbsp;&nbsp;&nbsp;init_software
</UL>

<P><STRONG><a name="[6ff85c]"></a>hb_beat</STRONG> (ARM, 72 bytes, Stack size 16 bytes, heartbeat.o(.text))
<BR><BR>[Stack]<UL><LI>Max Depth = 16<LI>Call Chain = hb_beat
</UL>
<BR>[Called By]<UL><LI><a href="#[6fffdc]">&gt;&gt;</a>&nbsp;&nbsp;&nbsp;task_every_row
</UL>

<P><STRONG><a name="[6fc814]"></a>hb_get_count</STRONG> (ARM, 52 bytes, Stack size 0 bytes, heartbeat.o(.text), UNUSED)

<P><STRONG><a name="[6ffdfc]"></a>ae_init_encoder</STRONG> (ARM, 124 bytes, Stack size 16 bytes, abs_enc.o(.text))
<BR><BR>[Stack]<UL><LI>Max Depth = 136<LI>Call Chain = ae_init_encoder &rArr; __aeabi_ddiv &rArr; _double_epilogue &rArr; _double_round
</UL>
<BR>[Calls]<UL><LI><a href="#[6fc2ec]">&gt;&gt;</a>&nbsp;&nbsp;&nbsp;__aeabi_ddiv
<LI><a href="#[6fc328]">&gt;&gt;</a>&nbsp;&nbsp;&nbsp;__aeabi_d2iz
<LI><a href="#[6fd8f4]">&gt;&gt;</a>&nbsp;&nbsp;&nbsp;__aeabi_fmul
<LI><a href="#[6fd930]">&gt;&gt;</a>&nbsp;&nbsp;&nbsp;__aeabi_f2d
<LI><a href="#[701bfc]">&gt;&gt;</a>&nbsp;&nbsp;&nbsp;error_occurred
<LI><a href="#[701c38]">&gt;&gt;</a>&nbsp;&nbsp;&nbsp;__aeabi_i2f
</UL>
<BR>[Called By]<UL><LI><a href="#[702b38]">&gt;&gt;</a>&nbsp;&nbsp;&nbsp;init_software
</UL>

<P><STRONG><a name="[6ffdc0]"></a>ae_update</STRONG> (ARM, 140 bytes, Stack size 8 bytes, abs_enc.o(.text))
<BR><BR>[Stack]<UL><LI>Max Depth = 8<LI>Call Chain = ae_update
</UL>
<BR>[Called By]<UL><LI><a href="#[6fffdc]">&gt;&gt;</a>&nbsp;&nbsp;&nbsp;task_every_row
<LI><a href="#[702afc]">&gt;&gt;</a>&nbsp;&nbsp;&nbsp;init_values
</UL>

<P><STRONG><a name="[6fd7c8]"></a>ae_get_pos</STRONG> (ARM, 52 bytes, Stack size 8 bytes, abs_enc.o(.text))
<BR><BR>[Stack]<UL><LI>Max Depth = 16<LI>Call Chain = ae_get_pos &rArr; error_occurred
</UL>
<BR>[Calls]<UL><LI><a href="#[701bfc]">&gt;&gt;</a>&nbsp;&nbsp;&nbsp;error_occurred
</UL>
<BR>[Called By]<UL><LI><a href="#[6fdbc4]">&gt;&gt;</a>&nbsp;&nbsp;&nbsp;dn_get_shaft_position
<LI><a href="#[6ff8d4]">&gt;&gt;</a>&nbsp;&nbsp;&nbsp;dn_safety
<LI><a href="#[6ff910]">&gt;&gt;</a>&nbsp;&nbsp;&nbsp;dn_hip_motor_encoder_rezero
<LI><a href="#[6ff94c]">&gt;&gt;</a>&nbsp;&nbsp;&nbsp;dn_get_shaft_pos_rads
</UL>

<P><STRONG><a name="[6ffd84]"></a>ae_wait</STRONG> (ARM, 20 bytes, Stack size 0 bytes, abs_enc.o(.text))
<BR><BR>[Called By]<UL><LI><a href="#[702afc]">&gt;&gt;</a>&nbsp;&nbsp;&nbsp;init_values
</UL>

<P><STRONG><a name="[6fe2cc]"></a>ae_isr</STRONG> (ARM, 224 bytes, Stack size 48 bytes, abs_enc.o(.text))
<BR><BR>[Stack]<UL><LI>Max Depth = 56<LI>Call Chain = ae_isr &rArr; error_occurred
</UL>
<BR>[Calls]<UL><LI><a href="#[701bfc]">&gt;&gt;</a>&nbsp;&nbsp;&nbsp;error_occurred
</UL>
<BR>[Address Reference Count : 1]<UL><LI> interrupts.o(.text)
</UL>
<P><STRONG><a name="[6fbe00]"></a>mcu_led_init</STRONG> (ARM, 24 bytes, Stack size 0 bytes, mcu_led.o(.text), UNUSED)

<P><STRONG><a name="[6fbdc4]"></a>mcu_led_red_off</STRONG> (ARM, 20 bytes, Stack size 0 bytes, mcu_led.o(.text), UNUSED)

<P><STRONG><a name="[6fbd88]"></a>mcu_led_blue_off</STRONG> (ARM, 20 bytes, Stack size 0 bytes, mcu_led.o(.text), UNUSED)

<P><STRONG><a name="[6fbd4c]"></a>mcu_led_green_off</STRONG> (ARM, 20 bytes, Stack size 0 bytes, mcu_led.o(.text))
<BR><BR>[Called By]<UL><LI><a href="#[6faa8c]">&gt;&gt;</a>&nbsp;&nbsp;&nbsp;mc_pid_current
</UL>

<P><STRONG><a name="[6ff6b8]"></a>mcu_led_update</STRONG> (ARM, 124 bytes, Stack size 0 bytes, mcu_led.o(.text))
<BR><BR>[Called By]<UL><LI><a href="#[6fffdc]">&gt;&gt;</a>&nbsp;&nbsp;&nbsp;task_every_row
</UL>

<P><STRONG><a name="[6fbd10]"></a>mcu_led_green_on</STRONG> (ARM, 20 bytes, Stack size 0 bytes, mcu_led.o(.text))
<BR><BR>[Called By]<UL><LI><a href="#[6faa8c]">&gt;&gt;</a>&nbsp;&nbsp;&nbsp;mc_pid_current
</UL>

<P><STRONG><a name="[6fd714]"></a>mcu_led_green_blink</STRONG> (ARM, 32 bytes, Stack size 0 bytes, mcu_led.o(.text))
<BR><BR>[Called By]<UL><LI><a href="#[6ff8d4]">&gt;&gt;</a>&nbsp;&nbsp;&nbsp;dn_safety
</UL>

<P><STRONG><a name="[6fbcd4]"></a>mcu_led_blue_on</STRONG> (ARM, 20 bytes, Stack size 0 bytes, mcu_led.o(.text), UNUSED)

<P><STRONG><a name="[6fd750]"></a>mcu_led_blue_blink</STRONG> (ARM, 32 bytes, Stack size 0 bytes, mcu_led.o(.text))
<BR><BR>[Called By]<UL><LI><a href="#[6ffa3c]">&gt;&gt;</a>&nbsp;&nbsp;&nbsp;dn_blue_heartbeat
</UL>

<P><STRONG><a name="[702ac0]"></a>mcu_led_red_on</STRONG> (ARM, 20 bytes, Stack size 0 bytes, mcu_led.o(.text))
<BR><BR>[Called By]<UL><LI><a href="#[702ca0]">&gt;&gt;</a>&nbsp;&nbsp;&nbsp;main
</UL>

<P><STRONG><a name="[6fd69c]"></a>mcu_led_red_blink</STRONG> (ARM, 32 bytes, Stack size 0 bytes, mcu_led.o(.text))
<BR><BR>[Called By]<UL><LI><a href="#[6ff8d4]">&gt;&gt;</a>&nbsp;&nbsp;&nbsp;dn_safety
</UL>

<P><STRONG><a name="[6fd6d8]"></a>mcu_led_green_toggle</STRONG> (ARM, 32 bytes, Stack size 0 bytes, mcu_led.o(.text), UNUSED)
<BR><BR>[Called By]<UL><LI><a href="#[6fdb88]">&gt;&gt;</a>&nbsp;&nbsp;&nbsp;dn_green_heartbeat
</UL>

<P><STRONG><a name="[6fd660]"></a>mcu_led_red_toggle</STRONG> (ARM, 32 bytes, Stack size 0 bytes, mcu_led.o(.text), UNUSED)
<BR><BR>[Called By]<UL><LI><a href="#[6fdb4c]">&gt;&gt;</a>&nbsp;&nbsp;&nbsp;dn_red_heartbeat
</UL>

<P><STRONG><a name="[6fbc98]"></a>mcu_led_blue_toggle</STRONG> (ARM, 32 bytes, Stack size 0 bytes, mcu_led.o(.text), UNUSED)

<P><STRONG><a name="[6fbc5c]"></a>mcu_led_all_on</STRONG> (ARM, 36 bytes, Stack size 0 bytes, mcu_led.o(.text), UNUSED)

<P><STRONG><a name="[6fbc20]"></a>mcu_led_all_off</STRONG> (ARM, 36 bytes, Stack size 0 bytes, mcu_led.o(.text), UNUSED)

<P><STRONG><a name="[6fbbe4]"></a>mcu_led_all_toggle</STRONG> (ARM, 72 bytes, Stack size 0 bytes, mcu_led.o(.text), UNUSED)

<P><STRONG><a name="[6fff28]"></a>adci_init</STRONG> (ARM, 200 bytes, Stack size 24 bytes, adc_internal.o(.text))
<BR><BR>[Stack]<UL><LI>Max Depth = 24<LI>Call Chain = adci_init
</UL>
<BR>[Called By]<UL><LI><a href="#[702b38]">&gt;&gt;</a>&nbsp;&nbsp;&nbsp;init_software
</UL>

<P><STRONG><a name="[6fb644]"></a>adci_convert_next</STRONG> (ARM, 124 bytes, Stack size 0 bytes, adc_internal.o(.text), UNUSED)

<P><STRONG><a name="[6fff64]"></a>adci_convert_all</STRONG> (ARM, 144 bytes, Stack size 8 bytes, adc_internal.o(.text))
<BR><BR>[Stack]<UL><LI>Max Depth = 16<LI>Call Chain = adci_convert_all &rArr; error_occurred
</UL>
<BR>[Calls]<UL><LI><a href="#[701bfc]">&gt;&gt;</a>&nbsp;&nbsp;&nbsp;error_occurred
</UL>
<BR>[Called By]<UL><LI><a href="#[6fffdc]">&gt;&gt;</a>&nbsp;&nbsp;&nbsp;task_every_row
</UL>

<P><STRONG><a name="[6fb608]"></a>adci_efilter_add</STRONG> (ARM, 88 bytes, Stack size 16 bytes, adc_internal.o(.text), UNUSED)
<BR><BR>[Calls]<UL><LI><a href="#[701bfc]">&gt;&gt;</a>&nbsp;&nbsp;&nbsp;error_occurred
</UL>

<P><STRONG><a name="[6fe344]"></a>adci_isr</STRONG> (ARM, 240 bytes, Stack size 40 bytes, adc_internal.o(.text))
<BR><BR>[Stack]<UL><LI>Max Depth = 48<LI>Call Chain = adci_isr &rArr; error_occurred
</UL>
<BR>[Calls]<UL><LI><a href="#[701bfc]">&gt;&gt;</a>&nbsp;&nbsp;&nbsp;error_occurred
</UL>
<BR>[Address Reference Count : 1]<UL><LI> interrupts.o(.text)
</UL>
<P><STRONG><a name="[6fd840]"></a>adci_get_result</STRONG> (ARM, 20 bytes, Stack size 0 bytes, adc_internal.o(.text))
<BR><BR>[Called By]<UL><LI><a href="#[6fda98]">&gt;&gt;</a>&nbsp;&nbsp;&nbsp;dn_get_hbridge_temp
<LI><a href="#[6fdad4]">&gt;&gt;</a>&nbsp;&nbsp;&nbsp;dn_get_hbridge_raw_temp
<LI><a href="#[6fdb10]">&gt;&gt;</a>&nbsp;&nbsp;&nbsp;dn_get_raw_battery_voltage
<LI><a href="#[6fe920]">&gt;&gt;</a>&nbsp;&nbsp;&nbsp;dn_get_battery_voltage
<LI><a href="#[6fe95c]">&gt;&gt;</a>&nbsp;&nbsp;&nbsp;dn_get_battery_power
</UL>

<P><STRONG><a name="[6fb5cc]"></a>adci_get_raw</STRONG> (ARM, 16 bytes, Stack size 0 bytes, adc_internal.o(.text), UNUSED)

<P><STRONG><a name="[6fb590]"></a>adci_get_filter</STRONG> (ARM, 16 bytes, Stack size 0 bytes, adc_internal.o(.text), UNUSED)

<P><STRONG><a name="[6ff7a8]"></a>mc_init</STRONG> (ARM, 332 bytes, Stack size 56 bytes, motor_controller.o(.text))
<BR><BR>[Stack]<UL><LI>Max Depth = 64<LI>Call Chain = mc_init &rArr; __aeabi_frsub &rArr; _float_addcore
</UL>
<BR>[Calls]<UL><LI><a href="#[6fa870]">&gt;&gt;</a>&nbsp;&nbsp;&nbsp;__aeabi_frsub
<LI><a href="#[6fa8ac]">&gt;&gt;</a>&nbsp;&nbsp;&nbsp;__aeabi_fdiv
<LI><a href="#[6fd8f4]">&gt;&gt;</a>&nbsp;&nbsp;&nbsp;__aeabi_fmul
<LI><a href="#[701c38]">&gt;&gt;</a>&nbsp;&nbsp;&nbsp;__aeabi_i2f
<LI><a href="#[702034]">&gt;&gt;</a>&nbsp;&nbsp;&nbsp;fixed_mult
<LI><a href="#[7020ac]">&gt;&gt;</a>&nbsp;&nbsp;&nbsp;fixed_to_float
<LI><a href="#[702124]">&gt;&gt;</a>&nbsp;&nbsp;&nbsp;float_to_fixed
</UL>
<BR>[Called By]<UL><LI><a href="#[702b38]">&gt;&gt;</a>&nbsp;&nbsp;&nbsp;init_software
</UL>

<P><STRONG><a name="[6fe6c8]"></a>mc_set_target_current</STRONG> (ARM, 72 bytes, Stack size 8 bytes, motor_controller.o(.text))
<BR><BR>[Stack]<UL><LI>Max Depth = 16<LI>Call Chain = mc_set_target_current &rArr; error_occurred
</UL>
<BR>[Calls]<UL><LI><a href="#[701bfc]">&gt;&gt;</a>&nbsp;&nbsp;&nbsp;error_occurred
<LI><a href="#[702124]">&gt;&gt;</a>&nbsp;&nbsp;&nbsp;float_to_fixed
</UL>
<BR>[Address Reference Count : 1]<UL><LI> can_setup.o(.text)
</UL>
<P><STRONG><a name="[6fab40]"></a>mc_set_unsafe_target_current</STRONG> (ARM, 20 bytes, Stack size 8 bytes, motor_controller.o(.text), UNUSED)
<BR><BR>[Calls]<UL><LI><a href="#[702124]">&gt;&gt;</a>&nbsp;&nbsp;&nbsp;float_to_fixed
</UL>

<P><STRONG><a name="[6fab04]"></a>mc_update_watchdog</STRONG> (ARM, 72 bytes, Stack size 0 bytes, motor_controller.o(.text), UNUSED)

<P><STRONG><a name="[6faac8]"></a>mc_set_pwm</STRONG> (ARM, 384 bytes, Stack size 40 bytes, motor_controller.o(.text))
<BR><BR>[Stack]<UL><LI>Max Depth = 48<LI>Call Chain = mc_set_pwm &rArr; error_occurred
</UL>
<BR>[Calls]<UL><LI><a href="#[701bfc]">&gt;&gt;</a>&nbsp;&nbsp;&nbsp;error_occurred
</UL>
<BR>[Called By]<UL><LI><a href="#[6faa8c]">&gt;&gt;</a>&nbsp;&nbsp;&nbsp;mc_pid_current
</UL>

<P><STRONG><a name="[6faa8c]"></a>mc_pid_current</STRONG> (ARM, 868 bytes, Stack size 40 bytes, motor_controller.o(.text))
<BR><BR>[Stack]<UL><LI>Max Depth = 88<LI>Call Chain = mc_pid_current &rArr; mc_set_pwm &rArr; error_occurred
</UL>
<BR>[Calls]<UL><LI><a href="#[6faac8]">&gt;&gt;</a>&nbsp;&nbsp;&nbsp;mc_set_pwm
<LI><a href="#[6fbd10]">&gt;&gt;</a>&nbsp;&nbsp;&nbsp;mcu_led_green_on
<LI><a href="#[6fbd4c]">&gt;&gt;</a>&nbsp;&nbsp;&nbsp;mcu_led_green_off
<LI><a href="#[701bfc]">&gt;&gt;</a>&nbsp;&nbsp;&nbsp;error_occurred
<LI><a href="#[701ff8]">&gt;&gt;</a>&nbsp;&nbsp;&nbsp;fixed_mult_to_long
<LI><a href="#[702034]">&gt;&gt;</a>&nbsp;&nbsp;&nbsp;fixed_mult
<LI><a href="#[702070]">&gt;&gt;</a>&nbsp;&nbsp;&nbsp;fixed_to_int
<LI><a href="#[7020ac]">&gt;&gt;</a>&nbsp;&nbsp;&nbsp;fixed_to_float
</UL>
<BR>[Called By]<UL><LI><a href="#[6ff7e4]">&gt;&gt;</a>&nbsp;&nbsp;&nbsp;mc_compliant_control
</UL>

<P><STRONG><a name="[6ff7e4]"></a>mc_compliant_control</STRONG> (ARM, 148 bytes, Stack size 24 bytes, motor_controller.o(.text))
<BR><BR>[Stack]<UL><LI>Max Depth = 112<LI>Call Chain = mc_compliant_control &rArr; mc_pid_current &rArr; mc_set_pwm &rArr; error_occurred
</UL>
<BR>[Calls]<UL><LI><a href="#[6faa8c]">&gt;&gt;</a>&nbsp;&nbsp;&nbsp;mc_pid_current
<LI><a href="#[701bfc]">&gt;&gt;</a>&nbsp;&nbsp;&nbsp;error_occurred
<LI><a href="#[702034]">&gt;&gt;</a>&nbsp;&nbsp;&nbsp;fixed_mult
<LI><a href="#[702124]">&gt;&gt;</a>&nbsp;&nbsp;&nbsp;float_to_fixed
</UL>
<BR>[Called By]<UL><LI><a href="#[6fffdc]">&gt;&gt;</a>&nbsp;&nbsp;&nbsp;task_every_row
</UL>

<P><STRONG><a name="[6ff76c]"></a>mc_set_command_current</STRONG> (ARM, 44 bytes, Stack size 8 bytes, motor_controller.o(.text))
<BR><BR>[Stack]<UL><LI>Max Depth = 16<LI>Call Chain = mc_set_command_current &rArr; float_to_fixed
</UL>
<BR>[Calls]<UL><LI><a href="#[702124]">&gt;&gt;</a>&nbsp;&nbsp;&nbsp;float_to_fixed
</UL>
<BR>[Called By]<UL><LI><a href="#[702b38]">&gt;&gt;</a>&nbsp;&nbsp;&nbsp;init_software
</UL>
<BR>[Address Reference Count : 1]<UL><LI> can_setup.o(.text)
</UL>
<P><STRONG><a name="[6faa50]"></a>mc_get_command_current</STRONG> (ARM, 12 bytes, Stack size 0 bytes, motor_controller.o(.text), UNUSED)

<P><STRONG><a name="[6ff6f4]"></a>mc_set_stiffness</STRONG> (ARM, 28 bytes, Stack size 8 bytes, motor_controller.o(.text))
<BR><BR>[Stack]<UL><LI>Max Depth = 16<LI>Call Chain = mc_set_stiffness &rArr; float_to_fixed
</UL>
<BR>[Calls]<UL><LI><a href="#[702124]">&gt;&gt;</a>&nbsp;&nbsp;&nbsp;float_to_fixed
</UL>
<BR>[Called By]<UL><LI><a href="#[702b38]">&gt;&gt;</a>&nbsp;&nbsp;&nbsp;init_software
</UL>
<BR>[Address Reference Count : 1]<UL><LI> can_setup.o(.text)
</UL>
<P><STRONG><a name="[6faa14]"></a>mc_get_stiffness</STRONG> (ARM, 12 bytes, Stack size 0 bytes, motor_controller.o(.text), UNUSED)

<P><STRONG><a name="[6ff730]"></a>mc_set_dampness</STRONG> (ARM, 28 bytes, Stack size 8 bytes, motor_controller.o(.text))
<BR><BR>[Stack]<UL><LI>Max Depth = 16<LI>Call Chain = mc_set_dampness &rArr; float_to_fixed
</UL>
<BR>[Calls]<UL><LI><a href="#[702124]">&gt;&gt;</a>&nbsp;&nbsp;&nbsp;float_to_fixed
</UL>
<BR>[Called By]<UL><LI><a href="#[702b38]">&gt;&gt;</a>&nbsp;&nbsp;&nbsp;init_software
</UL>
<BR>[Address Reference Count : 1]<UL><LI> can_setup.o(.text)
</UL>
<P><STRONG><a name="[6fa9d8]"></a>mc_get_dampness</STRONG> (ARM, 24 bytes, Stack size 0 bytes, motor_controller.o(.text), UNUSED)

<P><STRONG><a name="[6fd78c]"></a>mc_direction_control</STRONG> (ARM, 28 bytes, Stack size 0 bytes, motor_controller.o(.text))
<BR><BR>[Called By]<UL><LI><a href="#[6ff8d4]">&gt;&gt;</a>&nbsp;&nbsp;&nbsp;dn_safety
</UL>

<P><STRONG><a name="[6fa99c]"></a>mc_get_parameters</STRONG> (ARM, 8 bytes, Stack size 0 bytes, motor_controller.o(.text), UNUSED)

<P><STRONG><a name="[6fa960]"></a>mc_get_pwm</STRONG> (ARM, 12 bytes, Stack size 0 bytes, motor_controller.o(.text), UNUSED)

<P><STRONG><a name="[6fe740]"></a>mc_set_shutdown</STRONG> (ARM, 20 bytes, Stack size 0 bytes, motor_controller.o(.text))
<BR>[Address Reference Count : 1]<UL><LI> can_setup.o(.text)
</UL>
<P><STRONG><a name="[6fe704]"></a>mc_set_sleep</STRONG> (ARM, 20 bytes, Stack size 0 bytes, motor_controller.o(.text))
<BR>[Address Reference Count : 1]<UL><LI> can_setup.o(.text)
</UL>
<P><STRONG><a name="[6fa924]"></a>mc_get_mult</STRONG> (ARM, 12 bytes, Stack size 0 bytes, motor_controller.o(.text), UNUSED)

<P><STRONG><a name="[6fa8e8]"></a>mc_run_no_control</STRONG> (ARM, 152 bytes, Stack size 16 bytes, motor_controller.o(.text), UNUSED)
<BR><BR>[Calls]<UL><LI><a href="#[701bfc]">&gt;&gt;</a>&nbsp;&nbsp;&nbsp;error_occurred
</UL>

<P><STRONG><a name="[6fcd78]"></a>sendchar</STRONG> (ARM, 60 bytes, Stack size 0 bytes, uart.o(.text))
<BR><BR>[Called By]<UL><LI><a href="#[6fce2c]">&gt;&gt;</a>&nbsp;&nbsp;&nbsp;_ttywrch
<LI><a href="#[6fcea4]">&gt;&gt;</a>&nbsp;&nbsp;&nbsp;fputc
</UL>

<P><STRONG><a name="[6fa4ec]"></a>getkey</STRONG> (ARM, 28 bytes, Stack size 0 bytes, uart.o(.text), UNUSED)

<P><STRONG><a name="[6f9ed4]"></a>uarti_tx_set_empty_callback</STRONG> (ARM, 12 bytes, Stack size 0 bytes, uart_int.o(.text), UNUSED)

<P><STRONG><a name="[6f9e98]"></a>uarti_tx_refill</STRONG> (ARM, 108 bytes, Stack size 8 bytes, uart_int.o(.text), UNUSED)

<P><STRONG><a name="[6fd534]"></a>uarti_tx_buf</STRONG> (ARM, 160 bytes, Stack size 16 bytes, uart_int.o(.text), UNUSED)
<BR><BR>[Called By]<UL><LI><a href="#[6f9da8]">&gt;&gt;</a>&nbsp;&nbsp;&nbsp;uarti_print_2float
<LI><a href="#[6f9de4]">&gt;&gt;</a>&nbsp;&nbsp;&nbsp;uarti_print_float
<LI><a href="#[6f9e20]">&gt;&gt;</a>&nbsp;&nbsp;&nbsp;uarti_print_int
<LI><a href="#[6f9e5c]">&gt;&gt;</a>&nbsp;&nbsp;&nbsp;uarti_print_int2
<LI><a href="#[6fda20]">&gt;&gt;</a>&nbsp;&nbsp;&nbsp;dn_error_print
</UL>

<P><STRONG><a name="[6fe218]"></a>uarti_isr</STRONG> (ARM, 148 bytes, Stack size 40 bytes, uart_int.o(.text))
<BR><BR>[Stack]<UL><LI>Max Depth = 40<LI>Call Chain = uarti_isr
</UL>
<BR>[Address Reference Count : 1]<UL><LI> interrupts.o(.text)
</UL>
<P><STRONG><a name="[6f9e5c]"></a>uarti_print_int2</STRONG> (ARM, 64 bytes, Stack size 8 bytes, uart_int.o(.text), UNUSED)
<BR><BR>[Calls]<UL><LI><a href="#[6fd534]">&gt;&gt;</a>&nbsp;&nbsp;&nbsp;uarti_tx_buf
<LI><a href="#[770a30]">&gt;&gt;</a>&nbsp;&nbsp;&nbsp;__2sprintf
</UL>

<P><STRONG><a name="[6f9e20]"></a>uarti_print_int</STRONG> (ARM, 52 bytes, Stack size 8 bytes, uart_int.o(.text), UNUSED)
<BR><BR>[Calls]<UL><LI><a href="#[6fd534]">&gt;&gt;</a>&nbsp;&nbsp;&nbsp;uarti_tx_buf
<LI><a href="#[770a30]">&gt;&gt;</a>&nbsp;&nbsp;&nbsp;__2sprintf
</UL>

<P><STRONG><a name="[6f9de4]"></a>uarti_print_float</STRONG> (ARM, 64 bytes, Stack size 8 bytes, uart_int.o(.text), UNUSED)
<BR><BR>[Calls]<UL><LI><a href="#[6fd534]">&gt;&gt;</a>&nbsp;&nbsp;&nbsp;uarti_tx_buf
<LI><a href="#[6fd930]">&gt;&gt;</a>&nbsp;&nbsp;&nbsp;__aeabi_f2d
<LI><a href="#[770a30]">&gt;&gt;</a>&nbsp;&nbsp;&nbsp;__2sprintf
</UL>

<P><STRONG><a name="[6f9da8]"></a>uarti_print_2float</STRONG> (ARM, 100 bytes, Stack size 24 bytes, uart_int.o(.text), UNUSED)
<BR><BR>[Calls]<UL><LI><a href="#[6fd534]">&gt;&gt;</a>&nbsp;&nbsp;&nbsp;uarti_tx_buf
<LI><a href="#[6fd930]">&gt;&gt;</a>&nbsp;&nbsp;&nbsp;__aeabi_f2d
<LI><a href="#[770a30]">&gt;&gt;</a>&nbsp;&nbsp;&nbsp;__2sprintf
</UL>

<P><STRONG><a name="[6f9574]"></a>adcx_register_write</STRONG> (ARM, 40 bytes, Stack size 0 bytes, adc_external.o(.text), UNUSED)

<P><STRONG><a name="[6f9538]"></a>adcx_convert_cfg</STRONG> (ARM, 72 bytes, Stack size 0 bytes, adc_external.o(.text), UNUSED)

<P><STRONG><a name="[6f94fc]"></a>adcx_convert_next</STRONG> (ARM, 132 bytes, Stack size 0 bytes, adc_external.o(.text), UNUSED)

<P><STRONG><a name="[6f94c0]"></a>adcx_register_read</STRONG> (ARM, 56 bytes, Stack size 0 bytes, adc_external.o(.text), UNUSED)

<P><STRONG><a name="[6f9484]"></a>adcx_read_buffer</STRONG> (ARM, 56 bytes, Stack size 8 bytes, adc_external.o(.text), UNUSED)
<BR><BR>[Calls]<UL><LI><a href="#[701bfc]">&gt;&gt;</a>&nbsp;&nbsp;&nbsp;error_occurred
</UL>

<P><STRONG><a name="[6fe308]"></a>adcx_isr</STRONG> (ARM, 336 bytes, Stack size 40 bytes, adc_external.o(.text))
<BR><BR>[Stack]<UL><LI>Max Depth = 48<LI>Call Chain = adcx_isr &rArr; error_occurred
</UL>
<BR>[Calls]<UL><LI><a href="#[701bfc]">&gt;&gt;</a>&nbsp;&nbsp;&nbsp;error_occurred
</UL>
<BR>[Address Reference Count : 1]<UL><LI> interrupts.o(.text)
</UL>
<P><STRONG><a name="[6ffe74]"></a>adcx_convert_all</STRONG> (ARM, 148 bytes, Stack size 0 bytes, adc_external.o(.text))
<BR><BR>[Stack]<UL><LI>Max Depth = 8<LI>Call Chain = adcx_convert_all &rArr; error_occurred
</UL>
<BR>[Calls]<UL><LI><a href="#[701bfc]">&gt;&gt;</a>&nbsp;&nbsp;&nbsp;error_occurred
</UL>
<BR>[Called By]<UL><LI><a href="#[6fffdc]">&gt;&gt;</a>&nbsp;&nbsp;&nbsp;task_every_row
</UL>

<P><STRONG><a name="[6f9448]"></a>adcx_write</STRONG> (ARM, 40 bytes, Stack size 16 bytes, adc_external.o(.text), UNUSED)
<BR><BR>[Calls]<UL><LI><a href="#[701bfc]">&gt;&gt;</a>&nbsp;&nbsp;&nbsp;error_occurred
</UL>

<P><STRONG><a name="[6fd804]"></a>adcx_get_result</STRONG> (ARM, 16 bytes, Stack size 0 bytes, adc_external.o(.text))
<BR><BR>[Called By]<UL><LI><a href="#[6fda5c]">&gt;&gt;</a>&nbsp;&nbsp;&nbsp;dn_get_raw_battery_current
<LI><a href="#[6fe86c]">&gt;&gt;</a>&nbsp;&nbsp;&nbsp;dn_get_motor_current
<LI><a href="#[6fe95c]">&gt;&gt;</a>&nbsp;&nbsp;&nbsp;dn_get_battery_power
<LI><a href="#[6fe998]">&gt;&gt;</a>&nbsp;&nbsp;&nbsp;dn_get_battery_current
<LI><a href="#[6ff988]">&gt;&gt;</a>&nbsp;&nbsp;&nbsp;dn_get_raw_motor_current
</UL>

<P><STRONG><a name="[6ffe38]"></a>adcx_init</STRONG> (ARM, 136 bytes, Stack size 8 bytes, adc_external.o(.text))
<BR><BR>[Stack]<UL><LI>Max Depth = 16<LI>Call Chain = adcx_init &rArr; error_occurred
</UL>
<BR>[Calls]<UL><LI><a href="#[701bfc]">&gt;&gt;</a>&nbsp;&nbsp;&nbsp;error_occurred
</UL>
<BR>[Called By]<UL><LI><a href="#[702b38]">&gt;&gt;</a>&nbsp;&nbsp;&nbsp;init_software
</UL>

<P><STRONG><a name="[6ffeec]"></a>adcx_add_config</STRONG> (ARM, 48 bytes, Stack size 0 bytes, adc_external.o(.text))
<BR><BR>[Stack]<UL><LI>Max Depth = 8<LI>Call Chain = adcx_add_config &rArr; error_occurred
</UL>
<BR>[Calls]<UL><LI><a href="#[701bfc]">&gt;&gt;</a>&nbsp;&nbsp;&nbsp;error_occurred
</UL>
<BR>[Called By]<UL><LI><a href="#[702b38]">&gt;&gt;</a>&nbsp;&nbsp;&nbsp;init_software
</UL>

<P><STRONG><a name="[6ffeb0]"></a>adcx_conversion_wait</STRONG> (ARM, 52 bytes, Stack size 0 bytes, adc_external.o(.text))
<BR><BR>[Called By]<UL><LI><a href="#[6fffdc]">&gt;&gt;</a>&nbsp;&nbsp;&nbsp;task_every_row
</UL>

<P><STRONG><a name="[6ff604]"></a>qdc_tmr0_cap01_set_angle_float</STRONG> (ARM, 56 bytes, Stack size 8 bytes, qdc.o(.text))
<BR><BR>[Stack]<UL><LI>Max Depth = 72<LI>Call Chain = qdc_tmr0_cap01_set_angle_float &rArr; __aeabi_ldivmod &rArr; __aeabi_uldivmod
</UL>
<BR>[Calls]<UL><LI><a href="#[701c74]">&gt;&gt;</a>&nbsp;&nbsp;&nbsp;__aeabi_f2iz
<LI><a href="#[7791e4]">&gt;&gt;</a>&nbsp;&nbsp;&nbsp;__aeabi_llsl
<LI><a href="#[779310]">&gt;&gt;</a>&nbsp;&nbsp;&nbsp;__aeabi_ldivmod
</UL>
<BR>[Called By]<UL><LI><a href="#[702afc]">&gt;&gt;</a>&nbsp;&nbsp;&nbsp;init_values
</UL>

<P><STRONG><a name="[6f8cc8]"></a>qdc_tmr0_cap01_set_angle_fixed</STRONG> (ARM, 40 bytes, Stack size 8 bytes, qdc.o(.text), UNUSED)
<BR><BR>[Calls]<UL><LI><a href="#[7791e4]">&gt;&gt;</a>&nbsp;&nbsp;&nbsp;__aeabi_llsl
<LI><a href="#[779310]">&gt;&gt;</a>&nbsp;&nbsp;&nbsp;__aeabi_ldivmod
</UL>

<P><STRONG><a name="[6fd570]"></a>qdc_tmr0_cap23_set_angle_float</STRONG> (ARM, 56 bytes, Stack size 8 bytes, qdc.o(.text))
<BR><BR>[Stack]<UL><LI>Max Depth = 72<LI>Call Chain = qdc_tmr0_cap23_set_angle_float &rArr; __aeabi_ldivmod &rArr; __aeabi_uldivmod
</UL>
<BR>[Calls]<UL><LI><a href="#[701c74]">&gt;&gt;</a>&nbsp;&nbsp;&nbsp;__aeabi_f2iz
<LI><a href="#[7791e4]">&gt;&gt;</a>&nbsp;&nbsp;&nbsp;__aeabi_llsl
<LI><a href="#[779310]">&gt;&gt;</a>&nbsp;&nbsp;&nbsp;__aeabi_ldivmod
</UL>
<BR>[Called By]<UL><LI><a href="#[6ff910]">&gt;&gt;</a>&nbsp;&nbsp;&nbsp;dn_hip_motor_encoder_rezero
</UL>

<P><STRONG><a name="[6f8c8c]"></a>qdc_tmr0_cap23_set_angle_fixed</STRONG> (ARM, 40 bytes, Stack size 8 bytes, qdc.o(.text), UNUSED)
<BR><BR>[Calls]<UL><LI><a href="#[7791e4]">&gt;&gt;</a>&nbsp;&nbsp;&nbsp;__aeabi_llsl
<LI><a href="#[779310]">&gt;&gt;</a>&nbsp;&nbsp;&nbsp;__aeabi_ldivmod
</UL>

<P><STRONG><a name="[6f8c50]"></a>qdc_tmr0_cap01_get_angle_fixed</STRONG> (ARM, 12 bytes, Stack size 0 bytes, qdc.o(.text), UNUSED)

<P><STRONG><a name="[6f8c14]"></a>qdc_tmr0_cap01_get_angle_float</STRONG> (ARM, 32 bytes, Stack size 8 bytes, qdc.o(.text), UNUSED)
<BR><BR>[Calls]<UL><LI><a href="#[701c38]">&gt;&gt;</a>&nbsp;&nbsp;&nbsp;__aeabi_i2f
</UL>

<P><STRONG><a name="[6f8bd8]"></a>qdc_tmr0_cap01_get_rate_fixed</STRONG> (ARM, 12 bytes, Stack size 0 bytes, qdc.o(.text), UNUSED)

<P><STRONG><a name="[6fd624]"></a>qdc_tmr0_cap01_get_rate_float</STRONG> (ARM, 32 bytes, Stack size 8 bytes, qdc.o(.text))
<BR><BR>[Stack]<UL><LI>Max Depth = 8<LI>Call Chain = qdc_tmr0_cap01_get_rate_float
</UL>
<BR>[Calls]<UL><LI><a href="#[701c38]">&gt;&gt;</a>&nbsp;&nbsp;&nbsp;__aeabi_i2f
</UL>
<BR>[Called By]<UL><LI><a href="#[6fe7f4]">&gt;&gt;</a>&nbsp;&nbsp;&nbsp;dn_get_shaft_vel_rads
</UL>

<P><STRONG><a name="[6f8b9c]"></a>qdc_tmr0_cap23_get_angle_fixed</STRONG> (ARM, 12 bytes, Stack size 0 bytes, qdc.o(.text), UNUSED)

<P><STRONG><a name="[6fd5e8]"></a>qdc_tmr0_cap23_get_angle_float</STRONG> (ARM, 32 bytes, Stack size 8 bytes, qdc.o(.text))
<BR><BR>[Stack]<UL><LI>Max Depth = 8<LI>Call Chain = qdc_tmr0_cap23_get_angle_float
</UL>
<BR>[Calls]<UL><LI><a href="#[701c38]">&gt;&gt;</a>&nbsp;&nbsp;&nbsp;__aeabi_i2f
</UL>
<BR>[Called By]<UL><LI><a href="#[6fe830]">&gt;&gt;</a>&nbsp;&nbsp;&nbsp;dn_get_motor_pos_rads
<LI><a href="#[6ff910]">&gt;&gt;</a>&nbsp;&nbsp;&nbsp;dn_hip_motor_encoder_rezero
</UL>

<P><STRONG><a name="[6f8b60]"></a>qdc_tmr0_cap23_get_rate_fixed</STRONG> (ARM, 12 bytes, Stack size 0 bytes, qdc.o(.text), UNUSED)

<P><STRONG><a name="[6fd5ac]"></a>qdc_tmr0_cap23_get_rate_float</STRONG> (ARM, 32 bytes, Stack size 8 bytes, qdc.o(.text))
<BR><BR>[Stack]<UL><LI>Max Depth = 8<LI>Call Chain = qdc_tmr0_cap23_get_rate_float
</UL>
<BR>[Calls]<UL><LI><a href="#[701c38]">&gt;&gt;</a>&nbsp;&nbsp;&nbsp;__aeabi_i2f
</UL>
<BR>[Called By]<UL><LI><a href="#[6ff9c4]">&gt;&gt;</a>&nbsp;&nbsp;&nbsp;dn_get_motor_vel_rads
</UL>

<P><STRONG><a name="[6ff640]"></a>qdc_tmr0_cap01_rate_update</STRONG> (ARM, 548 bytes, Stack size 40 bytes, qdc.o(.text))
<BR><BR>[Stack]<UL><LI>Max Depth = 60<LI>Call Chain = qdc_tmr0_cap01_rate_update &rArr; __aeabi_idivmod &rArr; __aeabi_uidivmod
</UL>
<BR>[Calls]<UL><LI><a href="#[701bfc]">&gt;&gt;</a>&nbsp;&nbsp;&nbsp;error_occurred
<LI><a href="#[7790b8]">&gt;&gt;</a>&nbsp;&nbsp;&nbsp;__aeabi_lasr
<LI><a href="#[77943c]">&gt;&gt;</a>&nbsp;&nbsp;&nbsp;__aeabi_idivmod
</UL>
<BR>[Called By]<UL><LI><a href="#[6fffdc]">&gt;&gt;</a>&nbsp;&nbsp;&nbsp;task_every_row
</UL>

<P><STRONG><a name="[6ff58c]"></a>qdc_tmr0_cap23_rate_update</STRONG> (ARM, 548 bytes, Stack size 40 bytes, qdc.o(.text))
<BR><BR>[Stack]<UL><LI>Max Depth = 60<LI>Call Chain = qdc_tmr0_cap23_rate_update &rArr; __aeabi_idivmod &rArr; __aeabi_uidivmod
</UL>
<BR>[Calls]<UL><LI><a href="#[701bfc]">&gt;&gt;</a>&nbsp;&nbsp;&nbsp;error_occurred
<LI><a href="#[7790b8]">&gt;&gt;</a>&nbsp;&nbsp;&nbsp;__aeabi_lasr
<LI><a href="#[77943c]">&gt;&gt;</a>&nbsp;&nbsp;&nbsp;__aeabi_idivmod
</UL>
<BR>[Called By]<UL><LI><a href="#[6fffdc]">&gt;&gt;</a>&nbsp;&nbsp;&nbsp;task_every_row
</UL>

<P><STRONG><a name="[6ff67c]"></a>qdc_tmr0_cap01_angle_update</STRONG> (ARM, 52 bytes, Stack size 16 bytes, qdc.o(.text))
<BR><BR>[Stack]<UL><LI>Max Depth = 16<LI>Call Chain = qdc_tmr0_cap01_angle_update
</UL>
<BR>[Calls]<UL><LI><a href="#[7790b8]">&gt;&gt;</a>&nbsp;&nbsp;&nbsp;__aeabi_lasr
</UL>
<BR>[Called By]<UL><LI><a href="#[6fffdc]">&gt;&gt;</a>&nbsp;&nbsp;&nbsp;task_every_row
</UL>

<P><STRONG><a name="[6ff5c8]"></a>qdc_tmr0_cap23_angle_update</STRONG> (ARM, 52 bytes, Stack size 16 bytes, qdc.o(.text))
<BR><BR>[Stack]<UL><LI>Max Depth = 16<LI>Call Chain = qdc_tmr0_cap23_angle_update
</UL>
<BR>[Calls]<UL><LI><a href="#[7790b8]">&gt;&gt;</a>&nbsp;&nbsp;&nbsp;__aeabi_lasr
</UL>
<BR>[Called By]<UL><LI><a href="#[6fffdc]">&gt;&gt;</a>&nbsp;&nbsp;&nbsp;task_every_row
</UL>

<P><STRONG><a name="[6ff550]"></a>qdc_tmr0_init</STRONG> (ARM, 1224 bytes, Stack size 96 bytes, qdc.o(.text))
<BR><BR>[Stack]<UL><LI>Max Depth = 224<LI>Call Chain = qdc_tmr0_init &rArr; __aeabi_dmul &rArr; _double_epilogue &rArr; _double_round
</UL>
<BR>[Calls]<UL><LI><a href="#[6f8b24]">&gt;&gt;</a>&nbsp;&nbsp;&nbsp;__aeabi_f2uiz
<LI><a href="#[6fc2ec]">&gt;&gt;</a>&nbsp;&nbsp;&nbsp;__aeabi_ddiv
<LI><a href="#[6fd8f4]">&gt;&gt;</a>&nbsp;&nbsp;&nbsp;__aeabi_fmul
<LI><a href="#[6fd930]">&gt;&gt;</a>&nbsp;&nbsp;&nbsp;__aeabi_f2d
<LI><a href="#[6fd96c]">&gt;&gt;</a>&nbsp;&nbsp;&nbsp;__aeabi_dmul
<LI><a href="#[6fd9e4]">&gt;&gt;</a>&nbsp;&nbsp;&nbsp;__aeabi_d2f
<LI><a href="#[701c74]">&gt;&gt;</a>&nbsp;&nbsp;&nbsp;__aeabi_f2iz
<LI><a href="#[701cb0]">&gt;&gt;</a>&nbsp;&nbsp;&nbsp;__ARM_scalbnf
</UL>
<BR>[Called By]<UL><LI><a href="#[702b38]">&gt;&gt;</a>&nbsp;&nbsp;&nbsp;init_software
</UL>

<P><STRONG><a name="[6febb4]"></a>can_init</STRONG> (ARM, 48 bytes, Stack size 0 bytes, can.o(.text))
<BR><BR>[Called By]<UL><LI><a href="#[702bec]">&gt;&gt;</a>&nbsp;&nbsp;&nbsp;init_can
</UL>

<P><STRONG><a name="[6f7af8]"></a>can_tx1_push_frame</STRONG> (ARM, 96 bytes, Stack size 8 bytes, can.o(.text), UNUSED)

<P><STRONG><a name="[6ffd0c]"></a>can_tx1</STRONG> (ARM, 340 bytes, Stack size 16 bytes, can.o(.text))
<BR><BR>[Stack]<UL><LI>Max Depth = 16<LI>Call Chain = can_tx1
</UL>
<BR>[Called By]<UL><LI><a href="#[6f7828]">&gt;&gt;</a>&nbsp;&nbsp;&nbsp;can_transmit_frame
<LI><a href="#[6fffdc]">&gt;&gt;</a>&nbsp;&nbsp;&nbsp;task_every_row
</UL>

<P><STRONG><a name="[6f7abc]"></a>can_tx2_push_frame</STRONG> (ARM, 96 bytes, Stack size 8 bytes, can.o(.text), UNUSED)

<P><STRONG><a name="[6f7a80]"></a>can_tx2</STRONG> (ARM, 352 bytes, Stack size 16 bytes, can.o(.text))
<BR><BR>[Stack]<UL><LI>Max Depth = 16<LI>Call Chain = can_tx2
</UL>
<BR>[Called By]<UL><LI><a href="#[6f7828]">&gt;&gt;</a>&nbsp;&nbsp;&nbsp;can_transmit_frame
</UL>

<P><STRONG><a name="[6f7a44]"></a>can_tx3_push_frame</STRONG> (ARM, 96 bytes, Stack size 8 bytes, can.o(.text), UNUSED)

<P><STRONG><a name="[6f7a08]"></a>can_tx3</STRONG> (ARM, 352 bytes, Stack size 16 bytes, can.o(.text))
<BR><BR>[Stack]<UL><LI>Max Depth = 16<LI>Call Chain = can_tx3
</UL>
<BR>[Called By]<UL><LI><a href="#[6f7828]">&gt;&gt;</a>&nbsp;&nbsp;&nbsp;can_transmit_frame
</UL>

<P><STRONG><a name="[6f79cc]"></a>can_tx4_push_frame</STRONG> (ARM, 96 bytes, Stack size 8 bytes, can.o(.text), UNUSED)

<P><STRONG><a name="[6f7990]"></a>can_tx4</STRONG> (ARM, 352 bytes, Stack size 16 bytes, can.o(.text))
<BR><BR>[Stack]<UL><LI>Max Depth = 16<LI>Call Chain = can_tx4
</UL>
<BR>[Called By]<UL><LI><a href="#[6f7828]">&gt;&gt;</a>&nbsp;&nbsp;&nbsp;can_transmit_frame
</UL>

<P><STRONG><a name="[6f7954]"></a>can_tx_get_frame_count_1</STRONG> (ARM, 84 bytes, Stack size 0 bytes, can.o(.text), UNUSED)

<P><STRONG><a name="[6f7918]"></a>can_tx_get_frame_count_2</STRONG> (ARM, 84 bytes, Stack size 0 bytes, can.o(.text), UNUSED)

<P><STRONG><a name="[6f78dc]"></a>can_tx_get_frame_count_3</STRONG> (ARM, 112 bytes, Stack size 0 bytes, can.o(.text), UNUSED)

<P><STRONG><a name="[6f78a0]"></a>can_tx_get_frame_count_4</STRONG> (ARM, 84 bytes, Stack size 0 bytes, can.o(.text), UNUSED)

<P><STRONG><a name="[6f7864]"></a>can_tx_set_chan_cfg</STRONG> (ARM, 32 bytes, Stack size 0 bytes, can.o(.text), UNUSED)

<P><STRONG><a name="[6f7828]"></a>can_transmit_frame</STRONG> (ARM, 404 bytes, Stack size 12 bytes, can.o(.text))
<BR><BR>[Stack]<UL><LI>Max Depth = 28<LI>Call Chain = can_transmit_frame &rArr; can_tx4
</UL>
<BR>[Calls]<UL><LI><a href="#[6f7990]">&gt;&gt;</a>&nbsp;&nbsp;&nbsp;can_tx4
<LI><a href="#[6f7a08]">&gt;&gt;</a>&nbsp;&nbsp;&nbsp;can_tx3
<LI><a href="#[6f7a80]">&gt;&gt;</a>&nbsp;&nbsp;&nbsp;can_tx2
<LI><a href="#[6ffd0c]">&gt;&gt;</a>&nbsp;&nbsp;&nbsp;can_tx1
</UL>
<BR>[Called By]<UL><LI><a href="#[6f77ec]">&gt;&gt;</a>&nbsp;&nbsp;&nbsp;can_transmit_alt
</UL>

<P><STRONG><a name="[6f77ec]"></a>can_transmit_alt</STRONG> (ARM, 400 bytes, Stack size 32 bytes, can.o(.text))
<BR><BR>[Stack]<UL><LI>Max Depth = 60<LI>Call Chain = can_transmit_alt &rArr; can_transmit_frame &rArr; can_tx4
</UL>
<BR>[Calls]<UL><LI><a href="#[6f7468]">&gt;&gt;</a>&nbsp;&nbsp;&nbsp;__ARM_common_memcpy1_8_arm
<LI><a href="#[6f7828]">&gt;&gt;</a>&nbsp;&nbsp;&nbsp;can_transmit_frame
</UL>
<BR>[Called By]<UL><LI><a href="#[6f77b0]">&gt;&gt;</a>&nbsp;&nbsp;&nbsp;can_rx_dispatch_frame
<LI><a href="#[6fe9d4]">&gt;&gt;</a>&nbsp;&nbsp;&nbsp;can_transmit
</UL>

<P><STRONG><a name="[6fe9d4]"></a>can_transmit</STRONG> (ARM, 16 bytes, Stack size 0 bytes, can.o(.text))
<BR><BR>[Stack]<UL><LI>Max Depth = 60<LI>Call Chain = can_transmit &rArr; can_transmit_alt &rArr; can_transmit_frame &rArr; can_tx4
</UL>
<BR>[Calls]<UL><LI><a href="#[6f77ec]">&gt;&gt;</a>&nbsp;&nbsp;&nbsp;can_transmit_alt
</UL>
<BR>[Called By]<UL><LI><a href="#[6ffa00]">&gt;&gt;</a>&nbsp;&nbsp;&nbsp;dn_error_transmit
<LI><a href="#[6ffa78]">&gt;&gt;</a>&nbsp;&nbsp;&nbsp;can_tx_motor_velocity
<LI><a href="#[6ffab4]">&gt;&gt;</a>&nbsp;&nbsp;&nbsp;can_tx_motor_position
<LI><a href="#[6ffaf0]">&gt;&gt;</a>&nbsp;&nbsp;&nbsp;can_tx_motor_current
<LI><a href="#[6ffb2c]">&gt;&gt;</a>&nbsp;&nbsp;&nbsp;can_tx_max_exec_time
<LI><a href="#[6ffb68]">&gt;&gt;</a>&nbsp;&nbsp;&nbsp;can_tx_exec_time
<LI><a href="#[6ffba4]">&gt;&gt;</a>&nbsp;&nbsp;&nbsp;can_tx_board_status
<LI><a href="#[6ffbe0]">&gt;&gt;</a>&nbsp;&nbsp;&nbsp;can_tx_battery_voltage
<LI><a href="#[6ffc1c]">&gt;&gt;</a>&nbsp;&nbsp;&nbsp;can_tx_battery_power
<LI><a href="#[6ffc58]">&gt;&gt;</a>&nbsp;&nbsp;&nbsp;can_tx_battery_current
<LI><a href="#[6ffc94]">&gt;&gt;</a>&nbsp;&nbsp;&nbsp;can_tx_angle_rate
<LI><a href="#[6ffcd0]">&gt;&gt;</a>&nbsp;&nbsp;&nbsp;can_tx_angle
</UL>

<P><STRONG><a name="[6f77b0]"></a>can_rx_dispatch_frame</STRONG> (ARM, 400 bytes, Stack size 24 bytes, can.o(.text))
<BR><BR>[Stack]<UL><LI>Max Depth = 84<LI>Call Chain = can_rx_dispatch_frame &rArr; can_transmit_alt &rArr; can_transmit_frame &rArr; can_tx4
</UL>
<BR>[Calls]<UL><LI><a href="#[6f7468]">&gt;&gt;</a>&nbsp;&nbsp;&nbsp;__ARM_common_memcpy1_8_arm
<LI><a href="#[6f77ec]">&gt;&gt;</a>&nbsp;&nbsp;&nbsp;can_transmit_alt
</UL>
<BR>[Called By]<UL><LI><a href="#[6ffd48]">&gt;&gt;</a>&nbsp;&nbsp;&nbsp;can_rx_dispatch_all
</UL>

<P><STRONG><a name="[6f7774]"></a>can_rx_pop_frame</STRONG> (ARM, 232 bytes, Stack size 12 bytes, can.o(.text), UNUSED)

<P><STRONG><a name="[6ffd48]"></a>can_rx_dispatch_all</STRONG> (ARM, 236 bytes, Stack size 40 bytes, can.o(.text))
<BR><BR>[Stack]<UL><LI>Max Depth = 124<LI>Call Chain = can_rx_dispatch_all &rArr; can_rx_dispatch_frame &rArr; can_transmit_alt &rArr; can_transmit_frame &rArr; can_tx4
</UL>
<BR>[Calls]<UL><LI><a href="#[6f77b0]">&gt;&gt;</a>&nbsp;&nbsp;&nbsp;can_rx_dispatch_frame
</UL>
<BR>[Called By]<UL><LI><a href="#[6fffdc]">&gt;&gt;</a>&nbsp;&nbsp;&nbsp;task_every_row
</UL>

<P><STRONG><a name="[6fe254]"></a>can_rx1_isr</STRONG> (ARM, 44 bytes, Stack size 24 bytes, can.o(.text))
<BR><BR>[Stack]<UL><LI>Max Depth = 24<LI>Call Chain = can_rx1_isr
</UL>
<BR>[Calls]<UL><LI><a href="#[6f7b34]">&gt;&gt;</a>&nbsp;&nbsp;&nbsp;can_rx_push
</UL>
<BR>[Address Reference Count : 1]<UL><LI> interrupts.o(.text)
</UL>
<P><STRONG><a name="[6f7738]"></a>can_rx2_isr</STRONG> (ARM, 44 bytes, Stack size 24 bytes, can.o(.text), UNUSED)
<BR><BR>[Calls]<UL><LI><a href="#[6f7b34]">&gt;&gt;</a>&nbsp;&nbsp;&nbsp;can_rx_push
</UL>

<P><STRONG><a name="[6f76fc]"></a>can_rx3_isr</STRONG> (ARM, 44 bytes, Stack size 24 bytes, can.o(.text), UNUSED)
<BR><BR>[Calls]<UL><LI><a href="#[6f7b34]">&gt;&gt;</a>&nbsp;&nbsp;&nbsp;can_rx_push
</UL>

<P><STRONG><a name="[6f76c0]"></a>can_rx4_isr</STRONG> (ARM, 44 bytes, Stack size 24 bytes, can.o(.text), UNUSED)
<BR><BR>[Calls]<UL><LI><a href="#[6f7b34]">&gt;&gt;</a>&nbsp;&nbsp;&nbsp;can_rx_push
</UL>

<P><STRONG><a name="[6f7684]"></a>can_rx_get_frame_count_1</STRONG> (ARM, 84 bytes, Stack size 0 bytes, can.o(.text), UNUSED)

<P><STRONG><a name="[6f7648]"></a>can_rx_get_frame_count_2</STRONG> (ARM, 92 bytes, Stack size 0 bytes, can.o(.text), UNUSED)

<P><STRONG><a name="[6f760c]"></a>can_rx_get_frame_count_3</STRONG> (ARM, 84 bytes, Stack size 0 bytes, can.o(.text), UNUSED)

<P><STRONG><a name="[6f75d0]"></a>can_rx_get_frame_count_4</STRONG> (ARM, 84 bytes, Stack size 0 bytes, can.o(.text), UNUSED)

<P><STRONG><a name="[6feb78]"></a>can_rx_set_descriptors</STRONG> (ARM, 16 bytes, Stack size 0 bytes, can.o(.text))
<BR><BR>[Called By]<UL><LI><a href="#[702bec]">&gt;&gt;</a>&nbsp;&nbsp;&nbsp;init_can
</UL>

<P><STRONG><a name="[6f7594]"></a>can_rx_set_chan_cfg</STRONG> (ARM, 24 bytes, Stack size 0 bytes, can.o(.text), UNUSED)

<P><STRONG><a name="[6f7558]"></a>can_get_error_1</STRONG> (ARM, 84 bytes, Stack size 0 bytes, can.o(.text), UNUSED)

<P><STRONG><a name="[6f751c]"></a>can_get_error_2</STRONG> (ARM, 84 bytes, Stack size 0 bytes, can.o(.text), UNUSED)

<P><STRONG><a name="[6f74e0]"></a>can_get_error_3</STRONG> (ARM, 84 bytes, Stack size 0 bytes, can.o(.text), UNUSED)

<P><STRONG><a name="[6f74a4]"></a>can_get_error_4</STRONG> (ARM, 84 bytes, Stack size 0 bytes, can.o(.text), UNUSED)

<P><STRONG><a name="[6fe290]"></a>can_error_isr</STRONG> (ARM, 200 bytes, Stack size 40 bytes, can.o(.text))
<BR><BR>[Stack]<UL><LI>Max Depth = 48<LI>Call Chain = can_error_isr &rArr; error_occurred_irq
</UL>
<BR>[Calls]<UL><LI><a href="#[700e64]">&gt;&gt;</a>&nbsp;&nbsp;&nbsp;error_occurred_irq
</UL>
<BR>[Address Reference Count : 1]<UL><LI> interrupts.o(.text)
</UL>
<P><STRONG><a name="[6f70e4]"></a>can_rx_setter_double_dummy</STRONG> (ARM, 4 bytes, Stack size 0 bytes, can_types.o(.text), UNUSED)

<P><STRONG><a name="[6feb3c]"></a>can_rx_setter_float_dummy</STRONG> (ARM, 4 bytes, Stack size 0 bytes, can_types.o(.text))
<BR>[Address Reference Count : 1]<UL><LI> can_setup.o(.text)
</UL>
<P><STRONG><a name="[6feb00]"></a>can_rx_setter_int_dummy</STRONG> (ARM, 4 bytes, Stack size 0 bytes, can_types.o(.text))
<BR>[Address Reference Count : 1]<UL><LI> can_setup.o(.text)
</UL>
<P><STRONG><a name="[6f70a8]"></a>can_rx_setter_short_dummy</STRONG> (ARM, 4 bytes, Stack size 0 bytes, can_types.o(.text), UNUSED)

[...]
</UL>

<P><STRONG><a name="[6fa8ac]"></a>__aeabi_fdiv</STRONG> (ARM, 140 bytes, Stack size 8 bytes, fdiv.o(.text))
<BR><BR>[Stack]<UL><LI>Max Depth = 8<LI>Call Chain = __aeabi_fdiv
</UL>
<BR>[Calls]<UL><LI><a href="#[76f6bc]">&gt;&gt;</a>&nbsp;&nbsp;&nbsp;_float_epilogue
</UL>
<BR>[Called By]<UL><LI><a href="#[6ff7a8]">&gt;&gt;</a>&nbsp;&nbsp;&nbsp;mc_init
</UL>

<P><STRONG><a name="[701cb0]"></a>__ARM_scalbnf</STRONG> (ARM, 12 bytes, Stack size 0 bytes, fscalb.o(.text))
<BR><BR>[Called By]<UL><LI><a href="#[6ff550]">&gt;&gt;</a>&nbsp;&nbsp;&nbsp;qdc_tmr0_init
<LI><a href="#[701fbc]">&gt;&gt;</a>&nbsp;&nbsp;&nbsp;linear_to_fixed
<LI><a href="#[7020ac]">&gt;&gt;</a>&nbsp;&nbsp;&nbsp;fixed_to_float
<LI><a href="#[702124]">&gt;&gt;</a>&nbsp;&nbsp;&nbsp;float_to_fixed
</UL>

<P><STRONG><a name="[76f464]"></a>scalbnf</STRONG> (ARM, 0 bytes, Stack size 0 bytes, fscalb.o(.text), UNUSED)

<P><STRONG><a name="[6fd9a8]"></a>__aeabi_dadd</STRONG> (ARM, 80 bytes, Stack size 24 bytes, dadd.o(.text))
<BR><BR>[Stack]<UL><LI>Max Depth = 136<LI>Call Chain = __aeabi_dadd &rArr; _double_addcore &rArr; _double_epilogue &rArr; _double_round
</UL>
<BR>[Calls]<UL><LI><a href="#[76f374]">&gt;&gt;</a>&nbsp;&nbsp;&nbsp;_double_addcore
</UL>
<BR>[Called By]<UL><LI><a href="#[6ff910]">&gt;&gt;</a>&nbsp;&nbsp;&nbsp;dn_hip_motor_encoder_rezero
<LI><a href="#[770f94]">&gt;&gt;</a>&nbsp;&nbsp;&nbsp;_fp_digits
</UL>

<P><STRONG><a name="[76f338]"></a>__aeabi_dsub</STRONG> (ARM, 80 bytes, Stack size 24 bytes, dadd.o(.text), UNUSED)
<BR><BR>[Calls]<UL><LI><a href="#[76f374]">&gt;&gt;</a>&nbsp;&nbsp;&nbsp;_double_addcore
</UL>

<P><STRONG><a name="[76f2fc]"></a>__aeabi_drsub</STRONG> (ARM, 80 bytes, Stack size 24 bytes, dadd.o(.text), UNUSED)
<BR><BR>[Calls]<UL><LI><a href="#[76f374]">&gt;&gt;</a>&nbsp;&nbsp;&nbsp;_double_addcore
</UL>

<P><STRONG><a name="[6fd96c]"></a>__aeabi_dmul</STRONG> (ARM, 360 bytes, Stack size 80 bytes, dmul.o(.text))
<BR><BR>[Stack]<UL><LI>Max Depth = 128<LI>Call Chain = __aeabi_dmul &rArr; _double_epilogue &rArr; _double_round
</UL>
<BR>[Calls]<UL><LI><a href="#[76f284]">&gt;&gt;</a>&nbsp;&nbsp;&nbsp;_double_epilogue
</UL>
<BR>[Called By]<UL><LI><a href="#[6ff550]">&gt;&gt;</a>&nbsp;&nbsp;&nbsp;qdc_tmr0_init
<LI><a href="#[6ff910]">&gt;&gt;</a>&nbsp;&nbsp;&nbsp;dn_hip_motor_encoder_rezero
<LI><a href="#[770f94]">&gt;&gt;</a>&nbsp;&nbsp;&nbsp;_fp_digits
</UL>

<P><STRONG><a name="[6fc2ec]"></a>__aeabi_ddiv</STRONG> (ARM, 380 bytes, Stack size 72 bytes, ddiv.o(.text))
<BR><BR>[Stack]<UL><LI>Max Depth = 120<LI>Call Chain = __aeabi_ddiv &rArr; _double_epilogue &rArr; _double_round
</UL>
<BR>[Calls]<UL><LI><a href="#[76f284]">&gt;&gt;</a>&nbsp;&nbsp;&nbsp;_double_epilogue
</UL>
<BR>[Called By]<UL><LI><a href="#[6ff550]">&gt;&gt;</a>&nbsp;&nbsp;&nbsp;qdc_tmr0_init
<LI><a href="#[6ffdfc]">&gt;&gt;</a>&nbsp;&nbsp;&nbsp;ae_init_encoder
<LI><a href="#[770f94]">&gt;&gt;</a>&nbsp;&nbsp;&nbsp;_fp_digits
</UL>

<P><STRONG><a name="[701c38]"></a>__aeabi_i2f</STRONG> (ARM, 28 bytes, Stack size 0 bytes, fflti.o(.text))
<BR><BR>[Calls]<UL><LI><a href="#[76f6bc]">&gt;&gt;</a>&nbsp;&nbsp;&nbsp;_float_epilogue
</UL>
<BR>[Called By]<UL><LI><a href="#[6f8c14]">&gt;&gt;</a>&nbsp;&nbsp;&nbsp;qdc_tmr0_cap01_get_angle_float
<LI><a href="#[6fd5ac]">&gt;&gt;</a>&nbsp;&nbsp;&nbsp;qdc_tmr0_cap23_get_rate_float
<LI><a href="#[6fd5e8]">&gt;&gt;</a>&nbsp;&nbsp;&nbsp;qdc_tmr0_cap23_get_angle_float
<LI><a href="#[6fd624]">&gt;&gt;</a>&nbsp;&nbsp;&nbsp;qdc_tmr0_cap01_get_rate_float
<LI><a href="#[6fda98]">&gt;&gt;</a>&nbsp;&nbsp;&nbsp;dn_get_hbridge_temp
<LI><a href="#[6fe86c]">&gt;&gt;</a>&nbsp;&nbsp;&nbsp;dn_get_motor_current
<LI><a href="#[6fe920]">&gt;&gt;</a>&nbsp;&nbsp;&nbsp;dn_get_battery_voltage
<LI><a href="#[6fe95c]">&gt;&gt;</a>&nbsp;&nbsp;&nbsp;dn_get_battery_power
<LI><a href="#[6fe998]">&gt;&gt;</a>&nbsp;&nbsp;&nbsp;dn_get_battery_current
<LI><a href="#[6ff7a8]">&gt;&gt;</a>&nbsp;&nbsp;&nbsp;mc_init
<LI><a href="#[6ff910]">&gt;&gt;</a>&nbsp;&nbsp;&nbsp;dn_hip_motor_encoder_rezero
<LI><a href="#[6ff94c]">&gt;&gt;</a>&nbsp;&nbsp;&nbsp;dn_get_shaft_pos_rads
<LI><a href="#[6ffdfc]">&gt;&gt;</a>&nbsp;&nbsp;&nbsp;ae_init_encoder
<LI><a href="#[7020ac]">&gt;&gt;</a>&nbsp;&nbsp;&nbsp;fixed_to_float
</UL>

<P><STRONG><a name="[6fd87c]"></a>__aeabi_ui2f</STRONG> (ARM, 16 bytes, Stack size 0 bytes, ffltui.o(.text))
<BR><BR>[Calls]<UL><LI><a href="#[76f6bc]">&gt;&gt;</a>&nbsp;&nbsp;&nbsp;_float_epilogue
</UL>
<BR>[Called By]<UL><LI><a href="#[6fe8a8]">&gt;&gt;</a>&nbsp;&nbsp;&nbsp;dn_get_max_execution_time
<LI><a href="#[6fe8e4]">&gt;&gt;</a>&nbsp;&nbsp;&nbsp;dn_get_execution_time
</UL>

<P><STRONG><a name="[701c74]"></a>__aeabi_f2iz</STRONG> (ARM, 64 bytes, Stack size 0 bytes, ffixi.o(.text))
<BR><BR>[Called By]<UL><LI><a href="#[6fd570]">&gt;&gt;</a>&nbsp;&nbsp;&nbsp;qdc_tmr0_cap23_set_angle_float
<LI><a href="#[6ff550]">&gt;&gt;</a>&nbsp;&nbsp;&nbsp;qdc_tmr0_init
<LI><a href="#[6ff604]">&gt;&gt;</a>&nbsp;&nbsp;&nbsp;qdc_tmr0_cap01_set_angle_float
<LI><a href="#[701fbc]">&gt;&gt;</a>&nbsp;&nbsp;&nbsp;linear_to_fixed
<LI><a href="#[702124]">&gt;&gt;</a>&nbsp;&nbsp;&nbsp;float_to_fixed
</UL>

<P><STRONG><a name="[6f8b24]"></a>__aeabi_f2uiz</STRONG> (ARM, 52 bytes, Stack size 0 bytes, ffixui.o(.text))
<BR><BR>[Called By]<UL><LI><a href="#[6ff550]">&gt;&gt;</a>&nbsp;&nbsp;&nbsp;qdc_tmr0_init
</UL>

<P><STRONG><a name="[6fc328]"></a>__aeabi_d2iz</STRONG> (ARM, 116 bytes, Stack size 16 bytes, dfixi.o(.text))
<BR><BR>[Stack]<UL><LI>Max Depth = 16<LI>Call Chain = __aeabi_d2iz
</UL>
<BR>[Calls]<UL><LI><a href="#[76e5a0]">&gt;&gt;</a>&nbsp;&nbsp;&nbsp;__aeabi_llsr
</UL>
<BR>[Called By]<UL><LI><a href="#[6ffdfc]">&gt;&gt;</a>&nbsp;&nbsp;&nbsp;ae_init_encoder
</UL>

<P><STRONG><a name="[6fd930]"></a>__aeabi_f2d</STRONG> (ARM, 56 bytes, Stack size 0 bytes, f2d.o(.text))
<BR><BR>[Called By]<UL><LI><a href="#[6f9da8]">&gt;&gt;</a>&nbsp;&nbsp;&nbsp;uarti_print_2float
<LI><a href="#[6f9de4]">&gt;&gt;</a>&nbsp;&nbsp;&nbsp;uarti_print_float
<LI><a href="#[6ff550]">&gt;&gt;</a>&nbsp;&nbsp;&nbsp;qdc_tmr0_init
<LI><a href="#[6ff910]">&gt;&gt;</a>&nbsp;&nbsp;&nbsp;dn_hip_motor_encoder_rezero
<LI><a href="#[6ffdfc]">&gt;&gt;</a>&nbsp;&nbsp;&nbsp;ae_init_encoder
</UL>

<P><STRONG><a name="[6fd9e4]"></a>__aeabi_d2f</STRONG> (ARM, 92 bytes, Stack size 16 bytes, d2f.o(.text))
<BR><BR>[Stack]<UL><LI>Max Depth = 16<LI>Call Chain = __aeabi_d2f
</UL>
<BR>[Calls]<UL><LI><a href="#[76f6bc]">&gt;&gt;</a>&nbsp;&nbsp;&nbsp;_float_epilogue
</UL>
<BR>[Called By]<UL><LI><a href="#[6ff550]">&gt;&gt;</a>&nbsp;&nbsp;&nbsp;qdc_tmr0_init
<LI><a href="#[6ff910]">&gt;&gt;</a>&nbsp;&nbsp;&nbsp;dn_hip_motor_encoder_rezero
</UL>

<P><STRONG><a name="[76e7bc]"></a>__aeabi_uidiv</STRONG> (ARM, 0 bytes, Stack size 4 bytes, uidiv.o(.text), UNUSED)

<P><STRONG><a name="[76e780]"></a>__aeabi_uidivmod</STRONG> (ARM, 60 bytes, Stack size 4 bytes, uidiv.o(.text))
<BR><BR>[Stack]<UL><LI>Max Depth = 4<LI>Call Chain = __aeabi_uidivmod
</UL>
<BR>[Called By]<UL><LI><a href="#[770f58]">&gt;&gt;</a>&nbsp;&nbsp;&nbsp;_printf_core
<LI><a href="#[77943c]">&gt;&gt;</a>&nbsp;&nbsp;&nbsp;__aeabi_idivmod
</UL>

<P><STRONG><a name="[76e690]"></a>__aeabi_uldivmod</STRONG> (ARM, 144 bytes, Stack size 32 bytes, uldiv.o(.text))
<BR><BR>[Stack]<UL><LI>Max Depth = 32<LI>Call Chain = __aeabi_uldivmod
</UL>
<BR>[Calls]<UL><LI><a href="#[76e5a0]">&gt;&gt;</a>&nbsp;&nbsp;&nbsp;__aeabi_llsr
<LI><a href="#[7791e4]">&gt;&gt;</a>&nbsp;&nbsp;&nbsp;__aeabi_llsl
</UL>
<BR>[Called By]<UL><LI><a href="#[770f58]">&gt;&gt;</a>&nbsp;&nbsp;&nbsp;_printf_core
<LI><a href="#[770f94]">&gt;&gt;</a>&nbsp;&nbsp;&nbsp;_fp_digits
<LI><a href="#[779310]">&gt;&gt;</a>&nbsp;&nbsp;&nbsp;__aeabi_ldivmod
</UL>

<P><STRONG><a name="[76e5a0]"></a>__aeabi_llsr</STRONG> (ARM, 36 bytes, Stack size 0 bytes, llushr.o(.text))
<BR><BR>[Called By]<UL><LI><a href="#[6fc328]">&gt;&gt;</a>&nbsp;&nbsp;&nbsp;__aeabi_d2iz
<LI><a href="#[76e690]">&gt;&gt;</a>&nbsp;&nbsp;&nbsp;__aeabi_uldivmod
<LI><a href="#[76f374]">&gt;&gt;</a>&nbsp;&nbsp;&nbsp;_double_addcore
<LI><a href="#[770454]">&gt;&gt;</a>&nbsp;&nbsp;&nbsp;__aeabi_d2ulz
</UL>

<P><STRONG><a name="[76e564]"></a>_ll_ushift_r</STRONG> (ARM, 0 bytes, Stack size 0 bytes, llushr.o(.text), UNUSED)

<P><STRONG><a name="[76e4b0]"></a>__I$use$fp</STRONG> (ARM, 0 bytes, Stack size 0 bytes, iusefp.o(.text), UNUSED)

<P><STRONG><a name="[76e3c0]"></a>_float_round</STRONG> (ARM, 24 bytes, Stack size 0 bytes, fepilogue.o(.text))
<BR><BR>[Calls]<UL><LI><a href="#[76e3c0]">&gt;&gt;</a>&nbsp;&nbsp;&nbsp;_float_round
</UL>
<BR>[Called By]<UL><LI><a href="#[76e3c0]">&gt;&gt;</a>&nbsp;&nbsp;&nbsp;_float_round
<LI><a href="#[76f6bc]">&gt;&gt;</a>&nbsp;&nbsp;&nbsp;_float_epilogue
</UL>

<P><STRONG><a name="[76f6bc]"></a>_float_epilogue</STRONG> (ARM, 84 bytes, Stack size 0 bytes, fepilogue.o(.text))
<BR><BR>[Calls]<UL><LI><a href="#[76e3c0]">&gt;&gt;</a>&nbsp;&nbsp;&nbsp;_float_round
</UL>
<BR>[Called By]<UL><LI><a href="#[6fa8ac]">&gt;&gt;</a>&nbsp;&nbsp;&nbsp;__aeabi_fdiv
<LI><a href="#[6fd87c]">&gt;&gt;</a>&nbsp;&nbsp;&nbsp;__aeabi_ui2f
<LI><a href="#[6fd9e4]">&gt;&gt;</a>&nbsp;&nbsp;&nbsp;__aeabi_d2f
<LI><a href="#[701c38]">&gt;&gt;</a>&nbsp;&nbsp;&nbsp;__aeabi_i2f
<LI><a href="#[76f734]">&gt;&gt;</a>&nbsp;&nbsp;&nbsp;_float_addcore
</UL>

<P><STRONG><a name="[76e2d0]"></a>_double_round</STRONG> (ARM, 84 bytes, Stack size 20 bytes, depilogue.o(.text))
<BR><BR>[Stack]<UL><LI>Max Depth = 20<LI>Call Chain = _double_round
</UL>
<BR>[Called By]<UL><LI><a href="#[76f284]">&gt;&gt;</a>&nbsp;&nbsp;&nbsp;_double_epilogue
</UL>

<P><STRONG><a name="[76f284]"></a>_double_epilogue</STRONG> (ARM, 204 bytes, Stack size 28 bytes, depilogue.o(.text))
<BR><BR>[Stack]<UL><LI>Max Depth = 48<LI>Call Chain = _double_epilogue &rArr; _double_round
</UL>
<BR>[Calls]<UL><LI><a href="#[76e2d0]">&gt;&gt;</a>&nbsp;&nbsp;&nbsp;_double_round
</UL>
<BR>[Called By]<UL><LI><a href="#[6fc2ec]">&gt;&gt;</a>&nbsp;&nbsp;&nbsp;__aeabi_ddiv
<LI><a href="#[6fd96c]">&gt;&gt;</a>&nbsp;&nbsp;&nbsp;__aeabi_dmul
<LI><a href="#[76f374]">&gt;&gt;</a>&nbsp;&nbsp;&nbsp;_double_addcore
</UL>

<P><STRONG><a name="[770454]"></a>__aeabi_d2ulz</STRONG> (ARM, 68 bytes, Stack size 0 bytes, dfixul.o(.text), UNUSED)
<BR><BR>[Calls]<UL><LI><a href="#[76e5a0]">&gt;&gt;</a>&nbsp;&nbsp;&nbsp;__aeabi_llsr
<LI><a href="#[7791e4]">&gt;&gt;</a>&nbsp;&nbsp;&nbsp;__aeabi_llsl
</UL>
<BR>[Called By]<UL><LI><a href="#[770f94]">&gt;&gt;</a>&nbsp;&nbsp;&nbsp;_fp_digits
</UL>

<P><STRONG><a name="[770490]"></a>__aeabi_cdrcmple</STRONG> (ARM, 112 bytes, Stack size 0 bytes, cdrcmple.o(.text), UNUSED)
<BR><BR>[Called By]<UL><LI><a href="#[770f94]">&gt;&gt;</a>&nbsp;&nbsp;&nbsp;_fp_digits
</UL>

<P><STRONG><a name="[76e078]"></a>__scatterload</STRONG> (ARM, 40 bytes, Stack size 0 bytes, init.o(.text))
<BR><BR>[Calls]<UL><LI><a href="#[76e9d8]">&gt;&gt;</a>&nbsp;&nbsp;&nbsp;__main_after_scatterload
</UL>
<BR>[Called By]<UL><LI><a href="#[76ea14]">&gt;&gt;</a>&nbsp;&nbsp;&nbsp;_main_scatterload
</UL>

<P><STRONG><a name="[76e03c]"></a>__scatterload_rt2</STRONG> (ARM, 0 bytes, Stack size 0 bytes, init.o(.text), UNUSED)

<P><STRONG><a name="[76db50]"></a>__decompress</STRONG> (ARM, 0 bytes, Stack size unknown bytes, __dczerorl2.o(.text), UNUSED)

<P><STRONG><a name="[76db14]"></a>__decompress1</STRONG> (ARM, 112 bytes, Stack size unknown bytes, __dczerorl2.o(.text), UNUSED)

<P><STRONG><a name="[70264c]"></a>FIQ_Handler</STRONG> (ARM, 0 bytes, Stack size unknown bytes, qdc_2x_fiq_handler.o(FIQ_HANDLER))
<BR>[Address Reference Count : 1]<UL><LI> startup.o(RESET)
</UL>
<P><STRONG><a name="[770d00]"></a>__0printf</STRONG> (ARM, 36 bytes, Stack size 24 bytes, printfa.o(i.__0printf), UNUSED)
<BR><BR>[Calls]<UL><LI><a href="#[770f58]">&gt;&gt;</a>&nbsp;&nbsp;&nbsp;_printf_core
</UL>

<P><STRONG><a name="[770cc4]"></a>__1printf</STRONG> (ARM, 0 bytes, Stack size 24 bytes, printfa.o(i.__0printf), UNUSED)

<P><STRONG><a name="[770c88]"></a>__2printf</STRONG> (ARM, 0 bytes, Stack size 24 bytes, printfa.o(i.__0printf))
<BR><BR>[Stack]<UL><LI>Max Depth = 24<LI>Call Chain = __2printf
</UL>
<BR>[Called By]<UL><LI><a href="#[702ca0]">&gt;&gt;</a>&nbsp;&nbsp;&nbsp;main
</UL>

<P><STRONG><a name="[770c4c]"></a>__c89printf</STRONG> (ARM, 0 bytes, Stack size 24 bytes, printfa.o(i.__0printf), UNUSED)

<P><STRONG><a name="[770c10]"></a>printf</STRONG> (ARM, 0 bytes, Stack size 24 bytes, printfa.o(i.__0printf), UNUSED)

<P><STRONG><a name="[770aa8]"></a>__0sprintf</STRONG> (ARM, 56 bytes, Stack size 24 bytes, printfa.o(i.__0sprintf), UNUSED)
<BR><BR>[Calls]<UL><LI><a href="#[770e68]">&gt;&gt;</a>&nbsp;&nbsp;&nbsp;_sputc
<LI><a href="#[770f58]">&gt;&gt;</a>&nbsp;&nbsp;&nbsp;_printf_core
</UL>

<P><STRONG><a name="[770a6c]"></a>__1sprintf</STRONG> (ARM, 0 bytes, Stack size 24 bytes, printfa.o(i.__0sprintf), UNUSED)

<P><STRONG><a name="[770a30]"></a>__2sprintf</STRONG> (ARM, 0 bytes, Stack size 24 bytes, printfa.o(i.__0sprintf), UNUSED)
<BR><BR>[Called By]<UL><LI><a href="#[6f9da8]">&gt;&gt;</a>&nbsp;&nbsp;&nbsp;uarti_print_2float
<LI><a href="#[6f9de4]">&gt;&gt;</a>&nbsp;&nbsp;&nbsp;uarti_print_float
<LI><a href="#[6f9e20]">&gt;&gt;</a>&nbsp;&nbsp;&nbsp;uarti_print_int
<LI><a href="#[6f9e5c]">&gt;&gt;</a>&nbsp;&nbsp;&nbsp;uarti_print_int2
</UL>

<P><STRONG><a name="[7709f4]"></a>__c89sprintf</STRONG> (ARM, 0 bytes, Stack size 24 bytes, printfa.o(i.__0sprintf), UNUSED)

<P><STRONG><a name="[7709b8]"></a>sprintf</STRONG> (ARM, 0 bytes, Stack size 24 bytes, printfa.o(i.__0sprintf), UNUSED)

<P><STRONG><a name="[6f7468]"></a>__ARM_common_memcpy1_8_arm</STRONG> (ARM, 68 bytes, Stack size 0 bytes, can.o(i.__ARM_common_memcpy1_8_arm))
<BR><BR>[Called By]<UL><LI><a href="#[6f77b0]">&gt;&gt;</a>&nbsp;&nbsp;&nbsp;can_rx_dispatch_frame
<LI><a href="#[6f77ec]">&gt;&gt;</a>&nbsp;&nbsp;&nbsp;can_transmit_alt
</UL>

<P><STRONG><a name="[76dcb8]"></a>__scatterload_copy</STRONG> (ARM, 24 bytes, Stack size unknown bytes, handlers.o(i.__scatterload_copy), UNUSED)
<BR><BR>[Calls]<UL><LI><a href="#[76dcb8]">&gt;&gt;</a>&nbsp;&nbsp;&nbsp;__scatterload_copy
</UL>
<BR>[Called By]<UL><LI><a href="#[76dcb8]">&gt;&gt;</a>&nbsp;&nbsp;&nbsp;__scatterload_copy
</UL>

<P><STRONG><a name="[76dc7c]"></a>__scatterload_null</STRONG> (ARM, 4 bytes, Stack size unknown bytes, handlers.o(i.__scatterload_null), UNUSED)

<P><STRONG><a name="[76dc40]"></a>__scatterload_zeroinit</STRONG> (ARM, 24 bytes, Stack size unknown bytes, handlers.o(i.__scatterload_zeroinit), UNUSED)
<P>
<H3>
Local Symbols
</H3>
<P><STRONG><a name="[7028e0]"></a>Undef_Handler</STRONG> (ARM, 4 bytes, Stack size unknown bytes, startup.o(RESET))
<BR><BR>[Calls]<UL><LI><a href="#[7028e0]">&gt;&gt;</a>&nbsp;&nbsp;&nbsp;Undef_Handler
</UL>
<BR>[Called By]<UL><LI><a href="#[7028e0]">&gt;&gt;</a>&nbsp;&nbsp;&nbsp;Undef_Handler
</UL>
<BR>[Address Reference Count : 1]<UL><LI> startup.o(RESET)
</UL>
<P><STRONG><a name="[7028a4]"></a>SWI_Handler</STRONG> (ARM, 4 bytes, Stack size unknown bytes, startup.o(RESET))
<BR><BR>[Calls]<UL><LI><a href="#[7028a4]">&gt;&gt;</a>&nbsp;&nbsp;&nbsp;SWI_Handler
</UL>
<BR>[Called By]<UL><LI><a href="#[7028a4]">&gt;&gt;</a>&nbsp;&nbsp;&nbsp;SWI_Handler
</UL>
<BR>[Address Reference Count : 1]<UL><LI> startup.o(RESET)
</UL>
<P><STRONG><a name="[702868]"></a>PAbt_Handler</STRONG> (ARM, 4 bytes, Stack size unknown bytes, startup.o(RESET))
<BR><BR>[Calls]<UL><LI><a href="#[702868]">&gt;&gt;</a>&nbsp;&nbsp;&nbsp;PAbt_Handler
</UL>
<BR>[Called By]<UL><LI><a href="#[702868]">&gt;&gt;</a>&nbsp;&nbsp;&nbsp;PAbt_Handler
</UL>
<BR>[Address Reference Count : 1]<UL><LI> startup.o(RESET)
</UL>
<P><STRONG><a name="[70282c]"></a>DAbt_Handler</STRONG> (ARM, 4 bytes, Stack size unknown bytes, startup.o(RESET))
<BR><BR>[Calls]<UL><LI><a href="#[70282c]">&gt;&gt;</a>&nbsp;&nbsp;&nbsp;DAbt_Handler
</UL>
<BR>[Called By]<UL><LI><a href="#[70282c]">&gt;&gt;</a>&nbsp;&nbsp;&nbsp;DAbt_Handler
</UL>
<BR>[Address Reference Count : 1]<UL><LI> startup.o(RESET)
</UL>
<P><STRONG><a name="[7027f0]"></a>IRQ_Handler</STRONG> (ARM, 4 bytes, Stack size unknown bytes, startup.o(RESET))
<BR><BR>[Calls]<UL><LI><a href="#[7027f0]">&gt;&gt;</a>&nbsp;&nbsp;&nbsp;IRQ_Handler
</UL>
<BR>[Called By]<UL><LI><a href="#[7027f0]">&gt;&gt;</a>&nbsp;&nbsp;&nbsp;IRQ_Handler
</UL>
<BR>[Address Reference Count : 1]<UL><LI> startup.o(RESET)
</UL>
<P><STRONG><a name="[6f8458]"></a>__switch$$</STRONG> (ARM, 0 bytes, Stack size unknown bytes, can.o(.text))
<BR>[Address Reference Count : 1]<UL><LI> can.o(.text)
</UL>
<P><STRONG><a name="[6f841c]"></a>__switch$$</STRONG> (ARM, 0 bytes, Stack size unknown bytes, can.o(.text))
<BR>[Address Reference Count : 1]<UL><LI> can.o(.text)
</UL>
<P><STRONG><a name="[770f94]"></a>_fp_digits</STRONG> (ARM, 612 bytes, Stack size 64 bytes, printfa.o(i._fp_digits), UNUSED)
<BR><BR>[Calls]<UL><LI><a href="#[6fc2ec]">&gt;&gt;</a>&nbsp;&nbsp;&nbsp;__aeabi_ddiv
<LI><a href="#[6fd96c]">&gt;&gt;</a>&nbsp;&nbsp;&nbsp;__aeabi_dmul
<LI><a href="#[6fd9a8]">&gt;&gt;</a>&nbsp;&nbsp;&nbsp;__aeabi_dadd
<LI><a href="#[76e690]">&gt;&gt;</a>&nbsp;&nbsp;&nbsp;__aeabi_uldivmod
<LI><a href="#[770454]">&gt;&gt;</a>&nbsp;&nbsp;&nbsp;__aeabi_d2ulz
<LI><a href="#[770490]">&gt;&gt;</a>&nbsp;&nbsp;&nbsp;__aeabi_cdrcmple
</UL>
<BR>[Called By]<UL><LI><a href="#[770f58]">&gt;&gt;</a>&nbsp;&nbsp;&nbsp;_printf_core
</UL>

<P><STRONG><a name="[770f58]"></a>_printf_core</STRONG> (ARM, 2724 bytes, Stack size 152 bytes, printfa.o(i._printf_core), UNUSED)
<BR><BR>[Calls]<UL><LI><a href="#[76e690]">&gt;&gt;</a>&nbsp;&nbsp;&nbsp;__aeabi_uldivmod
<LI><a href="#[76e780]">&gt;&gt;</a>&nbsp;&nbsp;&nbsp;__aeabi_uidivmod
<LI><a href="#[770ee0]">&gt;&gt;</a>&nbsp;&nbsp;&nbsp;_printf_pre_padding
<LI><a href="#[770f1c]">&gt;&gt;</a>&nbsp;&nbsp;&nbsp;_printf_post_padding
<LI><a href="#[770f94]">&gt;&gt;</a>&nbsp;&nbsp;&nbsp;_fp_digits
</UL>
<BR>[Called By]<UL><LI><a href="#[770aa8]">&gt;&gt;</a>&nbsp;&nbsp;&nbsp;__0sprintf
<LI><a href="#[770d00]">&gt;&gt;</a>&nbsp;&nbsp;&nbsp;__0printf
</UL>

<P><STRONG><a name="[770f1c]"></a>_printf_post_padding</STRONG> (ARM, 68 bytes, Stack size 24 bytes, printfa.o(i._printf_post_padding), UNUSED)
<BR><BR>[Called By]<UL><LI><a href="#[770f58]">&gt;&gt;</a>&nbsp;&nbsp;&nbsp;_printf_core
</UL>

<P><STRONG><a name="[770ee0]"></a>_printf_pre_padding</STRONG> (ARM, 80 bytes, Stack size 24 bytes, printfa.o(i._printf_pre_padding), UNUSED)
<BR><BR>[Called By]<UL><LI><a href="#[770f58]">&gt;&gt;</a>&nbsp;&nbsp;&nbsp;_printf_core
</UL>

<P><STRONG><a name="[770e68]"></a>_sputc</STRONG> (ARM, 20 bytes, Stack size 0 bytes, printfa.o(i._sputc))
<BR><BR>[Called By]<UL><LI><a href="#[770aa8]">&gt;&gt;</a>&nbsp;&nbsp;&nbsp;__0sprintf
</UL>
<BR>[Address Reference Count : 1]<UL><LI> printfa.o(i.__0sprintf)
</UL>
<P><STRONG><a name="[76f734]"></a>_float_addcore</STRONG> (ARM, 164 bytes, Stack size 8 bytes, fadd.o(.text))
<BR><BR>[Stack]<UL><LI>Max Depth = 8<LI>Call Chain = _float_addcore
</UL>
<BR>[Calls]<UL><LI><a href="#[76f6bc]">&gt;&gt;</a>&nbsp;&nbsp;&nbsp;_float_epilogue
</UL>
<BR>[Called By]<UL><LI><a href="#[6fa870]">&gt;&gt;</a>&nbsp;&nbsp;&nbsp;__aeabi_frsub
<LI><a href="#[6fd8b8]">&gt;&gt;</a>&nbsp;&nbsp;&nbsp;__aeabi_fsub
<LI><a href="#[76f6f8]">&gt;&gt;</a>&nbsp;&nbsp;&nbsp;__aeabi_fadd
</UL>

<P><STRONG><a name="[76f374]"></a>_double_addcore</STRONG> (ARM, 428 bytes, Stack size 64 bytes, dadd.o(.text))
<BR><BR>[Stack]<UL><LI>Max Depth = 112<LI>Call Chain = _double_addcore &rArr; _double_epilogue &rArr; _double_round
</UL>
<BR>[Calls]<UL><LI><a href="#[76e5a0]">&gt;&gt;</a>&nbsp;&nbsp;&nbsp;__aeabi_llsr
<LI><a href="#[76f284]">&gt;&gt;</a>&nbsp;&nbsp;&nbsp;_double_epilogue
<LI><a href="#[7791e4]">&gt;&gt;</a>&nbsp;&nbsp;&nbsp;__aeabi_llsl
</UL>
<BR>[Called By]<UL><LI><a href="#[6fd9a8]">&gt;&gt;</a>&nbsp;&nbsp;&nbsp;__aeabi_dadd
<LI><a href="#[76f2fc]">&gt;&gt;</a>&nbsp;&nbsp;&nbsp;__aeabi_drsub
<LI><a href="#[76f338]">&gt;&gt;</a>&nbsp;&nbsp;&nbsp;__aeabi_dsub
</UL>
<P>
<H3>
Undefined Global Symbols
</H3><HR></body></html>
