ARM Linker, RVCT4.0 [Build 524] for uVision [Standard]

==============================================================================

Section Cross References

    main.o(.text) refers to hardware_setup.o(.text) for init_hardware
    main.o(.text) refers to software_setup.o(.text) for init_software
    main.o(.text) refers to can_setup.o(.text) for init_can
    main.o(.text) refers to interrupts.o(.text) for init_interrupts
    main.o(.text) refers to printfa.o(i.__0printf) for __2printf
    main.o(.text) refers to async_scheduler.o(.text) for asched_run
    main.o(.text) refers to mcu_led.o(.text) for mcu_led_red_on
    main.o(.text) refers to main.o(.data) for .data
    startup.o(RESET) refers to qdc_2x_fiq_handler.o(FIQ_HANDLER) for FIQ_Handler
    startup.o(RESET) refers to startup.o(STACK) for Stack_Top
    startup.o(RESET) refers to entry.o(.ARM.Collect$$$$00000000) for __main
    utility.o(.text) refers to fscalb.o(.text) for __ARM_scalbnf
    utility.o(.text) refers to ffixi.o(.text) for __aeabi_f2iz
    utility.o(.text) refers to fflti.o(.text) for __aeabi_i2f
    utility.o(.text) refers to error.o(.text) for error_occurred
    utility.o(.text) refers to utility.o(.data) for .data
    utility.o(.data) refers to utility.o(.text) for voidint
    async_scheduler.o(.text) refers to error.o(.text) for error_occurred
    async_scheduler.o(.text) refers to async_scheduler.o(.data) for .data
    error.o(.text) refers to mutex.o(.text) for mutex_check
    error.o(.text) refers to error.o(.bss) for .bss
    error.o(.text) refers to error.o(.data) for .data
    error.o(.data) refers to utility.o(.text) for voidvoid
    hardware_setup.o(.text) refers to async_scheduler.o(.text) for asched_tick
    software_setup.o(.text) refers to adc_external.o(.text) for adcx_convert_all
    software_setup.o(.text) refers to adc_internal.o(.text) for adci_convert_all
    software_setup.o(.text) refers to qdc.o(.text) for qdc_tmr0_cap01_angle_update
    software_setup.o(.text) refers to abs_enc.o(.text) for ae_update
    software_setup.o(.text) refers to can.o(.text) for can_rx_dispatch_all
    software_setup.o(.text) refers to heartbeat.o(.text) for hb_beat
    software_setup.o(.text) refers to mcu_led.o(.text) for mcu_led_update
    software_setup.o(.text) refers to data_nexus.o(.text) for dn_safety
    software_setup.o(.text) refers to error.o(.text) for error_update
    software_setup.o(.text) refers to motor_controller.o(.text) for mc_compliant_control
    software_setup.o(.text) refers to can_setup.o(.text) for can_tx_motor_position
    software_setup.o(.text) refers to async_scheduler.o(.text) for asched_init
    software_setup.o(.text) refers to software_setup.o(.data) for .data
    software_setup.o(.text) refers to software_setup.o(.constdata) for .constdata
    software_setup.o(.constdata) refers to software_setup.o(.text) for task_every_row
    software_setup.o(.constdata) refers to can_setup.o(.text) for can_tx_angle
    software_setup.o(.constdata) refers to data_nexus.o(.text) for dn_sched_done
    can_setup.o(.text) refers to can_types.o(.text) for can_set_rx_descriptor_fi
    can_setup.o(.text) refers to can.o(.text) for can_rx_set_descriptors
    can_setup.o(.text) refers to can_setup.o(.bss) for .bss
    can_setup.o(.text) refers to motor_controller.o(.text) for mc_set_target_current
    can_setup.o(.text) refers to data_nexus.o(.text) for dn_rx_timestamp
    can_setup.o(.text) refers to async_scheduler.o(.text) for asched_get_timestamp
    can_setup.o(.text) refers to error.o(.text) for error_get_time
    interrupts.o(.text) refers to can.o(.text) for can_rx1_isr
    interrupts.o(.text) refers to adc_external.o(.text) for adcx_isr
    interrupts.o(.text) refers to adc_internal.o(.text) for adci_isr
    interrupts.o(.text) refers to hardware_setup.o(.text) for timer1_isr
    interrupts.o(.text) refers to uart_int.o(.text) for uarti_isr
    interrupts.o(.text) refers to abs_enc.o(.text) for ae_isr
    data_nexus.o(.text) refers to abs_enc.o(.text) for ae_get_pos
    data_nexus.o(.text) refers to mcu_led.o(.text) for mcu_led_red_blink
    data_nexus.o(.text) refers to motor_controller.o(.text) for mc_direction_control
    data_nexus.o(.text) refers to fflti.o(.text) for __aeabi_i2f
    data_nexus.o(.text) refers to fmul.o(.text) for __aeabi_fmul
    data_nexus.o(.text) refers to qdc.o(.text) for qdc_tmr0_cap23_get_angle_float
    data_nexus.o(.text) refers to fadd.o(.text) for __aeabi_fsub
    data_nexus.o(.text) refers to f2d.o(.text) for __aeabi_f2d
    data_nexus.o(.text) refers to dmul.o(.text) for __aeabi_dmul
    data_nexus.o(.text) refers to dadd.o(.text) for __aeabi_dadd
    data_nexus.o(.text) refers to d2f.o(.text) for __aeabi_d2f
    data_nexus.o(.text) refers to adc_internal.o(.text) for adci_get_result
    data_nexus.o(.text) refers to utility.o(.text) for linear_to_fixed
    data_nexus.o(.text) refers to adc_external.o(.text) for adcx_get_result
[...]
    printf5.o(i.__0fprintf$5) refers to retarget.o(.text) for fputc
    printf5.o(i.__0printf$5) refers to printf5.o(i._printf_core) for _printf_core
    printf5.o(i.__0printf$5) refers to retarget.o(.text) for fputc
    printf5.o(i.__0printf$5) refers to retarget.o(.data) for __stdout
    printf5.o(i.__0snprintf$5) refers to printf5.o(i._printf_core) for _printf_core
    printf5.o(i.__0snprintf$5) refers to printf5.o(i._snputc) for _snputc
    printf5.o(i.__0sprintf$5) refers to printf5.o(i._printf_core) for _printf_core
    printf5.o(i.__0sprintf$5) refers to printf5.o(i._sputc) for _sputc
    printf5.o(i.__0vfprintf$5) refers to printf5.o(i._printf_core) for _printf_core
    printf5.o(i.__0vfprintf$5) refers to retarget.o(.text) for fputc
    printf5.o(i.__0vprintf$5) refers to printf5.o(i._printf_core) for _printf_core
    printf5.o(i.__0vprintf$5) refers to retarget.o(.text) for fputc
    printf5.o(i.__0vprintf$5) refers to retarget.o(.data) for __stdout
    printf5.o(i.__0vsnprintf$5) refers to printf5.o(i._printf_core) for _printf_core
    printf5.o(i.__0vsnprintf$5) refers to printf5.o(i._snputc) for _snputc
    printf5.o(i.__0vsprintf$5) refers to printf5.o(i._printf_core) for _printf_core
    printf5.o(i.__0vsprintf$5) refers to printf5.o(i._sputc) for _sputc
    printf5.o(i._printf_core) refers to uldiv.o(.text) for __aeabi_uldivmod
    printf6.o(i.__0fprintf$6) refers to printf6.o(i._printf_core) for _printf_core
    printf6.o(i.__0fprintf$6) refers to retarget.o(.text) for fputc
    printf6.o(i.__0printf$6) refers to printf6.o(i._printf_core) for _printf_core
    printf6.o(i.__0printf$6) refers to retarget.o(.text) for fputc
    printf6.o(i.__0printf$6) refers to retarget.o(.data) for __stdout
    printf6.o(i.__0snprintf$6) refers to printf6.o(i._printf_core) for _printf_core
    printf6.o(i.__0snprintf$6) refers to printf6.o(i._snputc) for _snputc
    printf6.o(i.__0sprintf$6) refers to printf6.o(i._printf_core) for _printf_core
    printf6.o(i.__0sprintf$6) refers to printf6.o(i._sputc) for _sputc
    printf6.o(i.__0vfprintf$6) refers to printf6.o(i._printf_core) for _printf_core
    printf6.o(i.__0vfprintf$6) refers to retarget.o(.text) for fputc
    printf6.o(i.__0vprintf$6) refers to printf6.o(i._printf_core) for _printf_core
    printf6.o(i.__0vprintf$6) refers to retarget.o(.text) for fputc
    printf6.o(i.__0vprintf$6) refers to retarget.o(.data) for __stdout
    printf6.o(i.__0vsnprintf$6) refers to printf6.o(i._printf_core) for _printf_core
    printf6.o(i.__0vsnprintf$6) refers to printf6.o(i._snputc) for _snputc
    printf6.o(i.__0vsprintf$6) refers to printf6.o(i._printf_core) for _printf_core
    printf6.o(i.__0vsprintf$6) refers to printf6.o(i._sputc) for _sputc
    printf6.o(i._printf_core) refers to printf6.o(i._printf_pre_padding) for _printf_pre_padding
    printf6.o(i._printf_core) refers to uidiv.o(.text) for __aeabi_uidivmod
    printf6.o(i._printf_core) refers to printf6.o(i._printf_post_padding) for _printf_post_padding
    printf7.o(i.__0fprintf$7) refers to printf7.o(i._printf_core) for _printf_core
    printf7.o(i.__0fprintf$7) refers to retarget.o(.text) for fputc
    printf7.o(i.__0printf$7) refers to printf7.o(i._printf_core) for _printf_core
    printf7.o(i.__0printf$7) refers to retarget.o(.text) for fputc
    printf7.o(i.__0printf$7) refers to retarget.o(.data) for __stdout
    printf7.o(i.__0snprintf$7) refers to printf7.o(i._printf_core) for _printf_core
    printf7.o(i.__0snprintf$7) refers to printf7.o(i._snputc) for _snputc
    printf7.o(i.__0sprintf$7) refers to printf7.o(i._printf_core) for _printf_core
    printf7.o(i.__0sprintf$7) refers to printf7.o(i._sputc) for _sputc
    printf7.o(i.__0vfprintf$7) refers to printf7.o(i._printf_core) for _printf_core
    printf7.o(i.__0vfprintf$7) refers to retarget.o(.text) for fputc
    printf7.o(i.__0vprintf$7) refers to printf7.o(i._printf_core) for _printf_core
    printf7.o(i.__0vprintf$7) refers to retarget.o(.text) for fputc
    printf7.o(i.__0vprintf$7) refers to retarget.o(.data) for __stdout
    printf7.o(i.__0vsnprintf$7) refers to printf7.o(i._printf_core) for _printf_core
    printf7.o(i.__0vsnprintf$7) refers to printf7.o(i._snputc) for _snputc
    printf7.o(i.__0vsprintf$7) refers to printf7.o(i._printf_core) for _printf_core
    printf7.o(i.__0vsprintf$7) refers to printf7.o(i._sputc) for _sputc
    printf7.o(i._printf_core) refers to printf7.o(i._printf_pre_padding) for _printf_pre_padding
    printf7.o(i._printf_core) refers to uldiv.o(.text) for __aeabi_uldivmod
    printf7.o(i._printf_core) refers to printf7.o(i._printf_post_padding) for _printf_post_padding
    printf8.o(i.__0fprintf$8) refers to printf8.o(i._printf_core) for _printf_core
    printf8.o(i.__0fprintf$8) refers to retarget.o(.text) for fputc
    printf8.o(i.__0printf$8) refers to printf8.o(i._printf_core) for _printf_core
    printf8.o(i.__0printf$8) refers to retarget.o(.text) for fputc
    printf8.o(i.__0printf$8) refers to retarget.o(.data) for __stdout
    printf8.o(i.__0snprintf$8) refers to printf8.o(i._printf_core) for _printf_core
    printf8.o(i.__0snprintf$8) refers to printf8.o(i._snputc) for _snputc
    printf8.o(i.__0sprintf$8) refers to printf8.o(i._printf_core) for _printf_core
    printf8.o(i.__0sprintf$8) refers to printf8.o(i._sputc) for _sputc
    printf8.o(i.__0vfprintf$8) refers to printf8.o(i._printf_core) for _printf_core
    printf8.o(i.__0vfprintf$8) refers to retarget.o(.text) for fputc
    printf8.o(i.__0vprintf$8) refers to printf8.o(i._printf_core) for _printf_core
    printf8.o(i.__0vprintf$8) refers to retarget.o(.text) for fputc
    printf8.o(i.__0vprintf$8) refers to retarget.o(.data) for __stdout
    printf8.o(i.__0vsnprintf$8) refers to printf8.o(i._printf_core) for _printf_core
    printf8.o(i.__0vsnprintf$8) refers to printf8.o(i._snputc) for _snputc
    printf8.o(i.__0vsprintf$8) refers to printf8.o(i._printf_core) for _printf_core
    printf8.o(i.__0vsprintf$8) refers to printf8.o(i._sputc) for _sputc
    printf8.o(i._printf_core) refers to printf8.o(i._printf_pre_padding) for _printf_pre_padding
    printf8.o(i._printf_core) refers to uldiv.o(.text) for __aeabi_uldivmod
    printf8.o(i._printf_core) refers to printf8.o(i._printf_post_padding) for _printf_post_padding
    printfa.o(i.__0fprintf) refers (Special) to iusefp.o(.text) for __I$use$fp
    printfa.o(i.__0fprintf) refers to printfa.o(i._printf_core) for _printf_core
    printfa.o(i.__0fprintf) refers to retarget.o(.text) for fputc
    printfa.o(i.__0printf) refers (Special) to iusefp.o(.text) for __I$use$fp
    printfa.o(i.__0printf) refers to printfa.o(i._printf_core) for _printf_core
    printfa.o(i.__0printf) refers to retarget.o(.text) for fputc
    printfa.o(i.__0printf) refers to retarget.o(.data) for __stdout
    printfa.o(i.__0snprintf) refers (Special) to iusefp.o(.text) for __I$use$fp
    printfa.o(i.__0snprintf) refers to printfa.o(i._printf_core) for _printf_core
    printfa.o(i.__0snprintf) refers to printfa.o(i._snputc) for _snputc
    printfa.o(i.__0sprintf) refers (Special) to iusefp.o(.text) for __I$use$fp
    printfa.o(i.__0sprintf) refers to printfa.o(i._printf_core) for _printf_core
    printfa.o(i.__0sprintf) refers to printfa.o(i._sputc) for _sputc
    printfa.o(i.__0vfprintf) refers (Special) to iusefp.o(.text) for __I$use$fp
    printfa.o(i.__0vfprintf) refers to printfa.o(i._printf_core) for _printf_core
    printfa.o(i.__0vfprintf) refers to retarget.o(.text) for fputc
    printfa.o(i.__0vprintf) refers (Special) to iusefp.o(.text) for __I$use$fp
    printfa.o(i.__0vprintf) refers to printfa.o(i._printf_core) for _printf_core
    printfa.o(i.__0vprintf) refers to retarget.o(.text) for fputc
    printfa.o(i.__0vprintf) refers to retarget.o(.data) for __stdout
    printfa.o(i.__0vsnprintf) refers (Special) to iusefp.o(.text) for __I$use$fp
    printfa.o(i.__0vsnprintf) refers to printfa.o(i._printf_core) for _printf_core
    printfa.o(i.__0vsnprintf) refers to printfa.o(i._snputc) for _snputc
    printfa.o(i.__0vsprintf) refers (Special) to iusefp.o(.text) for __I$use$fp
    printfa.o(i.__0vsprintf) refers to printfa.o(i._printf_core) for _printf_core
    printfa.o(i.__0vsprintf) refers to printfa.o(i._sputc) for _sputc
    printfa.o(i._fp_digits) refers (Special) to iusefp.o(.text) for __I$use$fp
    printfa.o(i._fp_digits) refers to dmul.o(.text) for __aeabi_dmul
    printfa.o(i._fp_digits) refers to ddiv.o(.text) for __aeabi_ddiv
    printfa.o(i._fp_digits) refers to cdrcmple.o(.text) for __aeabi_cdrcmple
    printfa.o(i._fp_digits) refers to dadd.o(.text) for __aeabi_dadd
    printfa.o(i._fp_digits) refers to dfixul.o(.text) for __aeabi_d2ulz
    printfa.o(i._fp_digits) refers to uldiv.o(.text) for __aeabi_uldivmod
    printfa.o(i._printf_core) refers (Special) to iusefp.o(.text) for __I$use$fp
    printfa.o(i._printf_core) refers to printfa.o(i._printf_pre_padding) for _printf_pre_padding
    printfa.o(i._printf_core) refers to uldiv.o(.text) for __aeabi_uldivmod
    printfa.o(i._printf_core) refers to printfa.o(i._printf_post_padding) for _printf_post_padding
    printfa.o(i._printf_core) refers to printfa.o(i._fp_digits) for _fp_digits
    printfa.o(i._printf_core) refers to uidiv.o(.text) for __aeabi_uidivmod
    printfa.o(i._printf_post_padding) refers (Special) to iusefp.o(.text) for __I$use$fp
    printfa.o(i._printf_pre_padding) refers (Special) to iusefp.o(.text) for __I$use$fp
    printfa.o(i._snputc) refers (Special) to iusefp.o(.text) for __I$use$fp
    printfa.o(i._sputc) refers (Special) to iusefp.o(.text) for __I$use$fp
    fadd.o(.text) refers (Special) to iusefp.o(.text) for __I$use$fp
    fadd.o(.text) refers to fepilogue.o(.text) for _float_epilogue
    fmul.o(.text) refers (Special) to iusefp.o(.text) for __I$use$fp
    fdiv.o(.text) refers (Special) to iusefp.o(.text) for __I$use$fp
    fdiv.o(.text) refers to fepilogue.o(.text) for _float_epilogue
    fscalb.o(.text) refers (Special) to iusefp.o(.text) for __I$use$fp
    dadd.o(.text) refers (Special) to iusefp.o(.text) for __I$use$fp
    dadd.o(.text) refers to llushr.o(.text) for __aeabi_llsr
    dadd.o(.text) refers to llshl.o(.text) for __aeabi_llsl
    dadd.o(.text) refers to depilogue.o(.text) for _double_epilogue
    dmul.o(.text) refers (Special) to iusefp.o(.text) for __I$use$fp
    dmul.o(.text) refers to depilogue.o(.text) for _double_epilogue
    ddiv.o(.text) refers (Special) to iusefp.o(.text) for __I$use$fp
    ddiv.o(.text) refers to depilogue.o(.text) for _double_epilogue
    fflti.o(.text) refers (Special) to iusefp.o(.text) for __I$use$fp
    fflti.o(.text) refers to fepilogue.o(.text) for _float_epilogue
    ffltui.o(.text) refers (Special) to iusefp.o(.text) for __I$use$fp
    ffltui.o(.text) refers to fepilogue.o(.text) for _float_epilogue
    ffixi.o(.text) refers (Special) to iusefp.o(.text) for __I$use$fp
    ffixui.o(.text) refers (Special) to iusefp.o(.text) for __I$use$fp
    dfixi.o(.text) refers (Special) to iusefp.o(.text) for __I$use$fp
    dfixi.o(.text) refers to llushr.o(.text) for __aeabi_llsr
    f2d.o(.text) refers (Special) to iusefp.o(.text) for __I$use$fp
    d2f.o(.text) refers (Special) to iusefp.o(.text) for __I$use$fp
    d2f.o(.text) refers to fepilogue.o(.text) for _float_epilogue
    entry2.o(.ARM.Collect$$$$00000001) refers to entry2.o(.ARM.Collect$$$$00002712) for __lit__00000000
    entry2.o(.ARM.Collect$$$$00002712) refers to startup.o(STACK) for __initial_sp
    entry5.o(.ARM.Collect$$$$00000004) refers to init.o(.text) for __scatterload
    entry7.o(.ARM.Collect$$$$00000007) refers to main.o(.text) for main
    uldiv.o(.text) refers to llushr.o(.text) for __aeabi_llsr
    uldiv.o(.text) refers to llshl.o(.text) for __aeabi_llsl
    dfixul.o(.text) refers to llshl.o(.text) for __aeabi_llsl
    dfixul.o(.text) refers to llushr.o(.text) for __aeabi_llsr
    init.o(.text) refers to entry5.o(.ARM.Collect$$$$00000004) for __main_after_scatterload


==============================================================================

Removing Unused input sections from the image.

    Removing main.o(.data), (4 bytes).
    Removing main.o(.data), (4 bytes).
    Removing startup.o(HEAP), (0 bytes).
    Removing can_setup.o(.bss), (40 bytes).
    Removing data_nexus.o(.data), (4 bytes).

5 unused section(s) (total 52 bytes) removed from the image.

==============================================================================

Image Symbol Table

    Local Symbols

    Symbol Name                              Value     Ov Type        Size  Object(Section)

    RESET                                    0x00000000   Section      276  startup.o(RESET)
    ../../../cmprslib/zerorunl2.c            0x00000000   Number         0  __dczerorl2.o ABSOLUTE
    ../../microlib/d2f.c                     0x00000000   Number         0  d2f.o ABSOLUTE
    ../../microlib/division.c                0x00000000   Number         0  idiv.o ABSOLUTE
    ../../microlib/division.c                0x00000000   Number         0  uldiv.o ABSOLUTE
    ../../microlib/division.c                0x00000000   Number         0  uidiv.o ABSOLUTE
    ../../microlib/division.c                0x00000000   Number         0  ldiv.o ABSOLUTE
    ../../microlib/f2d.c                     0x00000000   Number         0  f2d.o ABSOLUTE
    ../../microlib/fpadd.c                   0x00000000   Number         0  fadd.o ABSOLUTE
    ../../microlib/fpadd.c                   0x00000000   Number         0  dadd.o ABSOLUTE
    ../../microlib/fpdiv.c                   0x00000000   Number         0  ddiv.o ABSOLUTE
    ../../microlib/fpdiv.c                   0x00000000   Number         0  fdiv.o ABSOLUTE
    ../../microlib/fpepilogue.c              0x00000000   Number         0  depilogue.o ABSOLUTE
    ../../microlib/fpepilogue.c              0x00000000   Number         0  fepilogue.o ABSOLUTE
    ../../microlib/fpfix.c                   0x00000000   Number         0  ffixui.o ABSOLUTE
    ../../microlib/fpfix.c                   0x00000000   Number         0  dfixi.o ABSOLUTE
    ../../microlib/fpfix.c                   0x00000000   Number         0  ffixi.o ABSOLUTE
    ../../microlib/fpfix.c                   0x00000000   Number         0  dfixul.o ABSOLUTE
    ../../microlib/fpflt.c                   0x00000000   Number         0  ffltui.o ABSOLUTE
    ../../microlib/fpflt.c                   0x00000000   Number         0  fflti.o ABSOLUTE
    ../../microlib/fpmul.c                   0x00000000   Number         0  dmul.o ABSOLUTE
    ../../microlib/fpmul.c                   0x00000000   Number         0  fmul.o ABSOLUTE
    ../../microlib/fpscalb.c                 0x00000000   Number         0  fscalb.o ABSOLUTE
    ../../microlib/init/entry.s              0x00000000   Number         0  entry7.o ABSOLUTE
    ../../microlib/init/entry.s              0x00000000   Number         0  entry2.o ABSOLUTE
    ../../microlib/init/entry.s              0x00000000   Number         0  entry.o ABSOLUTE
    ../../microlib/init/entry.s              0x00000000   Number         0  entry5.o ABSOLUTE
    ../../microlib/longlong.c                0x00000000   Number         0  llshl.o ABSOLUTE
    ../../microlib/longlong.c                0x00000000   Number         0  llsshr.o ABSOLUTE
    ../../microlib/longlong.c                0x00000000   Number         0  llushr.o ABSOLUTE
    ../../microlib/printf/printf.c           0x00000000   Number         0  printf0.o ABSOLUTE
    ../../microlib/printf/printf.c           0x00000000   Number         0  printf5.o ABSOLUTE
    ../../microlib/printf/printf.c           0x00000000   Number         0  printf8.o ABSOLUTE
    ../../microlib/printf/printf.c           0x00000000   Number         0  printf4.o ABSOLUTE
    ../../microlib/printf/printf.c           0x00000000   Number         0  printf1.o ABSOLUTE
    ../../microlib/printf/printf.c           0x00000000   Number         0  printf3.o ABSOLUTE
    ../../microlib/printf/printf.c           0x00000000   Number         0  printf7.o ABSOLUTE
    ../../microlib/printf/printf.c           0x00000000   Number         0  printf2.o ABSOLUTE
    ../../microlib/printf/printf.c           0x00000000   Number         0  printfb.o ABSOLUTE
    ../../microlib/printf/printf.c           0x00000000   Number         0  printfa.o ABSOLUTE
    ../../microlib/printf/printf.c           0x00000000   Number         0  printf6.o ABSOLUTE
    ../../microlib/printf/stubs.s            0x00000000   Number         0  stubs.o ABSOLUTE
    ../../microlib/stubs.s                   0x00000000   Number         0  useno.o ABSOLUTE
    ../../microlib/stubs.s                   0x00000000   Number         0  iusefp.o ABSOLUTE
    ..\..\..\..\Robot_Nervous_System\LPC2xxx_Modules\mod_abs_enc\abs_enc.c 0x00000000   Number         0  abs_enc.o ABSOLUTE
    ..\..\..\..\Robot_Nervous_System\LPC2xxx_Modules\mod_adc_external\adc_external.c 0x00000000   Number         0  adc_external.o ABSOLUTE
    ..\..\..\..\Robot_Nervous_System\LPC2xxx_Modules\mod_adc_internal\adc_internal.c 0x00000000   Number         0  adc_internal.o ABSOLUTE
    ..\..\..\..\Robot_Nervous_System\LPC2xxx_Modules\mod_can\can.c 0x00000000   Number         0  can.o ABSOLUTE
    ..\..\..\..\Robot_Nervous_System\LPC2xxx_Modules\mod_can\can_types.c 0x00000000   Number         0  can_types.o ABSOLUTE
    ..\..\..\..\Robot_Nervous_System\LPC2xxx_Modules\mod_heartbeat\heartbeat.c 0x00000000   Number         0  heartbeat.o ABSOLUTE
    ..\..\..\..\Robot_Nervous_System\LPC2xxx_Modules\mod_mcu_led\mcu_led.c 0x00000000   Number         0  mcu_led.o ABSOLUTE
    ..\..\..\..\Robot_Nervous_System\LPC2xxx_Modules\mod_motor_controller\motor_controller.c 0x00000000   Number         0  motor_controller.o ABSOLUTE
    ..\..\..\..\Robot_Nervous_System\LPC2xxx_Modules\mod_qdc\qdc.c 0x00000000   Number         0  qdc.o ABSOLUTE
    ..\..\..\..\Robot_Nervous_System\LPC2xxx_Modules\mod_qdc\qdc_2x_fiq_handler.s 0x00000000   Number         0  qdc_2x_fiq_handler.o ABSOLUTE
    ..\..\..\..\Robot_Nervous_System\LPC2xxx_Modules\mod_uart\UART.c 0x00000000   Number         0  uart.o ABSOLUTE
    ..\..\..\..\Robot_Nervous_System\LPC2xxx_Modules\mod_uart_int\uart_int.c 0x00000000   Number         0  uart_int.o ABSOLUTE
    ..\..\..\..\Robot_Nervous_System\LPC2xxx_Modules\ranger_os_v0.1\async_scheduler.c 0x00000000   Number         0  async_scheduler.o ABSOLUTE
    ..\..\..\..\Robot_Nervous_System\LPC2xxx_Modules\ranger_os_v0.1\error.c 0x00000000   Number         0  error.o ABSOLUTE
    ..\..\..\..\Robot_Nervous_System\LPC2xxx_Modules\ranger_os_v0.1\mutex.c 0x00000000   Number         0  mutex.o ABSOLUTE
    ..\..\..\..\Robot_Nervous_System\LPC2xxx_Modules\ranger_os_v0.1\utility.c 0x00000000   Number         0  utility.o ABSOLUTE
    ..\\..\\..\\..\\Robot_Nervous_System\\LPC2xxx_Modules\\mod_can\\can.c 0x00000000   Number         0  can.o ABSOLUTE
    cdrcmple.s                               0x00000000   Number         0  cdrcmple.o ABSOLUTE
    dc.s                                     0x00000000   Number         0  dc.o ABSOLUTE
    handlers.s                               0x00000000   Number         0  handlers.o ABSOLUTE
    init.s                                   0x00000000   Number         0  init.o ABSOLUTE
    src\Retarget.c                           0x00000000   Number         0  retarget.o ABSOLUTE
    src\Startup.s                            0x00000000   Number         0  startup.o ABSOLUTE
    src\can_setup.c                          0x00000000   Number         0  can_setup.o ABSOLUTE
    src\data_nexus.c                         0x00000000   Number         0  data_nexus.o ABSOLUTE
    src\hardware_setup.c                     0x00000000   Number         0  hardware_setup.o ABSOLUTE
    src\interrupts.c                         0x00000000   Number         0  interrupts.o ABSOLUTE
    src\main.c                               0x00000000   Number         0  main.o ABSOLUTE
    src\software_setup.c                     0x00000000   Number         0  software_setup.o ABSOLUTE
    Undef_Handler                            0x00000040   ARM Code       4  startup.o(RESET)
    SWI_Handler                              0x00000044   ARM Code       4  startup.o(RESET)
    PAbt_Handler                             0x00000048   ARM Code       4  startup.o(RESET)
    DAbt_Handler                             0x0000004c   ARM Code       4  startup.o(RESET)
    IRQ_Handler                              0x00000050   ARM Code       4  startup.o(RESET)
    .ARM.Collect$$$$00000000                 0x00000114   Section        0  entry.o(.ARM.Collect$$$$00000000)
    .ARM.Collect$$$$00000001                 0x00000114   Section        4  entry2.o(.ARM.Collect$$$$00000001)
    .ARM.Collect$$$$00000004                 0x00000118   Section        4  entry5.o(.ARM.Collect$$$$00000004)
    .ARM.Collect$$$$00000007                 0x0000011c   Section       12  entry7.o(.ARM.Collect$$$$00000007)
    .ARM.Collect$$$$00002712                 0x00000128   Section        4  entry2.o(.ARM.Collect$$$$00002712)
    __lit__00000000                          0x00000128   Data           4  entry2.o(.ARM.Collect$$$$00002712)
    .emb_text                                0x0000012c   Section       76  can.o(.emb_text)
    .text                                    0x00000178   Section      124  main.o(.text)
    .text                                    0x000001f4   Section      332  utility.o(.text)
    .text                                    0x00000340   Section      312  async_scheduler.o(.text)
    .text                                    0x00000478   Section     1024  error.o(.text)
    .text                                    0x00000878   Section       44  mutex.o(.text)
    .text                                    0x000008a4   Section     1180  hardware_setup.o(.text)
    .text                                    0x00000d40   Section      652  software_setup.o(.text)
    .text                                    0x00000fcc   Section      832  can_setup.o(.text)
    .text                                    0x0000130c   Section      248  interrupts.o(.text)
    .text                                    0x00001404   Section      740  data_nexus.o(.text)
    .text                                    0x000016e8   Section       20  retarget.o(.text)
    .text                                    0x000016fc   Section      140  heartbeat.o(.text)
    .text                                    0x00001788   Section      564  abs_enc.o(.text)
    .text                                    0x000019bc   Section      608  mcu_led.o(.text)
    .text                                    0x00001c1c   Section      860  adc_internal.o(.text)
    .text                                    0x00001f78   Section     2296  motor_controller.o(.text)
    .text                                    0x00002870   Section       88  uart.o(.text)
    .text                                    0x000028c8   Section      708  uart_int.o(.text)
    .text                                    0x00002b8c   Section     1144  adc_external.o(.text)
    .text                                    0x00003004   Section     2792  qdc.o(.text)
    .text                                    0x00003aec   Section     5012  can.o(.text)
    __switch$$                               0x0000455c   ARM Code       0  can.o(.text)
    __switch$$                               0x00004788   ARM Code       0  can.o(.text)
    .text                                    0x00004e80   Section      740  can_types.o(.text)
    .text                                    0x00005164   Section       60  idiv.o(.text)
    .text                                    0x000051a0   Section      168  ldiv.o(.text)
    .text                                    0x00005248   Section       40  llshl.o(.text)
    .text                                    0x00005270   Section       40  llsshr.o(.text)
    .text                                    0x00005298   Section      232  fadd.o(.text)
    _float_addcore                           0x00005298   ARM Code     164  fadd.o(.text)
    .text                                    0x00005380   Section      136  fmul.o(.text)
    .text                                    0x00005408   Section      140  fdiv.o(.text)
    .text                                    0x00005494   Section       12  fscalb.o(.text)
    .text                                    0x000054a0   Section      668  dadd.o(.text)
    _double_addcore                          0x000054a0   ARM Code     428  dadd.o(.text)
    .text                                    0x0000573c   Section      360  dmul.o(.text)
    .text                                    0x000058a4   Section      380  ddiv.o(.text)
    .text                                    0x00005a20   Section       28  fflti.o(.text)
    .text                                    0x00005a3c   Section       16  ffltui.o(.text)
    .text                                    0x00005a4c   Section       64  ffixi.o(.text)
    .text                                    0x00005a8c   Section       52  ffixui.o(.text)
    .text                                    0x00005ac0   Section      124  dfixi.o(.text)
    .text                                    0x00005b3c   Section       56  f2d.o(.text)
    .text                                    0x00005b74   Section       92  d2f.o(.text)
    .text                                    0x00005bd0   Section       60  uidiv.o(.text)
    .text                                    0x00005c0c   Section      144  uldiv.o(.text)
    .text                                    0x00005c9c   Section       36  llushr.o(.text)
    .text                                    0x00005cc0   Section        0  iusefp.o(.text)
    .text                                    0x00005cc0   Section      108  fepilogue.o(.text)
    .text                                    0x00005d2c   Section      292  depilogue.o(.text)
    .text                                    0x00005e50   Section       76  dfixul.o(.text)
    .text                                    0x00005e9c   Section      112  cdrcmple.o(.text)
    .text                                    0x00005f0c   Section       48  init.o(.text)
    .text                                    0x00005f3c   Section      112  __dczerorl2.o(.text)
    FIQ_HANDLER                              0x00005fb0   Section      356  qdc_2x_fiq_handler.o(FIQ_HANDLER)
    i.__0printf                              0x00006114   Section       44  printfa.o(i.__0printf)
    i.__0sprintf                             0x00006140   Section       60  printfa.o(i.__0sprintf)
    i.__ARM_common_memcpy1_8_arm             0x0000617c   Section       68  can.o(i.__ARM_common_memcpy1_8_arm)
    i.__scatterload_copy                     0x000061c0   Section       24  handlers.o(i.__scatterload_copy)
    i.__scatterload_null                     0x000061d8   Section        4  handlers.o(i.__scatterload_null)
    i.__scatterload_zeroinit                 0x000061dc   Section       24  handlers.o(i.__scatterload_zeroinit)
    i._fp_digits                             0x000061f4   Section      612  printfa.o(i._fp_digits)
    _fp_digits                               0x000061f4   ARM Code     612  printfa.o(i._fp_digits)
    i._printf_core                           0x00006458   Section     2724  printfa.o(i._printf_core)
    _printf_core                             0x00006458   ARM Code    2724  printfa.o(i._printf_core)
    i._printf_post_padding                   0x00006efc   Section       68  printfa.o(i._printf_post_padding)
    _printf_post_padding                     0x00006efc   ARM Code      68  printfa.o(i._printf_post_padding)
    i._printf_pre_padding                    0x00006f40   Section       80  printfa.o(i._printf_pre_padding)
    _printf_pre_padding                      0x00006f40   ARM Code      80  printfa.o(i._printf_pre_padding)
    i._sputc                                 0x00006f90   Section       20  printfa.o(i._sputc)
    _sputc                                   0x00006f90   ARM Code      20  printfa.o(i._sputc)
    .constdata                               0x00006fa4   Section       68  software_setup.o(.constdata)
    .data                                    0x40000000   Section        4  main.o(.data)
    .data                                    0x40000004   Section        8  utility.o(.data)
    .data                                    0x4000000c   Section       32  async_scheduler.o(.data)
    asched_completion                        0x4000000c   Data           1  async_scheduler.o(.data)
    asched_schedule                          0x40000010   Data           4  async_scheduler.o(.data)
    asched_divider                           0x40000014   Data           4  async_scheduler.o(.data)
    asched_div_counter                       0x40000018   Data           4  async_scheduler.o(.data)
    asched_slot_start_index                  0x4000001c   Data           4  async_scheduler.o(.data)
    asched_saved_slot_start_index            0x40000020   Data           4  async_scheduler.o(.data)
    asched_next_task_index                   0x40000024   Data           4  async_scheduler.o(.data)
    asched_timestamp                         0x40000028   Data           4  async_scheduler.o(.data)
    .data                                    0x4000002c   Section       32  error.o(.data)
    er_board_id                              0x4000002c   Data           1  error.o(.data)
    er_transmit                              0x40000030   Data           4  error.o(.data)
    er_get_timestamp                         0x40000034   Data           4  error.o(.data)
    er_is_init                               0x40000038   Data           4  error.o(.data)
    er_active                                0x4000003c   Data           4  error.o(.data)
    .data                                    0x4000004c   Section        2  software_setup.o(.data)
    i                                        0x4000004c   Data           2  software_setup.o(.data)
    .data                                    0x40000050   Section       16  data_nexus.o(.data)
    .data                                    0x40000060   Section        4  retarget.o(.data)
    .data                                    0x40000064   Section       24  heartbeat.o(.data)
    hb_state                                 0x40000064   Data           4  heartbeat.o(.data)
    hb_period                                0x40000068   Data           4  heartbeat.o(.data)
    hb_function                              0x4000006c   Data           4  heartbeat.o(.data)
    hb_get_timestamp                         0x40000070   Data           4  heartbeat.o(.data)
    hb_prescale                              0x40000074   Data           4  heartbeat.o(.data)
    hb_count                                 0x40000078   Data           4  heartbeat.o(.data)
    .data                                    0x4000007c   Section        2  abs_enc.o(.data)
    ae_status                                0x4000007c   Data           1  abs_enc.o(.data)
    ae_current_encoder                       0x4000007d   Data           1  abs_enc.o(.data)
    .data                                    0x40000080   Section       12  mcu_led.o(.data)
    mcu_led_green_count                      0x40000080   Data           4  mcu_led.o(.data)
    mcu_led_red_count                        0x40000084   Data           4  mcu_led.o(.data)
    mcu_led_blue_count                       0x40000088   Data           4  mcu_led.o(.data)
    .data                                    0x4000008c   Section       16  adc_internal.o(.data)
    adci_status                              0x4000008c   Data           1  adc_internal.o(.data)
    adci_sched_index                         0x40000090   Data           4  adc_internal.o(.data)
    adci_sched_size                          0x40000094   Data           4  adc_internal.o(.data)
    adci_sched                               0x40000098   Data           4  adc_internal.o(.data)
    .data                                    0x4000009c   Section       96  motor_controller.o(.data)
    start_count                              0x4000009c   Data           1  motor_controller.o(.data)
    mc_pwm                                   0x400000a0   Data           4  motor_controller.o(.data)
    mc_target_current                        0x400000a4   Data           4  motor_controller.o(.data)
    mc_c1                                    0x400000a8   Data           4  motor_controller.o(.data)
    mc_new_c1                                0x400000ac   Data           4  motor_controller.o(.data)
    mc_c2                                    0x400000b0   Data           4  motor_controller.o(.data)
    mc_new_c2                                0x400000b4   Data           4  motor_controller.o(.data)
    mc_command_current                       0x400000b8   Data           4  motor_controller.o(.data)
    mc_therm_off                             0x400000bc   Data           4  motor_controller.o(.data)
    mc_mech_off                              0x400000c0   Data           4  motor_controller.o(.data)
    mc_off                                   0x400000c4   Data           4  motor_controller.o(.data)
    mc_sleep                                 0x400000c8   Data           4  motor_controller.o(.data)
    mc_shutdown                              0x400000cc   Data           4  motor_controller.o(.data)
    mc_positive                              0x400000d0   Data           4  motor_controller.o(.data)
    mc_negative                              0x400000d4   Data           4  motor_controller.o(.data)
    current_error                            0x400000d8   Data           4  motor_controller.o(.data)
    multiplier                               0x400000dc   Data           4  motor_controller.o(.data)
    multiplier                               0x400000e0   Data           4  motor_controller.o(.data)
    a                                        0x400000e4   Data           4  motor_controller.o(.data)
    mc_phase                                 0x400000e8   Data           4  motor_controller.o(.data)
    mc_save_stiff                            0x400000ec   Data           4  motor_controller.o(.data)
    mc_save_damp                             0x400000f0   Data           4  motor_controller.o(.data)
    mc_save_comm                             0x400000f4   Data           4  motor_controller.o(.data)
    mc_mult                                  0x400000f8   Data           4  motor_controller.o(.data)
    .data                                    0x400000fc   Section       24  uart_int.o(.data)
    uarti_strlen                             0x400000fc   Data           4  uart_int.o(.data)
    uarti_out_next_idx                       0x40000100   Data           4  uart_int.o(.data)
    uarti_out_len                            0x40000104   Data           4  uart_int.o(.data)
    uarti_out_stall                          0x40000108   Data           4  uart_int.o(.data)
    uarti_out_buf                            0x4000010c   Data           4  uart_int.o(.data)
    uarti_out_callback                       0x40000110   Data           4  uart_int.o(.data)
    .data                                    0x40000114   Section       20  adc_external.o(.data)
    adcx_index                               0x40000114   Data           4  adc_external.o(.data)
    adcx_num_configs                         0x40000118   Data           4  adc_external.o(.data)
    adcx_status                              0x4000011c   Data           4  adc_external.o(.data)
    adcx_wait_count                          0x40000120   Data           4  adc_external.o(.data)
    adcx_count                               0x40000124   Data           4  adc_external.o(.data)
    .data                                    0x40000128   Section       48  qdc.o(.data)
    prev_sign                                0x40000128   Data           4  qdc.o(.data)
    glitch_flag                              0x4000012c   Data           4  qdc.o(.data)
    time_since_pulse                         0x40000130   Data           4  qdc.o(.data)
    prev_time                                0x40000134   Data           4  qdc.o(.data)
    prev_sign                                0x40000138   Data           4  qdc.o(.data)
    glitch_flag                              0x4000013c   Data           4  qdc.o(.data)
    time_since_pulse                         0x40000140   Data           4  qdc.o(.data)
    prev_time                                0x40000144   Data           4  qdc.o(.data)
    av_rate                                  0x40000148   Data           8  qdc.o(.data)
    av_rate                                  0x40000150   Data           8  qdc.o(.data)
    .data                                    0x40000158   Section       60  can.o(.data)
    .bss                                     0x40000198   Section      536  error.o(.bss)
    er_buffer                                0x40000198   Data         520  error.o(.bss)
    er_flags                                 0x400003a0   Data          16  error.o(.bss)
    .bss                                     0x400003b0   Section      860  can_setup.o(.bss)
    .bss                                     0x4000070c   Section       50  data_nexus.o(.bss)
    .bss                                     0x40000740   Section       32  abs_enc.o(.bss)
    ae_encoders                              0x40000740   Data          32  abs_enc.o(.bss)
    .bss                                     0x40000760   Section       48  adc_internal.o(.bss)
    adci_filters                             0x40000760   Data          48  adc_internal.o(.bss)
    .bss                                     0x40000790   Section       92  motor_controller.o(.bss)
    mc_data                                  0x40000790   Data          92  motor_controller.o(.bss)
    .bss                                     0x400007ec   Section      100  uart_int.o(.bss)
    uarti_str                                0x400007ec   Data         100  uart_int.o(.bss)
    .bss                                     0x40000850   Section       64  adc_external.o(.bss)
    adcx_configs                             0x40000850   Data          32  adc_external.o(.bss)
    adcx_results                             0x40000870   Data          32  adc_external.o(.bss)
    .bss                                     0x40000890   Section      644  qdc.o(.bss)
    .bss                                     0x40000b14   Section     1568  can.o(.bss)
    STACK                                    0x40001138   Section     2056  startup.o(STACK)
    Stack_Top                                0x40001940   Data           0  startup.o(STACK)

    Global Symbols

    Symbol Name                              Value     Ov Type        Size  Object(Section)

    BuildAttributes$$ARM_ISAv4$S$PE$A:L22$X:L11$S22$IEEE1$~IW$USESV6$~STKCKD$USESV7$~SHL$OTIME$ROPI$EBA8$MICROLIB$REQ8$PRES8$EABIv2 0x00000000   Number         0  anon$$obj.o ABSOLUTE
    __ARM_use_no_argv                        0x00000000   Number         0  main.o ABSOLUTE
    __use_no_errno                           0x00000000   Number         0  useno.o ABSOLUTE
    __use_no_exception_handling              0x00000000   Number         0  useno.o ABSOLUTE
    __use_no_fp                              0x00000000   Number         0  useno.o ABSOLUTE
    __use_no_heap                            0x00000000   Number         0  useno.o ABSOLUTE
    __use_no_heap_region                     0x00000000   Number         0  useno.o ABSOLUTE
    __use_no_semihosting                     0x00000000   Number         0  useno.o ABSOLUTE
    __use_no_semihosting_swi                 0x00000000   Number         0  useno.o ABSOLUTE
    __use_no_signal_handling                 0x00000000   Number         0  useno.o ABSOLUTE
    _printf_a                                0x00000000   Number         0  stubs.o ABSOLUTE
    _printf_c                                0x00000000   Number         0  stubs.o ABSOLUTE
    _printf_charcount                        0x00000000   Number         0  stubs.o ABSOLUTE
    _printf_d                                0x00000000   Number         0  stubs.o ABSOLUTE
    _printf_e                                0x00000000   Number         0  stubs.o ABSOLUTE
    _printf_f                                0x00000000   Number         0  stubs.o ABSOLUTE
    _printf_flags                            0x00000000   Number         0  stubs.o ABSOLUTE
    _printf_fp_dec                           0x00000000   Number         0  stubs.o ABSOLUTE
    _printf_fp_hex                           0x00000000   Number         0  stubs.o ABSOLUTE
    _printf_g                                0x00000000   Number         0  stubs.o ABSOLUTE
    _printf_i                                0x00000000   Number         0  stubs.o ABSOLUTE
    _printf_int_dec                          0x00000000   Number         0  stubs.o ABSOLUTE
    _printf_l                                0x00000000   Number         0  stubs.o ABSOLUTE
    _printf_lc                               0x00000000   Number         0  stubs.o ABSOLUTE
    _printf_ll                               0x00000000   Number         0  stubs.o ABSOLUTE
    _printf_lld                              0x00000000   Number         0  stubs.o ABSOLUTE
    _printf_lli                              0x00000000   Number         0  stubs.o ABSOLUTE
    _printf_llo                              0x00000000   Number         0  stubs.o ABSOLUTE
    _printf_llu                              0x00000000   Number         0  stubs.o ABSOLUTE
    _printf_llx                              0x00000000   Number         0  stubs.o ABSOLUTE
    _printf_longlong_dec                     0x00000000   Number         0  stubs.o ABSOLUTE
    _printf_longlong_hex                     0x00000000   Number         0  stubs.o ABSOLUTE
    _printf_longlong_oct                     0x00000000   Number         0  stubs.o ABSOLUTE
    _printf_ls                               0x00000000   Number         0  stubs.o ABSOLUTE
    _printf_mbtowc                           0x00000000   Number         0  stubs.o ABSOLUTE
    _printf_n                                0x00000000   Number         0  stubs.o ABSOLUTE
    _printf_o                                0x00000000   Number         0  stubs.o ABSOLUTE
    _printf_p                                0x00000000   Number         0  stubs.o ABSOLUTE
    _printf_percent                          0x00000000   Number         0  stubs.o ABSOLUTE
    _printf_pre_padding                      0x00000000   Number         0  stubs.o ABSOLUTE
    _printf_return_value                     0x00000000   Number         0  stubs.o ABSOLUTE
    _printf_s                                0x00000000   Number         0  stubs.o ABSOLUTE
    _printf_sizespec                         0x00000000   Number         0  stubs.o ABSOLUTE
    _printf_str                              0x00000000   Number         0  stubs.o ABSOLUTE
    _printf_truncate_signed                  0x00000000   Number         0  stubs.o ABSOLUTE
    _printf_truncate_unsigned                0x00000000   Number         0  stubs.o ABSOLUTE
    _printf_u                                0x00000000   Number         0  stubs.o ABSOLUTE
    _printf_wc                               0x00000000   Number         0  stubs.o ABSOLUTE
    _printf_wctomb                           0x00000000   Number         0  stubs.o ABSOLUTE
    _printf_widthprec                        0x00000000   Number         0  stubs.o ABSOLUTE
    _printf_x                                0x00000000   Number         0  stubs.o ABSOLUTE
    Reset_Handler                            0x00000054   ARM Code       0  startup.o(RESET)
    __main                                   0x00000114   ARM Code       0  entry.o(.ARM.Collect$$$$00000000)
    _main_stk                                0x00000114   ARM Code       0  entry2.o(.ARM.Collect$$$$00000001)
    _main_scatterload                        0x00000118   ARM Code       0  entry5.o(.ARM.Collect$$$$00000004)
    __main_after_scatterload                 0x0000011c   ARM Code       0  entry5.o(.ARM.Collect$$$$00000004)
    _main_init                               0x0000011c   ARM Code       0  entry7.o(.ARM.Collect$$$$00000007)
    can_rx_push                              0x0000012c   ARM Code      72  can.o(.emb_text)
    init                                     0x00000178   ARM Code      28  main.o(.text)
    main                                     0x00000194   ARM Code      96  main.o(.text)
    float_to_fixed                           0x000001f4   ARM Code      20  utility.o(.text)
    int_to_fixed                             0x00000208   ARM Code       8  utility.o(.text)
    fixed_to_float                           0x00000210   ARM Code      20  utility.o(.text)
    fixed_to_int                             0x00000224   ARM Code       8  utility.o(.text)
    fixed_mult                               0x0000022c   ARM Code      16  utility.o(.text)
    fixed_mult_to_long                       0x0000023c   ARM Code      20  utility.o(.text)
    linear_to_fixed                          0x00000250   ARM Code      52  utility.o(.text)
    fixed_abs                                0x00000284   ARM Code      12  utility.o(.text)
    voidvoid                                 0x00000290   ARM Code       8  utility.o(.text)
    voidvoid_noerror                         0x00000298   ARM Code       4  utility.o(.text)
    voidint                                  0x0000029c   ARM Code       8  utility.o(.text)
    voidint_noerror                          0x000002a4   ARM Code       4  utility.o(.text)
    floatvoid                                0x000002a8   ARM Code      20  utility.o(.text)
    floatvoid_noerror                        0x000002bc   ARM Code       8  utility.o(.text)
    intvoid                                  0x000002c4   ARM Code      20  utility.o(.text)
    intvoid_noerror                          0x000002d8   ARM Code       8  utility.o(.text)
    tic_toc_init                             0x000002e0   ARM Code      12  utility.o(.text)
    tic                                      0x000002ec   ARM Code      24  utility.o(.text)
    toc                                      0x00000304   ARM Code      56  utility.o(.text)
    asched_init                              0x00000340   ARM Code      40  async_scheduler.o(.text)
    asched_tick                              0x00000368   ARM Code     144  async_scheduler.o(.text)
    asched_set_timestamp                     0x000003f8   ARM Code      12  async_scheduler.o(.text)
    asched_run                               0x00000404   ARM Code     100  async_scheduler.o(.text)
    asched_get_timestamp                     0x00000468   ARM Code      12  async_scheduler.o(.text)
    error_init                               0x00000478   ARM Code      48  error.o(.text)
    error_occurred                           0x000004a8   ARM Code      92  error.o(.text)
    error_occurred_irq                       0x00000504   ARM Code      92  error.o(.text)
    error_occurred_fiq                       0x00000560   ARM Code      92  error.o(.text)
    error_update                             0x000005bc   ARM Code     388  error.o(.text)
    error_get_time                           0x00000740   ARM Code      32  error.o(.text)
    error_get_info                           0x00000760   ARM Code      56  error.o(.text)
    error_get_board                          0x00000798   ARM Code      12  error.o(.text)
    error_get_id                             0x000007a4   ARM Code      28  error.o(.text)
    error_get_frequency                      0x000007c0   ARM Code      28  error.o(.text)
    error_send_next                          0x000007dc   ARM Code     132  error.o(.text)
    mutex_check                              0x00000878   ARM Code       8  mutex.o(.text)
    mutex_lock                               0x00000880   ARM Code      24  mutex.o(.text)
    mutex_unlock                             0x00000898   ARM Code      12  mutex.o(.text)
    init_hardware                            0x000008a4   ARM Code    1136  hardware_setup.o(.text)
    timer1_isr                               0x00000d14   ARM Code      40  hardware_setup.o(.text)
    task_every_row                           0x00000d40   ARM Code      68  software_setup.o(.text)
    run_occasionally                         0x00000d84   ARM Code     192  software_setup.o(.text)
    init_software                            0x00000e44   ARM Code     324  software_setup.o(.text)
    init_values                              0x00000f88   ARM Code      24  software_setup.o(.text)
    init_can                                 0x00000fcc   ARM Code     604  can_setup.o(.text)
    can_tx_motor_position                    0x00001228   ARM Code       8  can_setup.o(.text)
    can_tx_motor_velocity                    0x00001230   ARM Code       8  can_setup.o(.text)
    can_tx_angle                             0x00001238   ARM Code       8  can_setup.o(.text)
    can_tx_motor_current                     0x00001240   ARM Code       8  can_setup.o(.text)
    can_tx_battery_power                     0x00001248   ARM Code       8  can_setup.o(.text)
    can_tx_angle_rate                        0x00001250   ARM Code       8  can_setup.o(.text)
    can_tx_board_status                      0x00001258   ARM Code       8  can_setup.o(.text)
    can_tx_battery_current                   0x00001260   ARM Code       8  can_setup.o(.text)
    can_tx_battery_voltage                   0x00001268   ARM Code       8  can_setup.o(.text)
    can_tx_exec_time                         0x00001270   ARM Code       8  can_setup.o(.text)
    can_tx_max_exec_time                     0x00001278   ARM Code       8  can_setup.o(.text)
    init_interrupts                          0x0000130c   ARM Code     220  interrupts.o(.text)
    dn_get_shaft_position                    0x00001404   ARM Code       8  data_nexus.o(.text)
    dn_safety                                0x0000140c   ARM Code     104  data_nexus.o(.text)
    dn_get_shaft_pos_rads                    0x00001474   ARM Code      28  data_nexus.o(.text)
    dn_get_motor_pos_rads                    0x00001490   ARM Code       4  data_nexus.o(.text)
    dn_hip_motor_encoder_rezero              0x00001494   ARM Code     108  data_nexus.o(.text)
    dn_blue_heartbeat                        0x00001500   ARM Code       8  data_nexus.o(.text)
    dn_green_heartbeat                       0x00001508   ARM Code       4  data_nexus.o(.text)
    dn_red_heartbeat                         0x0000150c   ARM Code       4  data_nexus.o(.text)
    dn_get_battery_voltage                   0x00001510   ARM Code      28  data_nexus.o(.text)
    dn_get_raw_battery_voltage               0x0000152c   ARM Code      32  data_nexus.o(.text)
    dn_get_hbridge_raw_temp                  0x0000154c   ARM Code       8  data_nexus.o(.text)
    dn_get_hbridge_temp                      0x00001554   ARM Code      20  data_nexus.o(.text)
    dn_get_raw_motor_current                 0x00001568   ARM Code      32  data_nexus.o(.text)
    dn_get_motor_current                     0x00001588   ARM Code      32  data_nexus.o(.text)
    dn_get_battery_current                   0x000015a8   ARM Code      32  data_nexus.o(.text)
    dn_get_raw_battery_current               0x000015c8   ARM Code      32  data_nexus.o(.text)
    dn_get_battery_power                     0x000015e8   ARM Code      48  data_nexus.o(.text)
    dn_error_transmit                        0x00001618   ARM Code       8  data_nexus.o(.text)
    dn_error_print                           0x00001620   ARM Code      16  data_nexus.o(.text)
    dn_get_motor_vel_rads                    0x00001630   ARM Code       4  data_nexus.o(.text)
    dn_get_shaft_vel_rads                    0x00001634   ARM Code       4  data_nexus.o(.text)
    dn_rx_timestamp                          0x00001638   ARM Code       4  data_nexus.o(.text)
    dn_get_status                            0x0000163c   ARM Code       8  data_nexus.o(.text)
    dn_sched_done                            0x00001644   ARM Code      76  data_nexus.o(.text)
    dn_get_execution_time                    0x00001690   ARM Code      28  data_nexus.o(.text)
    dn_get_max_execution_time                0x000016ac   ARM Code      28  data_nexus.o(.text)
    fputc                                    0x000016e8   ARM Code       4  retarget.o(.text)
    ferror                                   0x000016ec   ARM Code       8  retarget.o(.text)
    _ttywrch                                 0x000016f4   ARM Code       4  retarget.o(.text)
    _sys_exit                                0x000016f8   ARM Code       4  retarget.o(.text)
    hb_init                                  0x000016fc   ARM Code      12  heartbeat.o(.text)
    hb_beat                                  0x00001708   ARM Code      72  heartbeat.o(.text)
    hb_get_count                             0x00001750   ARM Code      52  heartbeat.o(.text)
    ae_init_encoder                          0x00001788   ARM Code     124  abs_enc.o(.text)
    ae_update                                0x00001804   ARM Code     140  abs_enc.o(.text)
    ae_get_pos                               0x00001890   ARM Code      52  abs_enc.o(.text)
    ae_wait                                  0x000018c4   ARM Code      20  abs_enc.o(.text)
    ae_isr                                   0x000018d8   ARM Code     224  abs_enc.o(.text)
    mcu_led_init                             0x000019bc   ARM Code      24  mcu_led.o(.text)
    mcu_led_red_off                          0x000019d4   ARM Code      20  mcu_led.o(.text)
    mcu_led_blue_off                         0x000019e8   ARM Code      20  mcu_led.o(.text)
    mcu_led_green_off                        0x000019fc   ARM Code      20  mcu_led.o(.text)
    mcu_led_update                           0x00001a10   ARM Code     124  mcu_led.o(.text)
    mcu_led_green_on                         0x00001a8c   ARM Code      20  mcu_led.o(.text)
    mcu_led_green_blink                      0x00001aa0   ARM Code      32  mcu_led.o(.text)
    mcu_led_blue_on                          0x00001ac0   ARM Code      20  mcu_led.o(.text)
    mcu_led_blue_blink                       0x00001ad4   ARM Code      32  mcu_led.o(.text)
    mcu_led_red_on                           0x00001af4   ARM Code      20  mcu_led.o(.text)
    mcu_led_red_blink                        0x00001b08   ARM Code      32  mcu_led.o(.text)
    mcu_led_green_toggle                     0x00001b28   ARM Code      32  mcu_led.o(.text)
    mcu_led_red_toggle                       0x00001b48   ARM Code      32  mcu_led.o(.text)
    mcu_led_blue_toggle                      0x00001b68   ARM Code      32  mcu_led.o(.text)
    mcu_led_all_on                           0x00001b88   ARM Code      36  mcu_led.o(.text)
    mcu_led_all_off                          0x00001bac   ARM Code      36  mcu_led.o(.text)
    mcu_led_all_toggle                       0x00001bd0   ARM Code      72  mcu_led.o(.text)
    adci_init                                0x00001c1c   ARM Code     200  adc_internal.o(.text)
    adci_convert_next                        0x00001ce4   ARM Code     124  adc_internal.o(.text)
    adci_convert_all                         0x00001d60   ARM Code     144  adc_internal.o(.text)
    adci_efilter_add                         0x00001df0   ARM Code      88  adc_internal.o(.text)
    adci_isr                                 0x00001e48   ARM Code     240  adc_internal.o(.text)
    adci_get_result                          0x00001f38   ARM Code      20  adc_internal.o(.text)
    adci_get_raw                             0x00001f4c   ARM Code      16  adc_internal.o(.text)
    adci_get_filter                          0x00001f5c   ARM Code      16  adc_internal.o(.text)
    mc_init                                  0x00001f78   ARM Code     332  motor_controller.o(.text)
    mc_set_target_current                    0x000020c4   ARM Code      72  motor_controller.o(.text)
    mc_set_unsafe_target_current             0x0000210c   ARM Code      20  motor_controller.o(.text)
    mc_update_watchdog                       0x00002120   ARM Code      72  motor_controller.o(.text)
    mc_set_pwm                               0x00002168   ARM Code     384  motor_controller.o(.text)
    mc_pid_current                           0x000022e8   ARM Code     868  motor_controller.o(.text)
    mc_compliant_control                     0x0000264c   ARM Code     148  motor_controller.o(.text)
    mc_set_command_current                   0x000026e0   ARM Code      44  motor_controller.o(.text)
    mc_get_command_current                   0x0000270c   ARM Code      12  motor_controller.o(.text)
    mc_set_stiffness                         0x00002718   ARM Code      28  motor_controller.o(.text)
    mc_get_stiffness                         0x00002734   ARM Code      12  motor_controller.o(.text)
    mc_set_dampness                          0x00002740   ARM Code      28  motor_controller.o(.text)
    mc_get_dampness                          0x0000275c   ARM Code      24  motor_controller.o(.text)
    mc_direction_control                     0x00002774   ARM Code      28  motor_controller.o(.text)
    mc_get_parameters                        0x00002790   ARM Code       8  motor_controller.o(.text)
    mc_get_pwm                               0x00002798   ARM Code      12  motor_controller.o(.text)
    mc_set_shutdown                          0x000027a4   ARM Code      20  motor_controller.o(.text)
    mc_set_sleep                             0x000027b8   ARM Code      20  motor_controller.o(.text)
    mc_get_mult                              0x000027cc   ARM Code      12  motor_controller.o(.text)
    mc_run_no_control                        0x000027d8   ARM Code     152  motor_controller.o(.text)
    sendchar                                 0x00002870   ARM Code      60  uart.o(.text)
    getkey                                   0x000028ac   ARM Code      28  uart.o(.text)
    uarti_tx_set_empty_callback              0x000028c8   ARM Code      12  uart_int.o(.text)
    uarti_tx_refill                          0x000028d4   ARM Code     108  uart_int.o(.text)
    uarti_tx_buf                             0x00002940   ARM Code     160  uart_int.o(.text)
    uarti_isr                                0x000029e0   ARM Code     148  uart_int.o(.text)
    uarti_print_int2                         0x00002a74   ARM Code      64  uart_int.o(.text)
    uarti_print_int                          0x00002ab4   ARM Code      52  uart_int.o(.text)
    uarti_print_float                        0x00002ae8   ARM Code      64  uart_int.o(.text)
    uarti_print_2float                       0x00002b28   ARM Code     100  uart_int.o(.text)
    adcx_register_write                      0x00002b8c   ARM Code      40  adc_external.o(.text)
    adcx_convert_cfg                         0x00002bb4   ARM Code      72  adc_external.o(.text)
    adcx_convert_next                        0x00002bfc   ARM Code     132  adc_external.o(.text)
    adcx_register_read                       0x00002c80   ARM Code      56  adc_external.o(.text)
    adcx_read_buffer                         0x00002cb8   ARM Code      56  adc_external.o(.text)
    adcx_isr                                 0x00002cf0   ARM Code     336  adc_external.o(.text)
    adcx_convert_all                         0x00002e40   ARM Code     148  adc_external.o(.text)
    adcx_write                               0x00002ed4   ARM Code      40  adc_external.o(.text)
    adcx_get_result                          0x00002efc   ARM Code      16  adc_external.o(.text)
    adcx_init                                0x00002f0c   ARM Code     136  adc_external.o(.text)
    adcx_add_config                          0x00002f94   ARM Code      48  adc_external.o(.text)
    adcx_conversion_wait                     0x00002fc4   ARM Code      52  adc_external.o(.text)
    qdc_tmr0_cap01_set_angle_float           0x00003004   ARM Code      56  qdc.o(.text)
    qdc_tmr0_cap01_set_angle_fixed           0x0000303c   ARM Code      40  qdc.o(.text)
    qdc_tmr0_cap23_set_angle_float           0x00003064   ARM Code      56  qdc.o(.text)
    qdc_tmr0_cap23_set_angle_fixed           0x0000309c   ARM Code      40  qdc.o(.text)
    qdc_tmr0_cap01_get_angle_fixed           0x000030c4   ARM Code      12  qdc.o(.text)
    qdc_tmr0_cap01_get_angle_float           0x000030d0   ARM Code      32  qdc.o(.text)
    qdc_tmr0_cap01_get_rate_fixed            0x000030f0   ARM Code      12  qdc.o(.text)
    qdc_tmr0_cap01_get_rate_float            0x000030fc   ARM Code      32  qdc.o(.text)
    qdc_tmr0_cap23_get_angle_fixed           0x0000311c   ARM Code      12  qdc.o(.text)
    qdc_tmr0_cap23_get_angle_float           0x00003128   ARM Code      32  qdc.o(.text)
    qdc_tmr0_cap23_get_rate_fixed            0x00003148   ARM Code      12  qdc.o(.text)
    qdc_tmr0_cap23_get_rate_float            0x00003154   ARM Code      32  qdc.o(.text)
    qdc_tmr0_cap01_rate_update               0x00003174   ARM Code     548  qdc.o(.text)
    qdc_tmr0_cap23_rate_update               0x00003398   ARM Code     548  qdc.o(.text)
    qdc_tmr0_cap01_angle_update              0x000035bc   ARM Code      52  qdc.o(.text)
    qdc_tmr0_cap23_angle_update              0x000035f0   ARM Code      52  qdc.o(.text)
    qdc_tmr0_init                            0x00003624   ARM Code    1224  qdc.o(.text)
    can_init                                 0x00003aec   ARM Code      48  can.o(.text)
    can_tx1_push_frame                       0x00003b1c   ARM Code      96  can.o(.text)
    can_tx1                                  0x00003b7c   ARM Code     340  can.o(.text)
    can_tx2_push_frame                       0x00003cd0   ARM Code      96  can.o(.text)
    can_tx2                                  0x00003d30   ARM Code     352  can.o(.text)
    can_tx3_push_frame                       0x00003e90   ARM Code      96  can.o(.text)
    can_tx3                                  0x00003ef0   ARM Code     352  can.o(.text)
    can_tx4_push_frame                       0x00004050   ARM Code      96  can.o(.text)
    can_tx4                                  0x000040b0   ARM Code     352  can.o(.text)
    can_tx_get_frame_count_1                 0x00004210   ARM Code      84  can.o(.text)
    can_tx_get_frame_count_2                 0x00004264   ARM Code      84  can.o(.text)
    can_tx_get_frame_count_3                 0x000042b8   ARM Code     112  can.o(.text)
    can_tx_get_frame_count_4                 0x00004328   ARM Code      84  can.o(.text)
    can_tx_set_chan_cfg                      0x0000437c   ARM Code      32  can.o(.text)
    can_transmit_frame                       0x0000439c   ARM Code     404  can.o(.text)
    can_transmit_alt                         0x00004530   ARM Code     400  can.o(.text)
    can_transmit                             0x000046c0   ARM Code      16  can.o(.text)
    can_rx_dispatch_frame                    0x000046d0   ARM Code     400  can.o(.text)
    can_rx_pop_frame                         0x00004860   ARM Code     232  can.o(.text)
    can_rx_dispatch_all                      0x00004948   ARM Code     236  can.o(.text)
    can_rx1_isr                              0x00004a34   ARM Code      44  can.o(.text)
    can_rx2_isr                              0x00004a60   ARM Code      44  can.o(.text)
    can_rx3_isr                              0x00004a8c   ARM Code      44  can.o(.text)
    can_rx4_isr                              0x00004ab8   ARM Code      44  can.o(.text)
    can_rx_get_frame_count_1                 0x00004ae4   ARM Code      84  can.o(.text)
    can_rx_get_frame_count_2                 0x00004b38   ARM Code      92  can.o(.text)
    can_rx_get_frame_count_3                 0x00004b94   ARM Code      84  can.o(.text)
    can_rx_get_frame_count_4                 0x00004be8   ARM Code      84  can.o(.text)
    can_rx_set_descriptors                   0x00004c3c   ARM Code      16  can.o(.text)
    can_rx_set_chan_cfg                      0x00004c4c   ARM Code      24  can.o(.text)
    can_get_error_1                          0x00004c64   ARM Code      84  can.o(.text)
    can_get_error_2                          0x00004cb8   ARM Code      84  can.o(.text)
    can_get_error_3                          0x00004d0c   ARM Code      84  can.o(.text)
    can_get_error_4                          0x00004d60   ARM Code      84  can.o(.text)
    can_error_isr                            0x00004db4   ARM Code     200  can.o(.text)
    can_rx_setter_double_dummy               0x00004e80   ARM Code       4  can_types.o(.text)
    can_rx_setter_float_dummy                0x00004e84   ARM Code       4  can_types.o(.text)
    can_rx_setter_int_dummy                  0x00004e88   ARM Code       4  can_types.o(.text)
    can_rx_setter_short_dummy                0x00004e8c   ARM Code       4  can_types.o(.text)
    can_tx_getter_double_dummy               0x00004e90   ARM Code      20  can_types.o(.text)
    can_tx_getter_float_dummy                0x00004ea4   ARM Code       8  can_types.o(.text)
    can_tx_getter_int_dummy                  0x00004eac   ARM Code       8  can_types.o(.text)
    can_tx_getter_short_dummy                0x00004eb4   ARM Code       8  can_types.o(.text)
    can_set_tx_descriptor_d                  0x00004ebc   ARM Code      52  can_types.o(.text)
    can_set_tx_descriptor_ff                 0x00004ef0   ARM Code      72  can_types.o(.text)
    can_set_tx_descriptor_ii                 0x00004f38   ARM Code      72  can_types.o(.text)
    can_set_tx_descriptor_fi                 0x00004f80   ARM Code      72  can_types.o(.text)
    can_set_tx_descriptor_iss                0x00004fc8   ARM Code      80  can_types.o(.text)
    can_set_tx_descriptor_rtr                0x00005018   ARM Code      44  can_types.o(.text)
    can_set_rx_descriptor_d                  0x00005044   ARM Code      48  can_types.o(.text)
    can_set_rx_descriptor_ff                 0x00005074   ARM Code      56  can_types.o(.text)
    can_set_rx_descriptor_ii                 0x000050ac   ARM Code      56  can_types.o(.text)
    can_set_rx_descriptor_fi                 0x000050e4   ARM Code      56  can_types.o(.text)
    can_set_rx_descriptor_iss                0x0000511c   ARM Code      72  can_types.o(.text)
    __aeabi_idiv                             0x00005164   ARM Code       0  idiv.o(.text)
    __aeabi_idivmod                          0x00005164   ARM Code      60  idiv.o(.text)
    __aeabi_ldivmod                          0x000051a0   ARM Code     168  ldiv.o(.text)
    __aeabi_llsl                             0x00005248   ARM Code      40  llshl.o(.text)
    _ll_shift_l                              0x00005248   ARM Code       0  llshl.o(.text)
    __aeabi_lasr                             0x00005270   ARM Code      40  llsshr.o(.text)
    _ll_sshift_r                             0x00005270   ARM Code       0  llsshr.o(.text)
    __aeabi_fadd                             0x0000533c   ARM Code      16  fadd.o(.text)
    __aeabi_fsub                             0x0000534c   ARM Code      20  fadd.o(.text)
    __aeabi_frsub                            0x00005360   ARM Code      32  fadd.o(.text)
    __aeabi_fmul                             0x00005380   ARM Code     136  fmul.o(.text)
    __aeabi_fdiv                             0x00005408   ARM Code     140  fdiv.o(.text)
    __ARM_scalbnf                            0x00005494   ARM Code      12  fscalb.o(.text)
    scalbnf                                  0x00005494   ARM Code       0  fscalb.o(.text)
    __aeabi_dadd                             0x0000564c   ARM Code      80  dadd.o(.text)
    __aeabi_dsub                             0x0000569c   ARM Code      80  dadd.o(.text)
    __aeabi_drsub                            0x000056ec   ARM Code      80  dadd.o(.text)
    __aeabi_dmul                             0x0000573c   ARM Code     360  dmul.o(.text)
    __aeabi_ddiv                             0x000058a4   ARM Code     380  ddiv.o(.text)
    __aeabi_i2f                              0x00005a20   ARM Code      28  fflti.o(.text)
    __aeabi_ui2f                             0x00005a3c   ARM Code      16  ffltui.o(.text)
    __aeabi_f2iz                             0x00005a4c   ARM Code      64  ffixi.o(.text)
    __aeabi_f2uiz                            0x00005a8c   ARM Code      52  ffixui.o(.text)
    __aeabi_d2iz                             0x00005ac0   ARM Code     116  dfixi.o(.text)
    __aeabi_f2d                              0x00005b3c   ARM Code      56  f2d.o(.text)
    __aeabi_d2f                              0x00005b74   ARM Code      92  d2f.o(.text)
    __aeabi_uidiv                            0x00005bd0   ARM Code       0  uidiv.o(.text)
    __aeabi_uidivmod                         0x00005bd0   ARM Code      60  uidiv.o(.text)
    __aeabi_uldivmod                         0x00005c0c   ARM Code     144  uldiv.o(.text)
    __aeabi_llsr                             0x00005c9c   ARM Code      36  llushr.o(.text)
    _ll_ushift_r                             0x00005c9c   ARM Code       0  llushr.o(.text)
    __I$use$fp                               0x00005cc0   ARM Code       0  iusefp.o(.text)
    _float_round                             0x00005cc0   ARM Code      24  fepilogue.o(.text)
    _float_epilogue                          0x00005cd8   ARM Code      84  fepilogue.o(.text)
    _double_round                            0x00005d2c   ARM Code      84  depilogue.o(.text)
    _double_epilogue                         0x00005d80   ARM Code     204  depilogue.o(.text)
    __aeabi_d2ulz                            0x00005e50   ARM Code      68  dfixul.o(.text)
    __aeabi_cdrcmple                         0x00005e9c   ARM Code     112  cdrcmple.o(.text)
    __scatterload                            0x00005f0c   ARM Code      40  init.o(.text)
    __scatterload_rt2                        0x00005f0c   ARM Code       0  init.o(.text)
    __decompress                             0x00005f3c   ARM Code       0  __dczerorl2.o(.text)
    __decompress1                            0x00005f3c   ARM Code     112  __dczerorl2.o(.text)
    FIQ_Handler                              0x00005fb0   ARM Code       0  qdc_2x_fiq_handler.o(FIQ_HANDLER)
    __0printf                                0x00006114   ARM Code      36  printfa.o(i.__0printf)
    __1printf                                0x00006114   ARM Code       0  printfa.o(i.__0printf)
    __2printf                                0x00006114   ARM Code       0  printfa.o(i.__0printf)
    __c89printf                              0x00006114   ARM Code       0  printfa.o(i.__0printf)
    printf                                   0x00006114   ARM Code       0  printfa.o(i.__0printf)
    __0sprintf                               0x00006140   ARM Code      56  printfa.o(i.__0sprintf)
    __1sprintf                               0x00006140   ARM Code       0  printfa.o(i.__0sprintf)
    __2sprintf                               0x00006140   ARM Code       0  printfa.o(i.__0sprintf)
    __c89sprintf                             0x00006140   ARM Code       0  printfa.o(i.__0sprintf)
    sprintf                                  0x00006140   ARM Code       0  printfa.o(i.__0sprintf)
    __ARM_common_memcpy1_8_arm               0x0000617c   ARM Code      68  can.o(i.__ARM_common_memcpy1_8_arm)
    __scatterload_copy                       0x000061c0   ARM Code      24  handlers.o(i.__scatterload_copy)
    __scatterload_null                       0x000061d8   ARM Code       4  handlers.o(i.__scatterload_null)
    __scatterload_zeroinit                   0x000061dc   ARM Code      24  handlers.o(i.__scatterload_zeroinit)
    main_schedule                            0x00006fa4   Data          68  software_setup.o(.constdata)
    Region$$Table$$Base                      0x00006fe8   Number         0  anon$$obj.o(Region$$Table)
    Region$$Table$$Limit                     0x00007008   Number         0  anon$$obj.o(Region$$Table)
    global_running                           0x40000000   Data           4  main.o(.data)
    tt_time                                  0x40000004   Data           4  utility.o(.data)
    tt_print                                 0x40000008   Data           4  utility.o(.data)
    er_mutex                                 0x40000040   Data           4  error.o(.data)
    er_irq_mutex                             0x40000044   Data           4  error.o(.data)
    er_fiq_mutex                             0x40000048   Data           4  error.o(.data)
    dn_ticks_to_ms                           0x40000050   Data           4  data_nexus.o(.data)
    dn_execution_ticks                       0x40000054   Data           4  data_nexus.o(.data)
    dn_max_execution_ticks                   0x40000058   Data           4  data_nexus.o(.data)
    str_length                               0x4000005c   Data           4  data_nexus.o(.data)
    __stdout                                 0x40000060   Data           4  retarget.o(.data)
    can_tx_frame_count_1                     0x40000158   Data           2  can.o(.data)
    can_tx_frame_count_2                     0x4000015a   Data           2  can.o(.data)
    can_tx_frame_count_3                     0x4000015c   Data           2  can.o(.data)
    can_tx_frame_count_4                     0x4000015e   Data           2  can.o(.data)
    can1_tx_index1                           0x40000160   Data           2  can.o(.data)
    can1_tx_index2                           0x40000162   Data           2  can.o(.data)
    can2_tx_index1                           0x40000164   Data           2  can.o(.data)
    can2_tx_index2                           0x40000166   Data           2  can.o(.data)
    can3_tx_index1                           0x40000168   Data           2  can.o(.data)
    can3_tx_index2                           0x4000016a   Data           2  can.o(.data)
    can4_tx_index1                           0x4000016c   Data           2  can.o(.data)
    can4_tx_index2                           0x4000016e   Data           2  can.o(.data)
    can_rx_frame_count_1                     0x40000170   Data           2  can.o(.data)
    can_rx_frame_count_2                     0x40000172   Data           2  can.o(.data)
    can_rx_frame_count_3                     0x40000174   Data           2  can.o(.data)
    can_rx_frame_count_4                     0x40000176   Data           2  can.o(.data)
    can_elapsed_ms                           0x40000178   Data           4  can.o(.data)
    can_error_1                              0x4000017c   Data           4  can.o(.data)
    can_error_2                              0x40000180   Data           4  can.o(.data)
    can_error_3                              0x40000184   Data           4  can.o(.data)
    can_error_4                              0x40000188   Data           4  can.o(.data)
    can_rx_descriptors                       0x4000018c   Data           4  can.o(.data)
    can_rx_rtr_descriptors                   0x40000190   Data           4  can.o(.data)
    rxlist                                   0x400003b0   Data          60  can_setup.o(.bss)
    rtrlist                                  0x400003ec   Data          40  can_setup.o(.bss)
    tx_fd_error                              0x40000414   Data          40  can_setup.o(.bss)
    tx_fd_motor_position                     0x4000043c   Data          40  can_setup.o(.bss)
    tx_fd_motor_velocity                     0x40000464   Data          40  can_setup.o(.bss)
    tx_fd_motor_current                      0x4000048c   Data          40  can_setup.o(.bss)
    tx_fd_angle                              0x400004b4   Data          40  can_setup.o(.bss)
    tx_fd_angle_rate                         0x400004dc   Data          40  can_setup.o(.bss)
    tx_fd_battery_power                      0x40000504   Data          40  can_setup.o(.bss)
    tx_fd_status                             0x4000052c   Data          40  can_setup.o(.bss)
    tx_fd_battery_current                    0x40000554   Data          40  can_setup.o(.bss)
    tx_fd_battery_voltage                    0x4000057c   Data          40  can_setup.o(.bss)
    tx_fd_exec_time                          0x400005a4   Data          40  can_setup.o(.bss)
    tx_fd_max_exec_time                      0x400005cc   Data          40  can_setup.o(.bss)
    rx_fd_timestamp                          0x400005f4   Data          40  can_setup.o(.bss)
    rx_fd_motor_current                      0x4000061c   Data          40  can_setup.o(.bss)
    rx_fd_command_current                    0x40000644   Data          40  can_setup.o(.bss)
    rx_fd_stiffness                          0x4000066c   Data          40  can_setup.o(.bss)
    rx_fd_dampness                           0x40000694   Data          40  can_setup.o(.bss)
    rx_fd_mc_shutdown                        0x400006bc   Data          40  can_setup.o(.bss)
    rx_fd_mc_sleep                           0x400006e4   Data          40  can_setup.o(.bss)
    string                                   0x4000070c   Data          50  data_nexus.o(.bss)
    qdc_tmr0_data                            0x40000890   Data         132  qdc.o(.bss)
    qdc_tmr0_cap01_buffer                    0x40000914   Data         256  qdc.o(.bss)
    qdc_tmr0_cap23_buffer                    0x40000a14   Data         256  qdc.o(.bss)
    can_tx_chan_cfgs                         0x40000b14   Data          60  can.o(.bss)
    can1_tx_buffer                           0x40000b50   Data          96  can.o(.bss)
    can2_tx_buffer                           0x40000bb0   Data          96  can.o(.bss)
    can3_tx_buffer                           0x40000c10   Data          96  can.o(.bss)
    can4_tx_buffer                           0x40000c70   Data          96  can.o(.bss)
    can_rx_chan_cfgs                         0x40000cd0   Data          80  can.o(.bss)
    can_rx_buffer                            0x40000d20   Data        1024  can.o(.bss)
    can_rx_data                              0x40001120   Data          20  can.o(.bss)
    __initial_sp                             0x40001538   Data        1032  startup.o(STACK)



==============================================================================

Memory Map of the image

  Image Entry point : 0x00000114

  Load Region LR_IROM1 (Base: 0x00000000, Size: 0x0000719c, Max: 0x00040000, ABSOLUTE, COMPRESSED[0x00007044])

    Execution Region ER_IROM1 (Base: 0x00000000, Size: 0x00007008, Max: 0x00040000, ABSOLUTE)

    Base Addr    Size         Type   Attr      Idx    E Section Name        Object

    0x00000000   0x00000114   Code   RO          150    RESET               startup.o
    0x00000114   0x00000000   Code   RO          483  * .ARM.Collect$$$$00000000  entry.o(mc_4.l)
    0x00000114   0x00000004   Code   RO          783    .ARM.Collect$$$$00000001  entry2.o(mc_4.l)
    0x00000118   0x00000004   Code   RO          785    .ARM.Collect$$$$00000004  entry5.o(mc_4.l)
    0x0000011c   0x0000000c   Code   RO          786    .ARM.Collect$$$$00000007  entry7.o(mc_4.l)
    0x00000128   0x00000004   Code   RO          784    .ARM.Collect$$$$00002712  entry2.o(mc_4.l)
    0x0000012c   0x0000004c   Code   RO          448    .emb_text           can.o
    0x00000178   0x0000007c   Code   RO            1    .text               main.o
    0x000001f4   0x0000014c   Code   RO          154    .text               utility.o
    0x00000340   0x00000138   Code   RO          170    .text               async_scheduler.o
    0x00000478   0x00000400   Code   RO          184    .text               error.o
    0x00000878   0x0000002c   Code   RO          200    .text               mutex.o
    0x000008a4   0x0000049c   Code   RO          213    .text               hardware_setup.o
    0x00000d40   0x0000028c   Code   RO          225    .text               software_setup.o
    0x00000fcc   0x00000340   Code   RO          241    .text               can_setup.o
    0x0000130c   0x000000f8   Code   RO          257    .text               interrupts.o
    0x00001404   0x000002e4   Code   RO          269    .text               data_nexus.o
    0x000016e8   0x00000014   Code   RO          287    .text               retarget.o
    0x000016fc   0x0000008c   Code   RO          309    .text               heartbeat.o
    0x00001788   0x00000234   Code   RO          323    .text               abs_enc.o
    0x000019bc   0x00000260   Code   RO          338    .text               mcu_led.o
    0x00001c1c   0x0000035c   Code   RO          353    .text               adc_internal.o
    0x00001f78   0x000008f8   Code   RO          369    .text               motor_controller.o
    0x00002870   0x00000058   Code   RO          385    .text               uart.o
    0x000028c8   0x000002c4   Code   RO          397    .text               uart_int.o
    0x00002b8c   0x00000478   Code   RO          413    .text               adc_external.o
    0x00003004   0x00000ae8   Code   RO          429    .text               qdc.o
    0x00003aec   0x00001394   Code   RO          449    .text               can.o
    0x00004e80   0x000002e4   Code   RO          471    .text               can_types.o
    0x00005164   0x0000003c   Code   RO          486    .text               idiv.o(mc_4.l)
    0x000051a0   0x000000a8   Code   RO          488    .text               ldiv.o(mc_4.l)
    0x00005248   0x00000028   Code   RO          490    .text               llshl.o(mc_4.l)
    0x00005270   0x00000028   Code   RO          492    .text               llsshr.o(mc_4.l)
    0x00005298   0x000000e8   Code   RO          755    .text               fadd.o(mf_4.l)
    0x00005380   0x00000088   Code   RO          757    .text               fmul.o(mf_4.l)
    0x00005408   0x0000008c   Code   RO          759    .text               fdiv.o(mf_4.l)
    0x00005494   0x0000000c   Code   RO          761    .text               fscalb.o(mf_4.l)
    0x000054a0   0x0000029c   Code   RO          763    .text               dadd.o(mf_4.l)
    0x0000573c   0x00000168   Code   RO          765    .text               dmul.o(mf_4.l)
    0x000058a4   0x0000017c   Code   RO          767    .text               ddiv.o(mf_4.l)
    0x00005a20   0x0000001c   Code   RO          769    .text               fflti.o(mf_4.l)
    0x00005a3c   0x00000010   Code   RO          771    .text               ffltui.o(mf_4.l)
    0x00005a4c   0x00000040   Code   RO          773    .text               ffixi.o(mf_4.l)
    0x00005a8c   0x00000034   Code   RO          775    .text               ffixui.o(mf_4.l)
    0x00005ac0   0x0000007c   Code   RO          777    .text               dfixi.o(mf_4.l)
    0x00005b3c   0x00000038   Code   RO          779    .text               f2d.o(mf_4.l)
    0x00005b74   0x0000005c   Code   RO          781    .text               d2f.o(mf_4.l)
    0x00005bd0   0x0000003c   Code   RO          787    .text               uidiv.o(mc_4.l)
    0x00005c0c   0x00000090   Code   RO          789    .text               uldiv.o(mc_4.l)
    0x00005c9c   0x00000024   Code   RO          791    .text               llushr.o(mc_4.l)
    0x00005cc0   0x00000000   Code   RO          793    .text               iusefp.o(mc_4.l)
    0x00005cc0   0x0000006c   Code   RO          794    .text               fepilogue.o(mf_4.l)
    0x00005d2c   0x00000124   Code   RO          796    .text               depilogue.o(mf_4.l)
    0x00005e50   0x0000004c   Code   RO          798    .text               dfixul.o(mf_4.l)
    0x00005e9c   0x00000070   Code   RO          800    .text               cdrcmple.o(mf_4.l)
    0x00005f0c   0x00000030   Code   RO          802    .text               init.o(mc_4.l)
    0x00005f3c   0x00000070   Code   RO          812    .text               __dczerorl2.o(mc_4.l)
    0x00005fac   0x00000004   PAD
    0x00005fb0   0x00000164   Code   RO          445    FIQ_HANDLER         qdc_2x_fiq_handler.o
    0x00006114   0x0000002c   Code   RO          727    i.__0printf         printfa.o(mc_4.l)
    0x00006140   0x0000003c   Code   RO          729    i.__0sprintf        printfa.o(mc_4.l)
    0x0000617c   0x00000044   Code   RO          465    i.__ARM_common_memcpy1_8_arm  can.o
    0x000061c0   0x00000018   Code   RO          806    i.__scatterload_copy  handlers.o(mc_4.l)
    0x000061d8   0x00000004   Code   RO          807    i.__scatterload_null  handlers.o(mc_4.l)
    0x000061dc   0x00000018   Code   RO          808    i.__scatterload_zeroinit  handlers.o(mc_4.l)
    0x000061f4   0x00000264   Code   RO          734    i._fp_digits        printfa.o(mc_4.l)
    0x00006458   0x00000aa4   Code   RO          735    i._printf_core      printfa.o(mc_4.l)
    0x00006efc   0x00000044   Code   RO          736    i._printf_post_padding  printfa.o(mc_4.l)
    0x00006f40   0x00000050   Code   RO          737    i._printf_pre_padding  printfa.o(mc_4.l)
    0x00006f90   0x00000014   Code   RO          739    i._sputc            printfa.o(mc_4.l)
    0x00006fa4   0x00000044   Data   RO          226    .constdata          software_setup.o
    0x00006fe8   0x00000020   Data   RO          804    Region$$Table       anon$$obj.o


    Execution Region RW_IRAM1 (Base: 0x40000000, Size: 0x00001940, Max: 0x00003000, ABSOLUTE, COMPRESSED[0x0000003c])

    Base Addr    Size         Type   Attr      Idx    E Section Name        Object

    0x40000000   0x00000004   Data   RW            2    .data               main.o
    0x40000004   0x00000008   Data   RW          155    .data               utility.o
    0x4000000c   0x00000020   Data   RW          171    .data               async_scheduler.o
    0x4000002c   0x00000020   Data   RW          186    .data               error.o
    0x4000004c   0x00000002   Data   RW          227    .data               software_setup.o
    0x4000004e   0x00000002   PAD
    0x40000050   0x00000010   Data   RW          271    .data               data_nexus.o
    0x40000060   0x00000004   Data   RW          288    .data               retarget.o
    0x40000064   0x00000018   Data   RW          310    .data               heartbeat.o
    0x4000007c   0x00000002   Data   RW          325    .data               abs_enc.o
    0x4000007e   0x00000002   PAD
    0x40000080   0x0000000c   Data   RW          339    .data               mcu_led.o
    0x4000008c   0x00000010   Data   RW          355    .data               adc_internal.o
    0x4000009c   0x00000060   Data   RW          371    .data               motor_controller.o
    0x400000fc   0x00000018   Data   RW          399    .data               uart_int.o
    0x40000114   0x00000014   Data   RW          415    .data               adc_external.o
    0x40000128   0x00000030   Data   RW          431    .data               qdc.o
    0x40000158   0x0000003c   Data   RW          451    .data               can.o
    0x40000194   0x00000004   PAD
    0x40000198   0x00000218   Zero   RW          185    .bss                error.o
    0x400003b0   0x0000035c   Zero   RW          242    .bss                can_setup.o
    0x4000070c   0x00000032   Zero   RW          270    .bss                data_nexus.o
    0x4000073e   0x00000002   PAD
    0x40000740   0x00000020   Zero   RW          324    .bss                abs_enc.o
    0x40000760   0x00000030   Zero   RW          354    .bss                adc_internal.o
    0x40000790   0x0000005c   Zero   RW          370    .bss                motor_controller.o
    0x400007ec   0x00000064   Zero   RW          398    .bss                uart_int.o
    0x40000850   0x00000040   Zero   RW          414    .bss                adc_external.o
    0x40000890   0x00000284   Zero   RW          430    .bss                qdc.o
    0x40000b14   0x00000620   Zero   RW          450    .bss                can.o
    0x40001134   0x00000004   PAD
    0x40001138   0x00000808   Zero   RW          148    STACK               startup.o


==============================================================================

Image component sizes


      Code (inc. data)   RO Data    RW Data    ZI Data      Debug   Object Name

       564         16          0          2         32       2838   abs_enc.o
      1144         12          0         20         64       4983   adc_external.o
       860         12          0         16         48       3692   adc_internal.o
       312          4          0         32          0       2483   async_scheduler.o
      5156         84          0         60       1568      13641   can.o
       832        140          0          0        860       3403   can_setup.o
       740          8          0          0          0       5272   can_types.o
       740         44          0         16         50       5859   data_nexus.o
      1024         24          0         32        536       4599   error.o
      1180          4          0          0          0       1099   hardware_setup.o
       140          4          0         24          0       2031   heartbeat.o
       248         28          0          0          0        530   interrupts.o
       124         20          0          4          0      16245   main.o
       608          4          0         12          0       3862   mcu_led.o
      2296         12          0         96         92       8670   motor_controller.o
        44          0          0          0          0       1436   mutex.o
      2792         32          0         48        644       7618   qdc.o
       356          4          0          0          0        456   qdc_2x_fiq_handler.o
        20          0          0          4          0       2600   retarget.o
       652         44         68          2          0       1692   software_setup.o
       276         52          0          0       2056        324   startup.o
        88          0          0          0          0        758   uart.o
       708         44          0         24        100       3441   uart_int.o
       332          4          0          8          0       4318   utility.o

    ----------------------------------------------------------------------
     21236        596        100        404       6060     101850   Object Totals
         0          0         32          0          0          0   (incl. Generated)
         0          0          0          4         10          0   (incl. Padding)

    ----------------------------------------------------------------------

      Code (inc. data)   RO Data    RW Data    ZI Data      Debug   Library Member Name

       112          0          0          0          0          0   __dczerorl2.o
       112          0          0          0          0         68   cdrcmple.o
        92          0          0          0          0         96   d2f.o
       668          0          0          0          0        180   dadd.o
       380          0          0          0          0         96   ddiv.o
       292          4          0          0          0        136   depilogue.o
       124          8          0          0          0         80   dfixi.o
        76          8          0          0          0         68   dfixul.o
       360          0          0          0          0         96   dmul.o
         0          0          0          0          0          0   entry.o
         8          4          0          0          0          0   entry2.o
         4          0          0          0          0          0   entry5.o
        12          4          0          0          0          0   entry7.o
        56          0          0          0          0         68   f2d.o
       232          0          0          0          0        128   fadd.o
       140          0          0          0          0         80   fdiv.o
       108          0          0          0          0        132   fepilogue.o
        64          0          0          0          0         68   ffixi.o
        52          0          0          0          0         68   ffixui.o
        28          0          0          0          0         68   fflti.o
        16          0          0          0          0         68   ffltui.o
       136          0          0          0          0         68   fmul.o
        12          0          0          0          0         68   fscalb.o
        52          0          0          0          0          0   handlers.o
        60          0          0          0          0         80   idiv.o
        48          8          0          0          0         68   init.o
         0          0          0          0          0          0   iusefp.o
       168          0          0          0          0         88   ldiv.o
        40          0          0          0          0         68   llshl.o
        40          0          0          0          0         68   llsshr.o
        36          0          0          0          0         68   llushr.o
      3608        108          0          0          0        592   printfa.o
        60          0          0          0          0         72   uidiv.o
       144          0          0          0          0         88   uldiv.o

    ----------------------------------------------------------------------
      7344        144          0          0          0       2828   Library Totals
         4          0          0          0          0          0   (incl. Padding)

    ----------------------------------------------------------------------

      Code (inc. data)   RO Data    RW Data    ZI Data      Debug   Library Name

      4392        124          0          0          0       1192   mc_4.l
      2948         20          0          0          0       1636   mf_4.l

    ----------------------------------------------------------------------
      7344        144          0          0          0       2828   Library Totals

    ----------------------------------------------------------------------

==============================================================================


      Code (inc. data)   RO Data    RW Data    ZI Data      Debug   

     28580        740        100        404       6060     100228   Grand Totals
     28580        740        100         60       6060     100228   ELF Image Totals (compressed)
     28580        740        100         60          0          0   ROM Totals

==============================================================================

    Total RO  Size (Code + RO Data)                28680 (  28.01kB)
    Total RW  Size (RW Data + ZI Data)              6464 (   6.31kB)
    Total ROM Size (Code + RO Data + RW Data)      28740 (  28.07kB)

==============================================================================

