<html>
<body>
<pre>
<h1>µVision3 Build Log</h1>
<h2>Project:</h2>
C:\Documents and Settings\Robot Admin\My Documents\SVN\Trunk\Ranger\Control\B10A_CAN_Router\current\keil_framework_2194.uv2
Project File Date:  03/04/2011

<h2>Output:</h2>
Build target 'MCB2100 Flash'
assembling Startup.s...
compiling main.c...
compiling hardware_setup.c...
compiling software_setup.c...
src\software_setup.c(98): warning:  #167-D: argument of type "unsigned long (*)(void)" is incompatible with parameter of type "INT_VOID_F"
src\software_setup.c(99): warning:  #167-D: argument of type "unsigned long (*)(void)" is incompatible with parameter of type "INT_VOID_F"
compiling B10A_router_leds.c...
compiling data_nexus.c...
compiling heartbeat.c...
compiling can_types.c...
compiling utility.c...
compiling async_scheduler.c...
compiling error.c...
compiling mutex.c...
compiling csr_ssp.c...
..\..\..\..\Robot_Nervous_System\LPC2xxx_Modules\mod_can_ssp_router2\csr_ssp.c(53): warning:  #550-D: variable "dummy" was set but never used
compiling csr_clock.c...
compiling csr_router.c...
compiling csr_can_tx.c...
compiling can_ring.c...
linking...
Program Size: Code=15860 RO-data=120 RW-data=224 ZI-data=6208  
FromELF: creating hex file...
".\Flash\keil_framework_2194.axf" - 0 Error(s), 3 Warning(s).
