<html>
<body>
<pre>
<h1>µVision3 Build Log</h1>
<h2>Project:</h2>
C:\Documents and Settings\Robot Admin\My Documents\SVN\Trunk\Ranger\Control\B8A_UI_Board\current\keil_framework_2194.uv2
Project File Date:  12/23/2012

<h2>Output:</h2>
Build target 'LPC2194/01'
assembling Startup.s...
compiling async_scheduler.c...
compiling error.c...
compiling mutex.c...
compiling utility.c...
compiling main.c...
compiling data_nexus.c...
compiling Retarget.c...
compiling interrupts.c...
compiling hardware_setup.c...
compiling software_setup.c...
src\software_setup.c(137): warning:  #177-D: variable "song_count" was declared but never referenced
compiling can_setup.c...
compiling heartbeat.c...
compiling can_types.c...
compiling ui_led.c...
compiling button.c...
compiling buzzer.c...
compiling lcd.c...
compiling microstrain_imu.c...
compiling mcu_led.c...
compiling ui_sync_led.c...
compiling rc_receive.c...
compiling can.c...
compiling song.c...
linking...
Program Size: Code=26280 RO-data=312 RW-data=668 ZI-data=9116  
FromELF: creating hex file...
".\Flash\keil_framework_2194.axf" - 0 Error(s), 1 Warning(s).
