ARM Linker, RVCT4.0 [Build 524] for uVision [Standard]

==============================================================================

Section Cross References

    startup.o(RESET) refers to interrupts.o(.text) for FIQ_Handler
    startup.o(RESET) refers to startup.o(STACK) for Stack_Top
    startup.o(RESET) refers to entry.o(.ARM.Collect$$$$00000000) for __main
    async_scheduler.o(.text) refers to error.o(.text) for error_occurred
    async_scheduler.o(.text) refers to async_scheduler.o(.data) for .data
    error.o(.text) refers to mutex.o(.text) for mutex_check
    error.o(.text) refers to error.o(.bss) for .bss
    error.o(.text) refers to error.o(.data) for .data
    error.o(.data) refers to utility.o(.text) for voidvoid
    utility.o(.text) refers to fscalb.o(.text) for __ARM_scalbnf
    utility.o(.text) refers to ffixi.o(.text) for __aeabi_f2iz
    utility.o(.text) refers to fflti.o(.text) for __aeabi_i2f
    utility.o(.text) refers to error.o(.text) for error_occurred
    utility.o(.text) refers to utility.o(.data) for .data
    utility.o(.data) refers to utility.o(.text) for voidint
    main.o(.text) refers to hardware_setup.o(.text) for init_hardware
    main.o(.text) refers to software_setup.o(.text) for init_software
    main.o(.text) refers to can_setup.o(.text) for init_can
    main.o(.text) refers to interrupts.o(.text) for init_interrupts
    main.o(.text) refers to async_scheduler.o(.text) for asched_run
    main.o(.text) refers to main.o(.data) for .data
    data_nexus.o(.text) refers to mcu_led.o(.text) for mcu_led_blue_blink
    data_nexus.o(.text) refers to can.o(.text) for can_transmit
    data_nexus.o(.text) refers to async_scheduler.o(.text) for asched_tick
    data_nexus.o(.text) refers to error.o(.text) for error_get_info
    data_nexus.o(.text) refers to printf6.o(i.__0sprintf$6) for __2sprintf
    data_nexus.o(.text) refers to lcd.o(.text) for lcd_print
    data_nexus.o(.text) refers to can_setup.o(.bss) for tx_fd_error
    data_nexus.o(.text) refers to microstrain_imu.o(.text) for msimu_get_data_float
    data_nexus.o(.text) refers to ui_led.o(.text) for ui_led_rgb
    data_nexus.o(.text) refers to button.o(.text) for button_pushed
    data_nexus.o(.text) refers to buzzer.o(.text) for buzzer_set_frequency
    data_nexus.o(.text) refers to song.o(.text) for song_play
    data_nexus.o(.text) refers to ffltui.o(.text) for __aeabi_ui2f
    data_nexus.o(.text) refers to fmul.o(.text) for __aeabi_fmul
    data_nexus.o(.text) refers to data_nexus.o(.data) for .data
    interrupts.o(.text) refers to can.o(.text) for can_rx2_isr
    interrupts.o(.text) refers to lcd.o(.text) for lcd_isr
    interrupts.o(.text) refers to rc_receive.o(.text) for rcx_isr
    interrupts.o(.text) refers to microstrain_imu.o(.text) for msimu_isr
    hardware_setup.o(.text) refers to mcu_led.o(.text) for mcu_led_all_off
    software_setup.o(.text) refers to can.o(.text) for can_rx_dispatch_all
    software_setup.o(.text) refers to heartbeat.o(.text) for hb_beat
    software_setup.o(.text) refers to mcu_led.o(.text) for mcu_led_update
    software_setup.o(.text) refers to microstrain_imu.o(.text) for msimu_update
    software_setup.o(.text) refers to error.o(.text) for error_update
    software_setup.o(.text) refers to button.o(.text) for button_pushed
    software_setup.o(.text) refers to ui_sync_led.o(.text) for ui_sync_led_flash
    software_setup.o(.text) refers to song.o(.text) for song_update
    software_setup.o(.text) refers to can_setup.o(.text) for can_tx_buttons
    software_setup.o(.text) refers to async_scheduler.o(.text) for asched_init
    software_setup.o(.text) refers to ui_led.o(.text) for ui_led_init
    software_setup.o(.text) refers to lcd.o(.text) for lcd_init
    software_setup.o(.text) refers to rc_receive.o(.text) for rcx_init
    software_setup.o(.text) refers to software_setup.o(.data) for .data
    software_setup.o(.text) refers to data_nexus.o(.text) for dn_error_transmit
    software_setup.o(.data) refers to software_setup.o(.text) for task_every_row
    software_setup.o(.data) refers to can_setup.o(.text) for can_tx_roll
    software_setup.o(.data) refers to data_nexus.o(.text) for dn_sched_done
    can_setup.o(.text) refers to can_types.o(.text) for can_set_rx_descriptor_fi
    can_setup.o(.text) refers to can.o(.text) for can_rx_set_descriptors
    can_setup.o(.text) refers to can_setup.o(.bss) for .bss
    can_setup.o(.text) refers to data_nexus.o(.text) for dn_rx_timestamp
    can_setup.o(.text) refers to error.o(.text) for error_get_time
    can_setup.o(.text) refers to async_scheduler.o(.text) for asched_get_timestamp
    can_setup.o(.text) refers to rc_receive.o(.text) for rcx_get_chan_0
    heartbeat.o(.text) refers to heartbeat.o(.data) for .data
    heartbeat.o(.data) refers to utility.o(.text) for voidvoid
    button.o(.text) refers to error.o(.text) for error_occurred
    buzzer.o(.text) refers to idiv.o(.text) for __aeabi_idivmod
[...]
    printf5.o(i.__0vfprintf$5) refers to retarget.o(.text) for fputc
    printf5.o(i.__0vprintf$5) refers to printf5.o(i._printf_core) for _printf_core
    printf5.o(i.__0vprintf$5) refers to retarget.o(.text) for fputc
    printf5.o(i.__0vprintf$5) refers to retarget.o(.data) for __stdout
    printf5.o(i.__0vsnprintf$5) refers to printf5.o(i._printf_core) for _printf_core
    printf5.o(i.__0vsnprintf$5) refers to printf5.o(i._snputc) for _snputc
    printf5.o(i.__0vsprintf$5) refers to printf5.o(i._printf_core) for _printf_core
    printf5.o(i.__0vsprintf$5) refers to printf5.o(i._sputc) for _sputc
    printf5.o(i._printf_core) refers to uldiv.o(.text) for __aeabi_uldivmod
    printf6.o(i.__0fprintf$6) refers to printf6.o(i._printf_core) for _printf_core
    printf6.o(i.__0fprintf$6) refers to retarget.o(.text) for fputc
    printf6.o(i.__0printf$6) refers to printf6.o(i._printf_core) for _printf_core
    printf6.o(i.__0printf$6) refers to retarget.o(.text) for fputc
    printf6.o(i.__0printf$6) refers to retarget.o(.data) for __stdout
    printf6.o(i.__0snprintf$6) refers to printf6.o(i._printf_core) for _printf_core
    printf6.o(i.__0snprintf$6) refers to printf6.o(i._snputc) for _snputc
    printf6.o(i.__0sprintf$6) refers to printf6.o(i._printf_core) for _printf_core
    printf6.o(i.__0sprintf$6) refers to printf6.o(i._sputc) for _sputc
    printf6.o(i.__0vfprintf$6) refers to printf6.o(i._printf_core) for _printf_core
    printf6.o(i.__0vfprintf$6) refers to retarget.o(.text) for fputc
    printf6.o(i.__0vprintf$6) refers to printf6.o(i._printf_core) for _printf_core
    printf6.o(i.__0vprintf$6) refers to retarget.o(.text) for fputc
    printf6.o(i.__0vprintf$6) refers to retarget.o(.data) for __stdout
    printf6.o(i.__0vsnprintf$6) refers to printf6.o(i._printf_core) for _printf_core
    printf6.o(i.__0vsnprintf$6) refers to printf6.o(i._snputc) for _snputc
    printf6.o(i.__0vsprintf$6) refers to printf6.o(i._printf_core) for _printf_core
    printf6.o(i.__0vsprintf$6) refers to printf6.o(i._sputc) for _sputc
    printf6.o(i._printf_core) refers to printf6.o(i._printf_pre_padding) for _printf_pre_padding
    printf6.o(i._printf_core) refers to uidiv.o(.text) for __aeabi_uidivmod
    printf6.o(i._printf_core) refers to printf6.o(i._printf_post_padding) for _printf_post_padding
    printf7.o(i.__0fprintf$7) refers to printf7.o(i._printf_core) for _printf_core
    printf7.o(i.__0fprintf$7) refers to retarget.o(.text) for fputc
    printf7.o(i.__0printf$7) refers to printf7.o(i._printf_core) for _printf_core
    printf7.o(i.__0printf$7) refers to retarget.o(.text) for fputc
    printf7.o(i.__0printf$7) refers to retarget.o(.data) for __stdout
    printf7.o(i.__0snprintf$7) refers to printf7.o(i._printf_core) for _printf_core
    printf7.o(i.__0snprintf$7) refers to printf7.o(i._snputc) for _snputc
    printf7.o(i.__0sprintf$7) refers to printf7.o(i._printf_core) for _printf_core
    printf7.o(i.__0sprintf$7) refers to printf7.o(i._sputc) for _sputc
    printf7.o(i.__0vfprintf$7) refers to printf7.o(i._printf_core) for _printf_core
    printf7.o(i.__0vfprintf$7) refers to retarget.o(.text) for fputc
    printf7.o(i.__0vprintf$7) refers to printf7.o(i._printf_core) for _printf_core
    printf7.o(i.__0vprintf$7) refers to retarget.o(.text) for fputc
    printf7.o(i.__0vprintf$7) refers to retarget.o(.data) for __stdout
    printf7.o(i.__0vsnprintf$7) refers to printf7.o(i._printf_core) for _printf_core
    printf7.o(i.__0vsnprintf$7) refers to printf7.o(i._snputc) for _snputc
    printf7.o(i.__0vsprintf$7) refers to printf7.o(i._printf_core) for _printf_core
    printf7.o(i.__0vsprintf$7) refers to printf7.o(i._sputc) for _sputc
    printf7.o(i._printf_core) refers to printf7.o(i._printf_pre_padding) for _printf_pre_padding
    printf7.o(i._printf_core) refers to uldiv.o(.text) for __aeabi_uldivmod
    printf7.o(i._printf_core) refers to printf7.o(i._printf_post_padding) for _printf_post_padding
    printf8.o(i.__0fprintf$8) refers to printf8.o(i._printf_core) for _printf_core
    printf8.o(i.__0fprintf$8) refers to retarget.o(.text) for fputc
    printf8.o(i.__0printf$8) refers to printf8.o(i._printf_core) for _printf_core
    printf8.o(i.__0printf$8) refers to retarget.o(.text) for fputc
    printf8.o(i.__0printf$8) refers to retarget.o(.data) for __stdout
    printf8.o(i.__0snprintf$8) refers to printf8.o(i._printf_core) for _printf_core
    printf8.o(i.__0snprintf$8) refers to printf8.o(i._snputc) for _snputc
    printf8.o(i.__0sprintf$8) refers to printf8.o(i._printf_core) for _printf_core
    printf8.o(i.__0sprintf$8) refers to printf8.o(i._sputc) for _sputc
    printf8.o(i.__0vfprintf$8) refers to printf8.o(i._printf_core) for _printf_core
    printf8.o(i.__0vfprintf$8) refers to retarget.o(.text) for fputc
    printf8.o(i.__0vprintf$8) refers to printf8.o(i._printf_core) for _printf_core
    printf8.o(i.__0vprintf$8) refers to retarget.o(.text) for fputc
    printf8.o(i.__0vprintf$8) refers to retarget.o(.data) for __stdout
    printf8.o(i.__0vsnprintf$8) refers to printf8.o(i._printf_core) for _printf_core
    printf8.o(i.__0vsnprintf$8) refers to printf8.o(i._snputc) for _snputc
    printf8.o(i.__0vsprintf$8) refers to printf8.o(i._printf_core) for _printf_core
    printf8.o(i.__0vsprintf$8) refers to printf8.o(i._sputc) for _sputc
    printf8.o(i._printf_core) refers to printf8.o(i._printf_pre_padding) for _printf_pre_padding
    printf8.o(i._printf_core) refers to uldiv.o(.text) for __aeabi_uldivmod
    printf8.o(i._printf_core) refers to printf8.o(i._printf_post_padding) for _printf_post_padding
    printfa.o(i.__0fprintf) refers (Special) to iusefp.o(.text) for __I$use$fp
    printfa.o(i.__0fprintf) refers to printfa.o(i._printf_core) for _printf_core
    printfa.o(i.__0fprintf) refers to retarget.o(.text) for fputc
    printfa.o(i.__0printf) refers (Special) to iusefp.o(.text) for __I$use$fp
    printfa.o(i.__0printf) refers to printfa.o(i._printf_core) for _printf_core
    printfa.o(i.__0printf) refers to retarget.o(.text) for fputc
    printfa.o(i.__0printf) refers to retarget.o(.data) for __stdout
    printfa.o(i.__0snprintf) refers (Special) to iusefp.o(.text) for __I$use$fp
    printfa.o(i.__0snprintf) refers to printfa.o(i._printf_core) for _printf_core
    printfa.o(i.__0snprintf) refers to printfa.o(i._snputc) for _snputc
    printfa.o(i.__0sprintf) refers (Special) to iusefp.o(.text) for __I$use$fp
    printfa.o(i.__0sprintf) refers to printfa.o(i._printf_core) for _printf_core
    printfa.o(i.__0sprintf) refers to printfa.o(i._sputc) for _sputc
    printfa.o(i.__0vfprintf) refers (Special) to iusefp.o(.text) for __I$use$fp
    printfa.o(i.__0vfprintf) refers to printfa.o(i._printf_core) for _printf_core
    printfa.o(i.__0vfprintf) refers to retarget.o(.text) for fputc
    printfa.o(i.__0vprintf) refers (Special) to iusefp.o(.text) for __I$use$fp
    printfa.o(i.__0vprintf) refers to printfa.o(i._printf_core) for _printf_core
    printfa.o(i.__0vprintf) refers to retarget.o(.text) for fputc
    printfa.o(i.__0vprintf) refers to retarget.o(.data) for __stdout
    printfa.o(i.__0vsnprintf) refers (Special) to iusefp.o(.text) for __I$use$fp
    printfa.o(i.__0vsnprintf) refers to printfa.o(i._printf_core) for _printf_core
    printfa.o(i.__0vsnprintf) refers to printfa.o(i._snputc) for _snputc
    printfa.o(i.__0vsprintf) refers (Special) to iusefp.o(.text) for __I$use$fp
    printfa.o(i.__0vsprintf) refers to printfa.o(i._printf_core) for _printf_core
    printfa.o(i.__0vsprintf) refers to printfa.o(i._sputc) for _sputc
    printfa.o(i._fp_digits) refers (Special) to iusefp.o(.text) for __I$use$fp
    printfa.o(i._fp_digits) refers to dmul.o(.text) for __aeabi_dmul
    printfa.o(i._fp_digits) refers to ddiv.o(.text) for __aeabi_ddiv
    printfa.o(i._fp_digits) refers to cdrcmple.o(.text) for __aeabi_cdrcmple
    printfa.o(i._fp_digits) refers to dadd.o(.text) for __aeabi_dadd
    printfa.o(i._fp_digits) refers to dfixul.o(.text) for __aeabi_d2ulz
    printfa.o(i._fp_digits) refers to uldiv.o(.text) for __aeabi_uldivmod
    printfa.o(i._printf_core) refers (Special) to iusefp.o(.text) for __I$use$fp
    printfa.o(i._printf_core) refers to printfa.o(i._printf_pre_padding) for _printf_pre_padding
    printfa.o(i._printf_core) refers to uldiv.o(.text) for __aeabi_uldivmod
    printfa.o(i._printf_core) refers to printfa.o(i._printf_post_padding) for _printf_post_padding
    printfa.o(i._printf_core) refers to printfa.o(i._fp_digits) for _fp_digits
    printfa.o(i._printf_core) refers to uidiv.o(.text) for __aeabi_uidivmod
    printfa.o(i._printf_post_padding) refers (Special) to iusefp.o(.text) for __I$use$fp
    printfa.o(i._printf_pre_padding) refers (Special) to iusefp.o(.text) for __I$use$fp
    printfa.o(i._snputc) refers (Special) to iusefp.o(.text) for __I$use$fp
    printfa.o(i._sputc) refers (Special) to iusefp.o(.text) for __I$use$fp
    fadd.o(.text) refers (Special) to iusefp.o(.text) for __I$use$fp
    fadd.o(.text) refers to fepilogue.o(.text) for _float_epilogue
    fmul.o(.text) refers (Special) to iusefp.o(.text) for __I$use$fp
    fscalb.o(.text) refers (Special) to iusefp.o(.text) for __I$use$fp
    dadd.o(.text) refers (Special) to iusefp.o(.text) for __I$use$fp
    dadd.o(.text) refers to llushr.o(.text) for __aeabi_llsr
    dadd.o(.text) refers to llshl.o(.text) for __aeabi_llsl
    dadd.o(.text) refers to depilogue.o(.text) for _double_epilogue
    dmul.o(.text) refers (Special) to iusefp.o(.text) for __I$use$fp
    dmul.o(.text) refers to depilogue.o(.text) for _double_epilogue
    ddiv.o(.text) refers (Special) to iusefp.o(.text) for __I$use$fp
    ddiv.o(.text) refers to depilogue.o(.text) for _double_epilogue
    fflti.o(.text) refers (Special) to iusefp.o(.text) for __I$use$fp
    fflti.o(.text) refers to fepilogue.o(.text) for _float_epilogue
    ffltui.o(.text) refers (Special) to iusefp.o(.text) for __I$use$fp
    ffltui.o(.text) refers to fepilogue.o(.text) for _float_epilogue
    dflti.o(.text) refers (Special) to iusefp.o(.text) for __I$use$fp
    dflti.o(.text) refers to depilogue.o(.text) for _double_epilogue
    ffixi.o(.text) refers (Special) to iusefp.o(.text) for __I$use$fp
    dfixi.o(.text) refers (Special) to iusefp.o(.text) for __I$use$fp
    dfixi.o(.text) refers to llushr.o(.text) for __aeabi_llsr
    f2d.o(.text) refers (Special) to iusefp.o(.text) for __I$use$fp
    d2f.o(.text) refers (Special) to iusefp.o(.text) for __I$use$fp
    d2f.o(.text) refers to fepilogue.o(.text) for _float_epilogue
    cfrcmple.o(.text) refers (Special) to iusefp.o(.text) for __I$use$fp
    cos_i.o(i.__kernel_cos) refers (Special) to iusefp.o(.text) for __I$use$fp
    cos_i.o(i.__kernel_cos) refers to dfixi.o(.text) for __aeabi_d2iz
    cos_i.o(i.__kernel_cos) refers to dmul.o(.text) for __aeabi_dmul
    cos_i.o(i.__kernel_cos) refers to poly.o(i.__kernel_poly) for __kernel_poly
    cos_i.o(i.__kernel_cos) refers to dadd.o(.text) for __aeabi_dsub
    cos_i.o(i.__kernel_cos) refers to dscalb.o(.text) for __ARM_scalbn
    cos_i.o(i.__kernel_cos) refers to cos_i.o(.constdata) for .constdata
    cos_i.o(.constdata) refers (Special) to iusefp.o(.text) for __I$use$fp
    rred.o(i.__ieee754_rem_pio2) refers (Special) to iusefp.o(.text) for __I$use$fp
    rred.o(i.__ieee754_rem_pio2) refers to dadd.o(.text) for __aeabi_dsub
    rred.o(i.__ieee754_rem_pio2) refers to dmul.o(.text) for __aeabi_dmul
    rred.o(i.__ieee754_rem_pio2) refers to dfixi.o(.text) for __aeabi_d2iz
    rred.o(i.__ieee754_rem_pio2) refers to dflti.o(.text) for __aeabi_i2d
    rred.o(i.__ieee754_rem_pio2) refers to uidiv.o(.text) for __aeabi_uidivmod
    rred.o(i.__ieee754_rem_pio2) refers to rred.o(.constdata) for .constdata
    rred.o(i.__ieee754_rem_pio2) refers to drem.o(.text) for _drem
    rred.o(i.__ieee754_rem_pio2) refers to ddiv.o(.text) for __aeabi_ddiv
    rred.o(i.__ieee754_rem_pio2) refers to dscalb.o(.text) for __ARM_scalbn
    rred.o(.constdata) refers (Special) to iusefp.o(.text) for __I$use$fp
    sin_i.o(i.__kernel_sin) refers (Special) to iusefp.o(.text) for __I$use$fp
    sin_i.o(i.__kernel_sin) refers to dfixi.o(.text) for __aeabi_d2iz
    sin_i.o(i.__kernel_sin) refers to dmul.o(.text) for __aeabi_dmul
    sin_i.o(i.__kernel_sin) refers to poly.o(i.__kernel_poly) for __kernel_poly
    sin_i.o(i.__kernel_sin) refers to dadd.o(.text) for __aeabi_dadd
    sin_i.o(i.__kernel_sin) refers to dscalb.o(.text) for __ARM_scalbn
    sin_i.o(i.__kernel_sin) refers to sin_i.o(.constdata) for .constdata
    sin_i.o(.constdata) refers (Special) to iusefp.o(.text) for __I$use$fp
    entry2.o(.ARM.Collect$$$$00000001) refers to entry2.o(.ARM.Collect$$$$00002712) for __lit__00000000
    entry2.o(.ARM.Collect$$$$00002712) refers to startup.o(STACK) for __initial_sp
    entry5.o(.ARM.Collect$$$$00000004) refers to init.o(.text) for __scatterload
    entry7.o(.ARM.Collect$$$$00000007) refers to main.o(.text) for main
    uldiv.o(.text) refers to llushr.o(.text) for __aeabi_llsr
    uldiv.o(.text) refers to llshl.o(.text) for __aeabi_llsl
    errno.o(i.__aeabi_errno_addr) refers to errno.o(.data) for .data
    errno.o(i.__read_errno) refers to errno.o(.data) for .data
    errno.o(i.__set_errno) refers to errno.o(.data) for .data
    dfixul.o(.text) refers to llshl.o(.text) for __aeabi_llsl
    dfixul.o(.text) refers to llushr.o(.text) for __aeabi_llsr
    poly.o(i.__kernel_poly) refers (Special) to iusefp.o(.text) for __I$use$fp
    poly.o(i.__kernel_poly) refers to dmul.o(.text) for __aeabi_dmul
    poly.o(i.__kernel_poly) refers to dadd.o(.text) for __aeabi_dadd
    init.o(.text) refers to entry5.o(.ARM.Collect$$$$00000004) for __main_after_scatterload
    drem.o(.text) refers to depilogue.o(.text) for _double_epilogue


==============================================================================

Removing Unused input sections from the image.

    Removing startup.o(HEAP), (0 bytes).
    Removing data_nexus.o(.data), (4 bytes).
    Removing retarget.o(.text), (24 bytes).
    Removing retarget.o(.data), (4 bytes).
    Removing interrupts.o(.bss), (128 bytes).
    Removing interrupts.o(.bss), (128 bytes).
    Removing interrupts.o(.data), (4 bytes).
    Removing software_setup.o(.data), (4 bytes).
    Removing software_setup.o(.data), (888 bytes).
    Removing lcd.o(.data), (4 bytes).
    Removing dfixul.o(.text), (76 bytes).
    Removing cdrcmple.o(.text), (112 bytes).

12 unused section(s) (total 1376 bytes) removed from the image.

==============================================================================

Image Symbol Table

    Local Symbols

    Symbol Name                              Value     Ov Type        Size  Object(Section)

    RESET                                    0x00000000   Section      276  startup.o(RESET)
    ../../../cmprslib/zerorunl2.c            0x00000000   Number         0  __dczerorl2.o ABSOLUTE
    ../../cos_i.c                            0x00000000   Number         0  cos_i.o ABSOLUTE
    ../../microlib/d2f.c                     0x00000000   Number         0  d2f.o ABSOLUTE
    ../../microlib/division.c                0x00000000   Number         0  uldiv.o ABSOLUTE
    ../../microlib/division.c                0x00000000   Number         0  idiv.o ABSOLUTE
    ../../microlib/division.c                0x00000000   Number         0  uidiv.o ABSOLUTE
    ../../microlib/errno.c                   0x00000000   Number         0  errno.o ABSOLUTE
    ../../microlib/f2d.c                     0x00000000   Number         0  f2d.o ABSOLUTE
    ../../microlib/fpadd.c                   0x00000000   Number         0  dadd.o ABSOLUTE
    ../../microlib/fpadd.c                   0x00000000   Number         0  fadd.o ABSOLUTE
    ../../microlib/fpdiv.c                   0x00000000   Number         0  ddiv.o ABSOLUTE
    ../../microlib/fpepilogue.c              0x00000000   Number         0  depilogue.o ABSOLUTE
    ../../microlib/fpepilogue.c              0x00000000   Number         0  fepilogue.o ABSOLUTE
    ../../microlib/fpfix.c                   0x00000000   Number         0  dfixi.o ABSOLUTE
    ../../microlib/fpfix.c                   0x00000000   Number         0  ffixi.o ABSOLUTE
    ../../microlib/fpfix.c                   0x00000000   Number         0  dfixul.o ABSOLUTE
    ../../microlib/fpflt.c                   0x00000000   Number         0  fflti.o ABSOLUTE
    ../../microlib/fpflt.c                   0x00000000   Number         0  dflti.o ABSOLUTE
    ../../microlib/fpflt.c                   0x00000000   Number         0  ffltui.o ABSOLUTE
    ../../microlib/fpmul.c                   0x00000000   Number         0  fmul.o ABSOLUTE
    ../../microlib/fpmul.c                   0x00000000   Number         0  dmul.o ABSOLUTE
    ../../microlib/fprem.c                   0x00000000   Number         0  drem.o ABSOLUTE
    ../../microlib/fpscalb.c                 0x00000000   Number         0  dscalb.o ABSOLUTE
    ../../microlib/fpscalb.c                 0x00000000   Number         0  fscalb.o ABSOLUTE
    ../../microlib/init/entry.s              0x00000000   Number         0  entry2.o ABSOLUTE
    ../../microlib/init/entry.s              0x00000000   Number         0  entry7.o ABSOLUTE
    ../../microlib/init/entry.s              0x00000000   Number         0  entry5.o ABSOLUTE
    ../../microlib/init/entry.s              0x00000000   Number         0  entry.o ABSOLUTE
    ../../microlib/longlong.c                0x00000000   Number         0  llushr.o ABSOLUTE
    ../../microlib/longlong.c                0x00000000   Number         0  llshl.o ABSOLUTE
    ../../microlib/printf/printf.c           0x00000000   Number         0  printf2.o ABSOLUTE
    ../../microlib/printf/printf.c           0x00000000   Number         0  printf1.o ABSOLUTE
    ../../microlib/printf/printf.c           0x00000000   Number         0  printf0.o ABSOLUTE
    ../../microlib/printf/printf.c           0x00000000   Number         0  printfb.o ABSOLUTE
    ../../microlib/printf/printf.c           0x00000000   Number         0  printf6.o ABSOLUTE
    ../../microlib/printf/printf.c           0x00000000   Number         0  printfa.o ABSOLUTE
    ../../microlib/printf/printf.c           0x00000000   Number         0  printf8.o ABSOLUTE
    ../../microlib/printf/printf.c           0x00000000   Number         0  printf7.o ABSOLUTE
    ../../microlib/printf/printf.c           0x00000000   Number         0  printf5.o ABSOLUTE
    ../../microlib/printf/printf.c           0x00000000   Number         0  printf4.o ABSOLUTE
    ../../microlib/printf/printf.c           0x00000000   Number         0  printf3.o ABSOLUTE
    ../../microlib/printf/stubs.s            0x00000000   Number         0  stubs.o ABSOLUTE
    ../../microlib/stubs.s                   0x00000000   Number         0  useno.o ABSOLUTE
    ../../microlib/stubs.s                   0x00000000   Number         0  iusefp.o ABSOLUTE
    ../../poly.c                             0x00000000   Number         0  poly.o ABSOLUTE
    ../../rred.c                             0x00000000   Number         0  rred.o ABSOLUTE
    ../../sin.c                              0x00000000   Number         0  sin.o ABSOLUTE
    ../../sin_i.c                            0x00000000   Number         0  sin_i.o ABSOLUTE
    ..\..\..\..\Robot_Nervous_System\LPC2xxx_Modules\mod_button\button.c 0x00000000   Number         0  button.o ABSOLUTE
    ..\..\..\..\Robot_Nervous_System\LPC2xxx_Modules\mod_buzzer\buzzer.c 0x00000000   Number         0  buzzer.o ABSOLUTE
    ..\..\..\..\Robot_Nervous_System\LPC2xxx_Modules\mod_can\can.c 0x00000000   Number         0  can.o ABSOLUTE
    ..\..\..\..\Robot_Nervous_System\LPC2xxx_Modules\mod_can\can_types.c 0x00000000   Number         0  can_types.o ABSOLUTE
    ..\..\..\..\Robot_Nervous_System\LPC2xxx_Modules\mod_fun\song.c 0x00000000   Number         0  song.o ABSOLUTE
    ..\..\..\..\Robot_Nervous_System\LPC2xxx_Modules\mod_heartbeat\heartbeat.c 0x00000000   Number         0  heartbeat.o ABSOLUTE
    ..\..\..\..\Robot_Nervous_System\LPC2xxx_Modules\mod_lcd\lcd.c 0x00000000   Number         0  lcd.o ABSOLUTE
    ..\..\..\..\Robot_Nervous_System\LPC2xxx_Modules\mod_mcu_led\mcu_led.c 0x00000000   Number         0  mcu_led.o ABSOLUTE
    ..\..\..\..\Robot_Nervous_System\LPC2xxx_Modules\mod_microstrain_imu\microstrain_imu.c 0x00000000   Number         0  microstrain_imu.o ABSOLUTE
    ..\..\..\..\Robot_Nervous_System\LPC2xxx_Modules\mod_rc_receive\rc_receive.c 0x00000000   Number         0  rc_receive.o ABSOLUTE
    ..\..\..\..\Robot_Nervous_System\LPC2xxx_Modules\mod_ui_led\ui_led.c 0x00000000   Number         0  ui_led.o ABSOLUTE
    ..\..\..\..\Robot_Nervous_System\LPC2xxx_Modules\mod_ui_sync_led\ui_sync_led.c 0x00000000   Number         0  ui_sync_led.o ABSOLUTE
    ..\..\..\..\Robot_Nervous_System\LPC2xxx_Modules\ranger_os_v0.1\async_scheduler.c 0x00000000   Number         0  async_scheduler.o ABSOLUTE
    ..\..\..\..\Robot_Nervous_System\LPC2xxx_Modules\ranger_os_v0.1\error.c 0x00000000   Number         0  error.o ABSOLUTE
    ..\..\..\..\Robot_Nervous_System\LPC2xxx_Modules\ranger_os_v0.1\mutex.c 0x00000000   Number         0  mutex.o ABSOLUTE
    ..\..\..\..\Robot_Nervous_System\LPC2xxx_Modules\ranger_os_v0.1\utility.c 0x00000000   Number         0  utility.o ABSOLUTE
    ..\\..\\..\\..\\Robot_Nervous_System\\LPC2xxx_Modules\\mod_can\\can.c 0x00000000   Number         0  can.o ABSOLUTE
    cdrcmple.s                               0x00000000   Number         0  cdrcmple.o ABSOLUTE
    cfrcmple.s                               0x00000000   Number         0  cfrcmple.o ABSOLUTE
    dc.s                                     0x00000000   Number         0  dc.o ABSOLUTE
    handlers.s                               0x00000000   Number         0  handlers.o ABSOLUTE
    init.s                                   0x00000000   Number         0  init.o ABSOLUTE
    src\Retarget.c                           0x00000000   Number         0  retarget.o ABSOLUTE
    src\Startup.s                            0x00000000   Number         0  startup.o ABSOLUTE
    src\can_setup.c                          0x00000000   Number         0  can_setup.o ABSOLUTE
    src\data_nexus.c                         0x00000000   Number         0  data_nexus.o ABSOLUTE
    src\hardware_setup.c                     0x00000000   Number         0  hardware_setup.o ABSOLUTE
    src\interrupts.c                         0x00000000   Number         0  interrupts.o ABSOLUTE
    src\main.c                               0x00000000   Number         0  main.o ABSOLUTE
    src\software_setup.c                     0x00000000   Number         0  software_setup.o ABSOLUTE
    Undef_Handler                            0x00000040   ARM Code       4  startup.o(RESET)
    SWI_Handler                              0x00000044   ARM Code       4  startup.o(RESET)
    PAbt_Handler                             0x00000048   ARM Code       4  startup.o(RESET)
    DAbt_Handler                             0x0000004c   ARM Code       4  startup.o(RESET)
    IRQ_Handler                              0x00000050   ARM Code       4  startup.o(RESET)
    .ARM.Collect$$$$00000000                 0x00000114   Section        0  entry.o(.ARM.Collect$$$$00000000)
    .ARM.Collect$$$$00000001                 0x00000114   Section        4  entry2.o(.ARM.Collect$$$$00000001)
    .ARM.Collect$$$$00000004                 0x00000118   Section        4  entry5.o(.ARM.Collect$$$$00000004)
    .ARM.Collect$$$$00000007                 0x0000011c   Section       12  entry7.o(.ARM.Collect$$$$00000007)
    .ARM.Collect$$$$00002712                 0x00000128   Section        4  entry2.o(.ARM.Collect$$$$00002712)
    __lit__00000000                          0x00000128   Data           4  entry2.o(.ARM.Collect$$$$00002712)
    .emb_text                                0x0000012c   Section       76  can.o(.emb_text)
    .text                                    0x00000178   Section      312  async_scheduler.o(.text)
    .text                                    0x000002b0   Section     1024  error.o(.text)
    .text                                    0x000006b0   Section       44  mutex.o(.text)
    .text                                    0x000006dc   Section      332  utility.o(.text)
    .text                                    0x00000828   Section      120  main.o(.text)
    .text                                    0x000008a0   Section      716  data_nexus.o(.text)
    .text                                    0x00000b6c   Section      172  interrupts.o(.text)
    .text                                    0x00000c18   Section     1120  hardware_setup.o(.text)
    .text                                    0x00001078   Section      524  software_setup.o(.text)
    .text                                    0x00001284   Section     1240  can_setup.o(.text)
    .text                                    0x0000175c   Section      140  heartbeat.o(.text)
    .text                                    0x000017e8   Section      740  can_types.o(.text)
    .text                                    0x00001acc   Section      608  ui_led.o(.text)
    .text                                    0x00001d2c   Section      180  button.o(.text)
    __switch$$                               0x00001d60   ARM Code       0  button.o(.text)
    .text                                    0x00001de0   Section      356  buzzer.o(.text)
    .text                                    0x00001f44   Section     2096  lcd.o(.text)
    .text                                    0x00002774   Section     1288  microstrain_imu.o(.text)
    .text                                    0x00002c7c   Section      596  mcu_led.o(.text)
    .text                                    0x00002ed0   Section      588  ui_sync_led.o(.text)
    __switch$$                               0x00003004   ARM Code       0  ui_sync_led.o(.text)
    .text                                    0x0000311c   Section     1096  rc_receive.o(.text)
    rcx_update                               0x00003348   ARM Code     200  rc_receive.o(.text)
    .text                                    0x00003564   Section     5012  can.o(.text)
    __switch$$                               0x00003fd4   ARM Code       0  can.o(.text)
    __switch$$                               0x00004200   ARM Code       0  can.o(.text)
    .text                                    0x000048f8   Section      348  song.o(.text)
    .text                                    0x00004a54   Section       60  uidiv.o(.text)
    .text                                    0x00004a90   Section       60  idiv.o(.text)
    .text                                    0x00004acc   Section      232  fadd.o(.text)
    _float_addcore                           0x00004acc   ARM Code     164  fadd.o(.text)
    .text                                    0x00004bb4   Section      136  fmul.o(.text)
    .text                                    0x00004c3c   Section       12  fscalb.o(.text)
    .text                                    0x00004c48   Section      668  dadd.o(.text)
    _double_addcore                          0x00004c48   ARM Code     428  dadd.o(.text)
    .text                                    0x00004ee4   Section      360  dmul.o(.text)
    .text                                    0x0000504c   Section      380  ddiv.o(.text)
    .text                                    0x000051c8   Section       28  fflti.o(.text)
    .text                                    0x000051e4   Section       16  ffltui.o(.text)
    .text                                    0x000051f4   Section       56  dflti.o(.text)
    .text                                    0x0000522c   Section       64  ffixi.o(.text)
    .text                                    0x0000526c   Section      124  dfixi.o(.text)
    .text                                    0x000052e8   Section       56  f2d.o(.text)
    .text                                    0x00005320   Section       92  d2f.o(.text)
    .text                                    0x0000537c   Section       24  cfrcmple.o(.text)
    .text                                    0x00005394   Section       40  llshl.o(.text)
    .text                                    0x000053bc   Section       36  llushr.o(.text)
    .text                                    0x000053e0   Section      108  fepilogue.o(.text)
    .text                                    0x000053e0   Section        0  iusefp.o(.text)
    .text                                    0x0000544c   Section      292  depilogue.o(.text)
    .text                                    0x00005570   Section       60  dscalb.o(.text)
    .text                                    0x000055ac   Section       48  init.o(.text)
    .text                                    0x000055dc   Section      240  drem.o(.text)
    .text                                    0x000056cc   Section      112  __dczerorl2.o(.text)
    i.__0sprintf$6                           0x0000573c   Section       60  printf6.o(i.__0sprintf$6)
    i.__ARM_common_memcpy1_8_arm             0x00005778   Section       68  can.o(i.__ARM_common_memcpy1_8_arm)
    i.__ieee754_rem_pio2                     0x000057bc   Section     1192  rred.o(i.__ieee754_rem_pio2)
    i.__kernel_cos                           0x00005c64   Section      396  cos_i.o(i.__kernel_cos)
    i.__kernel_poly                          0x00005df0   Section      244  poly.o(i.__kernel_poly)
    i.__kernel_sin                           0x00005ee4   Section      372  sin_i.o(i.__kernel_sin)
    i.__scatterload_copy                     0x00006058   Section       24  handlers.o(i.__scatterload_copy)
    i.__scatterload_null                     0x00006070   Section        4  handlers.o(i.__scatterload_null)
    i.__scatterload_zeroinit                 0x00006074   Section       24  handlers.o(i.__scatterload_zeroinit)
    i.__set_errno                            0x0000608c   Section       16  errno.o(i.__set_errno)
    i._printf_core                           0x0000609c   Section     1132  printf6.o(i._printf_core)
    _printf_core                             0x0000609c   ARM Code    1128  printf6.o(i._printf_core)
    i._printf_post_padding                   0x00006508   Section       68  printf6.o(i._printf_post_padding)
    _printf_post_padding                     0x00006508   ARM Code      68  printf6.o(i._printf_post_padding)
    i._printf_pre_padding                    0x0000654c   Section       80  printf6.o(i._printf_pre_padding)
    _printf_pre_padding                      0x0000654c   ARM Code      80  printf6.o(i._printf_pre_padding)
    i._sputc                                 0x0000659c   Section       20  printf6.o(i._sputc)
    _sputc                                   0x0000659c   ARM Code      20  printf6.o(i._sputc)
    i.sin                                    0x000065b0   Section      248  sin.o(i.sin)
    .constdata                               0x000066a8   Section       48  cos_i.o(.constdata)
    C                                        0x000066a8   Data          48  cos_i.o(.constdata)
    .constdata                               0x000066d8   Section      192  rred.o(.constdata)
    reductions                               0x000066d8   Data         144  rred.o(.constdata)
    pio2s                                    0x00006768   Data          48  rred.o(.constdata)
    .constdata                               0x00006798   Section       40  sin_i.o(.constdata)
    S                                        0x00006798   Data          40  sin_i.o(.constdata)
    .data                                    0x40000000   Section       32  async_scheduler.o(.data)
    asched_completion                        0x40000000   Data           1  async_scheduler.o(.data)
    asched_schedule                          0x40000004   Data           4  async_scheduler.o(.data)
    asched_divider                           0x40000008   Data           4  async_scheduler.o(.data)
    asched_div_counter                       0x4000000c   Data           4  async_scheduler.o(.data)
    asched_slot_start_index                  0x40000010   Data           4  async_scheduler.o(.data)
    asched_saved_slot_start_index            0x40000014   Data           4  async_scheduler.o(.data)
    asched_next_task_index                   0x40000018   Data           4  async_scheduler.o(.data)
    asched_timestamp                         0x4000001c   Data           4  async_scheduler.o(.data)
    .data                                    0x40000020   Section       32  error.o(.data)
    er_board_id                              0x40000020   Data           1  error.o(.data)
    er_transmit                              0x40000024   Data           4  error.o(.data)
    er_get_timestamp                         0x40000028   Data           4  error.o(.data)
    er_is_init                               0x4000002c   Data           4  error.o(.data)
    er_active                                0x40000030   Data           4  error.o(.data)
    .data                                    0x40000040   Section        8  utility.o(.data)
    .data                                    0x40000048   Section        8  main.o(.data)
    .data                                    0x40000050   Section       12  data_nexus.o(.data)
    .data                                    0x4000005c   Section      376  software_setup.o(.data)
    i                                        0x4000005c   Data           2  software_setup.o(.data)
    ui_count                                 0x40000064   Data           4  software_setup.o(.data)
    .data                                    0x400001d4   Section       24  heartbeat.o(.data)
    hb_state                                 0x400001d4   Data           4  heartbeat.o(.data)
    hb_period                                0x400001d8   Data           4  heartbeat.o(.data)
    hb_function                              0x400001dc   Data           4  heartbeat.o(.data)
    hb_get_timestamp                         0x400001e0   Data           4  heartbeat.o(.data)
    hb_prescale                              0x400001e4   Data           4  heartbeat.o(.data)
    hb_count                                 0x400001e8   Data           4  heartbeat.o(.data)
    .data                                    0x400001ec   Section       20  buzzer.o(.data)
    .data                                    0x40000200   Section       24  lcd.o(.data)
    .data                                    0x40000218   Section        5  microstrain_imu.o(.data)
    .data                                    0x40000220   Section       12  mcu_led.o(.data)
    mcu_led_green_count                      0x40000220   Data           4  mcu_led.o(.data)
    mcu_led_red_count                        0x40000224   Data           4  mcu_led.o(.data)
    mcu_led_blue_count                       0x40000228   Data           4  mcu_led.o(.data)
    .data                                    0x4000022c   Section       20  ui_sync_led.o(.data)
    flag                                     0x4000022c   Data           2  ui_sync_led.o(.data)
    flag                                     0x4000022e   Data           2  ui_sync_led.o(.data)
    led_get_timestamp                        0x40000238   Data           4  ui_sync_led.o(.data)
    sync_flag                                0x4000023c   Data           4  ui_sync_led.o(.data)
    .data                                    0x40000240   Section        8  rc_receive.o(.data)
    rcx_is_init                              0x40000240   Data           4  rc_receive.o(.data)
    coeff                                    0x40000244   Data           4  rc_receive.o(.data)
    .data                                    0x40000248   Section       60  can.o(.data)
    .data                                    0x40000284   Section       20  song.o(.data)
    .data                                    0x40000298   Section        4  errno.o(.data)
    _errno                                   0x40000298   Data           4  errno.o(.data)
    .bss                                     0x400002a0   Section      536  error.o(.bss)
    er_buffer                                0x400002a0   Data         520  error.o(.bss)
    er_flags                                 0x400004a8   Data          16  error.o(.bss)
    .bss                                     0x400004b8   Section     1292  can_setup.o(.bss)
    .bss                                     0x400009c4   Section     3232  lcd.o(.bss)
    .bss                                     0x40001664   Section      336  microstrain_imu.o(.bss)
    .bss                                     0x400017b4   Section       80  rc_receive.o(.bss)
    rcx_read                                 0x400017b4   Data          16  rc_receive.o(.bss)
    rcx_chans                                0x400017c4   Data          64  rc_receive.o(.bss)
    .bss                                     0x40001804   Section     1568  can.o(.bss)
    .bss                                     0x40001e24   Section       12  song.o(.bss)
    STACK                                    0x40001e30   Section     2056  startup.o(STACK)
    Stack_Top                                0x40002638   Data           0  startup.o(STACK)

    Global Symbols

    Symbol Name                              Value     Ov Type        Size  Object(Section)

    BuildAttributes$$ARM_ISAv4$S$PE$A:L22$X:L11$S22$IEEE1$~IW$USESV6$~STKCKD$USESV7$~SHL$OTIME$ROPI$IEEEJ$EBA8$MICROLIB$REQ8$PRES8$EABIv2 0x00000000   Number         0  anon$$obj.o ABSOLUTE
    __ARM_use_no_argv                        0x00000000   Number         0  main.o ABSOLUTE
    __use_no_errno                           0x00000000   Number         0  useno.o ABSOLUTE
    __use_no_exception_handling              0x00000000   Number         0  useno.o ABSOLUTE
    __use_no_fp                              0x00000000   Number         0  useno.o ABSOLUTE
    __use_no_heap                            0x00000000   Number         0  useno.o ABSOLUTE
    __use_no_heap_region                     0x00000000   Number         0  useno.o ABSOLUTE
    __use_no_semihosting                     0x00000000   Number         0  useno.o ABSOLUTE
    __use_no_semihosting_swi                 0x00000000   Number         0  useno.o ABSOLUTE
    __use_no_signal_handling                 0x00000000   Number         0  useno.o ABSOLUTE
    _printf_a                                0x00000000   Number         0  stubs.o ABSOLUTE
    _printf_c                                0x00000000   Number         0  stubs.o ABSOLUTE
    _printf_charcount                        0x00000000   Number         0  stubs.o ABSOLUTE
    _printf_d                                0x00000000   Number         0  stubs.o ABSOLUTE
    _printf_e                                0x00000000   Number         0  stubs.o ABSOLUTE
    _printf_f                                0x00000000   Number         0  stubs.o ABSOLUTE
    _printf_flags                            0x00000000   Number         0  stubs.o ABSOLUTE
    _printf_fp_dec                           0x00000000   Number         0  stubs.o ABSOLUTE
    _printf_fp_hex                           0x00000000   Number         0  stubs.o ABSOLUTE
    _printf_g                                0x00000000   Number         0  stubs.o ABSOLUTE
    _printf_i                                0x00000000   Number         0  stubs.o ABSOLUTE
    _printf_int_dec                          0x00000000   Number         0  stubs.o ABSOLUTE
    _printf_l                                0x00000000   Number         0  stubs.o ABSOLUTE
    _printf_lc                               0x00000000   Number         0  stubs.o ABSOLUTE
    _printf_ll                               0x00000000   Number         0  stubs.o ABSOLUTE
    _printf_lld                              0x00000000   Number         0  stubs.o ABSOLUTE
    _printf_lli                              0x00000000   Number         0  stubs.o ABSOLUTE
    _printf_llo                              0x00000000   Number         0  stubs.o ABSOLUTE
    _printf_llu                              0x00000000   Number         0  stubs.o ABSOLUTE
    _printf_llx                              0x00000000   Number         0  stubs.o ABSOLUTE
    _printf_longlong_dec                     0x00000000   Number         0  stubs.o ABSOLUTE
    _printf_longlong_hex                     0x00000000   Number         0  stubs.o ABSOLUTE
    _printf_longlong_oct                     0x00000000   Number         0  stubs.o ABSOLUTE
    _printf_ls                               0x00000000   Number         0  stubs.o ABSOLUTE
    _printf_mbtowc                           0x00000000   Number         0  stubs.o ABSOLUTE
    _printf_n                                0x00000000   Number         0  stubs.o ABSOLUTE
    _printf_o                                0x00000000   Number         0  stubs.o ABSOLUTE
    _printf_p                                0x00000000   Number         0  stubs.o ABSOLUTE
    _printf_percent                          0x00000000   Number         0  stubs.o ABSOLUTE
    _printf_pre_padding                      0x00000000   Number         0  stubs.o ABSOLUTE
    _printf_return_value                     0x00000000   Number         0  stubs.o ABSOLUTE
    _printf_s                                0x00000000   Number         0  stubs.o ABSOLUTE
    _printf_sizespec                         0x00000000   Number         0  stubs.o ABSOLUTE
    _printf_str                              0x00000000   Number         0  stubs.o ABSOLUTE
    _printf_truncate_signed                  0x00000000   Number         0  stubs.o ABSOLUTE
    _printf_truncate_unsigned                0x00000000   Number         0  stubs.o ABSOLUTE
    _printf_u                                0x00000000   Number         0  stubs.o ABSOLUTE
    _printf_wc                               0x00000000   Number         0  stubs.o ABSOLUTE
    _printf_wctomb                           0x00000000   Number         0  stubs.o ABSOLUTE
    _printf_widthprec                        0x00000000   Number         0  stubs.o ABSOLUTE
    _printf_x                                0x00000000   Number         0  stubs.o ABSOLUTE
    Reset_Handler                            0x00000054   ARM Code       0  startup.o(RESET)
    __main                                   0x00000114   ARM Code       0  entry.o(.ARM.Collect$$$$00000000)
    _main_stk                                0x00000114   ARM Code       0  entry2.o(.ARM.Collect$$$$00000001)
    _main_scatterload                        0x00000118   ARM Code       0  entry5.o(.ARM.Collect$$$$00000004)
    __main_after_scatterload                 0x0000011c   ARM Code       0  entry5.o(.ARM.Collect$$$$00000004)
    _main_init                               0x0000011c   ARM Code       0  entry7.o(.ARM.Collect$$$$00000007)
    can_rx_push                              0x0000012c   ARM Code      72  can.o(.emb_text)
    asched_init                              0x00000178   ARM Code      40  async_scheduler.o(.text)
    asched_tick                              0x000001a0   ARM Code     144  async_scheduler.o(.text)
    asched_set_timestamp                     0x00000230   ARM Code      12  async_scheduler.o(.text)
    asched_run                               0x0000023c   ARM Code     100  async_scheduler.o(.text)
    asched_get_timestamp                     0x000002a0   ARM Code      12  async_scheduler.o(.text)
    error_init                               0x000002b0   ARM Code      48  error.o(.text)
    error_occurred                           0x000002e0   ARM Code      92  error.o(.text)
    error_occurred_irq                       0x0000033c   ARM Code      92  error.o(.text)
    error_occurred_fiq                       0x00000398   ARM Code      92  error.o(.text)
    error_update                             0x000003f4   ARM Code     388  error.o(.text)
    error_get_time                           0x00000578   ARM Code      32  error.o(.text)
    error_get_info                           0x00000598   ARM Code      56  error.o(.text)
    error_get_board                          0x000005d0   ARM Code      12  error.o(.text)
    error_get_id                             0x000005dc   ARM Code      28  error.o(.text)
    error_get_frequency                      0x000005f8   ARM Code      28  error.o(.text)
    error_send_next                          0x00000614   ARM Code     132  error.o(.text)
    mutex_check                              0x000006b0   ARM Code       8  mutex.o(.text)
    mutex_lock                               0x000006b8   ARM Code      24  mutex.o(.text)
    mutex_unlock                             0x000006d0   ARM Code      12  mutex.o(.text)
    float_to_fixed                           0x000006dc   ARM Code      20  utility.o(.text)
    int_to_fixed                             0x000006f0   ARM Code       8  utility.o(.text)
    fixed_to_float                           0x000006f8   ARM Code      20  utility.o(.text)
    fixed_to_int                             0x0000070c   ARM Code       8  utility.o(.text)
    fixed_mult                               0x00000714   ARM Code      16  utility.o(.text)
    fixed_mult_to_long                       0x00000724   ARM Code      20  utility.o(.text)
    linear_to_fixed                          0x00000738   ARM Code      52  utility.o(.text)
    fixed_abs                                0x0000076c   ARM Code      12  utility.o(.text)
    voidvoid                                 0x00000778   ARM Code       8  utility.o(.text)
    voidvoid_noerror                         0x00000780   ARM Code       4  utility.o(.text)
    voidint                                  0x00000784   ARM Code       8  utility.o(.text)
    voidint_noerror                          0x0000078c   ARM Code       4  utility.o(.text)
    floatvoid                                0x00000790   ARM Code      20  utility.o(.text)
    floatvoid_noerror                        0x000007a4   ARM Code       8  utility.o(.text)
    intvoid                                  0x000007ac   ARM Code      20  utility.o(.text)
    intvoid_noerror                          0x000007c0   ARM Code       8  utility.o(.text)
    tic_toc_init                             0x000007c8   ARM Code      12  utility.o(.text)
    tic                                      0x000007d4   ARM Code      24  utility.o(.text)
    toc                                      0x000007ec   ARM Code      56  utility.o(.text)
    init                                     0x00000828   ARM Code      28  main.o(.text)
    main                                     0x00000844   ARM Code      88  main.o(.text)
    dn_safety                                0x000008a0   ARM Code       4  data_nexus.o(.text)
    dn_blue_heartbeat                        0x000008a4   ARM Code       8  data_nexus.o(.text)
    dn_error_transmit                        0x000008ac   ARM Code       8  data_nexus.o(.text)
    dn_tick                                  0x000008b4   ARM Code      44  data_nexus.o(.text)
    dn_error_lcd                             0x000008e0   ARM Code      60  data_nexus.o(.text)
    dn_get_roll                              0x0000091c   ARM Code       8  data_nexus.o(.text)
    dn_get_pitch                             0x00000924   ARM Code       8  data_nexus.o(.text)
    dn_get_yam                               0x0000092c   ARM Code       8  data_nexus.o(.text)
    dn_get_angRateX                          0x00000934   ARM Code       8  data_nexus.o(.text)
    dn_get_angRateY                          0x0000093c   ARM Code       8  data_nexus.o(.text)
    dn_get_angRateZ                          0x00000944   ARM Code       8  data_nexus.o(.text)
    dn_get_timer                             0x0000094c   ARM Code       8  data_nexus.o(.text)
    dn_rx_timestamp                          0x00000954   ARM Code       4  data_nexus.o(.text)
    dn_get_status                            0x00000958   ARM Code       8  data_nexus.o(.text)
    dn_rx_lcd_quad_1                         0x00000960   ARM Code      28  data_nexus.o(.text)
    dn_rx_lcd_quad_2                         0x0000097c   ARM Code      28  data_nexus.o(.text)
    dn_rx_lcd_quad_3                         0x00000998   ARM Code      28  data_nexus.o(.text)
    dn_rx_lcd_quad_4                         0x000009b4   ARM Code      28  data_nexus.o(.text)
    dn_rx_led_1                              0x000009d0   ARM Code      28  data_nexus.o(.text)
    dn_rx_led_2                              0x000009ec   ARM Code      28  data_nexus.o(.text)
    dn_rx_led_3                              0x00000a08   ARM Code      28  data_nexus.o(.text)
    dn_rx_led_4                              0x00000a24   ARM Code      28  data_nexus.o(.text)
    dn_rx_led_5                              0x00000a40   ARM Code      28  data_nexus.o(.text)
    dn_rx_led_6                              0x00000a5c   ARM Code      28  data_nexus.o(.text)
    dn_get_buttons                           0x00000a78   ARM Code      52  data_nexus.o(.text)
    dn_rx_buzzer                             0x00000aac   ARM Code       4  data_nexus.o(.text)
    dn_rx_buzzer_amp                         0x00000ab0   ARM Code      12  data_nexus.o(.text)
    dn_rx_play_song                          0x00000abc   ARM Code      40  data_nexus.o(.text)
    dn_sched_done                            0x00000ae4   ARM Code      76  data_nexus.o(.text)
    dn_get_execution_time                    0x00000b30   ARM Code      28  data_nexus.o(.text)
    dn_get_max_execution_time                0x00000b4c   ARM Code      28  data_nexus.o(.text)
    init_interrupts                          0x00000b6c   ARM Code     148  interrupts.o(.text)
    FIQ_Handler                              0x00000c00   ARM Code       4  interrupts.o(.text)
    init_hardware                            0x00000c18   ARM Code    1112  hardware_setup.o(.text)
    task_every_row                           0x00001078   ARM Code     124  software_setup.o(.text)
    run_occasionally                         0x000010f4   ARM Code     256  software_setup.o(.text)
    init_software                            0x000011f4   ARM Code     112  software_setup.o(.text)
    init_values                              0x00001264   ARM Code       4  software_setup.o(.text)
    init_can                                 0x00001284   ARM Code     912  can_setup.o(.text)
    can_tx_roll                              0x00001614   ARM Code       8  can_setup.o(.text)
    can_tx_pitch                             0x0000161c   ARM Code       8  can_setup.o(.text)
    can_tx_yaw                               0x00001624   ARM Code       8  can_setup.o(.text)
    can_tx_ang_rate_x                        0x0000162c   ARM Code       8  can_setup.o(.text)
    can_tx_ang_rate_y                        0x00001634   ARM Code       8  can_setup.o(.text)
    can_tx_ang_rate_z                        0x0000163c   ARM Code       8  can_setup.o(.text)
    can_tx_buttons                           0x00001644   ARM Code       8  can_setup.o(.text)
    can_tx_rc0                               0x0000164c   ARM Code       8  can_setup.o(.text)
    can_tx_rc1                               0x00001654   ARM Code       8  can_setup.o(.text)
    can_tx_rc2                               0x0000165c   ARM Code       8  can_setup.o(.text)
    can_tx_rc3                               0x00001664   ARM Code       8  can_setup.o(.text)
    can_tx_exec_time                         0x0000166c   ARM Code       8  can_setup.o(.text)
    can_tx_max_exec_time                     0x00001674   ARM Code       8  can_setup.o(.text)
    can_tx_status                            0x0000167c   ARM Code       8  can_setup.o(.text)
    hb_init                                  0x0000175c   ARM Code      12  heartbeat.o(.text)
    hb_beat                                  0x00001768   ARM Code      72  heartbeat.o(.text)
    hb_get_count                             0x000017b0   ARM Code      52  heartbeat.o(.text)
    can_rx_setter_double_dummy               0x000017e8   ARM Code       4  can_types.o(.text)
    can_rx_setter_float_dummy                0x000017ec   ARM Code       4  can_types.o(.text)
    can_rx_setter_int_dummy                  0x000017f0   ARM Code       4  can_types.o(.text)
    can_rx_setter_short_dummy                0x000017f4   ARM Code       4  can_types.o(.text)
    can_tx_getter_double_dummy               0x000017f8   ARM Code      20  can_types.o(.text)
    can_tx_getter_float_dummy                0x0000180c   ARM Code       8  can_types.o(.text)
    can_tx_getter_int_dummy                  0x00001814   ARM Code       8  can_types.o(.text)
    can_tx_getter_short_dummy                0x0000181c   ARM Code       8  can_types.o(.text)
    can_set_tx_descriptor_d                  0x00001824   ARM Code      52  can_types.o(.text)
    can_set_tx_descriptor_ff                 0x00001858   ARM Code      72  can_types.o(.text)
    can_set_tx_descriptor_ii                 0x000018a0   ARM Code      72  can_types.o(.text)
    can_set_tx_descriptor_fi                 0x000018e8   ARM Code      72  can_types.o(.text)
    can_set_tx_descriptor_iss                0x00001930   ARM Code      80  can_types.o(.text)
    can_set_tx_descriptor_rtr                0x00001980   ARM Code      44  can_types.o(.text)
    can_set_rx_descriptor_d                  0x000019ac   ARM Code      48  can_types.o(.text)
    can_set_rx_descriptor_ff                 0x000019dc   ARM Code      56  can_types.o(.text)
    can_set_rx_descriptor_ii                 0x00001a14   ARM Code      56  can_types.o(.text)
    can_set_rx_descriptor_fi                 0x00001a4c   ARM Code      56  can_types.o(.text)
    can_set_rx_descriptor_iss                0x00001a84   ARM Code      72  can_types.o(.text)
    ui_led_init                              0x00001acc   ARM Code     144  ui_led.o(.text)
    ui_led_register_write                    0x00001b5c   ARM Code     164  ui_led.o(.text)
    ui_led_pwm                               0x00001c00   ARM Code     232  ui_led.o(.text)
    ui_led_rgb                               0x00001ce8   ARM Code      64  ui_led.o(.text)
    button_pushed                            0x00001d2c   ARM Code     132  button.o(.text)
    button_0                                 0x00001db0   ARM Code       8  button.o(.text)
    button_1                                 0x00001db8   ARM Code       8  button.o(.text)
    button_2                                 0x00001dc0   ARM Code       8  button.o(.text)
    button_3                                 0x00001dc8   ARM Code       8  button.o(.text)
    button_4                                 0x00001dd0   ARM Code       8  button.o(.text)
    button_5                                 0x00001dd8   ARM Code       8  button.o(.text)
    buzzer_on                                0x00001de0   ARM Code      56  buzzer.o(.text)
    buzzer_off                               0x00001e18   ARM Code      28  buzzer.o(.text)
    buzzer_set_frequency                     0x00001e34   ARM Code      72  buzzer.o(.text)
    buzzer_sine                              0x00001e7c   ARM Code     200  buzzer.o(.text)
    lcd_write_bit                            0x00001f44   ARM Code      32  lcd.o(.text)
    lcd_write_instruction                    0x00001f64   ARM Code     108  lcd.o(.text)
    lcd_write_data                           0x00001fd0   ARM Code      96  lcd.o(.text)
    lcd_push                                 0x00002030   ARM Code     208  lcd.o(.text)
    lcd_print_char                           0x00002100   ARM Code     204  lcd.o(.text)
    lcd_print                                0x000021cc   ARM Code      52  lcd.o(.text)
    lcd_pop                                  0x00002200   ARM Code     304  lcd.o(.text)
    lcd_us_delay                             0x00002330   ARM Code     104  lcd.o(.text)
    lcd_set_quad1                            0x00002398   ARM Code      76  lcd.o(.text)
    lcd_set_quad2                            0x000023e4   ARM Code      76  lcd.o(.text)
    lcd_set_quad3                            0x00002430   ARM Code      76  lcd.o(.text)
    lcd_set_quad4                            0x0000247c   ARM Code      76  lcd.o(.text)
    lcd_isr                                  0x000024c8   ARM Code     280  lcd.o(.text)
    lcd_init                                 0x000025e0   ARM Code     396  lcd.o(.text)
    msimu_send_all                           0x00002774   ARM Code     100  microstrain_imu.o(.text)
    msimu_set_continuous                     0x000027d8   ARM Code     112  microstrain_imu.o(.text)
    msimu_init                               0x00002848   ARM Code     164  microstrain_imu.o(.text)
    msimu_get_length                         0x000028ec   ARM Code       8  microstrain_imu.o(.text)
    msimu_isr                                0x000028f4   ARM Code     356  microstrain_imu.o(.text)
    msimu_get_data_float                     0x00002a58   ARM Code      12  microstrain_imu.o(.text)
    msimu_get_data_int                       0x00002a64   ARM Code      12  microstrain_imu.o(.text)
    msimu_parse_buffer                       0x00002a70   ARM Code     508  microstrain_imu.o(.text)
    msimu_update                             0x00002c6c   ARM Code       4  microstrain_imu.o(.text)
    mcu_led_init                             0x00002c7c   ARM Code      24  mcu_led.o(.text)
    mcu_led_red_off                          0x00002c94   ARM Code      20  mcu_led.o(.text)
    mcu_led_blue_off                         0x00002ca8   ARM Code      20  mcu_led.o(.text)
    mcu_led_green_off                        0x00002cbc   ARM Code      20  mcu_led.o(.text)
    mcu_led_update                           0x00002cd0   ARM Code     124  mcu_led.o(.text)
    mcu_led_green_on                         0x00002d4c   ARM Code      20  mcu_led.o(.text)
    mcu_led_green_blink                      0x00002d60   ARM Code      28  mcu_led.o(.text)
    mcu_led_blue_on                          0x00002d7c   ARM Code      20  mcu_led.o(.text)
    mcu_led_blue_blink                       0x00002d90   ARM Code      28  mcu_led.o(.text)
    mcu_led_red_on                           0x00002dac   ARM Code      20  mcu_led.o(.text)
    mcu_led_red_blink                        0x00002dc0   ARM Code      28  mcu_led.o(.text)
    mcu_led_green_toggle                     0x00002ddc   ARM Code      32  mcu_led.o(.text)
    mcu_led_red_toggle                       0x00002dfc   ARM Code      32  mcu_led.o(.text)
    mcu_led_blue_toggle                      0x00002e1c   ARM Code      32  mcu_led.o(.text)
    mcu_led_all_on                           0x00002e3c   ARM Code      36  mcu_led.o(.text)
    mcu_led_all_off                          0x00002e60   ARM Code      36  mcu_led.o(.text)
    mcu_led_all_toggle                       0x00002e84   ARM Code      72  mcu_led.o(.text)
    ui_sync_led_off                          0x00002ed0   ARM Code      20  ui_sync_led.o(.text)
    ui_sync_led_init                         0x00002ee4   ARM Code      28  ui_sync_led.o(.text)
    ui_sync_led_on                           0x00002f00   ARM Code      20  ui_sync_led.o(.text)
    ui_sync_led_flash                        0x00002f14   ARM Code     512  ui_sync_led.o(.text)
    rcx_init                                 0x0000311c   ARM Code     112  rc_receive.o(.text)
    rcx_get_chan                             0x0000318c   ARM Code      92  rc_receive.o(.text)
    rcx_get_chan_0                           0x000031e8   ARM Code      88  rc_receive.o(.text)
    rcx_get_chan_1                           0x00003240   ARM Code      88  rc_receive.o(.text)
    rcx_get_chan_2                           0x00003298   ARM Code      88  rc_receive.o(.text)
    rcx_get_chan_3                           0x000032f0   ARM Code      88  rc_receive.o(.text)
    rcx_isr                                  0x00003410   ARM Code     328  rc_receive.o(.text)
    can_init                                 0x00003564   ARM Code      48  can.o(.text)
    can_tx1_push_frame                       0x00003594   ARM Code      96  can.o(.text)
    can_tx1                                  0x000035f4   ARM Code     340  can.o(.text)
    can_tx2_push_frame                       0x00003748   ARM Code      96  can.o(.text)
    can_tx2                                  0x000037a8   ARM Code     352  can.o(.text)
    can_tx3_push_frame                       0x00003908   ARM Code      96  can.o(.text)
    can_tx3                                  0x00003968   ARM Code     352  can.o(.text)
    can_tx4_push_frame                       0x00003ac8   ARM Code      96  can.o(.text)
    can_tx4                                  0x00003b28   ARM Code     352  can.o(.text)
    can_tx_get_frame_count_1                 0x00003c88   ARM Code      84  can.o(.text)
    can_tx_get_frame_count_2                 0x00003cdc   ARM Code      84  can.o(.text)
    can_tx_get_frame_count_3                 0x00003d30   ARM Code     112  can.o(.text)
    can_tx_get_frame_count_4                 0x00003da0   ARM Code      84  can.o(.text)
    can_tx_set_chan_cfg                      0x00003df4   ARM Code      32  can.o(.text)
    can_transmit_frame                       0x00003e14   ARM Code     404  can.o(.text)
    can_transmit_alt                         0x00003fa8   ARM Code     400  can.o(.text)
    can_transmit                             0x00004138   ARM Code      16  can.o(.text)
    can_rx_dispatch_frame                    0x00004148   ARM Code     400  can.o(.text)
    can_rx_pop_frame                         0x000042d8   ARM Code     232  can.o(.text)
    can_rx_dispatch_all                      0x000043c0   ARM Code     236  can.o(.text)
    can_rx1_isr                              0x000044ac   ARM Code      44  can.o(.text)
    can_rx2_isr                              0x000044d8   ARM Code      44  can.o(.text)
    can_rx3_isr                              0x00004504   ARM Code      44  can.o(.text)
    can_rx4_isr                              0x00004530   ARM Code      44  can.o(.text)
    can_rx_get_frame_count_1                 0x0000455c   ARM Code      84  can.o(.text)
    can_rx_get_frame_count_2                 0x000045b0   ARM Code      92  can.o(.text)
    can_rx_get_frame_count_3                 0x0000460c   ARM Code      84  can.o(.text)
    can_rx_get_frame_count_4                 0x00004660   ARM Code      84  can.o(.text)
    can_rx_set_descriptors                   0x000046b4   ARM Code      16  can.o(.text)
    can_rx_set_chan_cfg                      0x000046c4   ARM Code      24  can.o(.text)
    can_get_error_1                          0x000046dc   ARM Code      84  can.o(.text)
    can_get_error_2                          0x00004730   ARM Code      84  can.o(.text)
    can_get_error_3                          0x00004784   ARM Code      84  can.o(.text)
    can_get_error_4                          0x000047d8   ARM Code      84  can.o(.text)
    can_error_isr                            0x0000482c   ARM Code     200  can.o(.text)
    song_set                                 0x000048f8   ARM Code      40  song.o(.text)
    song_stop                                0x00004920   ARM Code      52  song.o(.text)
    song_update                              0x00004954   ARM Code     200  song.o(.text)
    song_play                                0x00004a1c   ARM Code      16  song.o(.text)
    song_pause                               0x00004a2c   ARM Code      16  song.o(.text)
    song_fast_forward                        0x00004a3c   ARM Code      16  song.o(.text)
    __aeabi_uidiv                            0x00004a54   ARM Code       0  uidiv.o(.text)
    __aeabi_uidivmod                         0x00004a54   ARM Code      60  uidiv.o(.text)
    __aeabi_idiv                             0x00004a90   ARM Code       0  idiv.o(.text)
    __aeabi_idivmod                          0x00004a90   ARM Code      60  idiv.o(.text)
    __aeabi_fadd                             0x00004b70   ARM Code      16  fadd.o(.text)
    __aeabi_fsub                             0x00004b80   ARM Code      20  fadd.o(.text)
    __aeabi_frsub                            0x00004b94   ARM Code      32  fadd.o(.text)
    __aeabi_fmul                             0x00004bb4   ARM Code     136  fmul.o(.text)
    __ARM_scalbnf                            0x00004c3c   ARM Code      12  fscalb.o(.text)
    scalbnf                                  0x00004c3c   ARM Code       0  fscalb.o(.text)
    __aeabi_dadd                             0x00004df4   ARM Code      80  dadd.o(.text)
    __aeabi_dsub                             0x00004e44   ARM Code      80  dadd.o(.text)
    __aeabi_drsub                            0x00004e94   ARM Code      80  dadd.o(.text)
    __aeabi_dmul                             0x00004ee4   ARM Code     360  dmul.o(.text)
    __aeabi_ddiv                             0x0000504c   ARM Code     380  ddiv.o(.text)
    __aeabi_i2f                              0x000051c8   ARM Code      28  fflti.o(.text)
    __aeabi_ui2f                             0x000051e4   ARM Code      16  ffltui.o(.text)
    __aeabi_i2d                              0x000051f4   ARM Code      52  dflti.o(.text)
    __aeabi_f2iz                             0x0000522c   ARM Code      64  ffixi.o(.text)
    __aeabi_d2iz                             0x0000526c   ARM Code     116  dfixi.o(.text)
    __aeabi_f2d                              0x000052e8   ARM Code      56  f2d.o(.text)
    __aeabi_d2f                              0x00005320   ARM Code      92  d2f.o(.text)
    __aeabi_cfrcmple                         0x0000537c   ARM Code      24  cfrcmple.o(.text)
    __aeabi_llsl                             0x00005394   ARM Code      40  llshl.o(.text)
    _ll_shift_l                              0x00005394   ARM Code       0  llshl.o(.text)
    __aeabi_llsr                             0x000053bc   ARM Code      36  llushr.o(.text)
    _ll_ushift_r                             0x000053bc   ARM Code       0  llushr.o(.text)
    __I$use$fp                               0x000053e0   ARM Code       0  iusefp.o(.text)
    _float_round                             0x000053e0   ARM Code      24  fepilogue.o(.text)
    _float_epilogue                          0x000053f8   ARM Code      84  fepilogue.o(.text)
    _double_round                            0x0000544c   ARM Code      84  depilogue.o(.text)
    _double_epilogue                         0x000054a0   ARM Code     204  depilogue.o(.text)
    __ARM_scalbn                             0x00005570   ARM Code      60  dscalb.o(.text)
    scalbn                                   0x00005570   ARM Code       0  dscalb.o(.text)
    __scatterload                            0x000055ac   ARM Code      40  init.o(.text)
    __scatterload_rt2                        0x000055ac   ARM Code       0  init.o(.text)
    _drem                                    0x000055dc   ARM Code     240  drem.o(.text)
    __decompress                             0x000056cc   ARM Code       0  __dczerorl2.o(.text)
    __decompress1                            0x000056cc   ARM Code     112  __dczerorl2.o(.text)
    __0sprintf$6                             0x0000573c   ARM Code      56  printf6.o(i.__0sprintf$6)
    __1sprintf$6                             0x0000573c   ARM Code       0  printf6.o(i.__0sprintf$6)
    __2sprintf                               0x0000573c   ARM Code       0  printf6.o(i.__0sprintf$6)
    __ARM_common_memcpy1_8_arm               0x00005778   ARM Code      68  can.o(i.__ARM_common_memcpy1_8_arm)
    __ieee754_rem_pio2                       0x000057bc   ARM Code    1168  rred.o(i.__ieee754_rem_pio2)
    __kernel_cos                             0x00005c64   ARM Code     368  cos_i.o(i.__kernel_cos)
    __kernel_poly                            0x00005df0   ARM Code     244  poly.o(i.__kernel_poly)
    __kernel_sin                             0x00005ee4   ARM Code     360  sin_i.o(i.__kernel_sin)
    __scatterload_copy                       0x00006058   ARM Code      24  handlers.o(i.__scatterload_copy)
    __scatterload_null                       0x00006070   ARM Code       4  handlers.o(i.__scatterload_null)
    __scatterload_zeroinit                   0x00006074   ARM Code      24  handlers.o(i.__scatterload_zeroinit)
    __set_errno                              0x0000608c   ARM Code      12  errno.o(i.__set_errno)
    sin                                      0x000065b0   ARM Code     224  sin.o(i.sin)
    Region$$Table$$Base                      0x000067c0   Number         0  anon$$obj.o(Region$$Table)
    Region$$Table$$Limit                     0x000067e0   Number         0  anon$$obj.o(Region$$Table)
    er_mutex                                 0x40000034   Data           4  error.o(.data)
    er_irq_mutex                             0x40000038   Data           4  error.o(.data)
    er_fiq_mutex                             0x4000003c   Data           4  error.o(.data)
    tt_time                                  0x40000040   Data           4  utility.o(.data)
    tt_print                                 0x40000044   Data           4  utility.o(.data)
    global_running                           0x40000048   Data           4  main.o(.data)
    global_sched_running                     0x4000004c   Data           4  main.o(.data)
    dn_ticks_to_ms                           0x40000050   Data           4  data_nexus.o(.data)
    dn_execution_ticks                       0x40000054   Data           4  data_nexus.o(.data)
    dn_max_execution_ticks                   0x40000058   Data           4  data_nexus.o(.data)
    sync_led_on                              0x40000060   Data           4  software_setup.o(.data)
    alma_mater                               0x40000068   Data         312  software_setup.o(.data)
    schedule                                 0x400001a0   Data          52  software_setup.o(.data)
    buzzer_hz                                0x400001ec   Data           4  buzzer.o(.data)
    buzzer_is_on                             0x400001f0   Data           4  buzzer.o(.data)
    buzzer_hz_init                           0x400001f4   Data           4  buzzer.o(.data)
    buzzer_hz_range                          0x400001f8   Data           4  buzzer.o(.data)
    buzzer_period                            0x400001fc   Data           4  buzzer.o(.data)
    lcd_state                                0x40000200   Data           1  lcd.o(.data)
    lcd_overflowfunc                         0x40000204   Data           4  lcd.o(.data)
    lcd_wait                                 0x40000208   Data           4  lcd.o(.data)
    lcd_period                               0x4000020c   Data           4  lcd.o(.data)
    lcd_target_char                          0x40000210   Data           8  lcd.o(.data)
    msimu_rb_index1                          0x40000218   Data           1  microstrain_imu.o(.data)
    msimu_rb_index2                          0x40000219   Data           1  microstrain_imu.o(.data)
    msimu_tb_index1                          0x4000021a   Data           1  microstrain_imu.o(.data)
    msimu_tb_index2                          0x4000021b   Data           1  microstrain_imu.o(.data)
    msimu_continuous_command                 0x4000021c   Data           1  microstrain_imu.o(.data)
    led_on_flag                              0x40000230   Data           4  ui_sync_led.o(.data)
    ts                                       0x40000234   Data           4  ui_sync_led.o(.data)
    can_tx_frame_count_1                     0x40000248   Data           2  can.o(.data)
    can_tx_frame_count_2                     0x4000024a   Data           2  can.o(.data)
    can_tx_frame_count_3                     0x4000024c   Data           2  can.o(.data)
    can_tx_frame_count_4                     0x4000024e   Data           2  can.o(.data)
    can1_tx_index1                           0x40000250   Data           2  can.o(.data)
    can1_tx_index2                           0x40000252   Data           2  can.o(.data)
    can2_tx_index1                           0x40000254   Data           2  can.o(.data)
    can2_tx_index2                           0x40000256   Data           2  can.o(.data)
    can3_tx_index1                           0x40000258   Data           2  can.o(.data)
    can3_tx_index2                           0x4000025a   Data           2  can.o(.data)
    can4_tx_index1                           0x4000025c   Data           2  can.o(.data)
    can4_tx_index2                           0x4000025e   Data           2  can.o(.data)
    can_rx_frame_count_1                     0x40000260   Data           2  can.o(.data)
    can_rx_frame_count_2                     0x40000262   Data           2  can.o(.data)
    can_rx_frame_count_3                     0x40000264   Data           2  can.o(.data)
    can_rx_frame_count_4                     0x40000266   Data           2  can.o(.data)
    can_elapsed_ms                           0x40000268   Data           4  can.o(.data)
    can_error_1                              0x4000026c   Data           4  can.o(.data)
    can_error_2                              0x40000270   Data           4  can.o(.data)
    can_error_3                              0x40000274   Data           4  can.o(.data)
    can_error_4                              0x40000278   Data           4  can.o(.data)
    can_rx_descriptors                       0x4000027c   Data           4  can.o(.data)
    can_rx_rtr_descriptors                   0x40000280   Data           4  can.o(.data)
    song_state                               0x40000284   Data           1  song.o(.data)
    song_index                               0x40000288   Data           4  song.o(.data)
    song_wait                                0x4000028c   Data           4  song.o(.data)
    song_notes                               0x40000290   Data           4  song.o(.data)
    song_length                              0x40000294   Data           4  song.o(.data)
    rxlist                                   0x400004b8   Data          64  can_setup.o(.bss)
    rtrlist                                  0x400004f8   Data          68  can_setup.o(.bss)
    tx_fd_error                              0x4000053c   Data          40  can_setup.o(.bss)
    tx_fd_roll                               0x40000564   Data          40  can_setup.o(.bss)
    tx_fd_pitch                              0x4000058c   Data          40  can_setup.o(.bss)
    tx_fd_yaw                                0x400005b4   Data          40  can_setup.o(.bss)
    tx_fd_ang_rate_x                         0x400005dc   Data          40  can_setup.o(.bss)
    tx_fd_ang_rate_y                         0x40000604   Data          40  can_setup.o(.bss)
    tx_fd_ang_rate_z                         0x4000062c   Data          40  can_setup.o(.bss)
    tx_fd_buttons                            0x40000654   Data          40  can_setup.o(.bss)
    tx_fd_rc_0                               0x4000067c   Data          40  can_setup.o(.bss)
    tx_fd_rc_1                               0x400006a4   Data          40  can_setup.o(.bss)
    tx_fd_rc_2                               0x400006cc   Data          40  can_setup.o(.bss)
    tx_fd_rc_3                               0x400006f4   Data          40  can_setup.o(.bss)
    tx_fd_status                             0x4000071c   Data          40  can_setup.o(.bss)
    tx_fd_exec_time                          0x40000744   Data          40  can_setup.o(.bss)
    tx_fd_max_exec_time                      0x4000076c   Data          40  can_setup.o(.bss)
    rx_fd_timestamp                          0x40000794   Data          40  can_setup.o(.bss)
    rx_fd_lcd_quad_1                         0x400007bc   Data          40  can_setup.o(.bss)
    rx_fd_lcd_quad_2                         0x400007e4   Data          40  can_setup.o(.bss)
    rx_fd_lcd_quad_3                         0x4000080c   Data          40  can_setup.o(.bss)
    rx_fd_lcd_quad_4                         0x40000834   Data          40  can_setup.o(.bss)
    rx_fd_led_1                              0x4000085c   Data          40  can_setup.o(.bss)
    rx_fd_led_2                              0x40000884   Data          40  can_setup.o(.bss)
    rx_fd_led_3                              0x400008ac   Data          40  can_setup.o(.bss)
    rx_fd_led_4                              0x400008d4   Data          40  can_setup.o(.bss)
    rx_fd_led_5                              0x400008fc   Data          40  can_setup.o(.bss)
    rx_fd_led_6                              0x40000924   Data          40  can_setup.o(.bss)
    rx_fd_buzz_freq                          0x4000094c   Data          40  can_setup.o(.bss)
    rx_fd_buzz_amp                           0x40000974   Data          40  can_setup.o(.bss)
    rx_fd_song                               0x4000099c   Data          40  can_setup.o(.bss)
    lcd_head                                 0x400009c4   Data          16  lcd.o(.bss)
    lcd_tail                                 0x400009d4   Data          16  lcd.o(.bss)
    lcd_ring                                 0x400009e4   Data        3200  lcd.o(.bss)
    msimu_read_buffer                        0x40001664   Data         128  microstrain_imu.o(.bss)
    msimu_trans_buffer                       0x400016e4   Data         128  microstrain_imu.o(.bss)
    msimu_data_buffer                        0x40001764   Data          80  microstrain_imu.o(.bss)
    can_tx_chan_cfgs                         0x40001804   Data          60  can.o(.bss)
    can1_tx_buffer                           0x40001840   Data          96  can.o(.bss)
    can2_tx_buffer                           0x400018a0   Data          96  can.o(.bss)
    can3_tx_buffer                           0x40001900   Data          96  can.o(.bss)
    can4_tx_buffer                           0x40001960   Data          96  can.o(.bss)
    can_rx_chan_cfgs                         0x400019c0   Data          80  can.o(.bss)
    can_rx_buffer                            0x40001a10   Data        1024  can.o(.bss)
    can_rx_data                              0x40001e10   Data          20  can.o(.bss)
    song_current_note                        0x40001e24   Data          12  song.o(.bss)
    __initial_sp                             0x40002230   Data        1032  startup.o(STACK)



==============================================================================

Memory Map of the image

  Image Entry point : 0x00000114

  Load Region LR_IROM1 (Base: 0x00000000, Size: 0x00006a7c, Max: 0x00040000, ABSOLUTE, COMPRESSED[0x0000687c])

    Execution Region ER_IROM1 (Base: 0x00000000, Size: 0x000067e0, Max: 0x00040000, ABSOLUTE)

    Base Addr    Size         Type   Attr      Idx    E Section Name        Object

    0x00000000   0x00000114   Code   RO            3    RESET               startup.o
    0x00000114   0x00000000   Code   RO          516  * .ARM.Collect$$$$00000000  entry.o(mc_4.l)
    0x00000114   0x00000004   Code   RO          821    .ARM.Collect$$$$00000001  entry2.o(mc_4.l)
    0x00000118   0x00000004   Code   RO          823    .ARM.Collect$$$$00000004  entry5.o(mc_4.l)
    0x0000011c   0x0000000c   Code   RO          824    .ARM.Collect$$$$00000007  entry7.o(mc_4.l)
    0x00000128   0x00000004   Code   RO          822    .ARM.Collect$$$$00002712  entry2.o(mc_4.l)
    0x0000012c   0x0000004c   Code   RO          472    .emb_text           can.o
    0x00000178   0x00000138   Code   RO            8    .text               async_scheduler.o
    0x000002b0   0x00000400   Code   RO          156    .text               error.o
    0x000006b0   0x0000002c   Code   RO          172    .text               mutex.o
    0x000006dc   0x0000014c   Code   RO          185    .text               utility.o
    0x00000828   0x00000078   Code   RO          201    .text               main.o
    0x000008a0   0x000002cc   Code   RO          217    .text               data_nexus.o
    0x00000b6c   0x000000ac   Code   RO          256    .text               interrupts.o
    0x00000c18   0x00000460   Code   RO          273    .text               hardware_setup.o
    0x00001078   0x0000020c   Code   RO          285    .text               software_setup.o
    0x00001284   0x000004d8   Code   RO          303    .text               can_setup.o
    0x0000175c   0x0000008c   Code   RO          318    .text               heartbeat.o
    0x000017e8   0x000002e4   Code   RO          332    .text               can_types.o
    0x00001acc   0x00000260   Code   RO          344    .text               ui_led.o
    0x00001d2c   0x000000b4   Code   RO          357    .text               button.o
    0x00001de0   0x00000164   Code   RO          370    .text               buzzer.o
    0x00001f44   0x00000830   Code   RO          390    .text               lcd.o
    0x00002774   0x00000508   Code   RO          408    .text               microstrain_imu.o
    0x00002c7c   0x00000254   Code   RO          425    .text               mcu_led.o
    0x00002ed0   0x0000024c   Code   RO          440    .text               ui_sync_led.o
    0x0000311c   0x00000448   Code   RO          456    .text               rc_receive.o
    0x00003564   0x00001394   Code   RO          473    .text               can.o
    0x000048f8   0x0000015c   Code   RO          495    .text               song.o
    0x00004a54   0x0000003c   Code   RO          519    .text               uidiv.o(mc_4.l)
    0x00004a90   0x0000003c   Code   RO          521    .text               idiv.o(mc_4.l)
    0x00004acc   0x000000e8   Code   RO          784    .text               fadd.o(mf_4.l)
    0x00004bb4   0x00000088   Code   RO          786    .text               fmul.o(mf_4.l)
    0x00004c3c   0x0000000c   Code   RO          788    .text               fscalb.o(mf_4.l)
    0x00004c48   0x0000029c   Code   RO          790    .text               dadd.o(mf_4.l)
    0x00004ee4   0x00000168   Code   RO          792    .text               dmul.o(mf_4.l)
    0x0000504c   0x0000017c   Code   RO          794    .text               ddiv.o(mf_4.l)
    0x000051c8   0x0000001c   Code   RO          796    .text               fflti.o(mf_4.l)
    0x000051e4   0x00000010   Code   RO          798    .text               ffltui.o(mf_4.l)
    0x000051f4   0x00000038   Code   RO          800    .text               dflti.o(mf_4.l)
    0x0000522c   0x00000040   Code   RO          802    .text               ffixi.o(mf_4.l)
    0x0000526c   0x0000007c   Code   RO          804    .text               dfixi.o(mf_4.l)
    0x000052e8   0x00000038   Code   RO          806    .text               f2d.o(mf_4.l)
    0x00005320   0x0000005c   Code   RO          808    .text               d2f.o(mf_4.l)
    0x0000537c   0x00000018   Code   RO          810    .text               cfrcmple.o(mf_4.l)
    0x00005394   0x00000028   Code   RO          827    .text               llshl.o(mc_4.l)
    0x000053bc   0x00000024   Code   RO          829    .text               llushr.o(mc_4.l)
    0x000053e0   0x00000000   Code   RO          838    .text               iusefp.o(mc_4.l)
    0x000053e0   0x0000006c   Code   RO          839    .text               fepilogue.o(mf_4.l)
    0x0000544c   0x00000124   Code   RO          841    .text               depilogue.o(mf_4.l)
    0x00005570   0x0000003c   Code   RO          843    .text               dscalb.o(mf_4.l)
    0x000055ac   0x00000030   Code   RO          851    .text               init.o(mc_4.l)
    0x000055dc   0x000000f0   Code   RO          853    .text               drem.o(mf_4.l)
    0x000056cc   0x00000070   Code   RO          863    .text               __dczerorl2.o(mc_4.l)
    0x0000573c   0x0000003c   Code   RO          680    i.__0sprintf$6      printf6.o(mc_4.l)
    0x00005778   0x00000044   Code   RO          489    i.__ARM_common_memcpy1_8_arm  can.o
    0x000057bc   0x000004a8   Code   RO          815    i.__ieee754_rem_pio2  rred.o(m_4s.l)
    0x00005c64   0x0000018c   Code   RO          812    i.__kernel_cos      cos_i.o(m_4s.l)
    0x00005df0   0x000000f4   Code   RO          849    i.__kernel_poly     poly.o(m_4s.l)
    0x00005ee4   0x00000174   Code   RO          818    i.__kernel_sin      sin_i.o(m_4s.l)
    0x00006058   0x00000018   Code   RO          857    i.__scatterload_copy  handlers.o(mc_4.l)
    0x00006070   0x00000004   Code   RO          858    i.__scatterload_null  handlers.o(mc_4.l)
    0x00006074   0x00000018   Code   RO          859    i.__scatterload_zeroinit  handlers.o(mc_4.l)
    0x0000608c   0x00000010   Code   RO          833    i.__set_errno       errno.o(mc_4.l)
    0x0000609c   0x0000046c   Code   RO          685    i._printf_core      printf6.o(mc_4.l)
    0x00006508   0x00000044   Code   RO          686    i._printf_post_padding  printf6.o(mc_4.l)
    0x0000654c   0x00000050   Code   RO          687    i._printf_pre_padding  printf6.o(mc_4.l)
    0x0000659c   0x00000014   Code   RO          689    i._sputc            printf6.o(mc_4.l)
    0x000065b0   0x000000f8   Code   RO          513    i.sin               sin.o(m_4s.l)
    0x000066a8   0x00000030   Data   RO          813    .constdata          cos_i.o(m_4s.l)
    0x000066d8   0x000000c0   Data   RO          816    .constdata          rred.o(m_4s.l)
    0x00006798   0x00000028   Data   RO          819    .constdata          sin_i.o(m_4s.l)
    0x000067c0   0x00000020   Data   RO          855    Region$$Table       anon$$obj.o


    Execution Region RW_IRAM1 (Base: 0x40000000, Size: 0x00002638, Max: 0x00003000, ABSOLUTE, COMPRESSED[0x0000009c])

    Base Addr    Size         Type   Attr      Idx    E Section Name        Object

    0x40000000   0x00000020   Data   RW            9    .data               async_scheduler.o
    0x40000020   0x00000020   Data   RW          158    .data               error.o
    0x40000040   0x00000008   Data   RW          186    .data               utility.o
    0x40000048   0x00000008   Data   RW          202    .data               main.o
    0x40000050   0x0000000c   Data   RW          219    .data               data_nexus.o
    0x4000005c   0x00000178   Data   RW          287    .data               software_setup.o
    0x400001d4   0x00000018   Data   RW          319    .data               heartbeat.o
    0x400001ec   0x00000014   Data   RW          371    .data               buzzer.o
    0x40000200   0x00000018   Data   RW          393    .data               lcd.o
    0x40000218   0x00000005   Data   RW          410    .data               microstrain_imu.o
    0x4000021d   0x00000003   PAD
    0x40000220   0x0000000c   Data   RW          426    .data               mcu_led.o
    0x4000022c   0x00000014   Data   RW          441    .data               ui_sync_led.o
    0x40000240   0x00000008   Data   RW          458    .data               rc_receive.o
    0x40000248   0x0000003c   Data   RW          475    .data               can.o
    0x40000284   0x00000014   Data   RW          497    .data               song.o
    0x40000298   0x00000004   Data   RW          834    .data               errno.o(mc_4.l)
    0x4000029c   0x00000004   PAD
    0x400002a0   0x00000218   Zero   RW          157    .bss                error.o
    0x400004b8   0x0000050c   Zero   RW          304    .bss                can_setup.o
    0x400009c4   0x00000ca0   Zero   RW          391    .bss                lcd.o
    0x40001664   0x00000150   Zero   RW          409    .bss                microstrain_imu.o
    0x400017b4   0x00000050   Zero   RW          457    .bss                rc_receive.o
    0x40001804   0x00000620   Zero   RW          474    .bss                can.o
    0x40001e24   0x0000000c   Zero   RW          496    .bss                song.o
    0x40001e30   0x00000808   Zero   RW            1    STACK               startup.o


==============================================================================

Image component sizes


      Code (inc. data)   RO Data    RW Data    ZI Data      Debug   Object Name

       312          4          0         32          0      15895   async_scheduler.o
       180         24          0          0          0       1924   button.o
       356         24          0         20          0       2104   buzzer.o
      5156         84          0         60       1568      13577   can.o
      1240        216          0          0       1292       3834   can_setup.o
       740          8          0          0          0       5256   can_types.o
       716         12          0         12          0       5228   data_nexus.o
      1024         24          0         32        536       4555   error.o
      1120          8          0          0          0        832   hardware_setup.o
       140          4          0         24          0       1983   heartbeat.o
       172         20          0          0          0        610   interrupts.o
      2096         36          0         24       3232       6868   lcd.o
       120          4          0          8          0       1196   main.o
       596          4          0         12          0       3806   mcu_led.o
      1288         32          0          5        336       5040   microstrain_imu.o
        44          0          0          0          0       1404   mutex.o
      1096         12          0          8         80       4346   rc_receive.o
       524         28          0        376          0       1992   software_setup.o
       348          8          0         20         12       2317   song.o
       276         52          0          0       2056        308   startup.o
       608          4          0          0          0       2528   ui_led.o
       588         48          0         20          0       2555   ui_sync_led.o
       332          4          0          8          0       4270   utility.o

    ----------------------------------------------------------------------
     19072        660         32        664       9112      92428   Object Totals
         0          0         32          0          0          0   (incl. Generated)
         0          0          0          3          0          0   (incl. Padding)

    ----------------------------------------------------------------------

      Code (inc. data)   RO Data    RW Data    ZI Data      Debug   Library Member Name

       112          0          0          0          0          0   __dczerorl2.o
        24          0          0          0          0         68   cfrcmple.o
       396         28         48          0          0        108   cos_i.o
        92          0          0          0          0         96   d2f.o
       668          0          0          0          0        180   dadd.o
       380          0          0          0          0         96   ddiv.o
       292          4          0          0          0        136   depilogue.o
       124          8          0          0          0         80   dfixi.o
        56          4          0          0          0         76   dflti.o
       360          0          0          0          0         96   dmul.o
       240          0          0          0          0         92   drem.o
        60          0          0          0          0         80   dscalb.o
         0          0          0          0          0          0   entry.o
         8          4          0          0          0          0   entry2.o
         4          0          0          0          0          0   entry5.o
        12          4          0          0          0          0   entry7.o
        16          4          0          4          0         68   errno.o
        56          0          0          0          0         68   f2d.o
       232          0          0          0          0        128   fadd.o
       108          0          0          0          0        132   fepilogue.o
        64          0          0          0          0         68   ffixi.o
        28          0          0          0          0         68   fflti.o
        16          0          0          0          0         68   ffltui.o
       136          0          0          0          0         68   fmul.o
        12          0          0          0          0         68   fscalb.o
        52          0          0          0          0          0   handlers.o
        60          0          0          0          0         80   idiv.o
        48          8          0          0          0         68   init.o
         0          0          0          0          0          0   iusefp.o
        40          0          0          0          0         68   llshl.o
        36          0          0          0          0         68   llushr.o
       244          0          0          0          0         92   poly.o
      1360          8          0          0          0        416   printf6.o
      1192        104        192          0          0        108   rred.o
       248         24          0          0          0         92   sin.o
       372         12         40          0          0        112   sin_i.o
        60          0          0          0          0         72   uidiv.o

    ----------------------------------------------------------------------
      7208        212        280          4          4       3020   Library Totals
         0          0          0          0          4          0   (incl. Padding)

    ----------------------------------------------------------------------

      Code (inc. data)   RO Data    RW Data    ZI Data      Debug   Library Name

      2452        168        280          0          0        512   m_4s.l
      1808         28          0          4          0        840   mc_4.l
      2948         16          0          0          0       1668   mf_4.l

    ----------------------------------------------------------------------
      7208        212        280          4          4       3020   Library Totals

    ----------------------------------------------------------------------

==============================================================================


      Code (inc. data)   RO Data    RW Data    ZI Data      Debug   

     26280        872        312        668       9116      91148   Grand Totals
     26280        872        312        156       9116      91148   ELF Image Totals (compressed)
     26280        872        312        156          0          0   ROM Totals

==============================================================================

    Total RO  Size (Code + RO Data)                26592 (  25.97kB)
    Total RW  Size (RW Data + ZI Data)              9784 (   9.55kB)
    Total ROM Size (Code + RO Data + RW Data)      26748 (  26.12kB)

==============================================================================

