<html>
<body>
<pre>
<h1>µVision3 Build Log</h1>
<h2>Project:</h2>
C:\Users\Yawen Wang\Documents\GitHub\Ranger\Ranger\Control\LPC3250_Main_Brain\current\LPC3250_main_brain.uv2
Project File Date:  06/30/2015

<h2>Output:</h2>
Build target 'LPC3250 Ext SDRAM (NOR)'
assembling LPC32x0.s...
compiling mb_hardware_setup.c...
compiling mb_software_setup.c...
compiling main.c...
compiling mb_data_nexus.c...
compiling mb_scheduler.c...
compiling mb_ssp_dma.c...
compiling mb_heartbeat.c...
compiling mb_bluetooth.c...
compiling a9_clock.c...
compiling mb_io_data.c...
compiling mb_error.c...
compiling mb_estimator.c...
..\..\Estimator\mb_estimator.c(559): warning:  #550-D: variable "material_swt_spt_height" was set but never used
compiling mb_estimator_execution_time.c...
compiling UI_fsm.cpp...
compiling foot_inner_fsm.cpp...
compiling foot_outer_fsm.cpp...
compiling fsm.cpp...
compiling hip_fsm.cpp...
compiling leg_fsm.cpp...
compiling mb_fsm.cpp...
compiling steering_fsm.cpp...
linking...
Program Size: Code=51272 RO-data=2028 RW-data=13420 ZI-data=82660  
".\Ext_SDRAM\LPC3250_main_brain.axf" - 0 Error(s), 1 Warning(s).
Build target 'LPC3250 Ext SDRAM (NOR)'
assembling LPC32x0.s...
compiling mb_hardware_setup.c...
compiling mb_software_setup.c...
compiling main.c...
compiling mb_data_nexus.c...
compiling mb_scheduler.c...
compiling mb_ssp_dma.c...
compiling mb_heartbeat.c...
compiling mb_bluetooth.c...
compiling a9_clock.c...
compiling mb_io_data.c...
compiling mb_error.c...
compiling mb_estimator.c...
..\..\Estimator\mb_estimator.c(559): warning:  #550-D: variable "material_swt_spt_height" was set but never used
compiling mb_estimator_execution_time.c...
compiling UI_fsm.cpp...
compiling foot_inner_fsm.cpp...
compiling foot_outer_fsm.cpp...
compiling fsm.cpp...
compiling hip_fsm.cpp...
compiling leg_fsm.cpp...
compiling mb_fsm.cpp...
compiling steering_fsm.cpp...
linking...
Program Size: Code=51272 RO-data=2028 RW-data=13420 ZI-data=82660  
".\Ext_SDRAM\LPC3250_main_brain.axf" - 0 Error(s), 1 Warning(s).
