<html>
<body>
<pre>
<h1>µVision3 Build Log</h1>
<h2>Project:</h2>
C:\Users\Yawen Wang\Documents\GitHub\Ranger\Ranger\Control\LPC3250_Main_Brain\current\LPC3250_main_brain.uv2
Project File Date:  07/01/2015

<h2>Output:</h2>
Build target 'LPC3250 Ext SDRAM (NOR)'
assembling LPC32x0.s...
compiling mb_hardware_setup.c...
..\..\..\..\Robot_Nervous_System\LPC3xxx_Modules\mb_includes.h(26): error:  #5: cannot open source input file "control_code.h": No such file or directory
compiling mb_software_setup.c...
..\..\..\..\Robot_Nervous_System\LPC3xxx_Modules\mb_includes.h(26): error:  #5: cannot open source input file "control_code.h": No such file or directory
compiling main.c...
..\..\..\..\Robot_Nervous_System\LPC3xxx_Modules\mb_includes.h(26): error:  #5: cannot open source input file "control_code.h": No such file or directory
compiling mb_data_nexus.c...
..\..\..\..\Robot_Nervous_System\LPC3xxx_Modules\mb_includes.h(26): error:  #5: cannot open source input file "control_code.h": No such file or directory
compiling mb_scheduler.c...
..\..\..\..\Robot_Nervous_System\LPC3xxx_Modules\mb_includes.h(26): error:  #5: cannot open source input file "control_code.h": No such file or directory
compiling mb_ssp_dma.c...
..\..\..\..\Robot_Nervous_System\LPC3xxx_Modules\mb_includes.h(26): error:  #5: cannot open source input file "control_code.h": No such file or directory
compiling mb_heartbeat.c...
..\..\..\..\Robot_Nervous_System\LPC3xxx_Modules\mb_includes.h(26): error:  #5: cannot open source input file "control_code.h": No such file or directory
compiling mb_bluetooth.c...
..\..\..\..\Robot_Nervous_System\LPC3xxx_Modules\mb_includes.h(26): error:  #5: cannot open source input file "control_code.h": No such file or directory
compiling a9_clock.c...
..\..\..\..\Robot_Nervous_System\LPC3xxx_Modules\mb_includes.h(26): error:  #5: cannot open source input file "control_code.h": No such file or directory
compiling mb_io_data.c...
..\..\..\..\Robot_Nervous_System\LPC3xxx_Modules\mb_includes.h(26): error:  #5: cannot open source input file "control_code.h": No such file or directory
compiling mb_error.c...
..\..\..\..\Robot_Nervous_System\LPC3xxx_Modules\mb_includes.h(26): error:  #5: cannot open source input file "control_code.h": No such file or directory
compiling mb_estimator.c...
..\..\..\..\Robot_Nervous_System\LPC3xxx_Modules\mb_includes.h(26): error:  #5: cannot open source input file "control_code.h": No such file or directory
compiling mb_estimator_execution_time.c...
..\..\..\..\Robot_Nervous_System\LPC3xxx_Modules\mb_includes.h(26): error:  #5: cannot open source input file "control_code.h": No such file or directory
compiling UI_fsm.cpp...
..\..\..\..\Robot_Nervous_System\LPC3xxx_Modules\mb_includes.h(26): error:  #5: cannot open source input file "control_code.h": No such file or directory
compiling foot_inner_fsm.cpp...
..\..\..\..\Robot_Nervous_System\LPC3xxx_Modules\mb_includes.h(26): error:  #5: cannot open source input file "control_code.h": No such file or directory
compiling foot_outer_fsm.cpp...
..\..\..\..\Robot_Nervous_System\LPC3xxx_Modules\mb_includes.h(26): error:  #5: cannot open source input file "control_code.h": No such file or directory
compiling fsm.cpp...
compiling hip_fsm.cpp...
..\..\..\..\Robot_Nervous_System\LPC3xxx_Modules\mb_includes.h(26): error:  #5: cannot open source input file "control_code.h": No such file or directory
compiling leg_fsm.cpp...
..\..\..\..\Robot_Nervous_System\LPC3xxx_Modules\mb_includes.h(26): error:  #5: cannot open source input file "control_code.h": No such file or directory
compiling mb_fsm.cpp...
..\..\..\..\Robot_Nervous_System\LPC3xxx_Modules\mb_includes.h(26): error:  #5: cannot open source input file "control_code.h": No such file or directory
compiling steering_fsm.cpp...
..\..\..\..\Robot_Nervous_System\LPC3xxx_Modules\mb_includes.h(26): error:  #5: cannot open source input file "control_code.h": No such file or directory
compiling control_code.cpp...
..\..\..\..\Robot_Nervous_System\LPC3xxx_Modules\mb_includes.h(26): error:  #5: cannot open source input file "control_code.h": No such file or directory
Target not created
Build target 'LPC3250 Ext SDRAM (NOR)'
assembling LPC32x0.s...
compiling mb_hardware_setup.c...
..\..\..\..\Robot_Nervous_System\LPC3xxx_Modules\mb_includes.h(26): error:  #5: cannot open source input file "control_code.h": No such file or directory
compiling mb_software_setup.c...
..\..\..\..\Robot_Nervous_System\LPC3xxx_Modules\mb_includes.h(26): error:  #5: cannot open source input file "control_code.h": No such file or directory
compiling main.c...
..\..\..\..\Robot_Nervous_System\LPC3xxx_Modules\mb_includes.h(26): error:  #5: cannot open source input file "control_code.h": No such file or directory
compiling mb_data_nexus.c...
..\..\..\..\Robot_Nervous_System\LPC3xxx_Modules\mb_includes.h(26): error:  #5: cannot open source input file "control_code.h": No such file or directory
compiling mb_scheduler.c...
..\..\..\..\Robot_Nervous_System\LPC3xxx_Modules\mb_includes.h(26): error:  #5: cannot open source input file "control_code.h": No such file or directory
compiling mb_ssp_dma.c...
..\..\..\..\Robot_Nervous_System\LPC3xxx_Modules\mb_includes.h(26): error:  #5: cannot open source input file "control_code.h": No such file or directory
compiling mb_heartbeat.c...
..\..\..\..\Robot_Nervous_System\LPC3xxx_Modules\mb_includes.h(26): error:  #5: cannot open source input file "control_code.h": No such file or directory
compiling mb_bluetooth.c...
..\..\..\..\Robot_Nervous_System\LPC3xxx_Modules\mb_includes.h(26): error:  #5: cannot open source input file "control_code.h": No such file or directory
compiling a9_clock.c...
..\..\..\..\Robot_Nervous_System\LPC3xxx_Modules\mb_includes.h(26): error:  #5: cannot open source input file "control_code.h": No such file or directory
compiling mb_io_data.c...
..\..\..\..\Robot_Nervous_System\LPC3xxx_Modules\mb_includes.h(26): error:  #5: cannot open source input file "control_code.h": No such file or directory
compiling mb_error.c...
..\..\..\..\Robot_Nervous_System\LPC3xxx_Modules\mb_includes.h(26): error:  #5: cannot open source input file "control_code.h": No such file or directory
compiling mb_estimator.c...
..\..\..\..\Robot_Nervous_System\LPC3xxx_Modules\mb_includes.h(26): error:  #5: cannot open source input file "control_code.h": No such file or directory
compiling mb_estimator_execution_time.c...
..\..\..\..\Robot_Nervous_System\LPC3xxx_Modules\mb_includes.h(26): error:  #5: cannot open source input file "control_code.h": No such file or directory
compiling UI_fsm.cpp...
..\..\..\..\Robot_Nervous_System\LPC3xxx_Modules\mb_includes.h(26): error:  #5: cannot open source input file "control_code.h": No such file or directory
compiling foot_inner_fsm.cpp...
..\..\..\..\Robot_Nervous_System\LPC3xxx_Modules\mb_includes.h(26): error:  #5: cannot open source input file "control_code.h": No such file or directory
compiling foot_outer_fsm.cpp...
..\..\..\..\Robot_Nervous_System\LPC3xxx_Modules\mb_includes.h(26): error:  #5: cannot open source input file "control_code.h": No such file or directory
compiling fsm.cpp...
compiling hip_fsm.cpp...
..\..\..\..\Robot_Nervous_System\LPC3xxx_Modules\mb_includes.h(26): error:  #5: cannot open source input file "control_code.h": No such file or directory
compiling leg_fsm.cpp...
..\..\..\..\Robot_Nervous_System\LPC3xxx_Modules\mb_includes.h(26): error:  #5: cannot open source input file "control_code.h": No such file or directory
compiling mb_fsm.cpp...
..\..\..\..\Robot_Nervous_System\LPC3xxx_Modules\mb_includes.h(26): error:  #5: cannot open source input file "control_code.h": No such file or directory
compiling steering_fsm.cpp...
..\..\..\..\Robot_Nervous_System\LPC3xxx_Modules\mb_includes.h(26): error:  #5: cannot open source input file "control_code.h": No such file or directory
compiling control_code.cpp...
..\..\..\..\Robot_Nervous_System\LPC3xxx_Modules\mb_includes.h(26): error:  #5: cannot open source input file "control_code.h": No such file or directory
Target not created
Build target 'LPC3250 Ext SDRAM (NOR)'
assembling LPC32x0.s...
compiling mb_hardware_setup.c...
..\..\Estimator\mb_estimator.h(27): warning:  #1295-D: Deprecated declaration clear_UI_LED_ - give arg types
compiling mb_software_setup.c...
..\..\Estimator\mb_estimator.h(27): warning:  #1295-D: Deprecated declaration clear_UI_LED_ - give arg types
src\mb_software_setup.c(2): error:  #5: cannot open source input file "control_code.h": No such file or directory
compiling main.c...
..\..\Estimator\mb_estimator.h(27): warning:  #1295-D: Deprecated declaration clear_UI_LED_ - give arg types
compiling mb_data_nexus.c...
..\..\Estimator\mb_estimator.h(27): warning:  #1295-D: Deprecated declaration clear_UI_LED_ - give arg types
compiling mb_scheduler.c...
..\..\Estimator\mb_estimator.h(27): warning:  #1295-D: Deprecated declaration clear_UI_LED_ - give arg types
compiling mb_ssp_dma.c...
..\..\Estimator\mb_estimator.h(27): warning:  #1295-D: Deprecated declaration clear_UI_LED_ - give arg types
compiling mb_heartbeat.c...
..\..\Estimator\mb_estimator.h(27): warning:  #1295-D: Deprecated declaration clear_UI_LED_ - give arg types
compiling mb_bluetooth.c...
..\..\Estimator\mb_estimator.h(27): warning:  #1295-D: Deprecated declaration clear_UI_LED_ - give arg types
compiling a9_clock.c...
..\..\Estimator\mb_estimator.h(27): warning:  #1295-D: Deprecated declaration clear_UI_LED_ - give arg types
compiling mb_io_data.c...
..\..\Estimator\mb_estimator.h(27): warning:  #1295-D: Deprecated declaration clear_UI_LED_ - give arg types
compiling mb_error.c...
..\..\Estimator\mb_estimator.h(27): warning:  #1295-D: Deprecated declaration clear_UI_LED_ - give arg types
compiling mb_estimator.c...
..\..\Estimator\mb_estimator.h(27): warning:  #1295-D: Deprecated declaration clear_UI_LED_ - give arg types
..\..\Estimator\mb_estimator.c(559): warning:  #550-D: variable "material_swt_spt_height" was set but never used
compiling mb_estimator_execution_time.c...
..\..\Estimator\mb_estimator.h(27): warning:  #1295-D: Deprecated declaration clear_UI_LED_ - give arg types
compiling UI_fsm.cpp...
compiling foot_inner_fsm.cpp...
compiling foot_outer_fsm.cpp...
compiling fsm.cpp...
compiling hip_fsm.cpp...
compiling leg_fsm.cpp...
compiling mb_fsm.cpp...
compiling steering_fsm.cpp...
compiling control_code.cpp...
Target not created
Build target 'LPC3250 Ext SDRAM (NOR)'
assembling LPC32x0.s...
compiling mb_hardware_setup.c...
compiling mb_software_setup.c...
src\mb_software_setup.c(2): error:  #5: cannot open source input file "control_code.h": No such file or directory
compiling main.c...
compiling mb_data_nexus.c...
compiling mb_scheduler.c...
compiling mb_ssp_dma.c...
compiling mb_heartbeat.c...
compiling mb_bluetooth.c...
compiling a9_clock.c...
compiling mb_io_data.c...
compiling mb_error.c...
compiling mb_estimator.c...
..\..\Estimator\mb_estimator.c(559): warning:  #550-D: variable "material_swt_spt_height" was set but never used
compiling mb_estimator_execution_time.c...
compiling UI_fsm.cpp...
compiling foot_inner_fsm.cpp...
compiling foot_outer_fsm.cpp...
compiling fsm.cpp...
compiling hip_fsm.cpp...
compiling leg_fsm.cpp...
compiling mb_fsm.cpp...
compiling steering_fsm.cpp...
compiling control_code.cpp...
Target not created
Build target 'LPC3250 Ext SDRAM (NOR)'
assembling LPC32x0.s...
compiling mb_hardware_setup.c...
compiling mb_software_setup.c...
compiling main.c...
compiling mb_data_nexus.c...
compiling mb_scheduler.c...
compiling mb_ssp_dma.c...
compiling mb_heartbeat.c...
compiling mb_bluetooth.c...
compiling a9_clock.c...
compiling mb_io_data.c...
compiling mb_error.c...
compiling mb_estimator.c...
..\..\Estimator\mb_estimator.c(559): warning:  #550-D: variable "material_swt_spt_height" was set but never used
compiling mb_estimator_execution_time.c...
compiling UI_fsm.cpp...
compiling foot_inner_fsm.cpp...
compiling foot_outer_fsm.cpp...
compiling fsm.cpp...
compiling hip_fsm.cpp...
compiling leg_fsm.cpp...
compiling mb_fsm.cpp...
compiling steering_fsm.cpp...
compiling control_code.cpp...
linking...
Program Size: Code=51456 RO-data=2028 RW-data=13420 ZI-data=82660  
".\Ext_SDRAM\LPC3250_main_brain.axf" - 0 Error(s), 1 Warning(s).
Build target 'LPC3250 Ext SDRAM (NOR)'
assembling LPC32x0.s...
compiling mb_hardware_setup.c...
compiling mb_software_setup.c...
compiling main.c...
compiling mb_data_nexus.c...
compiling mb_scheduler.c...
compiling mb_ssp_dma.c...
compiling mb_heartbeat.c...
compiling mb_bluetooth.c...
compiling a9_clock.c...
compiling mb_io_data.c...
compiling mb_error.c...
compiling mb_estimator.c...
..\..\Estimator\mb_estimator.c(559): warning:  #550-D: variable "material_swt_spt_height" was set but never used
compiling mb_estimator_execution_time.c...
compiling UI_fsm.cpp...
compiling foot_inner_fsm.cpp...
compiling foot_outer_fsm.cpp...
compiling fsm.cpp...
compiling hip_fsm.cpp...
compiling leg_fsm.cpp...
compiling mb_fsm.cpp...
compiling steering_fsm.cpp...
compiling control_code.cpp...
linking...
.\Ext_SDRAM\LPC3250_main_brain.axf: Error: L6218E: Undefined symbol control_run (referred from mb_software_setup.o).
Target not created
Build target 'LPC3250 Ext SDRAM (NOR)'
assembling LPC32x0.s...
compiling mb_hardware_setup.c...
compiling mb_software_setup.c...
compiling main.c...
compiling mb_data_nexus.c...
compiling mb_scheduler.c...
compiling mb_ssp_dma.c...
compiling mb_heartbeat.c...
compiling mb_bluetooth.c...
compiling a9_clock.c...
compiling mb_io_data.c...
compiling mb_error.c...
compiling mb_estimator.c...
..\..\Estimator\mb_estimator.c(37): error:  #268: declaration may not appear after executable statement in block
..\..\Estimator\mb_estimator.c(118): error:  #268: declaration may not appear after executable statement in block
..\..\Estimator\mb_estimator.c(119): error:  #268: declaration may not appear after executable statement in block
..\..\Estimator\mb_estimator.c(688): warning:  #550-D: variable "material_swt_spt_height" was set but never used
compiling mb_estimator_execution_time.c...
compiling UI_fsm.cpp...
compiling foot_inner_fsm.cpp...
compiling foot_outer_fsm.cpp...
compiling fsm.cpp...
compiling hip_fsm.cpp...
compiling leg_fsm.cpp...
compiling mb_fsm.cpp...
compiling steering_fsm.cpp...
Target not created
Build target 'LPC3250 Ext SDRAM (NOR)'
assembling LPC32x0.s...
compiling mb_hardware_setup.c...
compiling mb_software_setup.c...
compiling main.c...
compiling mb_data_nexus.c...
compiling mb_scheduler.c...
compiling mb_ssp_dma.c...
compiling mb_heartbeat.c...
compiling mb_bluetooth.c...
compiling a9_clock.c...
compiling mb_io_data.c...
compiling mb_error.c...
compiling mb_estimator.c...
..\..\Estimator\mb_estimator.c(112): error:  #65: expected a ";"
..\..\Estimator\mb_estimator.c(117): error:  #20: identifier "Kp" is undefined
..\..\Estimator\mb_estimator.c(689): warning:  #550-D: variable "material_swt_spt_height" was set but never used
compiling mb_estimator_execution_time.c...
compiling UI_fsm.cpp...
compiling foot_inner_fsm.cpp...
compiling foot_outer_fsm.cpp...
compiling fsm.cpp...
compiling hip_fsm.cpp...
compiling leg_fsm.cpp...
compiling mb_fsm.cpp...
compiling steering_fsm.cpp...
Target not created
Build target 'LPC3250 Ext SDRAM (NOR)'
assembling LPC32x0.s...
compiling mb_hardware_setup.c...
compiling mb_software_setup.c...
compiling main.c...
compiling mb_data_nexus.c...
compiling mb_scheduler.c...
compiling mb_ssp_dma.c...
compiling mb_heartbeat.c...
compiling mb_bluetooth.c...
compiling a9_clock.c...
compiling mb_io_data.c...
compiling mb_error.c...
compiling mb_estimator.c...
..\..\Estimator\mb_estimator.c(689): warning:  #550-D: variable "material_swt_spt_height" was set but never used
compiling mb_estimator_execution_time.c...
compiling UI_fsm.cpp...
compiling foot_inner_fsm.cpp...
compiling foot_outer_fsm.cpp...
compiling fsm.cpp...
compiling hip_fsm.cpp...
compiling leg_fsm.cpp...
compiling mb_fsm.cpp...
compiling steering_fsm.cpp...
linking...
Program Size: Code=52448 RO-data=2028 RW-data=13420 ZI-data=82660  
".\Ext_SDRAM\LPC3250_main_brain.axf" - 0 Error(s), 1 Warning(s).
Load "C:\\Users\\Yawen Wang\\Documents\\GitHub\\Ranger\\Ranger\\Control\\LPC3250_Main_Brain\\current\\Ext_SDRAM\\LPC3250_main_brain.AXF" 
Load "C:\\Users\\Yawen Wang\\Documents\\GitHub\\Ranger\\Ranger\\Control\\LPC3250_Main_Brain\\current\\Ext_SDRAM\\LPC3250_main_brain.AXF" 
Include "C:\\Users\\Yawen Wang\\Documents\\GitHub\\Ranger\\Ranger\\Control\\LPC3250_Main_Brain\\current\\Prog_NOR.ini" 
/******************************************************************************/
/* Prog_NOR.ini: External NOR Flash Programming Initialization File           */
/******************************************************************************/
// <<< Use Configuration Wizard in Context Menu >>>                           // 
/******************************************************************************/
/* This file is part of the uVision/ARM development tools.                    */
/* Copyright (c) 2005-2008 Keil Software. All rights reserved.                */
/* This software may only be used under the terms of a valid, current,        */
/* end user licence from KEIL for a compatible version of KEIL software       */
/* development tools. Nothing else gives you the right to use this software.  */
/******************************************************************************/
_WDWORD(0x31080200, 0x82);              // Set active BLSn[3:0] and 32-bit mode
Erase Done.
Programming Done.
Verify OK.
Application running ...
Build target 'LPC3250 Ext SDRAM (NOR)'
assembling LPC32x0.s...
compiling mb_hardware_setup.c...
compiling mb_software_setup.c...
compiling main.c...
compiling mb_data_nexus.c...
compiling mb_scheduler.c...
compiling mb_ssp_dma.c...
compiling mb_heartbeat.c...
compiling mb_bluetooth.c...
compiling a9_clock.c...
compiling mb_io_data.c...
compiling mb_error.c...
compiling mb_estimator.c...
..\..\Estimator\mb_estimator.c(689): warning:  #550-D: variable "material_swt_spt_height" was set but never used
compiling mb_estimator_execution_time.c...
compiling UI_fsm.cpp...
compiling foot_inner_fsm.cpp...
compiling foot_outer_fsm.cpp...
compiling fsm.cpp...
compiling hip_fsm.cpp...
compiling leg_fsm.cpp...
compiling mb_fsm.cpp...
compiling steering_fsm.cpp...
linking...
Program Size: Code=52452 RO-data=2028 RW-data=13420 ZI-data=82660  
".\Ext_SDRAM\LPC3250_main_brain.axf" - 0 Error(s), 1 Warning(s).
Load "C:\\Users\\Yawen Wang\\Documents\\GitHub\\Ranger\\Ranger\\Control\\LPC3250_Main_Brain\\current\\Ext_SDRAM\\LPC3250_main_brain.AXF" 
Include "C:\\Users\\Yawen Wang\\Documents\\GitHub\\Ranger\\Ranger\\Control\\LPC3250_Main_Brain\\current\\Prog_NOR.ini" 
/******************************************************************************/
/* Prog_NOR.ini: External NOR Flash Programming Initialization File           */
/******************************************************************************/
// <<< Use Configuration Wizard in Context Menu >>>                           // 
/******************************************************************************/
/* This file is part of the uVision/ARM development tools.                    */
/* Copyright (c) 2005-2008 Keil Software. All rights reserved.                */
/* This software may only be used under the terms of a valid, current,        */
/* end user licence from KEIL for a compatible version of KEIL software       */
/* development tools. Nothing else gives you the right to use this software.  */
/******************************************************************************/
_WDWORD(0x31080200, 0x82);              // Set active BLSn[3:0] and 32-bit mode
Erase Done.
Programming Done.
Verify OK.
Application running ...
