<html>
<body>
<pre>
<h1>µVision3 Build Log</h1>
<h2>Project:</h2>
C:\Users\Matt\Documents\RangerGit\Ranger\Control\LPC3250_Main_Brain\current\LPC3250_main_brain.uv2
Project File Date:  01/26/2016

<h2>Output:</h2>
Build target 'LPC3250 Int RAM'
assembling LPC32x0.s...
compiling mb_hardware_setup.c...
..\..\Estimator\mb_estimator.h(4): error:  #5: cannot open source input file "RangerMath.h": No such file or directory
compiling mb_software_setup.c...
..\..\Estimator\mb_estimator.h(4): error:  #5: cannot open source input file "RangerMath.h": No such file or directory
compiling main.c...
..\..\Estimator\mb_estimator.h(4): error:  #5: cannot open source input file "RangerMath.h": No such file or directory
compiling mb_data_nexus.c...
..\..\Estimator\mb_estimator.h(4): error:  #5: cannot open source input file "RangerMath.h": No such file or directory
compiling mb_scheduler.c...
..\..\Estimator\mb_estimator.h(4): error:  #5: cannot open source input file "RangerMath.h": No such file or directory
compiling mb_ssp_dma.c...
..\..\Estimator\mb_estimator.h(4): error:  #5: cannot open source input file "RangerMath.h": No such file or directory
compiling mb_heartbeat.c...
..\..\Estimator\mb_estimator.h(4): error:  #5: cannot open source input file "RangerMath.h": No such file or directory
compiling mb_bluetooth.c...
..\..\Estimator\mb_estimator.h(4): error:  #5: cannot open source input file "RangerMath.h": No such file or directory
compiling a9_clock.c...
..\..\Estimator\mb_estimator.h(4): error:  #5: cannot open source input file "RangerMath.h": No such file or directory
compiling mb_io_data.c...
..\..\Estimator\mb_estimator.h(4): error:  #5: cannot open source input file "RangerMath.h": No such file or directory
compiling mb_error.c...
..\..\Estimator\mb_estimator.h(4): error:  #5: cannot open source input file "RangerMath.h": No such file or directory
compiling bufferDataOut.c...
..\..\Estimator\mb_estimator.h(4): error:  #5: cannot open source input file "RangerMath.h": No such file or directory
compiling mb_estimator.c...
..\..\Estimator\mb_estimator.h(4): error:  #5: cannot open source input file "RangerMath.h": No such file or directory
compiling objectiveFunction.c...
..\..\Estimator\objectiveFunction.c(21): error:  #5: cannot open source input file "RangerMath.h": No such file or directory
compiling optimizeGait.c...
..\..\Estimator\mb_estimator.h(4): error:  #5: cannot open source input file "RangerMath.h": No such file or directory
compiling PSO.c...
..\..\Estimator\mb_estimator.h(4): error:  #5: cannot open source input file "RangerMath.h": No such file or directory
compiling robotParameters.c...
compiling gaitControl.c...
..\..\Estimator\mb_estimator.h(4): error:  #5: cannot open source input file "RangerMath.h": No such file or directory
compiling gaitControlData.c...
..\..\Controller\gaitControlData.c(1): error:  #5: cannot open source input file "gaitControlData.h": No such file or directory
compiling input_output.c...
..\..\Estimator\mb_estimator.h(4): error:  #5: cannot open source input file "RangerMath.h": No such file or directory
compiling mb_controller.c...
..\..\Estimator\mb_estimator.h(4): error:  #5: cannot open source input file "RangerMath.h": No such file or directory
compiling motorControl.c...
..\..\Estimator\mb_estimator.h(4): error:  #5: cannot open source input file "RangerMath.h": No such file or directory
compiling RangerMath.c...
compiling safeMode.c...
..\..\Estimator\mb_estimator.h(4): error:  #5: cannot open source input file "RangerMath.h": No such file or directory
compiling unit_test.c...
..\..\Estimator\mb_estimator.h(4): error:  #5: cannot open source input file "RangerMath.h": No such file or directory
compiling walkControl.c...
..\..\Estimator\mb_estimator.h(4): error:  #5: cannot open source input file "RangerMath.h": No such file or directory
Target not created
Build target 'LPC3250 Int RAM'
assembling LPC32x0.s...
compiling mb_hardware_setup.c...
compiling mb_software_setup.c...
compiling main.c...
compiling mb_data_nexus.c...
compiling mb_scheduler.c...
compiling mb_ssp_dma.c...
compiling mb_heartbeat.c...
compiling mb_bluetooth.c...
compiling a9_clock.c...
compiling mb_io_data.c...
compiling mb_error.c...
compiling bufferDataOut.c...
compiling mb_estimator.c...
compiling objectiveFunction.c...
compiling optimizeGait.c...
compiling PSO.c...
compiling robotParameters.c...
compiling gaitControl.c...
compiling gaitControlData.c...
compiling input_output.c...
compiling mb_controller.c...
compiling motorControl.c...
compiling RangerMath.c...
compiling safeMode.c...
compiling unit_test.c...
compiling walkControl.c...
linking...
Program Size: Code=36936 RO-data=580 RW-data=23000 ZI-data=90392  
".\Int_RAM\LPC3250_Main_Brain.axf" - 0 Error(s), 0 Warning(s).
