<!doctype html public "-//w3c//dtd html 4.0 transitional//en">
<html><head>
<title>Static Call Graph - [.\Flash\keil_framework_2194.axf]</title></head>
<body><HR>
<H1>Static Call Graph for image .\Flash\keil_framework_2194.axf</H1><HR>
<BR><P>#&#060CALLGRAPH&#062# ARM Linker, RVCT4.0 [Build 524]: Last Updated: Mon Jun 20 13:21:10 2016
<BR><P>
<H3>Maximum Stack Usage =        288 bytes + Unknown(Functions without stacksize, Cycles, Untraceable Function Pointers)</H3><H3>
Call chain for Maximum Stack Depth:</H3>
main &rArr; init_software &rArr; qdc_tmr0_init &rArr; __aeabi_dmul &rArr; _double_epilogue &rArr; _double_round
<P>
<H3>
Functions with no stack information
</H3><UL>
 <LI><a href="#[25027b4]">Reset_Handler</a>
 <LI><a href="#[250273c]">FIQ_Handler</a>
 <LI><a href="#[25029d0]">Undef_Handler</a>
 <LI><a href="#[2502994]">SWI_Handler</a>
 <LI><a href="#[2502958]">PAbt_Handler</a>
 <LI><a href="#[250291c]">DAbt_Handler</a>
 <LI><a href="#[25028e0]">IRQ_Handler</a>
 <LI><a href="#[24f823c]">__switch$$</a>
 <LI><a href="#[24f8200]">__switch$$</a>
</UL>
</UL>
<P>
<H3>
Mutually Recursive functions
</H3> <LI><a href="#[2501698]">mutex_lock</a>&nbsp;&nbsp;&nbsp;&rArr;&nbsp;&nbsp;&nbsp;<a href="#[2501698]">mutex_lock</a><BR>
 <LI><a href="#[25797a4]">_float_round</a>&nbsp;&nbsp;&nbsp;&rArr;&nbsp;&nbsp;&nbsp;<a href="#[25797a4]">_float_round</a><BR>
 <LI><a href="#[25029d0]">Undef_Handler</a>&nbsp;&nbsp;&nbsp;&rArr;&nbsp;&nbsp;&nbsp;<a href="#[25029d0]">Undef_Handler</a><BR>
 <LI><a href="#[2502994]">SWI_Handler</a>&nbsp;&nbsp;&nbsp;&rArr;&nbsp;&nbsp;&nbsp;<a href="#[2502994]">SWI_Handler</a><BR>
 <LI><a href="#[2502958]">PAbt_Handler</a>&nbsp;&nbsp;&nbsp;&rArr;&nbsp;&nbsp;&nbsp;<a href="#[2502958]">PAbt_Handler</a><BR>
 <LI><a href="#[250291c]">DAbt_Handler</a>&nbsp;&nbsp;&nbsp;&rArr;&nbsp;&nbsp;&nbsp;<a href="#[250291c]">DAbt_Handler</a><BR>
 <LI><a href="#[25028e0]">IRQ_Handler</a>&nbsp;&nbsp;&nbsp;&rArr;&nbsp;&nbsp;&nbsp;<a href="#[25028e0]">IRQ_Handler</a><BR>
</UL>
<P>
<H3>
Function Pointers
</H3><UL>
 <LI><a href="#[2501620]">voidvoid</a>
 <LI><a href="#[2501710]">intvoid</a>
 <LI><a href="#[2500b94]">voidint</a>
 <LI><a href="#[2500018]">task_every_row</a>
 <LI><a href="#[24ffd0c]">can_tx_angle</a>
 <LI><a href="#[24ff604]">dn_sched_done</a>
 <LI><a href="#[2500018]">task_every_row</a>
 <LI><a href="#[24ff94c]">can_tx_rate</a>
 <LI><a href="#[24ff604]">dn_sched_done</a>
 <LI><a href="#[2500018]">task_every_row</a>
 <LI><a href="#[24ffaf0]">can_tx_left_heel_sense</a>
 <LI><a href="#[24ff604]">dn_sched_done</a>
 <LI><a href="#[2500018]">task_every_row</a>
 <LI><a href="#[24ff9c4]">can_tx_motor_pos</a>
 <LI><a href="#[24ff604]">dn_sched_done</a>
 <LI><a href="#[2500018]">task_every_row</a>
 <LI><a href="#[24ffb2c]">can_tx_hs_right</a>
 <LI><a href="#[24ff604]">dn_sched_done</a>
 <LI><a href="#[2500018]">task_every_row</a>
 <LI><a href="#[24ffc94]">can_tx_batt_power</a>
 <LI><a href="#[24ff604]">dn_sched_done</a>
 <LI><a href="#[2500018]">task_every_row</a>
 <LI><a href="#[24ff910]">can_tx_right_heel_sense</a>
 <LI><a href="#[24ff604]">dn_sched_done</a>
 <LI><a href="#[2500018]">task_every_row</a>
 <LI><a href="#[24fffdc]">run_occasionally</a>
 <LI><a href="#[24ff604]">dn_sched_done</a>
 <LI><a href="#[2501620]">voidvoid</a>
 <LI><a href="#[2501710]">intvoid</a>
 <LI><a href="#[25027b4]">Reset_Handler</a>
 <LI><a href="#[25029d0]">Undef_Handler</a>
 <LI><a href="#[2502994]">SWI_Handler</a>
 <LI><a href="#[2502958]">PAbt_Handler</a>
 <LI><a href="#[250291c]">DAbt_Handler</a>
 <LI><a href="#[25028e0]">IRQ_Handler</a>
 <LI><a href="#[250273c]">FIQ_Handler</a>
 <LI><a href="#[257b52c]">__main</a>
 <LI><a href="#[2502d18]">main</a>
 <LI><a href="#[2502070]">asched_get_timestamp</a>
 <LI><a href="#[24ff898]">dn_error_transmit</a>
 <LI><a href="#[24ff8d4]">dn_blue_heartbeat</a>
 <LI><a href="#[24ff7e4]">dn_get_motor_vel_rads</a>
 <LI><a href="#[24ff820]">dn_get_motor_pos_rads</a>
 <LI><a href="#[24ff6f4]">dn_get_raw_motor_current</a>
 <LI><a href="#[24ff7a8]">dn_get_p0</a>
 <LI><a href="#[24ff76c]">dn_get_p1</a>
 <LI><a href="#[24ff6b8]">dn_get_raw_right_hs</a>
 <LI><a href="#[24ff730]">dn_get_raw_left_hs</a>
 <LI><a href="#[24fe0b0]">dn_rx_timestamp</a>
 <LI><a href="#[24fe5d8]">can_rx_setter_float_dummy</a>
 <LI><a href="#[24fe59c]">can_rx_setter_int_dummy</a>
 <LI><a href="#[24ff460]">mc_set_command_current</a>
 <LI><a href="#[24ff3e8]">mc_set_stiffness</a>
 <LI><a href="#[24ff424]">mc_set_dampness</a>
 <LI><a href="#[24fdffc]">mc_set_target_current</a>
 <LI><a href="#[24fe074]">mc_set_shutdown</a>
 <LI><a href="#[24fe038]">mc_set_sleep</a>
 <LI><a href="#[2501878]">error_get_time</a>
 <LI><a href="#[250183c]">error_get_info</a>
 <LI><a href="#[2502070]">asched_get_timestamp</a>
 <LI><a href="#[24ff820]">dn_get_motor_pos_rads</a>
 <LI><a href="#[24ff7e4]">dn_get_motor_vel_rads</a>
 <LI><a href="#[24fe1dc]">dn_get_motor_current</a>
 <LI><a href="#[24ff85c]">dn_get_ankle_pos_rads</a>
 <LI><a href="#[24fe434]">dn_get_ankle_vel_rads</a>
 <LI><a href="#[24fe3bc]">dn_get_battery_power</a>
 <LI><a href="#[24fe128]">dn_get_right_ls</a>
 <LI><a href="#[24fe254]">dn_get_left_ls</a>
 <LI><a href="#[24fe164]">dn_get_right_hs</a>
 <LI><a href="#[24fe290]">dn_get_left_hs</a>
 <LI><a href="#[24fe0ec]">dn_get_status</a>
 <LI><a href="#[24fe3f8]">dn_get_battery_current</a>
 <LI><a href="#[24fe380]">dn_get_battery_voltage</a>
 <LI><a href="#[24fe308]">dn_get_hbridge_temp</a>
 <LI><a href="#[24fe1a0]">dn_get_right_heel_sense</a>
 <LI><a href="#[24fe2cc]">dn_get_left_heel_sense</a>
 <LI><a href="#[24fe344]">dn_get_execution_time</a>
 <LI><a href="#[24fe218]">dn_get_max_execution_time</a>
 <LI><a href="#[24fdb88]">can_rx2_isr</a>
 <LI><a href="#[24fdc3c]">adcx_isr</a>
 <LI><a href="#[24fdc78]">adci_isr</a>
 <LI><a href="#[25005b8]">timer1_isr</a>
 <LI><a href="#[24fdbc4]">can_error_isr</a>
 <LI><a href="#[24fdc00]">ae_isr</a>
 <LI><a href="#[24f823c]">__switch$$</a>
 <LI><a href="#[24f823c]">__switch$$</a>
 <LI><a href="#[24f823c]">__switch$$</a>
 <LI><a href="#[24f823c]">__switch$$</a>
 <LI><a href="#[24f823c]">__switch$$</a>
 <LI><a href="#[24f8200]">__switch$$</a>
 <LI><a href="#[24f8200]">__switch$$</a>
 <LI><a href="#[24f8200]">__switch$$</a>
 <LI><a href="#[24f8200]">__switch$$</a>
 <LI><a href="#[24f8200]">__switch$$</a>
 <LI><a href="#[2501620]">voidvoid</a>
 <LI><a href="#[2501710]">intvoid</a>
 <LI><a href="#[2500b94]">voidint</a>
 <LI><a href="#[2500018]">task_every_row</a>
 <LI><a href="#[24ffd0c]">can_tx_angle</a>
 <LI><a href="#[24ff604]">dn_sched_done</a>
 <LI><a href="#[2500018]">task_every_row</a>
 <LI><a href="#[24ff94c]">can_tx_rate</a>
 <LI><a href="#[24ff604]">dn_sched_done</a>
 <LI><a href="#[2500018]">task_every_row</a>
 <LI><a href="#[24ffaf0]">can_tx_left_heel_sense</a>
 <LI><a href="#[24ff604]">dn_sched_done</a>
 <LI><a href="#[2500018]">task_every_row</a>
 <LI><a href="#[24ff9c4]">can_tx_motor_pos</a>
 <LI><a href="#[24ff604]">dn_sched_done</a>
 <LI><a href="#[2500018]">task_every_row</a>
 <LI><a href="#[24ffb2c]">can_tx_hs_right</a>
 <LI><a href="#[24ff604]">dn_sched_done</a>
 <LI><a href="#[2500018]">task_every_row</a>
 <LI><a href="#[24ffc94]">can_tx_batt_power</a>
 <LI><a href="#[24ff604]">dn_sched_done</a>
 <LI><a href="#[2500018]">task_every_row</a>
 <LI><a href="#[24ff910]">can_tx_right_heel_sense</a>
 <LI><a href="#[24ff604]">dn_sched_done</a>
 <LI><a href="#[2500018]">task_every_row</a>
 <LI><a href="#[24fffdc]">run_occasionally</a>
 <LI><a href="#[24ff604]">dn_sched_done</a>
 <LI><a href="#[2501620]">voidvoid</a>
 <LI><a href="#[2501710]">intvoid</a>
</UL>
<P>
<H3>
Global Symbols
</H3>
<P><STRONG><a name="[25027b4]"></a>Reset_Handler</STRONG> (ARM, 0 bytes, Stack size unknown bytes, startup.o(RESET))
<BR>[Address Reference Count : 1]<UL><LI> startup.o(RESET)
</UL>
<P><STRONG><a name="[257b52c]"></a>__main</STRONG> (ARM, 0 bytes, Stack size unknown bytes, entry.o(.ARM.Collect$$$$00000000))

<P><STRONG><a name="[2579ee8]"></a>_main_stk</STRONG> (ARM, 0 bytes, Stack size unknown bytes, entry2.o(.ARM.Collect$$$$00000001))

<P><STRONG><a name="[2579df8]"></a>_main_scatterload</STRONG> (ARM, 0 bytes, Stack size unknown bytes, entry5.o(.ARM.Collect$$$$00000004))
<BR><BR>[Calls]<UL><LI><a href="#[25795c4]">&gt;&gt;</a>&nbsp;&nbsp;&nbsp;__scatterload
</UL>

<P><STRONG><a name="[2579dbc]"></a>__main_after_scatterload</STRONG> (ARM, 0 bytes, Stack size unknown bytes, entry5.o(.ARM.Collect$$$$00000004))
<BR><BR>[Called By]<UL><LI><a href="#[25795c4]">&gt;&gt;</a>&nbsp;&nbsp;&nbsp;__scatterload
</UL>

<P><STRONG><a name="[2579ccc]"></a>_main_init</STRONG> (ARM, 0 bytes, Stack size unknown bytes, entry7.o(.ARM.Collect$$$$00000007))

<P><STRONG><a name="[24f7918]"></a>can_rx_push</STRONG> (ARM, 72 bytes, Stack size 0 bytes, can.o(.emb_text))
<BR><BR>[Called By]<UL><LI><a href="#[24f74a4]">&gt;&gt;</a>&nbsp;&nbsp;&nbsp;can_rx4_isr
<LI><a href="#[24f74e0]">&gt;&gt;</a>&nbsp;&nbsp;&nbsp;can_rx3_isr
<LI><a href="#[24f751c]">&gt;&gt;</a>&nbsp;&nbsp;&nbsp;can_rx1_isr
<LI><a href="#[24fdb88]">&gt;&gt;</a>&nbsp;&nbsp;&nbsp;can_rx2_isr
</UL>

<P><STRONG><a name="[2502d54]"></a>init</STRONG> (ARM, 28 bytes, Stack size 8 bytes, main.o(.text), UNUSED)
<BR><BR>[Calls]<UL><LI><a href="#[2502bb0]">&gt;&gt;</a>&nbsp;&nbsp;&nbsp;init_values
<LI><a href="#[2502bec]">&gt;&gt;</a>&nbsp;&nbsp;&nbsp;init_software
<LI><a href="#[2502c28]">&gt;&gt;</a>&nbsp;&nbsp;&nbsp;init_interrupts
<LI><a href="#[2502c64]">&gt;&gt;</a>&nbsp;&nbsp;&nbsp;init_hardware
<LI><a href="#[2502ca0]">&gt;&gt;</a>&nbsp;&nbsp;&nbsp;init_can
</UL>

<P><STRONG><a name="[2502d18]"></a>main</STRONG> (ARM, 64 bytes, Stack size 8 bytes, main.o(.text))
<BR><BR>[Stack]<UL><LI>Max Depth = 288<LI>Call Chain = main &rArr; init_software &rArr; qdc_tmr0_init &rArr; __aeabi_dmul &rArr; _double_epilogue &rArr; _double_round
</UL>
<BR>[Calls]<UL><LI><a href="#[2502bb0]">&gt;&gt;</a>&nbsp;&nbsp;&nbsp;init_values
<LI><a href="#[2502bec]">&gt;&gt;</a>&nbsp;&nbsp;&nbsp;init_software
<LI><a href="#[2502c28]">&gt;&gt;</a>&nbsp;&nbsp;&nbsp;init_interrupts
<LI><a href="#[2502c64]">&gt;&gt;</a>&nbsp;&nbsp;&nbsp;init_hardware
<LI><a href="#[2502ca0]">&gt;&gt;</a>&nbsp;&nbsp;&nbsp;init_can
<LI><a href="#[2502cdc]">&gt;&gt;</a>&nbsp;&nbsp;&nbsp;asched_run
</UL>
<BR>[Address Reference Count : 1]<UL><LI> entry7.o(.ARM.Collect$$$$00000007)
</UL>
<P><STRONG><a name="[2502124]"></a>asched_init</STRONG> (ARM, 40 bytes, Stack size 0 bytes, async_scheduler.o(.text))
<BR><BR>[Called By]<UL><LI><a href="#[2502bec]">&gt;&gt;</a>&nbsp;&nbsp;&nbsp;init_software
</UL>

<P><STRONG><a name="[25020e8]"></a>asched_tick</STRONG> (ARM, 144 bytes, Stack size 8 bytes, async_scheduler.o(.text))
<BR><BR>[Stack]<UL><LI>Max Depth = 16<LI>Call Chain = asched_tick &rArr; error_occurred
</UL>
<BR>[Calls]<UL><LI><a href="#[2502034]">&gt;&gt;</a>&nbsp;&nbsp;&nbsp;error_occurred
</UL>
<BR>[Called By]<UL><LI><a href="#[25005b8]">&gt;&gt;</a>&nbsp;&nbsp;&nbsp;timer1_isr
</UL>

<P><STRONG><a name="[25020ac]"></a>asched_set_timestamp</STRONG> (ARM, 12 bytes, Stack size 0 bytes, async_scheduler.o(.text))
<BR><BR>[Called By]<UL><LI><a href="#[24fe0b0]">&gt;&gt;</a>&nbsp;&nbsp;&nbsp;dn_rx_timestamp
</UL>

<P><STRONG><a name="[2502cdc]"></a>asched_run</STRONG> (ARM, 100 bytes, Stack size 8 bytes, async_scheduler.o(.text))
<BR><BR>[Stack]<UL><LI>Max Depth = 8<LI>Call Chain = asched_run
</UL>
<BR>[Called By]<UL><LI><a href="#[2502d18]">&gt;&gt;</a>&nbsp;&nbsp;&nbsp;main
</UL>

<P><STRONG><a name="[2502070]"></a>asched_get_timestamp</STRONG> (ARM, 12 bytes, Stack size 0 bytes, async_scheduler.o(.text))
<BR><BR>[Called By]<UL><LI><a href="#[24ff604]">&gt;&gt;</a>&nbsp;&nbsp;&nbsp;dn_sched_done
</UL>
<BR>[Address Reference Count : 2]<UL><LI> software_setup.o(.text)
<LI> can_setup.o(.text)
</UL>
<P><STRONG><a name="[2501968]"></a>error_init</STRONG> (ARM, 48 bytes, Stack size 0 bytes, error.o(.text))
<BR><BR>[Called By]<UL><LI><a href="#[2502bec]">&gt;&gt;</a>&nbsp;&nbsp;&nbsp;init_software
</UL>

<P><STRONG><a name="[2502034]"></a>error_occurred</STRONG> (ARM, 92 bytes, Stack size 8 bytes, error.o(.text))
<BR><BR>[Stack]<UL><LI>Max Depth = 8<LI>Call Chain = error_occurred
</UL>
<BR>[Calls]<UL><LI><a href="#[250165c]">&gt;&gt;</a>&nbsp;&nbsp;&nbsp;mutex_unlock
<LI><a href="#[2501698]">&gt;&gt;</a>&nbsp;&nbsp;&nbsp;mutex_lock
<LI><a href="#[25016d4]">&gt;&gt;</a>&nbsp;&nbsp;&nbsp;mutex_check
</UL>
<BR>[Called By]<UL><LI><a href="#[24f95b0]">&gt;&gt;</a>&nbsp;&nbsp;&nbsp;adcx_write
<LI><a href="#[24f95ec]">&gt;&gt;</a>&nbsp;&nbsp;&nbsp;adcx_read_buffer
<LI><a href="#[24faa14]">&gt;&gt;</a>&nbsp;&nbsp;&nbsp;mc_run_no_control
<LI><a href="#[24fabb8]">&gt;&gt;</a>&nbsp;&nbsp;&nbsp;mc_pid_current
<LI><a href="#[24fabf4]">&gt;&gt;</a>&nbsp;&nbsp;&nbsp;mc_set_pwm
<LI><a href="#[24fbbe4]">&gt;&gt;</a>&nbsp;&nbsp;&nbsp;adci_efilter_add
<LI><a href="#[24fd084]">&gt;&gt;</a>&nbsp;&nbsp;&nbsp;ls_get_state
<LI><a href="#[24fd0c0]">&gt;&gt;</a>&nbsp;&nbsp;&nbsp;ae_get_pos
<LI><a href="#[24fdc00]">&gt;&gt;</a>&nbsp;&nbsp;&nbsp;ae_isr
<LI><a href="#[24fdc3c]">&gt;&gt;</a>&nbsp;&nbsp;&nbsp;adcx_isr
<LI><a href="#[24fdc78]">&gt;&gt;</a>&nbsp;&nbsp;&nbsp;adci_isr
<LI><a href="#[24fdffc]">&gt;&gt;</a>&nbsp;&nbsp;&nbsp;mc_set_target_current
<LI><a href="#[24ff280]">&gt;&gt;</a>&nbsp;&nbsp;&nbsp;qdc_tmr0_cap23_rate_update
<LI><a href="#[24ff334]">&gt;&gt;</a>&nbsp;&nbsp;&nbsp;qdc_tmr0_cap01_rate_update
<LI><a href="#[24ff4d8]">&gt;&gt;</a>&nbsp;&nbsp;&nbsp;mc_compliant_control
<LI><a href="#[24ff550]">&gt;&gt;</a>&nbsp;&nbsp;&nbsp;ls_init_switch
<LI><a href="#[24ff640]">&gt;&gt;</a>&nbsp;&nbsp;&nbsp;dn_safety
<LI><a href="#[24ffe38]">&gt;&gt;</a>&nbsp;&nbsp;&nbsp;ae_init_encoder
<LI><a href="#[24ffe74]">&gt;&gt;</a>&nbsp;&nbsp;&nbsp;adcx_init
<LI><a href="#[24ffeb0]">&gt;&gt;</a>&nbsp;&nbsp;&nbsp;adcx_convert_all
<LI><a href="#[24fff28]">&gt;&gt;</a>&nbsp;&nbsp;&nbsp;adcx_add_config
<LI><a href="#[24fffa0]">&gt;&gt;</a>&nbsp;&nbsp;&nbsp;adci_convert_all
<LI><a href="#[2500b1c]">&gt;&gt;</a>&nbsp;&nbsp;&nbsp;floatvoid
<LI><a href="#[2500b94]">&gt;&gt;</a>&nbsp;&nbsp;&nbsp;voidint
<LI><a href="#[2501620]">&gt;&gt;</a>&nbsp;&nbsp;&nbsp;voidvoid
<LI><a href="#[2501710]">&gt;&gt;</a>&nbsp;&nbsp;&nbsp;intvoid
<LI><a href="#[25020e8]">&gt;&gt;</a>&nbsp;&nbsp;&nbsp;asched_tick
</UL>

<P><STRONG><a name="[250192c]"></a>error_occurred_irq</STRONG> (ARM, 92 bytes, Stack size 8 bytes, error.o(.text))
<BR><BR>[Stack]<UL><LI>Max Depth = 8<LI>Call Chain = error_occurred_irq
</UL>
<BR>[Calls]<UL><LI><a href="#[250165c]">&gt;&gt;</a>&nbsp;&nbsp;&nbsp;mutex_unlock
<LI><a href="#[2501698]">&gt;&gt;</a>&nbsp;&nbsp;&nbsp;mutex_lock
<LI><a href="#[25016d4]">&gt;&gt;</a>&nbsp;&nbsp;&nbsp;mutex_check
</UL>
<BR>[Called By]<UL><LI><a href="#[24fdbc4]">&gt;&gt;</a>&nbsp;&nbsp;&nbsp;can_error_isr
</UL>

<P><STRONG><a name="[25018f0]"></a>error_occurred_fiq</STRONG> (ARM, 92 bytes, Stack size 8 bytes, error.o(.text), UNUSED)
<BR><BR>[Calls]<UL><LI><a href="#[250165c]">&gt;&gt;</a>&nbsp;&nbsp;&nbsp;mutex_unlock
<LI><a href="#[2501698]">&gt;&gt;</a>&nbsp;&nbsp;&nbsp;mutex_lock
<LI><a href="#[25016d4]">&gt;&gt;</a>&nbsp;&nbsp;&nbsp;mutex_check
</UL>

<P><STRONG><a name="[25018b4]"></a>error_update</STRONG> (ARM, 388 bytes, Stack size 72 bytes, error.o(.text))
<BR><BR>[Stack]<UL><LI>Max Depth = 72<LI>Call Chain = error_update
</UL>
<BR>[Called By]<UL><LI><a href="#[2500018]">&gt;&gt;</a>&nbsp;&nbsp;&nbsp;task_every_row
</UL>

<P><STRONG><a name="[2501878]"></a>error_get_time</STRONG> (ARM, 32 bytes, Stack size 0 bytes, error.o(.text))
<BR>[Address Reference Count : 1]<UL><LI> can_setup.o(.text)
</UL>
<P><STRONG><a name="[250183c]"></a>error_get_info</STRONG> (ARM, 56 bytes, Stack size 0 bytes, error.o(.text))
<BR>[Address Reference Count : 1]<UL><LI> can_setup.o(.text)
</UL>
<P><STRONG><a name="[2501800]"></a>error_get_board</STRONG> (ARM, 12 bytes, Stack size 0 bytes, error.o(.text), UNUSED)

<P><STRONG><a name="[25017c4]"></a>error_get_id</STRONG> (ARM, 28 bytes, Stack size 0 bytes, error.o(.text), UNUSED)

<P><STRONG><a name="[2501788]"></a>error_get_frequency</STRONG> (ARM, 28 bytes, Stack size 0 bytes, error.o(.text), UNUSED)

<P><STRONG><a name="[250174c]"></a>error_send_next</STRONG> (ARM, 132 bytes, Stack size 0 bytes, error.o(.text))
<BR><BR>[Called By]<UL><LI><a href="#[24fffdc]">&gt;&gt;</a>&nbsp;&nbsp;&nbsp;run_occasionally
</UL>

<P><STRONG><a name="[25016d4]"></a>mutex_check</STRONG> (ARM, 8 bytes, Stack size 0 bytes, mutex.o(.text))
<BR><BR>[Called By]<UL><LI><a href="#[25018f0]">&gt;&gt;</a>&nbsp;&nbsp;&nbsp;error_occurred_fiq
<LI><a href="#[250192c]">&gt;&gt;</a>&nbsp;&nbsp;&nbsp;error_occurred_irq
<LI><a href="#[2502034]">&gt;&gt;</a>&nbsp;&nbsp;&nbsp;error_occurred
</UL>

<P><STRONG><a name="[2501698]"></a>mutex_lock</STRONG> (ARM, 24 bytes, Stack size 0 bytes, mutex.o(.text))
<BR><BR>[Calls]<UL><LI><a href="#[2501698]">&gt;&gt;</a>&nbsp;&nbsp;&nbsp;mutex_lock
</UL>
<BR>[Called By]<UL><LI><a href="#[2501698]">&gt;&gt;</a>&nbsp;&nbsp;&nbsp;mutex_lock
<LI><a href="#[25018f0]">&gt;&gt;</a>&nbsp;&nbsp;&nbsp;error_occurred_fiq
<LI><a href="#[250192c]">&gt;&gt;</a>&nbsp;&nbsp;&nbsp;error_occurred_irq
<LI><a href="#[2502034]">&gt;&gt;</a>&nbsp;&nbsp;&nbsp;error_occurred
</UL>

<P><STRONG><a name="[250165c]"></a>mutex_unlock</STRONG> (ARM, 12 bytes, Stack size 0 bytes, mutex.o(.text))
<BR><BR>[Called By]<UL><LI><a href="#[25018f0]">&gt;&gt;</a>&nbsp;&nbsp;&nbsp;error_occurred_fiq
<LI><a href="#[250192c]">&gt;&gt;</a>&nbsp;&nbsp;&nbsp;error_occurred_irq
<LI><a href="#[2502034]">&gt;&gt;</a>&nbsp;&nbsp;&nbsp;error_occurred
</UL>

<P><STRONG><a name="[2500db0]"></a>float_to_fixed</STRONG> (ARM, 20 bytes, Stack size 8 bytes, utility.o(.text))
<BR><BR>[Stack]<UL><LI>Max Depth = 8<LI>Call Chain = float_to_fixed
</UL>
<BR>[Calls]<UL><LI><a href="#[2500978]">&gt;&gt;</a>&nbsp;&nbsp;&nbsp;__aeabi_f2iz
<LI><a href="#[25009b4]">&gt;&gt;</a>&nbsp;&nbsp;&nbsp;__ARM_scalbnf
</UL>
<BR>[Called By]<UL><LI><a href="#[24fac6c]">&gt;&gt;</a>&nbsp;&nbsp;&nbsp;mc_set_unsafe_target_current
<LI><a href="#[24fdffc]">&gt;&gt;</a>&nbsp;&nbsp;&nbsp;mc_set_target_current
<LI><a href="#[24ff3e8]">&gt;&gt;</a>&nbsp;&nbsp;&nbsp;mc_set_stiffness
<LI><a href="#[24ff424]">&gt;&gt;</a>&nbsp;&nbsp;&nbsp;mc_set_dampness
<LI><a href="#[24ff460]">&gt;&gt;</a>&nbsp;&nbsp;&nbsp;mc_set_command_current
<LI><a href="#[24ff49c]">&gt;&gt;</a>&nbsp;&nbsp;&nbsp;mc_init
<LI><a href="#[24ff4d8]">&gt;&gt;</a>&nbsp;&nbsp;&nbsp;mc_compliant_control
</UL>

<P><STRONG><a name="[2500d74]"></a>int_to_fixed</STRONG> (ARM, 8 bytes, Stack size 0 bytes, utility.o(.text), UNUSED)

<P><STRONG><a name="[2500d38]"></a>fixed_to_float</STRONG> (ARM, 20 bytes, Stack size 8 bytes, utility.o(.text))
<BR><BR>[Stack]<UL><LI>Max Depth = 8<LI>Call Chain = fixed_to_float
</UL>
<BR>[Calls]<UL><LI><a href="#[250093c]">&gt;&gt;</a>&nbsp;&nbsp;&nbsp;__aeabi_i2f
<LI><a href="#[25009b4]">&gt;&gt;</a>&nbsp;&nbsp;&nbsp;__ARM_scalbnf
</UL>
<BR>[Called By]<UL><LI><a href="#[24fabb8]">&gt;&gt;</a>&nbsp;&nbsp;&nbsp;mc_pid_current
<LI><a href="#[24ff49c]">&gt;&gt;</a>&nbsp;&nbsp;&nbsp;mc_init
</UL>

<P><STRONG><a name="[2500cfc]"></a>fixed_to_int</STRONG> (ARM, 8 bytes, Stack size 0 bytes, utility.o(.text))
<BR><BR>[Called By]<UL><LI><a href="#[24fabb8]">&gt;&gt;</a>&nbsp;&nbsp;&nbsp;mc_pid_current
</UL>

<P><STRONG><a name="[2500cc0]"></a>fixed_mult</STRONG> (ARM, 16 bytes, Stack size 0 bytes, utility.o(.text))
<BR><BR>[Called By]<UL><LI><a href="#[24fabb8]">&gt;&gt;</a>&nbsp;&nbsp;&nbsp;mc_pid_current
<LI><a href="#[24ff49c]">&gt;&gt;</a>&nbsp;&nbsp;&nbsp;mc_init
<LI><a href="#[24ff4d8]">&gt;&gt;</a>&nbsp;&nbsp;&nbsp;mc_compliant_control
</UL>

<P><STRONG><a name="[2500c84]"></a>fixed_mult_to_long</STRONG> (ARM, 20 bytes, Stack size 0 bytes, utility.o(.text))
<BR><BR>[Called By]<UL><LI><a href="#[24fabb8]">&gt;&gt;</a>&nbsp;&nbsp;&nbsp;mc_pid_current
</UL>

<P><STRONG><a name="[2500c48]"></a>linear_to_fixed</STRONG> (ARM, 52 bytes, Stack size 8 bytes, utility.o(.text))
<BR><BR>[Stack]<UL><LI>Max Depth = 8<LI>Call Chain = linear_to_fixed
</UL>
<BR>[Calls]<UL><LI><a href="#[2500978]">&gt;&gt;</a>&nbsp;&nbsp;&nbsp;__aeabi_f2iz
<LI><a href="#[25009b4]">&gt;&gt;</a>&nbsp;&nbsp;&nbsp;__ARM_scalbnf
</UL>
<BR>[Called By]<UL><LI><a href="#[24fd390]">&gt;&gt;</a>&nbsp;&nbsp;&nbsp;dn_get_raw_battery_current
<LI><a href="#[24fd408]">&gt;&gt;</a>&nbsp;&nbsp;&nbsp;dn_get_raw_battery_voltage
<LI><a href="#[24ff6f4]">&gt;&gt;</a>&nbsp;&nbsp;&nbsp;dn_get_raw_motor_current
</UL>

<P><STRONG><a name="[2500c0c]"></a>fixed_abs</STRONG> (ARM, 12 bytes, Stack size 0 bytes, utility.o(.text), UNUSED)

<P><STRONG><a name="[2501620]"></a>voidvoid</STRONG> (ARM, 8 bytes, Stack size 0 bytes, utility.o(.text))
<BR><BR>[Stack]<UL><LI>Max Depth = 8<LI>Call Chain = voidvoid &rArr; error_occurred
</UL>
<BR>[Calls]<UL><LI><a href="#[2502034]">&gt;&gt;</a>&nbsp;&nbsp;&nbsp;error_occurred
</UL>
<BR>[Address Reference Count : 2]<UL><LI> error.o(.data)
<LI> heartbeat.o(.data)
</UL>
<P><STRONG><a name="[2500bd0]"></a>voidvoid_noerror</STRONG> (ARM, 4 bytes, Stack size 0 bytes, utility.o(.text), UNUSED)

<P><STRONG><a name="[2500b94]"></a>voidint</STRONG> (ARM, 8 bytes, Stack size 0 bytes, utility.o(.text))
<BR><BR>[Stack]<UL><LI>Max Depth = 8<LI>Call Chain = voidint &rArr; error_occurred
</UL>
<BR>[Calls]<UL><LI><a href="#[2502034]">&gt;&gt;</a>&nbsp;&nbsp;&nbsp;error_occurred
</UL>
<BR>[Address Reference Count : 1]<UL><LI> utility.o(.data)
</UL>
<P><STRONG><a name="[2500b58]"></a>voidint_noerror</STRONG> (ARM, 4 bytes, Stack size 0 bytes, utility.o(.text), UNUSED)

<P><STRONG><a name="[2500b1c]"></a>floatvoid</STRONG> (ARM, 20 bytes, Stack size 8 bytes, utility.o(.text), UNUSED)
<BR><BR>[Calls]<UL><LI><a href="#[2502034]">&gt;&gt;</a>&nbsp;&nbsp;&nbsp;error_occurred
</UL>

<P><STRONG><a name="[2500ae0]"></a>floatvoid_noerror</STRONG> (ARM, 8 bytes, Stack size 0 bytes, utility.o(.text), UNUSED)

<P><STRONG><a name="[2501710]"></a>intvoid</STRONG> (ARM, 20 bytes, Stack size 8 bytes, utility.o(.text))
<BR><BR>[Stack]<UL><LI>Max Depth = 16<LI>Call Chain = intvoid &rArr; error_occurred
</UL>
<BR>[Calls]<UL><LI><a href="#[2502034]">&gt;&gt;</a>&nbsp;&nbsp;&nbsp;error_occurred
</UL>
<BR>[Address Reference Count : 2]<UL><LI> error.o(.data)
<LI> heartbeat.o(.data)
</UL>
<P><STRONG><a name="[2500aa4]"></a>intvoid_noerror</STRONG> (ARM, 8 bytes, Stack size 0 bytes, utility.o(.text), UNUSED)

<P><STRONG><a name="[2500a68]"></a>tic_toc_init</STRONG> (ARM, 12 bytes, Stack size 0 bytes, utility.o(.text), UNUSED)

<P><STRONG><a name="[2500a2c]"></a>tic</STRONG> (ARM, 24 bytes, Stack size 0 bytes, utility.o(.text), UNUSED)

<P><STRONG><a name="[25009f0]"></a>toc</STRONG> (ARM, 56 bytes, Stack size 8 bytes, utility.o(.text), UNUSED)

<P><STRONG><a name="[2502c64]"></a>init_hardware</STRONG> (ARM, 1196 bytes, Stack size 16 bytes, hardware_setup.o(.text))
<BR><BR>[Stack]<UL><LI>Max Depth = 16<LI>Call Chain = init_hardware
</UL>
<BR>[Called By]<UL><LI><a href="#[2502d18]">&gt;&gt;</a>&nbsp;&nbsp;&nbsp;main
<LI><a href="#[2502d54]">&gt;&gt;</a>&nbsp;&nbsp;&nbsp;init
</UL>

<P><STRONG><a name="[25005b8]"></a>timer1_isr</STRONG> (ARM, 40 bytes, Stack size 24 bytes, hardware_setup.o(.text))
<BR><BR>[Stack]<UL><LI>Max Depth = 40<LI>Call Chain = timer1_isr &rArr; asched_tick &rArr; error_occurred
</UL>
<BR>[Calls]<UL><LI><a href="#[25020e8]">&gt;&gt;</a>&nbsp;&nbsp;&nbsp;asched_tick
</UL>
<BR>[Address Reference Count : 1]<UL><LI> interrupts.o(.text)
</UL>
<P><STRONG><a name="[2500018]"></a>task_every_row</STRONG> (ARM, 72 bytes, Stack size 8 bytes, software_setup.o(.text))
<BR><BR>[Stack]<UL><LI>Max Depth = 132<LI>Call Chain = task_every_row &rArr; can_rx_dispatch_all &rArr; can_rx_dispatch_frame &rArr; can_transmit_alt &rArr; can_transmit_frame &rArr; can_tx4
</UL>
<BR>[Calls]<UL><LI><a href="#[24ff280]">&gt;&gt;</a>&nbsp;&nbsp;&nbsp;qdc_tmr0_cap23_rate_update
<LI><a href="#[24ff2bc]">&gt;&gt;</a>&nbsp;&nbsp;&nbsp;qdc_tmr0_cap23_angle_update
<LI><a href="#[24ff334]">&gt;&gt;</a>&nbsp;&nbsp;&nbsp;qdc_tmr0_cap01_rate_update
<LI><a href="#[24ff370]">&gt;&gt;</a>&nbsp;&nbsp;&nbsp;qdc_tmr0_cap01_angle_update
<LI><a href="#[24ff3ac]">&gt;&gt;</a>&nbsp;&nbsp;&nbsp;mcu_led_update
<LI><a href="#[24ff4d8]">&gt;&gt;</a>&nbsp;&nbsp;&nbsp;mc_compliant_control
<LI><a href="#[24ff514]">&gt;&gt;</a>&nbsp;&nbsp;&nbsp;ls_update
<LI><a href="#[24ff5c8]">&gt;&gt;</a>&nbsp;&nbsp;&nbsp;hb_beat
<LI><a href="#[24ff640]">&gt;&gt;</a>&nbsp;&nbsp;&nbsp;dn_safety
<LI><a href="#[24ffd48]">&gt;&gt;</a>&nbsp;&nbsp;&nbsp;can_tx2
<LI><a href="#[24ffd84]">&gt;&gt;</a>&nbsp;&nbsp;&nbsp;can_rx_dispatch_all
<LI><a href="#[24ffdfc]">&gt;&gt;</a>&nbsp;&nbsp;&nbsp;ae_update
<LI><a href="#[24ffeb0]">&gt;&gt;</a>&nbsp;&nbsp;&nbsp;adcx_convert_all
<LI><a href="#[24ffeec]">&gt;&gt;</a>&nbsp;&nbsp;&nbsp;adcx_conversion_wait
<LI><a href="#[24fffa0]">&gt;&gt;</a>&nbsp;&nbsp;&nbsp;adci_convert_all
<LI><a href="#[25018b4]">&gt;&gt;</a>&nbsp;&nbsp;&nbsp;error_update
</UL>
<BR>[Address Reference Count : 1]<UL><LI> software_setup.o(.data)
</UL>
<P><STRONG><a name="[24fffdc]"></a>run_occasionally</STRONG> (ARM, 256 bytes, Stack size 8 bytes, software_setup.o(.text))
<BR><BR>[Stack]<UL><LI>Max Depth = 160<LI>Call Chain = run_occasionally &rArr; dn_inner_feet_motor_encoder_rezero &rArr; __aeabi_dadd &rArr; _double_addcore &rArr; _double_epilogue &rArr; _double_round
</UL>
<BR>[Calls]<UL><LI><a href="#[24ff67c]">&gt;&gt;</a>&nbsp;&nbsp;&nbsp;dn_inner_feet_motor_encoder_rezero
<LI><a href="#[24ff910]">&gt;&gt;</a>&nbsp;&nbsp;&nbsp;can_tx_right_heel_sense
<LI><a href="#[24ff988]">&gt;&gt;</a>&nbsp;&nbsp;&nbsp;can_tx_motor_vel
<LI><a href="#[24ffa00]">&gt;&gt;</a>&nbsp;&nbsp;&nbsp;can_tx_motor_current
<LI><a href="#[24ffa3c]">&gt;&gt;</a>&nbsp;&nbsp;&nbsp;can_tx_max_exec_time
<LI><a href="#[24ffa78]">&gt;&gt;</a>&nbsp;&nbsp;&nbsp;can_tx_ls_right
<LI><a href="#[24ffab4]">&gt;&gt;</a>&nbsp;&nbsp;&nbsp;can_tx_ls_left
<LI><a href="#[24ffb68]">&gt;&gt;</a>&nbsp;&nbsp;&nbsp;can_tx_hs_left
<LI><a href="#[24ffba4]">&gt;&gt;</a>&nbsp;&nbsp;&nbsp;can_tx_hbridge_temp
<LI><a href="#[24ffbe0]">&gt;&gt;</a>&nbsp;&nbsp;&nbsp;can_tx_exec_time
<LI><a href="#[24ffc1c]">&gt;&gt;</a>&nbsp;&nbsp;&nbsp;can_tx_board_status
<LI><a href="#[24ffc58]">&gt;&gt;</a>&nbsp;&nbsp;&nbsp;can_tx_batt_voltage
<LI><a href="#[24ffcd0]">&gt;&gt;</a>&nbsp;&nbsp;&nbsp;can_tx_batt_current
<LI><a href="#[250174c]">&gt;&gt;</a>&nbsp;&nbsp;&nbsp;error_send_next
</UL>
<BR>[Address Reference Count : 1]<UL><LI> software_setup.o(.data)
</UL>
<P><STRONG><a name="[2502bec]"></a>init_software</STRONG> (ARM, 392 bytes, Stack size 56 bytes, software_setup.o(.text))
<BR><BR>[Stack]<UL><LI>Max Depth = 280<LI>Call Chain = init_software &rArr; qdc_tmr0_init &rArr; __aeabi_dmul &rArr; _double_epilogue &rArr; _double_round
</UL>
<BR>[Calls]<UL><LI><a href="#[24ff208]">&gt;&gt;</a>&nbsp;&nbsp;&nbsp;qdc_tmr0_init
<LI><a href="#[24ff3e8]">&gt;&gt;</a>&nbsp;&nbsp;&nbsp;mc_set_stiffness
<LI><a href="#[24ff424]">&gt;&gt;</a>&nbsp;&nbsp;&nbsp;mc_set_dampness
<LI><a href="#[24ff460]">&gt;&gt;</a>&nbsp;&nbsp;&nbsp;mc_set_command_current
<LI><a href="#[24ff49c]">&gt;&gt;</a>&nbsp;&nbsp;&nbsp;mc_init
<LI><a href="#[24ff550]">&gt;&gt;</a>&nbsp;&nbsp;&nbsp;ls_init_switch
<LI><a href="#[24ff58c]">&gt;&gt;</a>&nbsp;&nbsp;&nbsp;hb_init
<LI><a href="#[24ffe38]">&gt;&gt;</a>&nbsp;&nbsp;&nbsp;ae_init_encoder
<LI><a href="#[24ffe74]">&gt;&gt;</a>&nbsp;&nbsp;&nbsp;adcx_init
<LI><a href="#[24fff28]">&gt;&gt;</a>&nbsp;&nbsp;&nbsp;adcx_add_config
<LI><a href="#[24fff64]">&gt;&gt;</a>&nbsp;&nbsp;&nbsp;adci_init
<LI><a href="#[2501968]">&gt;&gt;</a>&nbsp;&nbsp;&nbsp;error_init
<LI><a href="#[2502124]">&gt;&gt;</a>&nbsp;&nbsp;&nbsp;asched_init
</UL>
<BR>[Called By]<UL><LI><a href="#[2502d18]">&gt;&gt;</a>&nbsp;&nbsp;&nbsp;main
<LI><a href="#[2502d54]">&gt;&gt;</a>&nbsp;&nbsp;&nbsp;init
</UL>

<P><STRONG><a name="[2502bb0]"></a>init_values</STRONG> (ARM, 32 bytes, Stack size 8 bytes, software_setup.o(.text))
<BR><BR>[Stack]<UL><LI>Max Depth = 80<LI>Call Chain = init_values &rArr; qdc_tmr0_cap23_set_angle_float &rArr; __aeabi_ldivmod &rArr; __aeabi_uldivmod
</UL>
<BR>[Calls]<UL><LI><a href="#[24ff244]">&gt;&gt;</a>&nbsp;&nbsp;&nbsp;qdc_tmr0_cap23_set_angle_float
<LI><a href="#[24ff2f8]">&gt;&gt;</a>&nbsp;&nbsp;&nbsp;qdc_tmr0_cap01_set_angle_float
<LI><a href="#[24ff85c]">&gt;&gt;</a>&nbsp;&nbsp;&nbsp;dn_get_ankle_pos_rads
<LI><a href="#[24ffdc0]">&gt;&gt;</a>&nbsp;&nbsp;&nbsp;ae_wait
<LI><a href="#[24ffdfc]">&gt;&gt;</a>&nbsp;&nbsp;&nbsp;ae_update
</UL>
<BR>[Called By]<UL><LI><a href="#[2502d18]">&gt;&gt;</a>&nbsp;&nbsp;&nbsp;main
<LI><a href="#[2502d54]">&gt;&gt;</a>&nbsp;&nbsp;&nbsp;init
</UL>

<P><STRONG><a name="[2502ca0]"></a>init_can</STRONG> (ARM, 800 bytes, Stack size 16 bytes, can_setup.o(.text))
<BR><BR>[Stack]<UL><LI>Max Depth = 20<LI>Call Chain = init_can &rArr; can_set_tx_descriptor_ii
</UL>
<BR>[Calls]<UL><LI><a href="#[24fe4ac]">&gt;&gt;</a>&nbsp;&nbsp;&nbsp;can_set_tx_descriptor_ii
<LI><a href="#[24fe4e8]">&gt;&gt;</a>&nbsp;&nbsp;&nbsp;can_set_tx_descriptor_fi
<LI><a href="#[24fe524]">&gt;&gt;</a>&nbsp;&nbsp;&nbsp;can_set_rx_descriptor_ii
<LI><a href="#[24fe560]">&gt;&gt;</a>&nbsp;&nbsp;&nbsp;can_set_rx_descriptor_fi
<LI><a href="#[24fe614]">&gt;&gt;</a>&nbsp;&nbsp;&nbsp;can_rx_set_descriptors
<LI><a href="#[24fe650]">&gt;&gt;</a>&nbsp;&nbsp;&nbsp;can_init
</UL>
<BR>[Called By]<UL><LI><a href="#[2502d18]">&gt;&gt;</a>&nbsp;&nbsp;&nbsp;main
<LI><a href="#[2502d54]">&gt;&gt;</a>&nbsp;&nbsp;&nbsp;init
</UL>

<P><STRONG><a name="[24ff9c4]"></a>can_tx_motor_pos</STRONG> (ARM, 8 bytes, Stack size 0 bytes, can_setup.o(.text))
<BR><BR>[Stack]<UL><LI>Max Depth = 60<LI>Call Chain = can_tx_motor_pos &rArr; can_transmit &rArr; can_transmit_alt &rArr; can_transmit_frame &rArr; can_tx4
</UL>
<BR>[Calls]<UL><LI><a href="#[24fe470]">&gt;&gt;</a>&nbsp;&nbsp;&nbsp;can_transmit
</UL>
<BR>[Address Reference Count : 1]<UL><LI> software_setup.o(.data)
</UL>
<P><STRONG><a name="[24ff988]"></a>can_tx_motor_vel</STRONG> (ARM, 8 bytes, Stack size 0 bytes, can_setup.o(.text))
<BR><BR>[Stack]<UL><LI>Max Depth = 60<LI>Call Chain = can_tx_motor_vel &rArr; can_transmit &rArr; can_transmit_alt &rArr; can_transmit_frame &rArr; can_tx4
</UL>
<BR>[Calls]<UL><LI><a href="#[24fe470]">&gt;&gt;</a>&nbsp;&nbsp;&nbsp;can_transmit
</UL>
<BR>[Called By]<UL><LI><a href="#[24fffdc]">&gt;&gt;</a>&nbsp;&nbsp;&nbsp;run_occasionally
</UL>

<P><STRONG><a name="[24ffa00]"></a>can_tx_motor_current</STRONG> (ARM, 8 bytes, Stack size 0 bytes, can_setup.o(.text))
<BR><BR>[Stack]<UL><LI>Max Depth = 60<LI>Call Chain = can_tx_motor_current &rArr; can_transmit &rArr; can_transmit_alt &rArr; can_transmit_frame &rArr; can_tx4
</UL>
<BR>[Calls]<UL><LI><a href="#[24fe470]">&gt;&gt;</a>&nbsp;&nbsp;&nbsp;can_transmit
</UL>
<BR>[Called By]<UL><LI><a href="#[24fffdc]">&gt;&gt;</a>&nbsp;&nbsp;&nbsp;run_occasionally
</UL>

<P><STRONG><a name="[24ffd0c]"></a>can_tx_angle</STRONG> (ARM, 8 bytes, Stack size 0 bytes, can_setup.o(.text))
<BR><BR>[Stack]<UL><LI>Max Depth = 60<LI>Call Chain = can_tx_angle &rArr; can_transmit &rArr; can_transmit_alt &rArr; can_transmit_frame &rArr; can_tx4
</UL>
<BR>[Calls]<UL><LI><a href="#[24fe470]">&gt;&gt;</a>&nbsp;&nbsp;&nbsp;can_transmit
</UL>
<BR>[Address Reference Count : 1]<UL><LI> software_setup.o(.data)
</UL>
<P><STRONG><a name="[24ff94c]"></a>can_tx_rate</STRONG> (ARM, 8 bytes, Stack size 0 bytes, can_setup.o(.text))
<BR><BR>[Stack]<UL><LI>Max Depth = 60<LI>Call Chain = can_tx_rate &rArr; can_transmit &rArr; can_transmit_alt &rArr; can_transmit_frame &rArr; can_tx4
</UL>
<BR>[Calls]<UL><LI><a href="#[24fe470]">&gt;&gt;</a>&nbsp;&nbsp;&nbsp;can_transmit
</UL>
<BR>[Address Reference Count : 1]<UL><LI> software_setup.o(.data)
</UL>
<P><STRONG><a name="[24ffc94]"></a>can_tx_batt_power</STRONG> (ARM, 8 bytes, Stack size 0 bytes, can_setup.o(.text))
<BR><BR>[Stack]<UL><LI>Max Depth = 60<LI>Call Chain = can_tx_batt_power &rArr; can_transmit &rArr; can_transmit_alt &rArr; can_transmit_frame &rArr; can_tx4
</UL>
<BR>[Calls]<UL><LI><a href="#[24fe470]">&gt;&gt;</a>&nbsp;&nbsp;&nbsp;can_transmit
</UL>
<BR>[Address Reference Count : 1]<UL><LI> software_setup.o(.data)
</UL>
<P><STRONG><a name="[24ffa78]"></a>can_tx_ls_right</STRONG> (ARM, 8 bytes, Stack size 0 bytes, can_setup.o(.text))
<BR><BR>[Stack]<UL><LI>Max Depth = 60<LI>Call Chain = can_tx_ls_right &rArr; can_transmit &rArr; can_transmit_alt &rArr; can_transmit_frame &rArr; can_tx4
</UL>
<BR>[Calls]<UL><LI><a href="#[24fe470]">&gt;&gt;</a>&nbsp;&nbsp;&nbsp;can_transmit
</UL>
<BR>[Called By]<UL><LI><a href="#[24fffdc]">&gt;&gt;</a>&nbsp;&nbsp;&nbsp;run_occasionally
</UL>

<P><STRONG><a name="[24ffab4]"></a>can_tx_ls_left</STRONG> (ARM, 8 bytes, Stack size 0 bytes, can_setup.o(.text))
<BR><BR>[Stack]<UL><LI>Max Depth = 60<LI>Call Chain = can_tx_ls_left &rArr; can_transmit &rArr; can_transmit_alt &rArr; can_transmit_frame &rArr; can_tx4
</UL>
<BR>[Calls]<UL><LI><a href="#[24fe470]">&gt;&gt;</a>&nbsp;&nbsp;&nbsp;can_transmit
</UL>
<BR>[Called By]<UL><LI><a href="#[24fffdc]">&gt;&gt;</a>&nbsp;&nbsp;&nbsp;run_occasionally
</UL>

<P><STRONG><a name="[24ffb2c]"></a>can_tx_hs_right</STRONG> (ARM, 8 bytes, Stack size 0 bytes, can_setup.o(.text))
<BR><BR>[Stack]<UL><LI>Max Depth = 60<LI>Call Chain = can_tx_hs_right &rArr; can_transmit &rArr; can_transmit_alt &rArr; can_transmit_frame &rArr; can_tx4
</UL>
<BR>[Calls]<UL><LI><a href="#[24fe470]">&gt;&gt;</a>&nbsp;&nbsp;&nbsp;can_transmit
</UL>
<BR>[Address Reference Count : 1]<UL><LI> software_setup.o(.data)
</UL>
<P><STRONG><a name="[24ffb68]"></a>can_tx_hs_left</STRONG> (ARM, 8 bytes, Stack size 0 bytes, can_setup.o(.text))
<BR><BR>[Stack]<UL><LI>Max Depth = 60<LI>Call Chain = can_tx_hs_left &rArr; can_transmit &rArr; can_transmit_alt &rArr; can_transmit_frame &rArr; can_tx4
</UL>
<BR>[Calls]<UL><LI><a href="#[24fe470]">&gt;&gt;</a>&nbsp;&nbsp;&nbsp;can_transmit
</UL>
<BR>[Called By]<UL><LI><a href="#[24fffdc]">&gt;&gt;</a>&nbsp;&nbsp;&nbsp;run_occasionally
</UL>

<P><STRONG><a name="[24ffc1c]"></a>can_tx_board_status</STRONG> (ARM, 8 bytes, Stack size 0 bytes, can_setup.o(.text))
<BR><BR>[Stack]<UL><LI>Max Depth = 60<LI>Call Chain = can_tx_board_status &rArr; can_transmit &rArr; can_transmit_alt &rArr; can_transmit_frame &rArr; can_tx4
</UL>
<BR>[Calls]<UL><LI><a href="#[24fe470]">&gt;&gt;</a>&nbsp;&nbsp;&nbsp;can_transmit
</UL>
<BR>[Called By]<UL><LI><a href="#[24fffdc]">&gt;&gt;</a>&nbsp;&nbsp;&nbsp;run_occasionally
</UL>

<P><STRONG><a name="[24ffcd0]"></a>can_tx_batt_current</STRONG> (ARM, 8 bytes, Stack size 0 bytes, can_setup.o(.text))
<BR><BR>[Stack]<UL><LI>Max Depth = 60<LI>Call Chain = can_tx_batt_current &rArr; can_transmit &rArr; can_transmit_alt &rArr; can_transmit_frame &rArr; can_tx4
</UL>
<BR>[Calls]<UL><LI><a href="#[24fe470]">&gt;&gt;</a>&nbsp;&nbsp;&nbsp;can_transmit
</UL>
<BR>[Called By]<UL><LI><a href="#[24fffdc]">&gt;&gt;</a>&nbsp;&nbsp;&nbsp;run_occasionally
</UL>

<P><STRONG><a name="[24ffc58]"></a>can_tx_batt_voltage</STRONG> (ARM, 8 bytes, Stack size 0 bytes, can_setup.o(.text))
<BR><BR>[Stack]<UL><LI>Max Depth = 60<LI>Call Chain = can_tx_batt_voltage &rArr; can_transmit &rArr; can_transmit_alt &rArr; can_transmit_frame &rArr; can_tx4
</UL>
<BR>[Calls]<UL><LI><a href="#[24fe470]">&gt;&gt;</a>&nbsp;&nbsp;&nbsp;can_transmit
</UL>
<BR>[Called By]<UL><LI><a href="#[24fffdc]">&gt;&gt;</a>&nbsp;&nbsp;&nbsp;run_occasionally
</UL>

<P><STRONG><a name="[24ffba4]"></a>can_tx_hbridge_temp</STRONG> (ARM, 8 bytes, Stack size 0 bytes, can_setup.o(.text))
<BR><BR>[Stack]<UL><LI>Max Depth = 60<LI>Call Chain = can_tx_hbridge_temp &rArr; can_transmit &rArr; can_transmit_alt &rArr; can_transmit_frame &rArr; can_tx4
</UL>
<BR>[Calls]<UL><LI><a href="#[24fe470]">&gt;&gt;</a>&nbsp;&nbsp;&nbsp;can_transmit
</UL>
<BR>[Called By]<UL><LI><a href="#[24fffdc]">&gt;&gt;</a>&nbsp;&nbsp;&nbsp;run_occasionally
</UL>

<P><STRONG><a name="[24ffaf0]"></a>can_tx_left_heel_sense</STRONG> (ARM, 8 bytes, Stack size 0 bytes, can_setup.o(.text))
<BR><BR>[Stack]<UL><LI>Max Depth = 60<LI>Call Chain = can_tx_left_heel_sense &rArr; can_transmit &rArr; can_transmit_alt &rArr; can_transmit_frame &rArr; can_tx4
</UL>
<BR>[Calls]<UL><LI><a href="#[24fe470]">&gt;&gt;</a>&nbsp;&nbsp;&nbsp;can_transmit
</UL>
<BR>[Address Reference Count : 1]<UL><LI> software_setup.o(.data)
</UL>
<P><STRONG><a name="[24ff910]"></a>can_tx_right_heel_sense</STRONG> (ARM, 8 bytes, Stack size 0 bytes, can_setup.o(.text))
<BR><BR>[Stack]<UL><LI>Max Depth = 60<LI>Call Chain = can_tx_right_heel_sense &rArr; can_transmit &rArr; can_transmit_alt &rArr; can_transmit_frame &rArr; can_tx4
</UL>
<BR>[Calls]<UL><LI><a href="#[24fe470]">&gt;&gt;</a>&nbsp;&nbsp;&nbsp;can_transmit
</UL>
<BR>[Called By]<UL><LI><a href="#[24fffdc]">&gt;&gt;</a>&nbsp;&nbsp;&nbsp;run_occasionally
</UL>
<BR>[Address Reference Count : 1]<UL><LI> software_setup.o(.data)
</UL>
<P><STRONG><a name="[24ffbe0]"></a>can_tx_exec_time</STRONG> (ARM, 8 bytes, Stack size 0 bytes, can_setup.o(.text))
<BR><BR>[Stack]<UL><LI>Max Depth = 60<LI>Call Chain = can_tx_exec_time &rArr; can_transmit &rArr; can_transmit_alt &rArr; can_transmit_frame &rArr; can_tx4
</UL>
<BR>[Calls]<UL><LI><a href="#[24fe470]">&gt;&gt;</a>&nbsp;&nbsp;&nbsp;can_transmit
</UL>
<BR>[Called By]<UL><LI><a href="#[24fffdc]">&gt;&gt;</a>&nbsp;&nbsp;&nbsp;run_occasionally
</UL>

<P><STRONG><a name="[24ffa3c]"></a>can_tx_max_exec_time</STRONG> (ARM, 8 bytes, Stack size 0 bytes, can_setup.o(.text))
<BR><BR>[Stack]<UL><LI>Max Depth = 60<LI>Call Chain = can_tx_max_exec_time &rArr; can_transmit &rArr; can_transmit_alt &rArr; can_transmit_frame &rArr; can_tx4
</UL>
<BR>[Calls]<UL><LI><a href="#[24fe470]">&gt;&gt;</a>&nbsp;&nbsp;&nbsp;can_transmit
</UL>
<BR>[Called By]<UL><LI><a href="#[24fffdc]">&gt;&gt;</a>&nbsp;&nbsp;&nbsp;run_occasionally
</UL>

<P><STRONG><a name="[2502c28]"></a>init_interrupts</STRONG> (ARM, 200 bytes, Stack size 0 bytes, interrupts.o(.text))
<BR><BR>[Called By]<UL><LI><a href="#[2502d18]">&gt;&gt;</a>&nbsp;&nbsp;&nbsp;main
<LI><a href="#[2502d54]">&gt;&gt;</a>&nbsp;&nbsp;&nbsp;init
</UL>

<P><STRONG><a name="[24fe254]"></a>dn_get_left_ls</STRONG> (ARM, 24 bytes, Stack size 8 bytes, data_nexus.o(.text))
<BR><BR>[Stack]<UL><LI>Max Depth = 24<LI>Call Chain = dn_get_left_ls &rArr; ls_get_state &rArr; error_occurred
</UL>
<BR>[Calls]<UL><LI><a href="#[24fd084]">&gt;&gt;</a>&nbsp;&nbsp;&nbsp;ls_get_state
</UL>
<BR>[Address Reference Count : 1]<UL><LI> can_setup.o(.text)
</UL>
<P><STRONG><a name="[24fe128]"></a>dn_get_right_ls</STRONG> (ARM, 24 bytes, Stack size 8 bytes, data_nexus.o(.text))
<BR><BR>[Stack]<UL><LI>Max Depth = 24<LI>Call Chain = dn_get_right_ls &rArr; ls_get_state &rArr; error_occurred
</UL>
<BR>[Calls]<UL><LI><a href="#[24fd084]">&gt;&gt;</a>&nbsp;&nbsp;&nbsp;ls_get_state
</UL>
<BR>[Address Reference Count : 1]<UL><LI> can_setup.o(.text)
</UL>
<P><STRONG><a name="[24ff820]"></a>dn_get_motor_pos_rads</STRONG> (ARM, 4 bytes, Stack size 0 bytes, data_nexus.o(.text))
<BR><BR>[Stack]<UL><LI>Max Depth = 8<LI>Call Chain = dn_get_motor_pos_rads &rArr; qdc_tmr0_cap01_get_angle_float
</UL>
<BR>[Calls]<UL><LI><a href="#[24fcf58]">&gt;&gt;</a>&nbsp;&nbsp;&nbsp;qdc_tmr0_cap01_get_angle_float
</UL>
<BR>[Address Reference Count : 2]<UL><LI> software_setup.o(.text)
<LI> can_setup.o(.text)
</UL>
<P><STRONG><a name="[24ff85c]"></a>dn_get_ankle_pos_rads</STRONG> (ARM, 32 bytes, Stack size 8 bytes, data_nexus.o(.text))
<BR><BR>[Stack]<UL><LI>Max Depth = 24<LI>Call Chain = dn_get_ankle_pos_rads &rArr; ae_get_pos &rArr; error_occurred
</UL>
<BR>[Calls]<UL><LI><a href="#[24fd0c0]">&gt;&gt;</a>&nbsp;&nbsp;&nbsp;ae_get_pos
<LI><a href="#[24fd228]">&gt;&gt;</a>&nbsp;&nbsp;&nbsp;__aeabi_fmul
<LI><a href="#[250093c]">&gt;&gt;</a>&nbsp;&nbsp;&nbsp;__aeabi_i2f
</UL>
<BR>[Called By]<UL><LI><a href="#[2502bb0]">&gt;&gt;</a>&nbsp;&nbsp;&nbsp;init_values
</UL>
<BR>[Address Reference Count : 1]<UL><LI> can_setup.o(.text)
</UL>
<P><STRONG><a name="[24ff640]"></a>dn_safety</STRONG> (ARM, 264 bytes, Stack size 24 bytes, data_nexus.o(.text))
<BR><BR>[Stack]<UL><LI>Max Depth = 40<LI>Call Chain = dn_safety &rArr; ls_get_state &rArr; error_occurred
</UL>
<BR>[Calls]<UL><LI><a href="#[24fcf58]">&gt;&gt;</a>&nbsp;&nbsp;&nbsp;qdc_tmr0_cap01_get_angle_float
<LI><a href="#[24fcf94]">&gt;&gt;</a>&nbsp;&nbsp;&nbsp;mcu_led_red_blink
<LI><a href="#[24fd048]">&gt;&gt;</a>&nbsp;&nbsp;&nbsp;mc_direction_control
<LI><a href="#[24fd084]">&gt;&gt;</a>&nbsp;&nbsp;&nbsp;ls_get_state
<LI><a href="#[24fd0c0]">&gt;&gt;</a>&nbsp;&nbsp;&nbsp;ae_get_pos
<LI><a href="#[24fd1ec]">&gt;&gt;</a>&nbsp;&nbsp;&nbsp;__aeabi_frsub
<LI><a href="#[24fd228]">&gt;&gt;</a>&nbsp;&nbsp;&nbsp;__aeabi_fmul
<LI><a href="#[250093c]">&gt;&gt;</a>&nbsp;&nbsp;&nbsp;__aeabi_i2f
<LI><a href="#[2502034]">&gt;&gt;</a>&nbsp;&nbsp;&nbsp;error_occurred
</UL>
<BR>[Called By]<UL><LI><a href="#[2500018]">&gt;&gt;</a>&nbsp;&nbsp;&nbsp;task_every_row
</UL>

<P><STRONG><a name="[24ff8d4]"></a>dn_blue_heartbeat</STRONG> (ARM, 8 bytes, Stack size 0 bytes, data_nexus.o(.text))
<BR><BR>[Calls]<UL><LI><a href="#[24fd00c]">&gt;&gt;</a>&nbsp;&nbsp;&nbsp;mcu_led_blue_blink
</UL>
<BR>[Address Reference Count : 1]<UL><LI> software_setup.o(.text)
</UL>
<P><STRONG><a name="[24fd480]"></a>dn_green_heartbeat</STRONG> (ARM, 8 bytes, Stack size 0 bytes, data_nexus.o(.text), UNUSED)
<BR><BR>[Calls]<UL><LI><a href="#[24fcfd0]">&gt;&gt;</a>&nbsp;&nbsp;&nbsp;mcu_led_green_blink
</UL>

<P><STRONG><a name="[24fd444]"></a>dn_red_heartbeat</STRONG> (ARM, 8 bytes, Stack size 0 bytes, data_nexus.o(.text), UNUSED)
<BR><BR>[Calls]<UL><LI><a href="#[24fcf94]">&gt;&gt;</a>&nbsp;&nbsp;&nbsp;mcu_led_red_blink
</UL>

<P><STRONG><a name="[24fe380]"></a>dn_get_battery_voltage</STRONG> (ARM, 28 bytes, Stack size 8 bytes, data_nexus.o(.text))
<BR><BR>[Stack]<UL><LI>Max Depth = 8<LI>Call Chain = dn_get_battery_voltage
</UL>
<BR>[Calls]<UL><LI><a href="#[24fd138]">&gt;&gt;</a>&nbsp;&nbsp;&nbsp;adci_get_result
<LI><a href="#[24fd228]">&gt;&gt;</a>&nbsp;&nbsp;&nbsp;__aeabi_fmul
<LI><a href="#[250093c]">&gt;&gt;</a>&nbsp;&nbsp;&nbsp;__aeabi_i2f
</UL>
<BR>[Address Reference Count : 1]<UL><LI> can_setup.o(.text)
</UL>
<P><STRONG><a name="[24fd408]"></a>dn_get_raw_battery_voltage</STRONG> (ARM, 32 bytes, Stack size 8 bytes, data_nexus.o(.text), UNUSED)
<BR><BR>[Calls]<UL><LI><a href="#[24fd138]">&gt;&gt;</a>&nbsp;&nbsp;&nbsp;adci_get_result
<LI><a href="#[2500c48]">&gt;&gt;</a>&nbsp;&nbsp;&nbsp;linear_to_fixed
</UL>

<P><STRONG><a name="[24fd3cc]"></a>dn_get_hbridge_raw_temp</STRONG> (ARM, 8 bytes, Stack size 0 bytes, data_nexus.o(.text), UNUSED)
<BR><BR>[Calls]<UL><LI><a href="#[24fd138]">&gt;&gt;</a>&nbsp;&nbsp;&nbsp;adci_get_result
</UL>

<P><STRONG><a name="[24fe308]"></a>dn_get_hbridge_temp</STRONG> (ARM, 20 bytes, Stack size 8 bytes, data_nexus.o(.text))
<BR><BR>[Stack]<UL><LI>Max Depth = 8<LI>Call Chain = dn_get_hbridge_temp
</UL>
<BR>[Calls]<UL><LI><a href="#[24fd138]">&gt;&gt;</a>&nbsp;&nbsp;&nbsp;adci_get_result
<LI><a href="#[250093c]">&gt;&gt;</a>&nbsp;&nbsp;&nbsp;__aeabi_i2f
</UL>
<BR>[Address Reference Count : 1]<UL><LI> can_setup.o(.text)
</UL>
<P><STRONG><a name="[24ff6f4]"></a>dn_get_raw_motor_current</STRONG> (ARM, 32 bytes, Stack size 8 bytes, data_nexus.o(.text))
<BR><BR>[Stack]<UL><LI>Max Depth = 16<LI>Call Chain = dn_get_raw_motor_current &rArr; linear_to_fixed
</UL>
<BR>[Calls]<UL><LI><a href="#[24fd0fc]">&gt;&gt;</a>&nbsp;&nbsp;&nbsp;adcx_get_result
<LI><a href="#[2500c48]">&gt;&gt;</a>&nbsp;&nbsp;&nbsp;linear_to_fixed
</UL>
<BR>[Address Reference Count : 1]<UL><LI> software_setup.o(.text)
</UL>
<P><STRONG><a name="[24fe1dc]"></a>dn_get_motor_current</STRONG> (ARM, 32 bytes, Stack size 8 bytes, data_nexus.o(.text))
<BR><BR>[Stack]<UL><LI>Max Depth = 8<LI>Call Chain = dn_get_motor_current
</UL>
<BR>[Calls]<UL><LI><a href="#[24fd0fc]">&gt;&gt;</a>&nbsp;&nbsp;&nbsp;adcx_get_result
<LI><a href="#[24fd228]">&gt;&gt;</a>&nbsp;&nbsp;&nbsp;__aeabi_fmul
<LI><a href="#[250093c]">&gt;&gt;</a>&nbsp;&nbsp;&nbsp;__aeabi_i2f
</UL>
<BR>[Address Reference Count : 1]<UL><LI> can_setup.o(.text)
</UL>
<P><STRONG><a name="[24fe3f8]"></a>dn_get_battery_current</STRONG> (ARM, 32 bytes, Stack size 8 bytes, data_nexus.o(.text))
<BR><BR>[Stack]<UL><LI>Max Depth = 8<LI>Call Chain = dn_get_battery_current
</UL>
<BR>[Calls]<UL><LI><a href="#[24fd0fc]">&gt;&gt;</a>&nbsp;&nbsp;&nbsp;adcx_get_result
<LI><a href="#[24fd228]">&gt;&gt;</a>&nbsp;&nbsp;&nbsp;__aeabi_fmul
<LI><a href="#[250093c]">&gt;&gt;</a>&nbsp;&nbsp;&nbsp;__aeabi_i2f
</UL>
<BR>[Address Reference Count : 1]<UL><LI> can_setup.o(.text)
</UL>
<P><STRONG><a name="[24fd390]"></a>dn_get_raw_battery_current</STRONG> (ARM, 32 bytes, Stack size 8 bytes, data_nexus.o(.text), UNUSED)
<BR><BR>[Calls]<UL><LI><a href="#[24fd0fc]">&gt;&gt;</a>&nbsp;&nbsp;&nbsp;adcx_get_result
<LI><a href="#[2500c48]">&gt;&gt;</a>&nbsp;&nbsp;&nbsp;linear_to_fixed
</UL>

<P><STRONG><a name="[24fe3bc]"></a>dn_get_battery_power</STRONG> (ARM, 48 bytes, Stack size 8 bytes, data_nexus.o(.text))
<BR><BR>[Stack]<UL><LI>Max Depth = 8<LI>Call Chain = dn_get_battery_power
</UL>
<BR>[Calls]<UL><LI><a href="#[24fd0fc]">&gt;&gt;</a>&nbsp;&nbsp;&nbsp;adcx_get_result
<LI><a href="#[24fd138]">&gt;&gt;</a>&nbsp;&nbsp;&nbsp;adci_get_result
<LI><a href="#[24fd228]">&gt;&gt;</a>&nbsp;&nbsp;&nbsp;__aeabi_fmul
<LI><a href="#[250093c]">&gt;&gt;</a>&nbsp;&nbsp;&nbsp;__aeabi_i2f
</UL>
<BR>[Address Reference Count : 1]<UL><LI> can_setup.o(.text)
</UL>
<P><STRONG><a name="[24ff6b8]"></a>dn_get_raw_right_hs</STRONG> (ARM, 60 bytes, Stack size 8 bytes, data_nexus.o(.text))
<BR><BR>[Stack]<UL><LI>Max Depth = 8<LI>Call Chain = dn_get_raw_right_hs
</UL>
<BR>[Calls]<UL><LI><a href="#[24fd0fc]">&gt;&gt;</a>&nbsp;&nbsp;&nbsp;adcx_get_result
</UL>
<BR>[Address Reference Count : 1]<UL><LI> software_setup.o(.text)
</UL>
<P><STRONG><a name="[24ff730]"></a>dn_get_raw_left_hs</STRONG> (ARM, 52 bytes, Stack size 8 bytes, data_nexus.o(.text))
<BR><BR>[Stack]<UL><LI>Max Depth = 8<LI>Call Chain = dn_get_raw_left_hs
</UL>
<BR>[Calls]<UL><LI><a href="#[24fd0fc]">&gt;&gt;</a>&nbsp;&nbsp;&nbsp;adcx_get_result
</UL>
<BR>[Address Reference Count : 1]<UL><LI> software_setup.o(.text)
</UL>
<P><STRONG><a name="[24fe164]"></a>dn_get_right_hs</STRONG> (ARM, 20 bytes, Stack size 8 bytes, data_nexus.o(.text))
<BR><BR>[Stack]<UL><LI>Max Depth = 24<LI>Call Chain = dn_get_right_hs &rArr; ls_get_state &rArr; error_occurred
</UL>
<BR>[Calls]<UL><LI><a href="#[24fd084]">&gt;&gt;</a>&nbsp;&nbsp;&nbsp;ls_get_state
<LI><a href="#[24fd174]">&gt;&gt;</a>&nbsp;&nbsp;&nbsp;__aeabi_ui2f
</UL>
<BR>[Address Reference Count : 1]<UL><LI> can_setup.o(.text)
</UL>
<P><STRONG><a name="[24fe290]"></a>dn_get_left_hs</STRONG> (ARM, 20 bytes, Stack size 8 bytes, data_nexus.o(.text))
<BR><BR>[Stack]<UL><LI>Max Depth = 24<LI>Call Chain = dn_get_left_hs &rArr; ls_get_state &rArr; error_occurred
</UL>
<BR>[Calls]<UL><LI><a href="#[24fd084]">&gt;&gt;</a>&nbsp;&nbsp;&nbsp;ls_get_state
<LI><a href="#[24fd174]">&gt;&gt;</a>&nbsp;&nbsp;&nbsp;__aeabi_ui2f
</UL>
<BR>[Address Reference Count : 1]<UL><LI> can_setup.o(.text)
</UL>
<P><STRONG><a name="[24fe2cc]"></a>dn_get_left_heel_sense</STRONG> (ARM, 20 bytes, Stack size 8 bytes, data_nexus.o(.text))
<BR><BR>[Stack]<UL><LI>Max Depth = 8<LI>Call Chain = dn_get_left_heel_sense
</UL>
<BR>[Calls]<UL><LI><a href="#[24fd0fc]">&gt;&gt;</a>&nbsp;&nbsp;&nbsp;adcx_get_result
<LI><a href="#[250093c]">&gt;&gt;</a>&nbsp;&nbsp;&nbsp;__aeabi_i2f
</UL>
<BR>[Address Reference Count : 1]<UL><LI> can_setup.o(.text)
</UL>
<P><STRONG><a name="[24fe1a0]"></a>dn_get_right_heel_sense</STRONG> (ARM, 20 bytes, Stack size 8 bytes, data_nexus.o(.text))
<BR><BR>[Stack]<UL><LI>Max Depth = 8<LI>Call Chain = dn_get_right_heel_sense
</UL>
<BR>[Calls]<UL><LI><a href="#[24fd0fc]">&gt;&gt;</a>&nbsp;&nbsp;&nbsp;adcx_get_result
<LI><a href="#[250093c]">&gt;&gt;</a>&nbsp;&nbsp;&nbsp;__aeabi_i2f
</UL>
<BR>[Address Reference Count : 1]<UL><LI> can_setup.o(.text)
</UL>
<P><STRONG><a name="[24ff7a8]"></a>dn_get_p0</STRONG> (ARM, 24 bytes, Stack size 0 bytes, data_nexus.o(.text))
<BR>[Address Reference Count : 1]<UL><LI> software_setup.o(.text)
</UL>
<P><STRONG><a name="[24ff76c]"></a>dn_get_p1</STRONG> (ARM, 24 bytes, Stack size 0 bytes, data_nexus.o(.text))
<BR>[Address Reference Count : 1]<UL><LI> software_setup.o(.text)
</UL>
<P><STRONG><a name="[24ff898]"></a>dn_error_transmit</STRONG> (ARM, 8 bytes, Stack size 0 bytes, data_nexus.o(.text))
<BR><BR>[Stack]<UL><LI>Max Depth = 60<LI>Call Chain = dn_error_transmit &rArr; can_transmit &rArr; can_transmit_alt &rArr; can_transmit_frame &rArr; can_tx4
</UL>
<BR>[Calls]<UL><LI><a href="#[24fe470]">&gt;&gt;</a>&nbsp;&nbsp;&nbsp;can_transmit
</UL>
<BR>[Address Reference Count : 1]<UL><LI> software_setup.o(.text)
</UL>
<P><STRONG><a name="[24ff7e4]"></a>dn_get_motor_vel_rads</STRONG> (ARM, 4 bytes, Stack size 0 bytes, data_nexus.o(.text))
<BR><BR>[Stack]<UL><LI>Max Depth = 8<LI>Call Chain = dn_get_motor_vel_rads &rArr; qdc_tmr0_cap01_get_rate_float
</UL>
<BR>[Calls]<UL><LI><a href="#[24fcf1c]">&gt;&gt;</a>&nbsp;&nbsp;&nbsp;qdc_tmr0_cap01_get_rate_float
</UL>
<BR>[Address Reference Count : 2]<UL><LI> software_setup.o(.text)
<LI> can_setup.o(.text)
</UL>
<P><STRONG><a name="[24fe434]"></a>dn_get_ankle_vel_rads</STRONG> (ARM, 4 bytes, Stack size 0 bytes, data_nexus.o(.text))
<BR><BR>[Stack]<UL><LI>Max Depth = 8<LI>Call Chain = dn_get_ankle_vel_rads &rArr; qdc_tmr0_cap23_get_rate_float
</UL>
<BR>[Calls]<UL><LI><a href="#[24fcee0]">&gt;&gt;</a>&nbsp;&nbsp;&nbsp;qdc_tmr0_cap23_get_rate_float
</UL>
<BR>[Address Reference Count : 1]<UL><LI> can_setup.o(.text)
</UL>
<P><STRONG><a name="[24ff67c]"></a>dn_inner_feet_motor_encoder_rezero</STRONG> (ARM, 232 bytes, Stack size 16 bytes, data_nexus.o(.text))
<BR><BR>[Stack]<UL><LI>Max Depth = 152<LI>Call Chain = dn_inner_feet_motor_encoder_rezero &rArr; __aeabi_dadd &rArr; _double_addcore &rArr; _double_epilogue &rArr; _double_round
</UL>
<BR>[Calls]<UL><LI><a href="#[24fcee0]">&gt;&gt;</a>&nbsp;&nbsp;&nbsp;qdc_tmr0_cap23_get_rate_float
<LI><a href="#[24fcf58]">&gt;&gt;</a>&nbsp;&nbsp;&nbsp;qdc_tmr0_cap01_get_angle_float
<LI><a href="#[24fd0c0]">&gt;&gt;</a>&nbsp;&nbsp;&nbsp;ae_get_pos
<LI><a href="#[24fd1b0]">&gt;&gt;</a>&nbsp;&nbsp;&nbsp;__aeabi_fsub
<LI><a href="#[24fd228]">&gt;&gt;</a>&nbsp;&nbsp;&nbsp;__aeabi_fmul
<LI><a href="#[24fd264]">&gt;&gt;</a>&nbsp;&nbsp;&nbsp;__aeabi_f2d
<LI><a href="#[24fd2a0]">&gt;&gt;</a>&nbsp;&nbsp;&nbsp;__aeabi_dmul
<LI><a href="#[24fd2dc]">&gt;&gt;</a>&nbsp;&nbsp;&nbsp;__aeabi_dadd
<LI><a href="#[24fd318]">&gt;&gt;</a>&nbsp;&nbsp;&nbsp;__aeabi_d2f
<LI><a href="#[24ff2f8]">&gt;&gt;</a>&nbsp;&nbsp;&nbsp;qdc_tmr0_cap01_set_angle_float
<LI><a href="#[250093c]">&gt;&gt;</a>&nbsp;&nbsp;&nbsp;__aeabi_i2f
</UL>
<BR>[Called By]<UL><LI><a href="#[24fffdc]">&gt;&gt;</a>&nbsp;&nbsp;&nbsp;run_occasionally
</UL>

<P><STRONG><a name="[24fd354]"></a>dn_get_ankle_position</STRONG> (ARM, 12 bytes, Stack size 0 bytes, data_nexus.o(.text), UNUSED)
<BR><BR>[Calls]<UL><LI><a href="#[24fd0c0]">&gt;&gt;</a>&nbsp;&nbsp;&nbsp;ae_get_pos
</UL>

<P><STRONG><a name="[24fe0b0]"></a>dn_rx_timestamp</STRONG> (ARM, 4 bytes, Stack size 0 bytes, data_nexus.o(.text))
<BR><BR>[Calls]<UL><LI><a href="#[25020ac]">&gt;&gt;</a>&nbsp;&nbsp;&nbsp;asched_set_timestamp
</UL>
<BR>[Address Reference Count : 1]<UL><LI> can_setup.o(.text)
</UL>
<P><STRONG><a name="[24fe0ec]"></a>dn_get_status</STRONG> (ARM, 8 bytes, Stack size 0 bytes, data_nexus.o(.text))
<BR>[Address Reference Count : 1]<UL><LI> can_setup.o(.text)
</UL>
<P><STRONG><a name="[24ff604]"></a>dn_sched_done</STRONG> (ARM, 76 bytes, Stack size 16 bytes, data_nexus.o(.text))
<BR><BR>[Stack]<UL><LI>Max Depth = 16<LI>Call Chain = dn_sched_done
</UL>
<BR>[Calls]<UL><LI><a href="#[2502070]">&gt;&gt;</a>&nbsp;&nbsp;&nbsp;asched_get_timestamp
</UL>
<BR>[Address Reference Count : 1]<UL><LI> software_setup.o(.data)
</UL>
<P><STRONG><a name="[24fe344]"></a>dn_get_execution_time</STRONG> (ARM, 28 bytes, Stack size 8 bytes, data_nexus.o(.text))
<BR><BR>[Stack]<UL><LI>Max Depth = 8<LI>Call Chain = dn_get_execution_time
</UL>
<BR>[Calls]<UL><LI><a href="#[24fd174]">&gt;&gt;</a>&nbsp;&nbsp;&nbsp;__aeabi_ui2f
<LI><a href="#[24fd228]">&gt;&gt;</a>&nbsp;&nbsp;&nbsp;__aeabi_fmul
</UL>
<BR>[Address Reference Count : 1]<UL><LI> can_setup.o(.text)
</UL>
<P><STRONG><a name="[24fe218]"></a>dn_get_max_execution_time</STRONG> (ARM, 28 bytes, Stack size 8 bytes, data_nexus.o(.text))
<BR><BR>[Stack]<UL><LI>Max Depth = 8<LI>Call Chain = dn_get_max_execution_time
</UL>
<BR>[Calls]<UL><LI><a href="#[24fd174]">&gt;&gt;</a>&nbsp;&nbsp;&nbsp;__aeabi_ui2f
<LI><a href="#[24fd228]">&gt;&gt;</a>&nbsp;&nbsp;&nbsp;__aeabi_fmul
</UL>
<BR>[Address Reference Count : 1]<UL><LI> can_setup.o(.text)
</UL>
<P><STRONG><a name="[24ff58c]"></a>hb_init</STRONG> (ARM, 12 bytes, Stack size 0 bytes, heartbeat.o(.text))
<BR><BR>[Called By]<UL><LI><a href="#[2502bec]">&gt;&gt;</a>&nbsp;&nbsp;&nbsp;init_software
</UL>

<P><STRONG><a name="[24ff5c8]"></a>hb_beat</STRONG> (ARM, 72 bytes, Stack size 16 bytes, heartbeat.o(.text))
<BR><BR>[Stack]<UL><LI>Max Depth = 16<LI>Call Chain = hb_beat
</UL>
<BR>[Called By]<UL><LI><a href="#[2500018]">&gt;&gt;</a>&nbsp;&nbsp;&nbsp;task_every_row
</UL>

<P><STRONG><a name="[24fc1c0]"></a>hb_get_count</STRONG> (ARM, 52 bytes, Stack size 0 bytes, heartbeat.o(.text), UNUSED)

<P><STRONG><a name="[24fff64]"></a>adci_init</STRONG> (ARM, 200 bytes, Stack size 24 bytes, adc_internal.o(.text))
<BR><BR>[Stack]<UL><LI>Max Depth = 24<LI>Call Chain = adci_init
</UL>
<BR>[Called By]<UL><LI><a href="#[2502bec]">&gt;&gt;</a>&nbsp;&nbsp;&nbsp;init_software
</UL>

<P><STRONG><a name="[24fbc20]"></a>adci_convert_next</STRONG> (ARM, 124 bytes, Stack size 0 bytes, adc_internal.o(.text), UNUSED)

<P><STRONG><a name="[24fffa0]"></a>adci_convert_all</STRONG> (ARM, 144 bytes, Stack size 8 bytes, adc_internal.o(.text))
<BR><BR>[Stack]<UL><LI>Max Depth = 16<LI>Call Chain = adci_convert_all &rArr; error_occurred
</UL>
<BR>[Calls]<UL><LI><a href="#[2502034]">&gt;&gt;</a>&nbsp;&nbsp;&nbsp;error_occurred
</UL>
<BR>[Called By]<UL><LI><a href="#[2500018]">&gt;&gt;</a>&nbsp;&nbsp;&nbsp;task_every_row
</UL>

<P><STRONG><a name="[24fbbe4]"></a>adci_efilter_add</STRONG> (ARM, 88 bytes, Stack size 16 bytes, adc_internal.o(.text), UNUSED)
<BR><BR>[Calls]<UL><LI><a href="#[2502034]">&gt;&gt;</a>&nbsp;&nbsp;&nbsp;error_occurred
</UL>

<P><STRONG><a name="[24fdc78]"></a>adci_isr</STRONG> (ARM, 240 bytes, Stack size 40 bytes, adc_internal.o(.text))
<BR><BR>[Stack]<UL><LI>Max Depth = 48<LI>Call Chain = adci_isr &rArr; error_occurred
</UL>
<BR>[Calls]<UL><LI><a href="#[2502034]">&gt;&gt;</a>&nbsp;&nbsp;&nbsp;error_occurred
</UL>
<BR>[Address Reference Count : 1]<UL><LI> interrupts.o(.text)
</UL>
<P><STRONG><a name="[24fd138]"></a>adci_get_result</STRONG> (ARM, 20 bytes, Stack size 0 bytes, adc_internal.o(.text))
<BR><BR>[Called By]<UL><LI><a href="#[24fd3cc]">&gt;&gt;</a>&nbsp;&nbsp;&nbsp;dn_get_hbridge_raw_temp
<LI><a href="#[24fd408]">&gt;&gt;</a>&nbsp;&nbsp;&nbsp;dn_get_raw_battery_voltage
<LI><a href="#[24fe308]">&gt;&gt;</a>&nbsp;&nbsp;&nbsp;dn_get_hbridge_temp
<LI><a href="#[24fe380]">&gt;&gt;</a>&nbsp;&nbsp;&nbsp;dn_get_battery_voltage
<LI><a href="#[24fe3bc]">&gt;&gt;</a>&nbsp;&nbsp;&nbsp;dn_get_battery_power
</UL>

<P><STRONG><a name="[24fbba8]"></a>adci_get_raw</STRONG> (ARM, 16 bytes, Stack size 0 bytes, adc_internal.o(.text), UNUSED)

<P><STRONG><a name="[24fbb6c]"></a>adci_get_filter</STRONG> (ARM, 16 bytes, Stack size 0 bytes, adc_internal.o(.text), UNUSED)

<P><STRONG><a name="[24ff550]"></a>ls_init_switch</STRONG> (ARM, 84 bytes, Stack size 8 bytes, limit_switch.o(.text))
<BR><BR>[Stack]<UL><LI>Max Depth = 16<LI>Call Chain = ls_init_switch &rArr; error_occurred
</UL>
<BR>[Calls]<UL><LI><a href="#[2502034]">&gt;&gt;</a>&nbsp;&nbsp;&nbsp;error_occurred
</UL>
<BR>[Called By]<UL><LI><a href="#[2502bec]">&gt;&gt;</a>&nbsp;&nbsp;&nbsp;init_software
</UL>

<P><STRONG><a name="[24ff514]"></a>ls_update</STRONG> (ARM, 124 bytes, Stack size 24 bytes, limit_switch.o(.text))
<BR><BR>[Stack]<UL><LI>Max Depth = 24<LI>Call Chain = ls_update
</UL>
<BR>[Called By]<UL><LI><a href="#[2500018]">&gt;&gt;</a>&nbsp;&nbsp;&nbsp;task_every_row
</UL>

<P><STRONG><a name="[24fd084]"></a>ls_get_state</STRONG> (ARM, 56 bytes, Stack size 8 bytes, limit_switch.o(.text))
<BR><BR>[Stack]<UL><LI>Max Depth = 16<LI>Call Chain = ls_get_state &rArr; error_occurred
</UL>
<BR>[Calls]<UL><LI><a href="#[2502034]">&gt;&gt;</a>&nbsp;&nbsp;&nbsp;error_occurred
</UL>
<BR>[Called By]<UL><LI><a href="#[24fe128]">&gt;&gt;</a>&nbsp;&nbsp;&nbsp;dn_get_right_ls
<LI><a href="#[24fe164]">&gt;&gt;</a>&nbsp;&nbsp;&nbsp;dn_get_right_hs
<LI><a href="#[24fe254]">&gt;&gt;</a>&nbsp;&nbsp;&nbsp;dn_get_left_ls
<LI><a href="#[24fe290]">&gt;&gt;</a>&nbsp;&nbsp;&nbsp;dn_get_left_hs
<LI><a href="#[24ff640]">&gt;&gt;</a>&nbsp;&nbsp;&nbsp;dn_safety
</UL>

<P><STRONG><a name="[24ff49c]"></a>mc_init</STRONG> (ARM, 332 bytes, Stack size 56 bytes, motor_controller.o(.text))
<BR><BR>[Stack]<UL><LI>Max Depth = 64<LI>Call Chain = mc_init &rArr; __aeabi_fdiv
</UL>
<BR>[Calls]<UL><LI><a href="#[24fa9d8]">&gt;&gt;</a>&nbsp;&nbsp;&nbsp;__aeabi_fdiv
<LI><a href="#[24fd1ec]">&gt;&gt;</a>&nbsp;&nbsp;&nbsp;__aeabi_frsub
<LI><a href="#[24fd228]">&gt;&gt;</a>&nbsp;&nbsp;&nbsp;__aeabi_fmul
<LI><a href="#[250093c]">&gt;&gt;</a>&nbsp;&nbsp;&nbsp;__aeabi_i2f
<LI><a href="#[2500cc0]">&gt;&gt;</a>&nbsp;&nbsp;&nbsp;fixed_mult
<LI><a href="#[2500d38]">&gt;&gt;</a>&nbsp;&nbsp;&nbsp;fixed_to_float
<LI><a href="#[2500db0]">&gt;&gt;</a>&nbsp;&nbsp;&nbsp;float_to_fixed
</UL>
<BR>[Called By]<UL><LI><a href="#[2502bec]">&gt;&gt;</a>&nbsp;&nbsp;&nbsp;init_software
</UL>

<P><STRONG><a name="[24fdffc]"></a>mc_set_target_current</STRONG> (ARM, 72 bytes, Stack size 8 bytes, motor_controller.o(.text))
<BR><BR>[Stack]<UL><LI>Max Depth = 16<LI>Call Chain = mc_set_target_current &rArr; float_to_fixed
</UL>
<BR>[Calls]<UL><LI><a href="#[2500db0]">&gt;&gt;</a>&nbsp;&nbsp;&nbsp;float_to_fixed
<LI><a href="#[2502034]">&gt;&gt;</a>&nbsp;&nbsp;&nbsp;error_occurred
</UL>
<BR>[Address Reference Count : 1]<UL><LI> can_setup.o(.text)
</UL>
<P><STRONG><a name="[24fac6c]"></a>mc_set_unsafe_target_current</STRONG> (ARM, 20 bytes, Stack size 8 bytes, motor_controller.o(.text), UNUSED)
<BR><BR>[Calls]<UL><LI><a href="#[2500db0]">&gt;&gt;</a>&nbsp;&nbsp;&nbsp;float_to_fixed
</UL>

<P><STRONG><a name="[24fac30]"></a>mc_update_watchdog</STRONG> (ARM, 72 bytes, Stack size 0 bytes, motor_controller.o(.text), UNUSED)

<P><STRONG><a name="[24fabf4]"></a>mc_set_pwm</STRONG> (ARM, 384 bytes, Stack size 40 bytes, motor_controller.o(.text))
<BR><BR>[Stack]<UL><LI>Max Depth = 48<LI>Call Chain = mc_set_pwm &rArr; error_occurred
</UL>
<BR>[Calls]<UL><LI><a href="#[2502034]">&gt;&gt;</a>&nbsp;&nbsp;&nbsp;error_occurred
</UL>
<BR>[Called By]<UL><LI><a href="#[24fabb8]">&gt;&gt;</a>&nbsp;&nbsp;&nbsp;mc_pid_current
</UL>

<P><STRONG><a name="[24fabb8]"></a>mc_pid_current</STRONG> (ARM, 868 bytes, Stack size 40 bytes, motor_controller.o(.text))
<BR><BR>[Stack]<UL><LI>Max Depth = 88<LI>Call Chain = mc_pid_current &rArr; mc_set_pwm &rArr; error_occurred
</UL>
<BR>[Calls]<UL><LI><a href="#[24fa960]">&gt;&gt;</a>&nbsp;&nbsp;&nbsp;mcu_led_green_on
<LI><a href="#[24fa99c]">&gt;&gt;</a>&nbsp;&nbsp;&nbsp;mcu_led_green_off
<LI><a href="#[24fabf4]">&gt;&gt;</a>&nbsp;&nbsp;&nbsp;mc_set_pwm
<LI><a href="#[2500c84]">&gt;&gt;</a>&nbsp;&nbsp;&nbsp;fixed_mult_to_long
<LI><a href="#[2500cc0]">&gt;&gt;</a>&nbsp;&nbsp;&nbsp;fixed_mult
<LI><a href="#[2500cfc]">&gt;&gt;</a>&nbsp;&nbsp;&nbsp;fixed_to_int
<LI><a href="#[2500d38]">&gt;&gt;</a>&nbsp;&nbsp;&nbsp;fixed_to_float
<LI><a href="#[2502034]">&gt;&gt;</a>&nbsp;&nbsp;&nbsp;error_occurred
</UL>
<BR>[Called By]<UL><LI><a href="#[24ff4d8]">&gt;&gt;</a>&nbsp;&nbsp;&nbsp;mc_compliant_control
</UL>

<P><STRONG><a name="[24ff4d8]"></a>mc_compliant_control</STRONG> (ARM, 148 bytes, Stack size 24 bytes, motor_controller.o(.text))
<BR><BR>[Stack]<UL><LI>Max Depth = 112<LI>Call Chain = mc_compliant_control &rArr; mc_pid_current &rArr; mc_set_pwm &rArr; error_occurred
</UL>
<BR>[Calls]<UL><LI><a href="#[24fabb8]">&gt;&gt;</a>&nbsp;&nbsp;&nbsp;mc_pid_current
<LI><a href="#[2500cc0]">&gt;&gt;</a>&nbsp;&nbsp;&nbsp;fixed_mult
<LI><a href="#[2500db0]">&gt;&gt;</a>&nbsp;&nbsp;&nbsp;float_to_fixed
<LI><a href="#[2502034]">&gt;&gt;</a>&nbsp;&nbsp;&nbsp;error_occurred
</UL>
<BR>[Called By]<UL><LI><a href="#[2500018]">&gt;&gt;</a>&nbsp;&nbsp;&nbsp;task_every_row
</UL>

<P><STRONG><a name="[24ff460]"></a>mc_set_command_current</STRONG> (ARM, 44 bytes, Stack size 8 bytes, motor_controller.o(.text))
<BR><BR>[Stack]<UL><LI>Max Depth = 16<LI>Call Chain = mc_set_command_current &rArr; float_to_fixed
</UL>
<BR>[Calls]<UL><LI><a href="#[2500db0]">&gt;&gt;</a>&nbsp;&nbsp;&nbsp;float_to_fixed
</UL>
<BR>[Called By]<UL><LI><a href="#[2502bec]">&gt;&gt;</a>&nbsp;&nbsp;&nbsp;init_software
</UL>
<BR>[Address Reference Count : 1]<UL><LI> can_setup.o(.text)
</UL>
<P><STRONG><a name="[24fab7c]"></a>mc_get_command_current</STRONG> (ARM, 12 bytes, Stack size 0 bytes, motor_controller.o(.text), UNUSED)

<P><STRONG><a name="[24ff3e8]"></a>mc_set_stiffness</STRONG> (ARM, 28 bytes, Stack size 8 bytes, motor_controller.o(.text))
<BR><BR>[Stack]<UL><LI>Max Depth = 16<LI>Call Chain = mc_set_stiffness &rArr; float_to_fixed
</UL>
<BR>[Calls]<UL><LI><a href="#[2500db0]">&gt;&gt;</a>&nbsp;&nbsp;&nbsp;float_to_fixed
</UL>
<BR>[Called By]<UL><LI><a href="#[2502bec]">&gt;&gt;</a>&nbsp;&nbsp;&nbsp;init_software
</UL>
<BR>[Address Reference Count : 1]<UL><LI> can_setup.o(.text)
</UL>
<P><STRONG><a name="[24fab40]"></a>mc_get_stiffness</STRONG> (ARM, 12 bytes, Stack size 0 bytes, motor_controller.o(.text), UNUSED)

<P><STRONG><a name="[24ff424]"></a>mc_set_dampness</STRONG> (ARM, 28 bytes, Stack size 8 bytes, motor_controller.o(.text))
<BR><BR>[Stack]<UL><LI>Max Depth = 16<LI>Call Chain = mc_set_dampness &rArr; float_to_fixed
</UL>
<BR>[Calls]<UL><LI><a href="#[2500db0]">&gt;&gt;</a>&nbsp;&nbsp;&nbsp;float_to_fixed
</UL>
<BR>[Called By]<UL><LI><a href="#[2502bec]">&gt;&gt;</a>&nbsp;&nbsp;&nbsp;init_software
</UL>
<BR>[Address Reference Count : 1]<UL><LI> can_setup.o(.text)
</UL>
<P><STRONG><a name="[24fab04]"></a>mc_get_dampness</STRONG> (ARM, 24 bytes, Stack size 0 bytes, motor_controller.o(.text), UNUSED)

<P><STRONG><a name="[24fd048]"></a>mc_direction_control</STRONG> (ARM, 28 bytes, Stack size 0 bytes, motor_controller.o(.text))
<BR><BR>[Called By]<UL><LI><a href="#[24ff640]">&gt;&gt;</a>&nbsp;&nbsp;&nbsp;dn_safety
</UL>

<P><STRONG><a name="[24faac8]"></a>mc_get_parameters</STRONG> (ARM, 8 bytes, Stack size 0 bytes, motor_controller.o(.text), UNUSED)

<P><STRONG><a name="[24faa8c]"></a>mc_get_pwm</STRONG> (ARM, 12 bytes, Stack size 0 bytes, motor_controller.o(.text), UNUSED)

<P><STRONG><a name="[24fe074]"></a>mc_set_shutdown</STRONG> (ARM, 20 bytes, Stack size 0 bytes, motor_controller.o(.text))
<BR>[Address Reference Count : 1]<UL><LI> can_setup.o(.text)
</UL>
<P><STRONG><a name="[24fe038]"></a>mc_set_sleep</STRONG> (ARM, 20 bytes, Stack size 0 bytes, motor_controller.o(.text))
<BR>[Address Reference Count : 1]<UL><LI> can_setup.o(.text)
</UL>
<P><STRONG><a name="[24faa50]"></a>mc_get_mult</STRONG> (ARM, 12 bytes, Stack size 0 bytes, motor_controller.o(.text), UNUSED)

<P><STRONG><a name="[24faa14]"></a>mc_run_no_control</STRONG> (ARM, 152 bytes, Stack size 16 bytes, motor_controller.o(.text), UNUSED)
<BR><BR>[Calls]<UL><LI><a href="#[2502034]">&gt;&gt;</a>&nbsp;&nbsp;&nbsp;error_occurred
</UL>

<P><STRONG><a name="[24ffe38]"></a>ae_init_encoder</STRONG> (ARM, 124 bytes, Stack size 16 bytes, abs_enc.o(.text))
<BR><BR>[Stack]<UL><LI>Max Depth = 136<LI>Call Chain = ae_init_encoder &rArr; __aeabi_ddiv &rArr; _double_epilogue &rArr; _double_round
</UL>
<BR>[Calls]<UL><LI><a href="#[24fa438]">&gt;&gt;</a>&nbsp;&nbsp;&nbsp;__aeabi_ddiv
<LI><a href="#[24fa474]">&gt;&gt;</a>&nbsp;&nbsp;&nbsp;__aeabi_d2iz
<LI><a href="#[24fd228]">&gt;&gt;</a>&nbsp;&nbsp;&nbsp;__aeabi_fmul
<LI><a href="#[24fd264]">&gt;&gt;</a>&nbsp;&nbsp;&nbsp;__aeabi_f2d
<LI><a href="#[250093c]">&gt;&gt;</a>&nbsp;&nbsp;&nbsp;__aeabi_i2f
<LI><a href="#[2502034]">&gt;&gt;</a>&nbsp;&nbsp;&nbsp;error_occurred
</UL>
<BR>[Called By]<UL><LI><a href="#[2502bec]">&gt;&gt;</a>&nbsp;&nbsp;&nbsp;init_software
</UL>

<P><STRONG><a name="[24ffdfc]"></a>ae_update</STRONG> (ARM, 140 bytes, Stack size 8 bytes, abs_enc.o(.text))
<BR><BR>[Stack]<UL><LI>Max Depth = 8<LI>Call Chain = ae_update
</UL>
<BR>[Called By]<UL><LI><a href="#[2500018]">&gt;&gt;</a>&nbsp;&nbsp;&nbsp;task_every_row
<LI><a href="#[2502bb0]">&gt;&gt;</a>&nbsp;&nbsp;&nbsp;init_values
</UL>

<P><STRONG><a name="[24fd0c0]"></a>ae_get_pos</STRONG> (ARM, 52 bytes, Stack size 8 bytes, abs_enc.o(.text))
<BR><BR>[Stack]<UL><LI>Max Depth = 16<LI>Call Chain = ae_get_pos &rArr; error_occurred
</UL>
<BR>[Calls]<UL><LI><a href="#[2502034]">&gt;&gt;</a>&nbsp;&nbsp;&nbsp;error_occurred
</UL>
<BR>[Called By]<UL><LI><a href="#[24fd354]">&gt;&gt;</a>&nbsp;&nbsp;&nbsp;dn_get_ankle_position
<LI><a href="#[24ff640]">&gt;&gt;</a>&nbsp;&nbsp;&nbsp;dn_safety
<LI><a href="#[24ff67c]">&gt;&gt;</a>&nbsp;&nbsp;&nbsp;dn_inner_feet_motor_encoder_rezero
<LI><a href="#[24ff85c]">&gt;&gt;</a>&nbsp;&nbsp;&nbsp;dn_get_ankle_pos_rads
</UL>

<P><STRONG><a name="[24ffdc0]"></a>ae_wait</STRONG> (ARM, 20 bytes, Stack size 0 bytes, abs_enc.o(.text))
<BR><BR>[Called By]<UL><LI><a href="#[2502bb0]">&gt;&gt;</a>&nbsp;&nbsp;&nbsp;init_values
</UL>

<P><STRONG><a name="[24fdc00]"></a>ae_isr</STRONG> (ARM, 224 bytes, Stack size 48 bytes, abs_enc.o(.text))
<BR><BR>[Stack]<UL><LI>Max Depth = 56<LI>Call Chain = ae_isr &rArr; error_occurred
</UL>
<BR>[Calls]<UL><LI><a href="#[2502034]">&gt;&gt;</a>&nbsp;&nbsp;&nbsp;error_occurred
</UL>
<BR>[Address Reference Count : 1]<UL><LI> interrupts.o(.text)
</UL>
<P><STRONG><a name="[24f9f4c]"></a>mcu_led_init</STRONG> (ARM, 24 bytes, Stack size 0 bytes, mcu_led.o(.text), UNUSED)

<P><STRONG><a name="[24f9f10]"></a>mcu_led_red_off</STRONG> (ARM, 20 bytes, Stack size 0 bytes, mcu_led.o(.text), UNUSED)

<P><STRONG><a name="[24f9ed4]"></a>mcu_led_blue_off</STRONG> (ARM, 20 bytes, Stack size 0 bytes, mcu_led.o(.text), UNUSED)

<P><STRONG><a name="[24fa99c]"></a>mcu_led_green_off</STRONG> (ARM, 20 bytes, Stack size 0 bytes, mcu_led.o(.text))
<BR><BR>[Called By]<UL><LI><a href="#[24fabb8]">&gt;&gt;</a>&nbsp;&nbsp;&nbsp;mc_pid_current
</UL>

<P><STRONG><a name="[24ff3ac]"></a>mcu_led_update</STRONG> (ARM, 124 bytes, Stack size 0 bytes, mcu_led.o(.text))
<BR><BR>[Called By]<UL><LI><a href="#[2500018]">&gt;&gt;</a>&nbsp;&nbsp;&nbsp;task_every_row
</UL>

<P><STRONG><a name="[24fa960]"></a>mcu_led_green_on</STRONG> (ARM, 20 bytes, Stack size 0 bytes, mcu_led.o(.text))
<BR><BR>[Called By]<UL><LI><a href="#[24fabb8]">&gt;&gt;</a>&nbsp;&nbsp;&nbsp;mc_pid_current
</UL>

<P><STRONG><a name="[24fcfd0]"></a>mcu_led_green_blink</STRONG> (ARM, 32 bytes, Stack size 0 bytes, mcu_led.o(.text), UNUSED)
<BR><BR>[Called By]<UL><LI><a href="#[24fd480]">&gt;&gt;</a>&nbsp;&nbsp;&nbsp;dn_green_heartbeat
</UL>

<P><STRONG><a name="[24f9e98]"></a>mcu_led_blue_on</STRONG> (ARM, 20 bytes, Stack size 0 bytes, mcu_led.o(.text), UNUSED)

<P><STRONG><a name="[24fd00c]"></a>mcu_led_blue_blink</STRONG> (ARM, 32 bytes, Stack size 0 bytes, mcu_led.o(.text))
<BR><BR>[Called By]<UL><LI><a href="#[24ff8d4]">&gt;&gt;</a>&nbsp;&nbsp;&nbsp;dn_blue_heartbeat
</UL>

<P><STRONG><a name="[24f9e5c]"></a>mcu_led_red_on</STRONG> (ARM, 20 bytes, Stack size 0 bytes, mcu_led.o(.text), UNUSED)

<P><STRONG><a name="[24fcf94]"></a>mcu_led_red_blink</STRONG> (ARM, 32 bytes, Stack size 0 bytes, mcu_led.o(.text))
<BR><BR>[Called By]<UL><LI><a href="#[24fd444]">&gt;&gt;</a>&nbsp;&nbsp;&nbsp;dn_red_heartbeat
<LI><a href="#[24ff640]">&gt;&gt;</a>&nbsp;&nbsp;&nbsp;dn_safety
</UL>

<P><STRONG><a name="[24f9e20]"></a>mcu_led_green_toggle</STRONG> (ARM, 32 bytes, Stack size 0 bytes, mcu_led.o(.text), UNUSED)

<P><STRONG><a name="[24f9de4]"></a>mcu_led_red_toggle</STRONG> (ARM, 32 bytes, Stack size 0 bytes, mcu_led.o(.text), UNUSED)

<P><STRONG><a name="[24f9da8]"></a>mcu_led_blue_toggle</STRONG> (ARM, 32 bytes, Stack size 0 bytes, mcu_led.o(.text), UNUSED)

<P><STRONG><a name="[24f9d6c]"></a>mcu_led_all_on</STRONG> (ARM, 36 bytes, Stack size 0 bytes, mcu_led.o(.text), UNUSED)

<P><STRONG><a name="[24f9d30]"></a>mcu_led_all_off</STRONG> (ARM, 36 bytes, Stack size 0 bytes, mcu_led.o(.text), UNUSED)

<P><STRONG><a name="[24f9cf4]"></a>mcu_led_all_toggle</STRONG> (ARM, 72 bytes, Stack size 0 bytes, mcu_led.o(.text), UNUSED)

<P><STRONG><a name="[24f96dc]"></a>adcx_register_write</STRONG> (ARM, 40 bytes, Stack size 0 bytes, adc_external.o(.text), UNUSED)

<P><STRONG><a name="[24f96a0]"></a>adcx_convert_cfg</STRONG> (ARM, 72 bytes, Stack size 0 bytes, adc_external.o(.text), UNUSED)

<P><STRONG><a name="[24f9664]"></a>adcx_convert_next</STRONG> (ARM, 132 bytes, Stack size 0 bytes, adc_external.o(.text), UNUSED)

<P><STRONG><a name="[24f9628]"></a>adcx_register_read</STRONG> (ARM, 56 bytes, Stack size 0 bytes, adc_external.o(.text), UNUSED)

<P><STRONG><a name="[24f95ec]"></a>adcx_read_buffer</STRONG> (ARM, 56 bytes, Stack size 8 bytes, adc_external.o(.text), UNUSED)
<BR><BR>[Calls]<UL><LI><a href="#[2502034]">&gt;&gt;</a>&nbsp;&nbsp;&nbsp;error_occurred
</UL>

<P><STRONG><a name="[24fdc3c]"></a>adcx_isr</STRONG> (ARM, 336 bytes, Stack size 40 bytes, adc_external.o(.text))
<BR><BR>[Stack]<UL><LI>Max Depth = 48<LI>Call Chain = adcx_isr &rArr; error_occurred
</UL>
<BR>[Calls]<UL><LI><a href="#[2502034]">&gt;&gt;</a>&nbsp;&nbsp;&nbsp;error_occurred
</UL>
<BR>[Address Reference Count : 1]<UL><LI> interrupts.o(.text)
</UL>
<P><STRONG><a name="[24ffeb0]"></a>adcx_convert_all</STRONG> (ARM, 148 bytes, Stack size 0 bytes, adc_external.o(.text))
<BR><BR>[Stack]<UL><LI>Max Depth = 8<LI>Call Chain = adcx_convert_all &rArr; error_occurred
</UL>
<BR>[Calls]<UL><LI><a href="#[2502034]">&gt;&gt;</a>&nbsp;&nbsp;&nbsp;error_occurred
</UL>
<BR>[Called By]<UL><LI><a href="#[2500018]">&gt;&gt;</a>&nbsp;&nbsp;&nbsp;task_every_row
</UL>

<P><STRONG><a name="[24f95b0]"></a>adcx_write</STRONG> (ARM, 40 bytes, Stack size 16 bytes, adc_external.o(.text), UNUSED)
<BR><BR>[Calls]<UL><LI><a href="#[2502034]">&gt;&gt;</a>&nbsp;&nbsp;&nbsp;error_occurred
</UL>

<P><STRONG><a name="[24fd0fc]"></a>adcx_get_result</STRONG> (ARM, 16 bytes, Stack size 0 bytes, adc_external.o(.text))
<BR><BR>[Called By]<UL><LI><a href="#[24fd390]">&gt;&gt;</a>&nbsp;&nbsp;&nbsp;dn_get_raw_battery_current
<LI><a href="#[24fe1a0]">&gt;&gt;</a>&nbsp;&nbsp;&nbsp;dn_get_right_heel_sense
<LI><a href="#[24fe1dc]">&gt;&gt;</a>&nbsp;&nbsp;&nbsp;dn_get_motor_current
<LI><a href="#[24fe2cc]">&gt;&gt;</a>&nbsp;&nbsp;&nbsp;dn_get_left_heel_sense
<LI><a href="#[24fe3bc]">&gt;&gt;</a>&nbsp;&nbsp;&nbsp;dn_get_battery_power
<LI><a href="#[24fe3f8]">&gt;&gt;</a>&nbsp;&nbsp;&nbsp;dn_get_battery_current
<LI><a href="#[24ff6b8]">&gt;&gt;</a>&nbsp;&nbsp;&nbsp;dn_get_raw_right_hs
<LI><a href="#[24ff6f4]">&gt;&gt;</a>&nbsp;&nbsp;&nbsp;dn_get_raw_motor_current
<LI><a href="#[24ff730]">&gt;&gt;</a>&nbsp;&nbsp;&nbsp;dn_get_raw_left_hs
</UL>

<P><STRONG><a name="[24ffe74]"></a>adcx_init</STRONG> (ARM, 136 bytes, Stack size 8 bytes, adc_external.o(.text))
<BR><BR>[Stack]<UL><LI>Max Depth = 16<LI>Call Chain = adcx_init &rArr; error_occurred
</UL>
<BR>[Calls]<UL><LI><a href="#[2502034]">&gt;&gt;</a>&nbsp;&nbsp;&nbsp;error_occurred
</UL>
<BR>[Called By]<UL><LI><a href="#[2502bec]">&gt;&gt;</a>&nbsp;&nbsp;&nbsp;init_software
</UL>

<P><STRONG><a name="[24fff28]"></a>adcx_add_config</STRONG> (ARM, 48 bytes, Stack size 0 bytes, adc_external.o(.text))
<BR><BR>[Stack]<UL><LI>Max Depth = 8<LI>Call Chain = adcx_add_config &rArr; error_occurred
</UL>
<BR>[Calls]<UL><LI><a href="#[2502034]">&gt;&gt;</a>&nbsp;&nbsp;&nbsp;error_occurred
</UL>
<BR>[Called By]<UL><LI><a href="#[2502bec]">&gt;&gt;</a>&nbsp;&nbsp;&nbsp;init_software
</UL>

<P><STRONG><a name="[24ffeec]"></a>adcx_conversion_wait</STRONG> (ARM, 52 bytes, Stack size 0 bytes, adc_external.o(.text))
<BR><BR>[Called By]<UL><LI><a href="#[2500018]">&gt;&gt;</a>&nbsp;&nbsp;&nbsp;task_every_row
</UL>

<P><STRONG><a name="[24ff2f8]"></a>qdc_tmr0_cap01_set_angle_float</STRONG> (ARM, 56 bytes, Stack size 8 bytes, qdc.o(.text))
<BR><BR>[Stack]<UL><LI>Max Depth = 72<LI>Call Chain = qdc_tmr0_cap01_set_angle_float &rArr; __aeabi_ldivmod &rArr; __aeabi_uldivmod
</UL>
<BR>[Calls]<UL><LI><a href="#[2500978]">&gt;&gt;</a>&nbsp;&nbsp;&nbsp;__aeabi_f2iz
<LI><a href="#[257afc8]">&gt;&gt;</a>&nbsp;&nbsp;&nbsp;__aeabi_llsl
<LI><a href="#[257b0f4]">&gt;&gt;</a>&nbsp;&nbsp;&nbsp;__aeabi_ldivmod
</UL>
<BR>[Called By]<UL><LI><a href="#[24ff67c]">&gt;&gt;</a>&nbsp;&nbsp;&nbsp;dn_inner_feet_motor_encoder_rezero
<LI><a href="#[2502bb0]">&gt;&gt;</a>&nbsp;&nbsp;&nbsp;init_values
</UL>

<P><STRONG><a name="[24f8aac]"></a>qdc_tmr0_cap01_set_angle_fixed</STRONG> (ARM, 40 bytes, Stack size 8 bytes, qdc.o(.text), UNUSED)
<BR><BR>[Calls]<UL><LI><a href="#[257afc8]">&gt;&gt;</a>&nbsp;&nbsp;&nbsp;__aeabi_llsl
<LI><a href="#[257b0f4]">&gt;&gt;</a>&nbsp;&nbsp;&nbsp;__aeabi_ldivmod
</UL>

<P><STRONG><a name="[24ff244]"></a>qdc_tmr0_cap23_set_angle_float</STRONG> (ARM, 56 bytes, Stack size 8 bytes, qdc.o(.text))
<BR><BR>[Stack]<UL><LI>Max Depth = 72<LI>Call Chain = qdc_tmr0_cap23_set_angle_float &rArr; __aeabi_ldivmod &rArr; __aeabi_uldivmod
</UL>
<BR>[Calls]<UL><LI><a href="#[2500978]">&gt;&gt;</a>&nbsp;&nbsp;&nbsp;__aeabi_f2iz
<LI><a href="#[257afc8]">&gt;&gt;</a>&nbsp;&nbsp;&nbsp;__aeabi_llsl
<LI><a href="#[257b0f4]">&gt;&gt;</a>&nbsp;&nbsp;&nbsp;__aeabi_ldivmod
</UL>
<BR>[Called By]<UL><LI><a href="#[2502bb0]">&gt;&gt;</a>&nbsp;&nbsp;&nbsp;init_values
</UL>

<P><STRONG><a name="[24f8a70]"></a>qdc_tmr0_cap23_set_angle_fixed</STRONG> (ARM, 40 bytes, Stack size 8 bytes, qdc.o(.text), UNUSED)
<BR><BR>[Calls]<UL><LI><a href="#[257afc8]">&gt;&gt;</a>&nbsp;&nbsp;&nbsp;__aeabi_llsl
<LI><a href="#[257b0f4]">&gt;&gt;</a>&nbsp;&nbsp;&nbsp;__aeabi_ldivmod
</UL>

<P><STRONG><a name="[24f8a34]"></a>qdc_tmr0_cap01_get_angle_fixed</STRONG> (ARM, 12 bytes, Stack size 0 bytes, qdc.o(.text), UNUSED)

<P><STRONG><a name="[24fcf58]"></a>qdc_tmr0_cap01_get_angle_float</STRONG> (ARM, 32 bytes, Stack size 8 bytes, qdc.o(.text))
<BR><BR>[Stack]<UL><LI>Max Depth = 8<LI>Call Chain = qdc_tmr0_cap01_get_angle_float
</UL>
<BR>[Calls]<UL><LI><a href="#[250093c]">&gt;&gt;</a>&nbsp;&nbsp;&nbsp;__aeabi_i2f
</UL>
<BR>[Called By]<UL><LI><a href="#[24ff640]">&gt;&gt;</a>&nbsp;&nbsp;&nbsp;dn_safety
<LI><a href="#[24ff67c]">&gt;&gt;</a>&nbsp;&nbsp;&nbsp;dn_inner_feet_motor_encoder_rezero
<LI><a href="#[24ff820]">&gt;&gt;</a>&nbsp;&nbsp;&nbsp;dn_get_motor_pos_rads
</UL>

<P><STRONG><a name="[24f89f8]"></a>qdc_tmr0_cap01_get_rate_fixed</STRONG> (ARM, 12 bytes, Stack size 0 bytes, qdc.o(.text), UNUSED)

<P><STRONG><a name="[24fcf1c]"></a>qdc_tmr0_cap01_get_rate_float</STRONG> (ARM, 32 bytes, Stack size 8 bytes, qdc.o(.text))
<BR><BR>[Stack]<UL><LI>Max Depth = 8<LI>Call Chain = qdc_tmr0_cap01_get_rate_float
</UL>
<BR>[Calls]<UL><LI><a href="#[250093c]">&gt;&gt;</a>&nbsp;&nbsp;&nbsp;__aeabi_i2f
</UL>
<BR>[Called By]<UL><LI><a href="#[24ff7e4]">&gt;&gt;</a>&nbsp;&nbsp;&nbsp;dn_get_motor_vel_rads
</UL>

<P><STRONG><a name="[24f89bc]"></a>qdc_tmr0_cap23_get_angle_fixed</STRONG> (ARM, 12 bytes, Stack size 0 bytes, qdc.o(.text), UNUSED)

<P><STRONG><a name="[24f8980]"></a>qdc_tmr0_cap23_get_angle_float</STRONG> (ARM, 32 bytes, Stack size 8 bytes, qdc.o(.text), UNUSED)
<BR><BR>[Calls]<UL><LI><a href="#[250093c]">&gt;&gt;</a>&nbsp;&nbsp;&nbsp;__aeabi_i2f
</UL>

<P><STRONG><a name="[24f8944]"></a>qdc_tmr0_cap23_get_rate_fixed</STRONG> (ARM, 12 bytes, Stack size 0 bytes, qdc.o(.text), UNUSED)

<P><STRONG><a name="[24fcee0]"></a>qdc_tmr0_cap23_get_rate_float</STRONG> (ARM, 32 bytes, Stack size 8 bytes, qdc.o(.text))
<BR><BR>[Stack]<UL><LI>Max Depth = 8<LI>Call Chain = qdc_tmr0_cap23_get_rate_float
</UL>
<BR>[Calls]<UL><LI><a href="#[250093c]">&gt;&gt;</a>&nbsp;&nbsp;&nbsp;__aeabi_i2f
</UL>
<BR>[Called By]<UL><LI><a href="#[24fe434]">&gt;&gt;</a>&nbsp;&nbsp;&nbsp;dn_get_ankle_vel_rads
<LI><a href="#[24ff67c]">&gt;&gt;</a>&nbsp;&nbsp;&nbsp;dn_inner_feet_motor_encoder_rezero
</UL>

<P><STRONG><a name="[24ff334]"></a>qdc_tmr0_cap01_rate_update</STRONG> (ARM, 548 bytes, Stack size 40 bytes, qdc.o(.text))
<BR><BR>[Stack]<UL><LI>Max Depth = 60<LI>Call Chain = qdc_tmr0_cap01_rate_update &rArr; __aeabi_idivmod &rArr; __aeabi_uidivmod
</UL>
<BR>[Calls]<UL><LI><a href="#[2502034]">&gt;&gt;</a>&nbsp;&nbsp;&nbsp;error_occurred
<LI><a href="#[257ae9c]">&gt;&gt;</a>&nbsp;&nbsp;&nbsp;__aeabi_lasr
<LI><a href="#[257b220]">&gt;&gt;</a>&nbsp;&nbsp;&nbsp;__aeabi_idivmod
</UL>
<BR>[Called By]<UL><LI><a href="#[2500018]">&gt;&gt;</a>&nbsp;&nbsp;&nbsp;task_every_row
</UL>

<P><STRONG><a name="[24ff280]"></a>qdc_tmr0_cap23_rate_update</STRONG> (ARM, 548 bytes, Stack size 40 bytes, qdc.o(.text))
<BR><BR>[Stack]<UL><LI>Max Depth = 60<LI>Call Chain = qdc_tmr0_cap23_rate_update &rArr; __aeabi_idivmod &rArr; __aeabi_uidivmod
</UL>
<BR>[Calls]<UL><LI><a href="#[2502034]">&gt;&gt;</a>&nbsp;&nbsp;&nbsp;error_occurred
<LI><a href="#[257ae9c]">&gt;&gt;</a>&nbsp;&nbsp;&nbsp;__aeabi_lasr
<LI><a href="#[257b220]">&gt;&gt;</a>&nbsp;&nbsp;&nbsp;__aeabi_idivmod
</UL>
<BR>[Called By]<UL><LI><a href="#[2500018]">&gt;&gt;</a>&nbsp;&nbsp;&nbsp;task_every_row
</UL>

<P><STRONG><a name="[24ff370]"></a>qdc_tmr0_cap01_angle_update</STRONG> (ARM, 52 bytes, Stack size 16 bytes, qdc.o(.text))
<BR><BR>[Stack]<UL><LI>Max Depth = 16<LI>Call Chain = qdc_tmr0_cap01_angle_update
</UL>
<BR>[Calls]<UL><LI><a href="#[257ae9c]">&gt;&gt;</a>&nbsp;&nbsp;&nbsp;__aeabi_lasr
</UL>
<BR>[Called By]<UL><LI><a href="#[2500018]">&gt;&gt;</a>&nbsp;&nbsp;&nbsp;task_every_row
</UL>

<P><STRONG><a name="[24ff2bc]"></a>qdc_tmr0_cap23_angle_update</STRONG> (ARM, 52 bytes, Stack size 16 bytes, qdc.o(.text))
<BR><BR>[Stack]<UL><LI>Max Depth = 16<LI>Call Chain = qdc_tmr0_cap23_angle_update
</UL>
<BR>[Calls]<UL><LI><a href="#[257ae9c]">&gt;&gt;</a>&nbsp;&nbsp;&nbsp;__aeabi_lasr
</UL>
<BR>[Called By]<UL><LI><a href="#[2500018]">&gt;&gt;</a>&nbsp;&nbsp;&nbsp;task_every_row
</UL>

<P><STRONG><a name="[24ff208]"></a>qdc_tmr0_init</STRONG> (ARM, 1224 bytes, Stack size 96 bytes, qdc.o(.text))
<BR><BR>[Stack]<UL><LI>Max Depth = 224<LI>Call Chain = qdc_tmr0_init &rArr; __aeabi_dmul &rArr; _double_epilogue &rArr; _double_round
</UL>
<BR>[Calls]<UL><LI><a href="#[24f8908]">&gt;&gt;</a>&nbsp;&nbsp;&nbsp;__aeabi_f2uiz
<LI><a href="#[24fa438]">&gt;&gt;</a>&nbsp;&nbsp;&nbsp;__aeabi_ddiv
<LI><a href="#[24fd228]">&gt;&gt;</a>&nbsp;&nbsp;&nbsp;__aeabi_fmul
<LI><a href="#[24fd264]">&gt;&gt;</a>&nbsp;&nbsp;&nbsp;__aeabi_f2d
<LI><a href="#[24fd2a0]">&gt;&gt;</a>&nbsp;&nbsp;&nbsp;__aeabi_dmul
<LI><a href="#[24fd318]">&gt;&gt;</a>&nbsp;&nbsp;&nbsp;__aeabi_d2f
<LI><a href="#[2500978]">&gt;&gt;</a>&nbsp;&nbsp;&nbsp;__aeabi_f2iz
<LI><a href="#[25009b4]">&gt;&gt;</a>&nbsp;&nbsp;&nbsp;__ARM_scalbnf
</UL>
<BR>[Called By]<UL><LI><a href="#[2502bec]">&gt;&gt;</a>&nbsp;&nbsp;&nbsp;init_software
</UL>

<P><STRONG><a name="[24fe650]"></a>can_init</STRONG> (ARM, 48 bytes, Stack size 0 bytes, can.o(.text))
<BR><BR>[Called By]<UL><LI><a href="#[2502ca0]">&gt;&gt;</a>&nbsp;&nbsp;&nbsp;init_can
</UL>

<P><STRONG><a name="[24f78dc]"></a>can_tx1_push_frame</STRONG> (ARM, 96 bytes, Stack size 8 bytes, can.o(.text), UNUSED)

<P><STRONG><a name="[24f78a0]"></a>can_tx1</STRONG> (ARM, 340 bytes, Stack size 16 bytes, can.o(.text))
<BR><BR>[Stack]<UL><LI>Max Depth = 16<LI>Call Chain = can_tx1
</UL>
<BR>[Called By]<UL><LI><a href="#[24f760c]">&gt;&gt;</a>&nbsp;&nbsp;&nbsp;can_transmit_frame
</UL>

<P><STRONG><a name="[24f7864]"></a>can_tx2_push_frame</STRONG> (ARM, 96 bytes, Stack size 8 bytes, can.o(.text), UNUSED)

[...]

<P><STRONG><a name="[257b220]"></a>__aeabi_idivmod</STRONG> (ARM, 60 bytes, Stack size 16 bytes, idiv.o(.text))
<BR><BR>[Stack]<UL><LI>Max Depth = 20<LI>Call Chain = __aeabi_idivmod &rArr; __aeabi_uidivmod
</UL>
<BR>[Calls]<UL><LI><a href="#[2579b64]">&gt;&gt;</a>&nbsp;&nbsp;&nbsp;__aeabi_uidivmod
</UL>
<BR>[Called By]<UL><LI><a href="#[24ff280]">&gt;&gt;</a>&nbsp;&nbsp;&nbsp;qdc_tmr0_cap23_rate_update
<LI><a href="#[24ff334]">&gt;&gt;</a>&nbsp;&nbsp;&nbsp;qdc_tmr0_cap01_rate_update
</UL>

<P><STRONG><a name="[257b0f4]"></a>__aeabi_ldivmod</STRONG> (ARM, 168 bytes, Stack size 32 bytes, ldiv.o(.text))
<BR><BR>[Stack]<UL><LI>Max Depth = 64<LI>Call Chain = __aeabi_ldivmod &rArr; __aeabi_uldivmod
</UL>
<BR>[Calls]<UL><LI><a href="#[2579a74]">&gt;&gt;</a>&nbsp;&nbsp;&nbsp;__aeabi_uldivmod
</UL>
<BR>[Called By]<UL><LI><a href="#[24f8a70]">&gt;&gt;</a>&nbsp;&nbsp;&nbsp;qdc_tmr0_cap23_set_angle_fixed
<LI><a href="#[24f8aac]">&gt;&gt;</a>&nbsp;&nbsp;&nbsp;qdc_tmr0_cap01_set_angle_fixed
<LI><a href="#[24ff244]">&gt;&gt;</a>&nbsp;&nbsp;&nbsp;qdc_tmr0_cap23_set_angle_float
<LI><a href="#[24ff2f8]">&gt;&gt;</a>&nbsp;&nbsp;&nbsp;qdc_tmr0_cap01_set_angle_float
</UL>

<P><STRONG><a name="[257afc8]"></a>__aeabi_llsl</STRONG> (ARM, 40 bytes, Stack size 0 bytes, llshl.o(.text))
<BR><BR>[Called By]<UL><LI><a href="#[24f8a70]">&gt;&gt;</a>&nbsp;&nbsp;&nbsp;qdc_tmr0_cap23_set_angle_fixed
<LI><a href="#[24f8aac]">&gt;&gt;</a>&nbsp;&nbsp;&nbsp;qdc_tmr0_cap01_set_angle_fixed
<LI><a href="#[24ff244]">&gt;&gt;</a>&nbsp;&nbsp;&nbsp;qdc_tmr0_cap23_set_angle_float
<LI><a href="#[24ff2f8]">&gt;&gt;</a>&nbsp;&nbsp;&nbsp;qdc_tmr0_cap01_set_angle_float
<LI><a href="#[2579a74]">&gt;&gt;</a>&nbsp;&nbsp;&nbsp;__aeabi_uldivmod
<LI><a href="#[257a758]">&gt;&gt;</a>&nbsp;&nbsp;&nbsp;_double_addcore
</UL>

<P><STRONG><a name="[257af8c]"></a>_ll_shift_l</STRONG> (ARM, 0 bytes, Stack size 0 bytes, llshl.o(.text), UNUSED)

<P><STRONG><a name="[257ae9c]"></a>__aeabi_lasr</STRONG> (ARM, 40 bytes, Stack size 0 bytes, llsshr.o(.text))
<BR><BR>[Called By]<UL><LI><a href="#[24ff280]">&gt;&gt;</a>&nbsp;&nbsp;&nbsp;qdc_tmr0_cap23_rate_update
<LI><a href="#[24ff2bc]">&gt;&gt;</a>&nbsp;&nbsp;&nbsp;qdc_tmr0_cap23_angle_update
<LI><a href="#[24ff334]">&gt;&gt;</a>&nbsp;&nbsp;&nbsp;qdc_tmr0_cap01_rate_update
<LI><a href="#[24ff370]">&gt;&gt;</a>&nbsp;&nbsp;&nbsp;qdc_tmr0_cap01_angle_update
</UL>

<P><STRONG><a name="[257ae60]"></a>_ll_sshift_r</STRONG> (ARM, 0 bytes, Stack size 0 bytes, llsshr.o(.text), UNUSED)

<P><STRONG><a name="[257ab18]"></a>__aeabi_fadd</STRONG> (ARM, 16 bytes, Stack size 0 bytes, fadd.o(.text), UNUSED)
<BR><BR>[Calls]<UL><LI><a href="#[257ab54]">&gt;&gt;</a>&nbsp;&nbsp;&nbsp;_float_addcore
</UL>

<P><STRONG><a name="[24fd1b0]"></a>__aeabi_fsub</STRONG> (ARM, 20 bytes, Stack size 0 bytes, fadd.o(.text))
<BR><BR>[Stack]<UL><LI>Max Depth = 8<LI>Call Chain = __aeabi_fsub &rArr; _float_addcore
</UL>
<BR>[Calls]<UL><LI><a href="#[257ab54]">&gt;&gt;</a>&nbsp;&nbsp;&nbsp;_float_addcore
</UL>
<BR>[Called By]<UL><LI><a href="#[24ff67c]">&gt;&gt;</a>&nbsp;&nbsp;&nbsp;dn_inner_feet_motor_encoder_rezero
</UL>

<P><STRONG><a name="[24fd1ec]"></a>__aeabi_frsub</STRONG> (ARM, 32 bytes, Stack size 0 bytes, fadd.o(.text))
<BR><BR>[Stack]<UL><LI>Max Depth = 8<LI>Call Chain = __aeabi_frsub &rArr; _float_addcore
</UL>
<BR>[Calls]<UL><LI><a href="#[257ab54]">&gt;&gt;</a>&nbsp;&nbsp;&nbsp;_float_addcore
</UL>
<BR>[Called By]<UL><LI><a href="#[24ff49c]">&gt;&gt;</a>&nbsp;&nbsp;&nbsp;mc_init
<LI><a href="#[24ff640]">&gt;&gt;</a>&nbsp;&nbsp;&nbsp;dn_safety
</UL>

<P><STRONG><a name="[24fd228]"></a>__aeabi_fmul</STRONG> (ARM, 136 bytes, Stack size 0 bytes, fmul.o(.text))
<BR><BR>[Called By]<UL><LI><a href="#[24fe1dc]">&gt;&gt;</a>&nbsp;&nbsp;&nbsp;dn_get_motor_current
<LI><a href="#[24fe218]">&gt;&gt;</a>&nbsp;&nbsp;&nbsp;dn_get_max_execution_time
<LI><a href="#[24fe344]">&gt;&gt;</a>&nbsp;&nbsp;&nbsp;dn_get_execution_time
<LI><a href="#[24fe380]">&gt;&gt;</a>&nbsp;&nbsp;&nbsp;dn_get_battery_voltage
<LI><a href="#[24fe3bc]">&gt;&gt;</a>&nbsp;&nbsp;&nbsp;dn_get_battery_power
<LI><a href="#[24fe3f8]">&gt;&gt;</a>&nbsp;&nbsp;&nbsp;dn_get_battery_current
<LI><a href="#[24ff208]">&gt;&gt;</a>&nbsp;&nbsp;&nbsp;qdc_tmr0_init
<LI><a href="#[24ff49c]">&gt;&gt;</a>&nbsp;&nbsp;&nbsp;mc_init
<LI><a href="#[24ff640]">&gt;&gt;</a>&nbsp;&nbsp;&nbsp;dn_safety
<LI><a href="#[24ff67c]">&gt;&gt;</a>&nbsp;&nbsp;&nbsp;dn_inner_feet_motor_encoder_rezero
<LI><a href="#[24ff85c]">&gt;&gt;</a>&nbsp;&nbsp;&nbsp;dn_get_ankle_pos_rads
<LI><a href="#[24ffe38]">&gt;&gt;</a>&nbsp;&nbsp;&nbsp;ae_init_encoder
</UL>

<P><STRONG><a name="[24fa9d8]"></a>__aeabi_fdiv</STRONG> (ARM, 140 bytes, Stack size 8 bytes, fdiv.o(.text))
<BR><BR>[Stack]<UL><LI>Max Depth = 8<LI>Call Chain = __aeabi_fdiv
</UL>
<BR>[Calls]<UL><LI><a href="#[257aaa0]">&gt;&gt;</a>&nbsp;&nbsp;&nbsp;_float_epilogue
</UL>
<BR>[Called By]<UL><LI><a href="#[24ff49c]">&gt;&gt;</a>&nbsp;&nbsp;&nbsp;mc_init
</UL>

<P><STRONG><a name="[25009b4]"></a>__ARM_scalbnf</STRONG> (ARM, 12 bytes, Stack size 0 bytes, fscalb.o(.text))
<BR><BR>[Called By]<UL><LI><a href="#[24ff208]">&gt;&gt;</a>&nbsp;&nbsp;&nbsp;qdc_tmr0_init
<LI><a href="#[2500c48]">&gt;&gt;</a>&nbsp;&nbsp;&nbsp;linear_to_fixed
<LI><a href="#[2500d38]">&gt;&gt;</a>&nbsp;&nbsp;&nbsp;fixed_to_float
<LI><a href="#[2500db0]">&gt;&gt;</a>&nbsp;&nbsp;&nbsp;float_to_fixed
</UL>

<P><STRONG><a name="[257a848]"></a>scalbnf</STRONG> (ARM, 0 bytes, Stack size 0 bytes, fscalb.o(.text), UNUSED)

<P><STRONG><a name="[24fd2dc]"></a>__aeabi_dadd</STRONG> (ARM, 80 bytes, Stack size 24 bytes, dadd.o(.text))
<BR><BR>[Stack]<UL><LI>Max Depth = 136<LI>Call Chain = __aeabi_dadd &rArr; _double_addcore &rArr; _double_epilogue &rArr; _double_round
</UL>
<BR>[Calls]<UL><LI><a href="#[257a758]">&gt;&gt;</a>&nbsp;&nbsp;&nbsp;_double_addcore
</UL>
<BR>[Called By]<UL><LI><a href="#[24ff67c]">&gt;&gt;</a>&nbsp;&nbsp;&nbsp;dn_inner_feet_motor_encoder_rezero
</UL>

<P><STRONG><a name="[257a71c]"></a>__aeabi_dsub</STRONG> (ARM, 80 bytes, Stack size 24 bytes, dadd.o(.text), UNUSED)
<BR><BR>[Calls]<UL><LI><a href="#[257a758]">&gt;&gt;</a>&nbsp;&nbsp;&nbsp;_double_addcore
</UL>

<P><STRONG><a name="[257a6e0]"></a>__aeabi_drsub</STRONG> (ARM, 80 bytes, Stack size 24 bytes, dadd.o(.text), UNUSED)
<BR><BR>[Calls]<UL><LI><a href="#[257a758]">&gt;&gt;</a>&nbsp;&nbsp;&nbsp;_double_addcore
</UL>

<P><STRONG><a name="[24fd2a0]"></a>__aeabi_dmul</STRONG> (ARM, 360 bytes, Stack size 80 bytes, dmul.o(.text))
<BR><BR>[Stack]<UL><LI>Max Depth = 128<LI>Call Chain = __aeabi_dmul &rArr; _double_epilogue &rArr; _double_round
</UL>
<BR>[Calls]<UL><LI><a href="#[257a668]">&gt;&gt;</a>&nbsp;&nbsp;&nbsp;_double_epilogue
</UL>
<BR>[Called By]<UL><LI><a href="#[24ff208]">&gt;&gt;</a>&nbsp;&nbsp;&nbsp;qdc_tmr0_init
<LI><a href="#[24ff67c]">&gt;&gt;</a>&nbsp;&nbsp;&nbsp;dn_inner_feet_motor_encoder_rezero
</UL>

<P><STRONG><a name="[24fa438]"></a>__aeabi_ddiv</STRONG> (ARM, 380 bytes, Stack size 72 bytes, ddiv.o(.text))
<BR><BR>[Stack]<UL><LI>Max Depth = 120<LI>Call Chain = __aeabi_ddiv &rArr; _double_epilogue &rArr; _double_round
</UL>
<BR>[Calls]<UL><LI><a href="#[257a668]">&gt;&gt;</a>&nbsp;&nbsp;&nbsp;_double_epilogue
</UL>
<BR>[Called By]<UL><LI><a href="#[24ff208]">&gt;&gt;</a>&nbsp;&nbsp;&nbsp;qdc_tmr0_init
<LI><a href="#[24ffe38]">&gt;&gt;</a>&nbsp;&nbsp;&nbsp;ae_init_encoder
</UL>

<P><STRONG><a name="[250093c]"></a>__aeabi_i2f</STRONG> (ARM, 28 bytes, Stack size 0 bytes, fflti.o(.text))
<BR><BR>[Calls]<UL><LI><a href="#[257aaa0]">&gt;&gt;</a>&nbsp;&nbsp;&nbsp;_float_epilogue
</UL>
<BR>[Called By]<UL><LI><a href="#[24f8980]">&gt;&gt;</a>&nbsp;&nbsp;&nbsp;qdc_tmr0_cap23_get_angle_float
<LI><a href="#[24fcee0]">&gt;&gt;</a>&nbsp;&nbsp;&nbsp;qdc_tmr0_cap23_get_rate_float
<LI><a href="#[24fcf1c]">&gt;&gt;</a>&nbsp;&nbsp;&nbsp;qdc_tmr0_cap01_get_rate_float
<LI><a href="#[24fcf58]">&gt;&gt;</a>&nbsp;&nbsp;&nbsp;qdc_tmr0_cap01_get_angle_float
<LI><a href="#[24fe1a0]">&gt;&gt;</a>&nbsp;&nbsp;&nbsp;dn_get_right_heel_sense
<LI><a href="#[24fe1dc]">&gt;&gt;</a>&nbsp;&nbsp;&nbsp;dn_get_motor_current
<LI><a href="#[24fe2cc]">&gt;&gt;</a>&nbsp;&nbsp;&nbsp;dn_get_left_heel_sense
<LI><a href="#[24fe308]">&gt;&gt;</a>&nbsp;&nbsp;&nbsp;dn_get_hbridge_temp
<LI><a href="#[24fe380]">&gt;&gt;</a>&nbsp;&nbsp;&nbsp;dn_get_battery_voltage
<LI><a href="#[24fe3bc]">&gt;&gt;</a>&nbsp;&nbsp;&nbsp;dn_get_battery_power
<LI><a href="#[24fe3f8]">&gt;&gt;</a>&nbsp;&nbsp;&nbsp;dn_get_battery_current
<LI><a href="#[24ff49c]">&gt;&gt;</a>&nbsp;&nbsp;&nbsp;mc_init
<LI><a href="#[24ff640]">&gt;&gt;</a>&nbsp;&nbsp;&nbsp;dn_safety
<LI><a href="#[24ff67c]">&gt;&gt;</a>&nbsp;&nbsp;&nbsp;dn_inner_feet_motor_encoder_rezero
<LI><a href="#[24ff85c]">&gt;&gt;</a>&nbsp;&nbsp;&nbsp;dn_get_ankle_pos_rads
<LI><a href="#[24ffe38]">&gt;&gt;</a>&nbsp;&nbsp;&nbsp;ae_init_encoder
<LI><a href="#[2500d38]">&gt;&gt;</a>&nbsp;&nbsp;&nbsp;fixed_to_float
</UL>

<P><STRONG><a name="[24fd174]"></a>__aeabi_ui2f</STRONG> (ARM, 16 bytes, Stack size 0 bytes, ffltui.o(.text))
<BR><BR>[Calls]<UL><LI><a href="#[257aaa0]">&gt;&gt;</a>&nbsp;&nbsp;&nbsp;_float_epilogue
</UL>
<BR>[Called By]<UL><LI><a href="#[24fe164]">&gt;&gt;</a>&nbsp;&nbsp;&nbsp;dn_get_right_hs
<LI><a href="#[24fe218]">&gt;&gt;</a>&nbsp;&nbsp;&nbsp;dn_get_max_execution_time
<LI><a href="#[24fe290]">&gt;&gt;</a>&nbsp;&nbsp;&nbsp;dn_get_left_hs
<LI><a href="#[24fe344]">&gt;&gt;</a>&nbsp;&nbsp;&nbsp;dn_get_execution_time
</UL>

<P><STRONG><a name="[2500978]"></a>__aeabi_f2iz</STRONG> (ARM, 64 bytes, Stack size 0 bytes, ffixi.o(.text))
<BR><BR>[Called By]<UL><LI><a href="#[24ff208]">&gt;&gt;</a>&nbsp;&nbsp;&nbsp;qdc_tmr0_init
<LI><a href="#[24ff244]">&gt;&gt;</a>&nbsp;&nbsp;&nbsp;qdc_tmr0_cap23_set_angle_float
<LI><a href="#[24ff2f8]">&gt;&gt;</a>&nbsp;&nbsp;&nbsp;qdc_tmr0_cap01_set_angle_float
<LI><a href="#[2500c48]">&gt;&gt;</a>&nbsp;&nbsp;&nbsp;linear_to_fixed
<LI><a href="#[2500db0]">&gt;&gt;</a>&nbsp;&nbsp;&nbsp;float_to_fixed
</UL>

<P><STRONG><a name="[24f8908]"></a>__aeabi_f2uiz</STRONG> (ARM, 52 bytes, Stack size 0 bytes, ffixui.o(.text))
<BR><BR>[Called By]<UL><LI><a href="#[24ff208]">&gt;&gt;</a>&nbsp;&nbsp;&nbsp;qdc_tmr0_init
</UL>

<P><STRONG><a name="[24fa474]"></a>__aeabi_d2iz</STRONG> (ARM, 116 bytes, Stack size 16 bytes, dfixi.o(.text))
<BR><BR>[Stack]<UL><LI>Max Depth = 16<LI>Call Chain = __aeabi_d2iz
</UL>
<BR>[Calls]<UL><LI><a href="#[2579984]">&gt;&gt;</a>&nbsp;&nbsp;&nbsp;__aeabi_llsr
</UL>
<BR>[Called By]<UL><LI><a href="#[24ffe38]">&gt;&gt;</a>&nbsp;&nbsp;&nbsp;ae_init_encoder
</UL>

<P><STRONG><a name="[24fd264]"></a>__aeabi_f2d</STRONG> (ARM, 56 bytes, Stack size 0 bytes, f2d.o(.text))
<BR><BR>[Called By]<UL><LI><a href="#[24ff208]">&gt;&gt;</a>&nbsp;&nbsp;&nbsp;qdc_tmr0_init
<LI><a href="#[24ff67c]">&gt;&gt;</a>&nbsp;&nbsp;&nbsp;dn_inner_feet_motor_encoder_rezero
<LI><a href="#[24ffe38]">&gt;&gt;</a>&nbsp;&nbsp;&nbsp;ae_init_encoder
</UL>

<P><STRONG><a name="[24fd318]"></a>__aeabi_d2f</STRONG> (ARM, 92 bytes, Stack size 16 bytes, d2f.o(.text))
<BR><BR>[Stack]<UL><LI>Max Depth = 16<LI>Call Chain = __aeabi_d2f
</UL>
<BR>[Calls]<UL><LI><a href="#[257aaa0]">&gt;&gt;</a>&nbsp;&nbsp;&nbsp;_float_epilogue
</UL>
<BR>[Called By]<UL><LI><a href="#[24ff208]">&gt;&gt;</a>&nbsp;&nbsp;&nbsp;qdc_tmr0_init
<LI><a href="#[24ff67c]">&gt;&gt;</a>&nbsp;&nbsp;&nbsp;dn_inner_feet_motor_encoder_rezero
</UL>

<P><STRONG><a name="[2579ba0]"></a>__aeabi_uidiv</STRONG> (ARM, 0 bytes, Stack size 4 bytes, uidiv.o(.text), UNUSED)

<P><STRONG><a name="[2579b64]"></a>__aeabi_uidivmod</STRONG> (ARM, 60 bytes, Stack size 4 bytes, uidiv.o(.text))
<BR><BR>[Stack]<UL><LI>Max Depth = 4<LI>Call Chain = __aeabi_uidivmod
</UL>
<BR>[Called By]<UL><LI><a href="#[257b220]">&gt;&gt;</a>&nbsp;&nbsp;&nbsp;__aeabi_idivmod
</UL>

<P><STRONG><a name="[2579a74]"></a>__aeabi_uldivmod</STRONG> (ARM, 144 bytes, Stack size 32 bytes, uldiv.o(.text))
<BR><BR>[Stack]<UL><LI>Max Depth = 32<LI>Call Chain = __aeabi_uldivmod
</UL>
<BR>[Calls]<UL><LI><a href="#[2579984]">&gt;&gt;</a>&nbsp;&nbsp;&nbsp;__aeabi_llsr
<LI><a href="#[257afc8]">&gt;&gt;</a>&nbsp;&nbsp;&nbsp;__aeabi_llsl
</UL>
<BR>[Called By]<UL><LI><a href="#[257b0f4]">&gt;&gt;</a>&nbsp;&nbsp;&nbsp;__aeabi_ldivmod
</UL>

<P><STRONG><a name="[2579984]"></a>__aeabi_llsr</STRONG> (ARM, 36 bytes, Stack size 0 bytes, llushr.o(.text))
<BR><BR>[Called By]<UL><LI><a href="#[24fa474]">&gt;&gt;</a>&nbsp;&nbsp;&nbsp;__aeabi_d2iz
<LI><a href="#[2579a74]">&gt;&gt;</a>&nbsp;&nbsp;&nbsp;__aeabi_uldivmod
<LI><a href="#[257a758]">&gt;&gt;</a>&nbsp;&nbsp;&nbsp;_double_addcore
</UL>

<P><STRONG><a name="[2579948]"></a>_ll_ushift_r</STRONG> (ARM, 0 bytes, Stack size 0 bytes, llushr.o(.text), UNUSED)

<P><STRONG><a name="[2579894]"></a>__I$use$fp</STRONG> (ARM, 0 bytes, Stack size 0 bytes, iusefp.o(.text), UNUSED)

<P><STRONG><a name="[25797a4]"></a>_float_round</STRONG> (ARM, 24 bytes, Stack size 0 bytes, fepilogue.o(.text))
<BR><BR>[Calls]<UL><LI><a href="#[25797a4]">&gt;&gt;</a>&nbsp;&nbsp;&nbsp;_float_round
</UL>
<BR>[Called By]<UL><LI><a href="#[25797a4]">&gt;&gt;</a>&nbsp;&nbsp;&nbsp;_float_round
<LI><a href="#[257aaa0]">&gt;&gt;</a>&nbsp;&nbsp;&nbsp;_float_epilogue
</UL>

<P><STRONG><a name="[257aaa0]"></a>_float_epilogue</STRONG> (ARM, 84 bytes, Stack size 0 bytes, fepilogue.o(.text))
<BR><BR>[Calls]<UL><LI><a href="#[25797a4]">&gt;&gt;</a>&nbsp;&nbsp;&nbsp;_float_round
</UL>
<BR>[Called By]<UL><LI><a href="#[24fa9d8]">&gt;&gt;</a>&nbsp;&nbsp;&nbsp;__aeabi_fdiv
<LI><a href="#[24fd174]">&gt;&gt;</a>&nbsp;&nbsp;&nbsp;__aeabi_ui2f
<LI><a href="#[24fd318]">&gt;&gt;</a>&nbsp;&nbsp;&nbsp;__aeabi_d2f
<LI><a href="#[250093c]">&gt;&gt;</a>&nbsp;&nbsp;&nbsp;__aeabi_i2f
<LI><a href="#[257ab54]">&gt;&gt;</a>&nbsp;&nbsp;&nbsp;_float_addcore
</UL>

<P><STRONG><a name="[25796b4]"></a>_double_round</STRONG> (ARM, 84 bytes, Stack size 20 bytes, depilogue.o(.text))
<BR><BR>[Stack]<UL><LI>Max Depth = 20<LI>Call Chain = _double_round
</UL>
<BR>[Called By]<UL><LI><a href="#[257a668]">&gt;&gt;</a>&nbsp;&nbsp;&nbsp;_double_epilogue
</UL>

<P><STRONG><a name="[257a668]"></a>_double_epilogue</STRONG> (ARM, 204 bytes, Stack size 28 bytes, depilogue.o(.text))
<BR><BR>[Stack]<UL><LI>Max Depth = 48<LI>Call Chain = _double_epilogue &rArr; _double_round
</UL>
<BR>[Calls]<UL><LI><a href="#[25796b4]">&gt;&gt;</a>&nbsp;&nbsp;&nbsp;_double_round
</UL>
<BR>[Called By]<UL><LI><a href="#[24fa438]">&gt;&gt;</a>&nbsp;&nbsp;&nbsp;__aeabi_ddiv
<LI><a href="#[24fd2a0]">&gt;&gt;</a>&nbsp;&nbsp;&nbsp;__aeabi_dmul
<LI><a href="#[257a758]">&gt;&gt;</a>&nbsp;&nbsp;&nbsp;_double_addcore
</UL>

<P><STRONG><a name="[25795c4]"></a>__scatterload</STRONG> (ARM, 40 bytes, Stack size 0 bytes, init.o(.text))
<BR><BR>[Calls]<UL><LI><a href="#[2579dbc]">&gt;&gt;</a>&nbsp;&nbsp;&nbsp;__main_after_scatterload
</UL>
<BR>[Called By]<UL><LI><a href="#[2579df8]">&gt;&gt;</a>&nbsp;&nbsp;&nbsp;_main_scatterload
</UL>

<P><STRONG><a name="[2579588]"></a>__scatterload_rt2</STRONG> (ARM, 0 bytes, Stack size 0 bytes, init.o(.text), UNUSED)

<P><STRONG><a name="[257909c]"></a>__decompress</STRONG> (ARM, 0 bytes, Stack size unknown bytes, __dczerorl2.o(.text), UNUSED)

<P><STRONG><a name="[2579060]"></a>__decompress1</STRONG> (ARM, 112 bytes, Stack size unknown bytes, __dczerorl2.o(.text), UNUSED)

<P><STRONG><a name="[250273c]"></a>FIQ_Handler</STRONG> (ARM, 0 bytes, Stack size unknown bytes, qdc_2x_fiq_handler.o(FIQ_HANDLER))
<BR>[Address Reference Count : 1]<UL><LI> startup.o(RESET)
</UL>
<P><STRONG><a name="[24f724c]"></a>__ARM_common_memcpy1_8_arm</STRONG> (ARM, 68 bytes, Stack size 0 bytes, can.o(i.__ARM_common_memcpy1_8_arm))
<BR><BR>[Called By]<UL><LI><a href="#[24f7594]">&gt;&gt;</a>&nbsp;&nbsp;&nbsp;can_rx_dispatch_frame
<LI><a href="#[24f75d0]">&gt;&gt;</a>&nbsp;&nbsp;&nbsp;can_transmit_alt
</UL>

<P><STRONG><a name="[2579204]"></a>__scatterload_copy</STRONG> (ARM, 24 bytes, Stack size unknown bytes, handlers.o(i.__scatterload_copy), UNUSED)
<BR><BR>[Calls]<UL><LI><a href="#[2579204]">&gt;&gt;</a>&nbsp;&nbsp;&nbsp;__scatterload_copy
</UL>
<BR>[Called By]<UL><LI><a href="#[2579204]">&gt;&gt;</a>&nbsp;&nbsp;&nbsp;__scatterload_copy
</UL>

<P><STRONG><a name="[25791c8]"></a>__scatterload_null</STRONG> (ARM, 4 bytes, Stack size unknown bytes, handlers.o(i.__scatterload_null), UNUSED)

<P><STRONG><a name="[257918c]"></a>__scatterload_zeroinit</STRONG> (ARM, 24 bytes, Stack size unknown bytes, handlers.o(i.__scatterload_zeroinit), UNUSED)
<P>
<H3>
Local Symbols
</H3>
<P><STRONG><a name="[25029d0]"></a>Undef_Handler</STRONG> (ARM, 4 bytes, Stack size unknown bytes, startup.o(RESET))
<BR><BR>[Calls]<UL><LI><a href="#[25029d0]">&gt;&gt;</a>&nbsp;&nbsp;&nbsp;Undef_Handler
</UL>
<BR>[Called By]<UL><LI><a href="#[25029d0]">&gt;&gt;</a>&nbsp;&nbsp;&nbsp;Undef_Handler
</UL>
<BR>[Address Reference Count : 1]<UL><LI> startup.o(RESET)
</UL>
<P><STRONG><a name="[2502994]"></a>SWI_Handler</STRONG> (ARM, 4 bytes, Stack size unknown bytes, startup.o(RESET))
<BR><BR>[Calls]<UL><LI><a href="#[2502994]">&gt;&gt;</a>&nbsp;&nbsp;&nbsp;SWI_Handler
</UL>
<BR>[Called By]<UL><LI><a href="#[2502994]">&gt;&gt;</a>&nbsp;&nbsp;&nbsp;SWI_Handler
</UL>
<BR>[Address Reference Count : 1]<UL><LI> startup.o(RESET)
</UL>
<P><STRONG><a name="[2502958]"></a>PAbt_Handler</STRONG> (ARM, 4 bytes, Stack size unknown bytes, startup.o(RESET))
<BR><BR>[Calls]<UL><LI><a href="#[2502958]">&gt;&gt;</a>&nbsp;&nbsp;&nbsp;PAbt_Handler
</UL>
<BR>[Called By]<UL><LI><a href="#[2502958]">&gt;&gt;</a>&nbsp;&nbsp;&nbsp;PAbt_Handler
</UL>
<BR>[Address Reference Count : 1]<UL><LI> startup.o(RESET)
</UL>
<P><STRONG><a name="[250291c]"></a>DAbt_Handler</STRONG> (ARM, 4 bytes, Stack size unknown bytes, startup.o(RESET))
<BR><BR>[Calls]<UL><LI><a href="#[250291c]">&gt;&gt;</a>&nbsp;&nbsp;&nbsp;DAbt_Handler
</UL>
<BR>[Called By]<UL><LI><a href="#[250291c]">&gt;&gt;</a>&nbsp;&nbsp;&nbsp;DAbt_Handler
</UL>
<BR>[Address Reference Count : 1]<UL><LI> startup.o(RESET)
</UL>
<P><STRONG><a name="[25028e0]"></a>IRQ_Handler</STRONG> (ARM, 4 bytes, Stack size unknown bytes, startup.o(RESET))
<BR><BR>[Calls]<UL><LI><a href="#[25028e0]">&gt;&gt;</a>&nbsp;&nbsp;&nbsp;IRQ_Handler
</UL>
<BR>[Called By]<UL><LI><a href="#[25028e0]">&gt;&gt;</a>&nbsp;&nbsp;&nbsp;IRQ_Handler
</UL>
<BR>[Address Reference Count : 1]<UL><LI> startup.o(RESET)
</UL>
<P><STRONG><a name="[24f823c]"></a>__switch$$</STRONG> (ARM, 0 bytes, Stack size unknown bytes, can.o(.text))
<BR>[Address Reference Count : 1]<UL><LI> can.o(.text)
</UL>
<P><STRONG><a name="[24f8200]"></a>__switch$$</STRONG> (ARM, 0 bytes, Stack size unknown bytes, can.o(.text))
<BR>[Address Reference Count : 1]<UL><LI> can.o(.text)
</UL>
<P><STRONG><a name="[257ab54]"></a>_float_addcore</STRONG> (ARM, 164 bytes, Stack size 8 bytes, fadd.o(.text))
<BR><BR>[Stack]<UL><LI>Max Depth = 8<LI>Call Chain = _float_addcore
</UL>
<BR>[Calls]<UL><LI><a href="#[257aaa0]">&gt;&gt;</a>&nbsp;&nbsp;&nbsp;_float_epilogue
</UL>
<BR>[Called By]<UL><LI><a href="#[24fd1b0]">&gt;&gt;</a>&nbsp;&nbsp;&nbsp;__aeabi_fsub
<LI><a href="#[24fd1ec]">&gt;&gt;</a>&nbsp;&nbsp;&nbsp;__aeabi_frsub
<LI><a href="#[257ab18]">&gt;&gt;</a>&nbsp;&nbsp;&nbsp;__aeabi_fadd
</UL>

<P><STRONG><a name="[257a758]"></a>_double_addcore</STRONG> (ARM, 428 bytes, Stack size 64 bytes, dadd.o(.text))
<BR><BR>[Stack]<UL><LI>Max Depth = 112<LI>Call Chain = _double_addcore &rArr; _double_epilogue &rArr; _double_round
</UL>
<BR>[Calls]<UL><LI><a href="#[2579984]">&gt;&gt;</a>&nbsp;&nbsp;&nbsp;__aeabi_llsr
<LI><a href="#[257a668]">&gt;&gt;</a>&nbsp;&nbsp;&nbsp;_double_epilogue
<LI><a href="#[257afc8]">&gt;&gt;</a>&nbsp;&nbsp;&nbsp;__aeabi_llsl
</UL>
<BR>[Called By]<UL><LI><a href="#[24fd2dc]">&gt;&gt;</a>&nbsp;&nbsp;&nbsp;__aeabi_dadd
<LI><a href="#[257a6e0]">&gt;&gt;</a>&nbsp;&nbsp;&nbsp;__aeabi_drsub
<LI><a href="#[257a71c]">&gt;&gt;</a>&nbsp;&nbsp;&nbsp;__aeabi_dsub
</UL>
<P>
<H3>
Undefined Global Symbols
</H3><HR></body></html>
