<!doctype html public "-//w3c//dtd html 4.0 transitional//en">
<html><head>
<title>Static Call Graph - [.\Flash\keil_framework_2194.axf]</title></head>
<body><HR>
<H1>Static Call Graph for image .\Flash\keil_framework_2194.axf</H1><HR>
<BR><P>#&#060CALLGRAPH&#062# ARM Linker, RVCT4.0 [Build 524]: Last Updated: Wed Mar 02 14:48:34 2016
<BR><P>
<H3>Maximum Stack Usage =        288 bytes + Unknown(Functions without stacksize, Cycles, Untraceable Function Pointers)</H3><H3>
Call chain for Maximum Stack Depth:</H3>
main &rArr; init_software &rArr; qdc_tmr0_init &rArr; __aeabi_dmul &rArr; _double_epilogue &rArr; _double_round
<P>
<H3>
Functions with no stack information
</H3><UL>
 <LI><a href="#[2b27b4]">Reset_Handler</a>
 <LI><a href="#[2b273c]">FIQ_Handler</a>
 <LI><a href="#[2b29d0]">Undef_Handler</a>
 <LI><a href="#[2b2994]">SWI_Handler</a>
 <LI><a href="#[2b2958]">PAbt_Handler</a>
 <LI><a href="#[2b291c]">DAbt_Handler</a>
 <LI><a href="#[2b28e0]">IRQ_Handler</a>
 <LI><a href="#[2a823c]">__switch$$</a>
 <LI><a href="#[2a8200]">__switch$$</a>
</UL>
</UL>
<P>
<H3>
Mutually Recursive functions
</H3> <LI><a href="#[2b1698]">mutex_lock</a>&nbsp;&nbsp;&nbsp;&rArr;&nbsp;&nbsp;&nbsp;<a href="#[2b1698]">mutex_lock</a><BR>
 <LI><a href="#[32a7a4]">_float_round</a>&nbsp;&nbsp;&nbsp;&rArr;&nbsp;&nbsp;&nbsp;<a href="#[32a7a4]">_float_round</a><BR>
 <LI><a href="#[2b29d0]">Undef_Handler</a>&nbsp;&nbsp;&nbsp;&rArr;&nbsp;&nbsp;&nbsp;<a href="#[2b29d0]">Undef_Handler</a><BR>
 <LI><a href="#[2b2994]">SWI_Handler</a>&nbsp;&nbsp;&nbsp;&rArr;&nbsp;&nbsp;&nbsp;<a href="#[2b2994]">SWI_Handler</a><BR>
 <LI><a href="#[2b2958]">PAbt_Handler</a>&nbsp;&nbsp;&nbsp;&rArr;&nbsp;&nbsp;&nbsp;<a href="#[2b2958]">PAbt_Handler</a><BR>
 <LI><a href="#[2b291c]">DAbt_Handler</a>&nbsp;&nbsp;&nbsp;&rArr;&nbsp;&nbsp;&nbsp;<a href="#[2b291c]">DAbt_Handler</a><BR>
 <LI><a href="#[2b28e0]">IRQ_Handler</a>&nbsp;&nbsp;&nbsp;&rArr;&nbsp;&nbsp;&nbsp;<a href="#[2b28e0]">IRQ_Handler</a><BR>
</UL>
<P>
<H3>
Function Pointers
</H3><UL>
 <LI><a href="#[2b1620]">voidvoid</a>
 <LI><a href="#[2b1710]">intvoid</a>
 <LI><a href="#[2b0b94]">voidint</a>
 <LI><a href="#[2b0018]">task_every_row</a>
 <LI><a href="#[2afd0c]">can_tx_angle</a>
 <LI><a href="#[2af604]">dn_sched_done</a>
 <LI><a href="#[2b0018]">task_every_row</a>
 <LI><a href="#[2af94c]">can_tx_rate</a>
 <LI><a href="#[2af604]">dn_sched_done</a>
 <LI><a href="#[2b0018]">task_every_row</a>
 <LI><a href="#[2afaf0]">can_tx_left_heel_sense</a>
 <LI><a href="#[2af604]">dn_sched_done</a>
 <LI><a href="#[2b0018]">task_every_row</a>
 <LI><a href="#[2af9c4]">can_tx_motor_pos</a>
 <LI><a href="#[2af604]">dn_sched_done</a>
 <LI><a href="#[2b0018]">task_every_row</a>
 <LI><a href="#[2afb2c]">can_tx_hs_right</a>
 <LI><a href="#[2af604]">dn_sched_done</a>
 <LI><a href="#[2b0018]">task_every_row</a>
 <LI><a href="#[2afc94]">can_tx_batt_power</a>
 <LI><a href="#[2af604]">dn_sched_done</a>
 <LI><a href="#[2b0018]">task_every_row</a>
 <LI><a href="#[2af910]">can_tx_right_heel_sense</a>
 <LI><a href="#[2af604]">dn_sched_done</a>
 <LI><a href="#[2b0018]">task_every_row</a>
 <LI><a href="#[2affdc]">run_occasionally</a>
 <LI><a href="#[2af604]">dn_sched_done</a>
 <LI><a href="#[2b1620]">voidvoid</a>
 <LI><a href="#[2b1710]">intvoid</a>
 <LI><a href="#[2b27b4]">Reset_Handler</a>
 <LI><a href="#[2b29d0]">Undef_Handler</a>
 <LI><a href="#[2b2994]">SWI_Handler</a>
 <LI><a href="#[2b2958]">PAbt_Handler</a>
 <LI><a href="#[2b291c]">DAbt_Handler</a>
 <LI><a href="#[2b28e0]">IRQ_Handler</a>
 <LI><a href="#[2b273c]">FIQ_Handler</a>
 <LI><a href="#[32c52c]">__main</a>
 <LI><a href="#[2b2d18]">main</a>
 <LI><a href="#[2b2070]">asched_get_timestamp</a>
 <LI><a href="#[2af898]">dn_error_transmit</a>
 <LI><a href="#[2af8d4]">dn_blue_heartbeat</a>
 <LI><a href="#[2af7e4]">dn_get_motor_vel_rads</a>
 <LI><a href="#[2af820]">dn_get_motor_pos_rads</a>
 <LI><a href="#[2af6f4]">dn_get_raw_motor_current</a>
 <LI><a href="#[2af7a8]">dn_get_p0</a>
 <LI><a href="#[2af76c]">dn_get_p1</a>
 <LI><a href="#[2af6b8]">dn_get_raw_right_hs</a>
 <LI><a href="#[2af730]">dn_get_raw_left_hs</a>
 <LI><a href="#[2ae0b0]">dn_rx_timestamp</a>
 <LI><a href="#[2ae5d8]">can_rx_setter_float_dummy</a>
 <LI><a href="#[2ae59c]">can_rx_setter_int_dummy</a>
 <LI><a href="#[2af460]">mc_set_command_current</a>
 <LI><a href="#[2af3e8]">mc_set_stiffness</a>
 <LI><a href="#[2af424]">mc_set_dampness</a>
 <LI><a href="#[2adffc]">mc_set_target_current</a>
 <LI><a href="#[2ae074]">mc_set_shutdown</a>
 <LI><a href="#[2ae038]">mc_set_sleep</a>
 <LI><a href="#[2b1878]">error_get_time</a>
 <LI><a href="#[2b183c]">error_get_info</a>
 <LI><a href="#[2b2070]">asched_get_timestamp</a>
 <LI><a href="#[2af820]">dn_get_motor_pos_rads</a>
 <LI><a href="#[2af7e4]">dn_get_motor_vel_rads</a>
 <LI><a href="#[2ae1dc]">dn_get_motor_current</a>
 <LI><a href="#[2af85c]">dn_get_ankle_pos_rads</a>
 <LI><a href="#[2ae434]">dn_get_ankle_vel_rads</a>
 <LI><a href="#[2ae3bc]">dn_get_battery_power</a>
 <LI><a href="#[2ae128]">dn_get_right_ls</a>
 <LI><a href="#[2ae254]">dn_get_left_ls</a>
 <LI><a href="#[2ae164]">dn_get_right_hs</a>
 <LI><a href="#[2ae290]">dn_get_left_hs</a>
 <LI><a href="#[2ae0ec]">dn_get_status</a>
 <LI><a href="#[2ae3f8]">dn_get_battery_current</a>
 <LI><a href="#[2ae380]">dn_get_battery_voltage</a>
 <LI><a href="#[2ae308]">dn_get_hbridge_temp</a>
 <LI><a href="#[2ae1a0]">dn_get_right_heel_sense</a>
 <LI><a href="#[2ae2cc]">dn_get_left_heel_sense</a>
 <LI><a href="#[2ae344]">dn_get_execution_time</a>
 <LI><a href="#[2ae218]">dn_get_max_execution_time</a>
 <LI><a href="#[2adb88]">can_rx2_isr</a>
 <LI><a href="#[2adc3c]">adcx_isr</a>
 <LI><a href="#[2adc78]">adci_isr</a>
 <LI><a href="#[2b05b8]">timer1_isr</a>
 <LI><a href="#[2adbc4]">can_error_isr</a>
 <LI><a href="#[2adc00]">ae_isr</a>
 <LI><a href="#[2a823c]">__switch$$</a>
 <LI><a href="#[2a823c]">__switch$$</a>
 <LI><a href="#[2a823c]">__switch$$</a>
 <LI><a href="#[2a823c]">__switch$$</a>
 <LI><a href="#[2a823c]">__switch$$</a>
 <LI><a href="#[2a8200]">__switch$$</a>
 <LI><a href="#[2a8200]">__switch$$</a>
 <LI><a href="#[2a8200]">__switch$$</a>
 <LI><a href="#[2a8200]">__switch$$</a>
 <LI><a href="#[2a8200]">__switch$$</a>
 <LI><a href="#[2b1620]">voidvoid</a>
 <LI><a href="#[2b1710]">intvoid</a>
 <LI><a href="#[2b0b94]">voidint</a>
 <LI><a href="#[2b0018]">task_every_row</a>
 <LI><a href="#[2afd0c]">can_tx_angle</a>
 <LI><a href="#[2af604]">dn_sched_done</a>
 <LI><a href="#[2b0018]">task_every_row</a>
 <LI><a href="#[2af94c]">can_tx_rate</a>
 <LI><a href="#[2af604]">dn_sched_done</a>
 <LI><a href="#[2b0018]">task_every_row</a>
 <LI><a href="#[2afaf0]">can_tx_left_heel_sense</a>
 <LI><a href="#[2af604]">dn_sched_done</a>
 <LI><a href="#[2b0018]">task_every_row</a>
 <LI><a href="#[2af9c4]">can_tx_motor_pos</a>
 <LI><a href="#[2af604]">dn_sched_done</a>
 <LI><a href="#[2b0018]">task_every_row</a>
 <LI><a href="#[2afb2c]">can_tx_hs_right</a>
 <LI><a href="#[2af604]">dn_sched_done</a>
 <LI><a href="#[2b0018]">task_every_row</a>
 <LI><a href="#[2afc94]">can_tx_batt_power</a>
 <LI><a href="#[2af604]">dn_sched_done</a>
 <LI><a href="#[2b0018]">task_every_row</a>
 <LI><a href="#[2af910]">can_tx_right_heel_sense</a>
 <LI><a href="#[2af604]">dn_sched_done</a>
 <LI><a href="#[2b0018]">task_every_row</a>
 <LI><a href="#[2affdc]">run_occasionally</a>
 <LI><a href="#[2af604]">dn_sched_done</a>
 <LI><a href="#[2b1620]">voidvoid</a>
 <LI><a href="#[2b1710]">intvoid</a>
</UL>
<P>
<H3>
Global Symbols
</H3>
<P><STRONG><a name="[2b27b4]"></a>Reset_Handler</STRONG> (ARM, 0 bytes, Stack size unknown bytes, startup.o(RESET))
<BR>[Address Reference Count : 1]<UL><LI> startup.o(RESET)
</UL>
<P><STRONG><a name="[32c52c]"></a>__main</STRONG> (ARM, 0 bytes, Stack size unknown bytes, entry.o(.ARM.Collect$$$$00000000))

<P><STRONG><a name="[32aee8]"></a>_main_stk</STRONG> (ARM, 0 bytes, Stack size unknown bytes, entry2.o(.ARM.Collect$$$$00000001))

<P><STRONG><a name="[32adf8]"></a>_main_scatterload</STRONG> (ARM, 0 bytes, Stack size unknown bytes, entry5.o(.ARM.Collect$$$$00000004))
<BR><BR>[Calls]<UL><LI><a href="#[32a5c4]">&gt;&gt;</a>&nbsp;&nbsp;&nbsp;__scatterload
</UL>

<P><STRONG><a name="[32adbc]"></a>__main_after_scatterload</STRONG> (ARM, 0 bytes, Stack size unknown bytes, entry5.o(.ARM.Collect$$$$00000004))
<BR><BR>[Called By]<UL><LI><a href="#[32a5c4]">&gt;&gt;</a>&nbsp;&nbsp;&nbsp;__scatterload
</UL>

<P><STRONG><a name="[32accc]"></a>_main_init</STRONG> (ARM, 0 bytes, Stack size unknown bytes, entry7.o(.ARM.Collect$$$$00000007))

<P><STRONG><a name="[2a7918]"></a>can_rx_push</STRONG> (ARM, 72 bytes, Stack size 0 bytes, can.o(.emb_text))
<BR><BR>[Called By]<UL><LI><a href="#[2a74a4]">&gt;&gt;</a>&nbsp;&nbsp;&nbsp;can_rx4_isr
<LI><a href="#[2a74e0]">&gt;&gt;</a>&nbsp;&nbsp;&nbsp;can_rx3_isr
<LI><a href="#[2a751c]">&gt;&gt;</a>&nbsp;&nbsp;&nbsp;can_rx1_isr
<LI><a href="#[2adb88]">&gt;&gt;</a>&nbsp;&nbsp;&nbsp;can_rx2_isr
</UL>

<P><STRONG><a name="[2b2d54]"></a>init</STRONG> (ARM, 28 bytes, Stack size 8 bytes, main.o(.text), UNUSED)
<BR><BR>[Calls]<UL><LI><a href="#[2b2bb0]">&gt;&gt;</a>&nbsp;&nbsp;&nbsp;init_values
<LI><a href="#[2b2bec]">&gt;&gt;</a>&nbsp;&nbsp;&nbsp;init_software
<LI><a href="#[2b2c28]">&gt;&gt;</a>&nbsp;&nbsp;&nbsp;init_interrupts
<LI><a href="#[2b2c64]">&gt;&gt;</a>&nbsp;&nbsp;&nbsp;init_hardware
<LI><a href="#[2b2ca0]">&gt;&gt;</a>&nbsp;&nbsp;&nbsp;init_can
</UL>

<P><STRONG><a name="[2b2d18]"></a>main</STRONG> (ARM, 64 bytes, Stack size 8 bytes, main.o(.text))
<BR><BR>[Stack]<UL><LI>Max Depth = 288<LI>Call Chain = main &rArr; init_software &rArr; qdc_tmr0_init &rArr; __aeabi_dmul &rArr; _double_epilogue &rArr; _double_round
</UL>
<BR>[Calls]<UL><LI><a href="#[2b2bb0]">&gt;&gt;</a>&nbsp;&nbsp;&nbsp;init_values
<LI><a href="#[2b2bec]">&gt;&gt;</a>&nbsp;&nbsp;&nbsp;init_software
<LI><a href="#[2b2c28]">&gt;&gt;</a>&nbsp;&nbsp;&nbsp;init_interrupts
<LI><a href="#[2b2c64]">&gt;&gt;</a>&nbsp;&nbsp;&nbsp;init_hardware
<LI><a href="#[2b2ca0]">&gt;&gt;</a>&nbsp;&nbsp;&nbsp;init_can
<LI><a href="#[2b2cdc]">&gt;&gt;</a>&nbsp;&nbsp;&nbsp;asched_run
</UL>
<BR>[Address Reference Count : 1]<UL><LI> entry7.o(.ARM.Collect$$$$00000007)
</UL>
<P><STRONG><a name="[2b2124]"></a>asched_init</STRONG> (ARM, 40 bytes, Stack size 0 bytes, async_scheduler.o(.text))
<BR><BR>[Called By]<UL><LI><a href="#[2b2bec]">&gt;&gt;</a>&nbsp;&nbsp;&nbsp;init_software
</UL>

<P><STRONG><a name="[2b20e8]"></a>asched_tick</STRONG> (ARM, 144 bytes, Stack size 8 bytes, async_scheduler.o(.text))
<BR><BR>[Stack]<UL><LI>Max Depth = 16<LI>Call Chain = asched_tick &rArr; error_occurred
</UL>
<BR>[Calls]<UL><LI><a href="#[2b2034]">&gt;&gt;</a>&nbsp;&nbsp;&nbsp;error_occurred
</UL>
<BR>[Called By]<UL><LI><a href="#[2b05b8]">&gt;&gt;</a>&nbsp;&nbsp;&nbsp;timer1_isr
</UL>

<P><STRONG><a name="[2b20ac]"></a>asched_set_timestamp</STRONG> (ARM, 12 bytes, Stack size 0 bytes, async_scheduler.o(.text))
<BR><BR>[Called By]<UL><LI><a href="#[2ae0b0]">&gt;&gt;</a>&nbsp;&nbsp;&nbsp;dn_rx_timestamp
</UL>

<P><STRONG><a name="[2b2cdc]"></a>asched_run</STRONG> (ARM, 100 bytes, Stack size 8 bytes, async_scheduler.o(.text))
<BR><BR>[Stack]<UL><LI>Max Depth = 8<LI>Call Chain = asched_run
</UL>
<BR>[Called By]<UL><LI><a href="#[2b2d18]">&gt;&gt;</a>&nbsp;&nbsp;&nbsp;main
</UL>

<P><STRONG><a name="[2b2070]"></a>asched_get_timestamp</STRONG> (ARM, 12 bytes, Stack size 0 bytes, async_scheduler.o(.text))
<BR><BR>[Called By]<UL><LI><a href="#[2af604]">&gt;&gt;</a>&nbsp;&nbsp;&nbsp;dn_sched_done
</UL>
<BR>[Address Reference Count : 2]<UL><LI> software_setup.o(.text)
<LI> can_setup.o(.text)
</UL>
<P><STRONG><a name="[2b1968]"></a>error_init</STRONG> (ARM, 48 bytes, Stack size 0 bytes, error.o(.text))
<BR><BR>[Called By]<UL><LI><a href="#[2b2bec]">&gt;&gt;</a>&nbsp;&nbsp;&nbsp;init_software
</UL>

<P><STRONG><a name="[2b2034]"></a>error_occurred</STRONG> (ARM, 92 bytes, Stack size 8 bytes, error.o(.text))
<BR><BR>[Stack]<UL><LI>Max Depth = 8<LI>Call Chain = error_occurred
</UL>
<BR>[Calls]<UL><LI><a href="#[2b165c]">&gt;&gt;</a>&nbsp;&nbsp;&nbsp;mutex_unlock
<LI><a href="#[2b1698]">&gt;&gt;</a>&nbsp;&nbsp;&nbsp;mutex_lock
<LI><a href="#[2b16d4]">&gt;&gt;</a>&nbsp;&nbsp;&nbsp;mutex_check
</UL>
<BR>[Called By]<UL><LI><a href="#[2a95b0]">&gt;&gt;</a>&nbsp;&nbsp;&nbsp;adcx_write
<LI><a href="#[2a95ec]">&gt;&gt;</a>&nbsp;&nbsp;&nbsp;adcx_read_buffer
<LI><a href="#[2aaa14]">&gt;&gt;</a>&nbsp;&nbsp;&nbsp;mc_run_no_control
<LI><a href="#[2aabb8]">&gt;&gt;</a>&nbsp;&nbsp;&nbsp;mc_pid_current
<LI><a href="#[2aabf4]">&gt;&gt;</a>&nbsp;&nbsp;&nbsp;mc_set_pwm
<LI><a href="#[2abbe4]">&gt;&gt;</a>&nbsp;&nbsp;&nbsp;adci_efilter_add
<LI><a href="#[2ad084]">&gt;&gt;</a>&nbsp;&nbsp;&nbsp;ls_get_state
<LI><a href="#[2ad0c0]">&gt;&gt;</a>&nbsp;&nbsp;&nbsp;ae_get_pos
<LI><a href="#[2adc00]">&gt;&gt;</a>&nbsp;&nbsp;&nbsp;ae_isr
<LI><a href="#[2adc3c]">&gt;&gt;</a>&nbsp;&nbsp;&nbsp;adcx_isr
<LI><a href="#[2adc78]">&gt;&gt;</a>&nbsp;&nbsp;&nbsp;adci_isr
<LI><a href="#[2adffc]">&gt;&gt;</a>&nbsp;&nbsp;&nbsp;mc_set_target_current
<LI><a href="#[2af280]">&gt;&gt;</a>&nbsp;&nbsp;&nbsp;qdc_tmr0_cap23_rate_update
<LI><a href="#[2af334]">&gt;&gt;</a>&nbsp;&nbsp;&nbsp;qdc_tmr0_cap01_rate_update
<LI><a href="#[2af4d8]">&gt;&gt;</a>&nbsp;&nbsp;&nbsp;mc_compliant_control
<LI><a href="#[2af550]">&gt;&gt;</a>&nbsp;&nbsp;&nbsp;ls_init_switch
<LI><a href="#[2af640]">&gt;&gt;</a>&nbsp;&nbsp;&nbsp;dn_safety
<LI><a href="#[2afe38]">&gt;&gt;</a>&nbsp;&nbsp;&nbsp;ae_init_encoder
<LI><a href="#[2afe74]">&gt;&gt;</a>&nbsp;&nbsp;&nbsp;adcx_init
<LI><a href="#[2afeb0]">&gt;&gt;</a>&nbsp;&nbsp;&nbsp;adcx_convert_all
<LI><a href="#[2aff28]">&gt;&gt;</a>&nbsp;&nbsp;&nbsp;adcx_add_config
<LI><a href="#[2affa0]">&gt;&gt;</a>&nbsp;&nbsp;&nbsp;adci_convert_all
<LI><a href="#[2b0b1c]">&gt;&gt;</a>&nbsp;&nbsp;&nbsp;floatvoid
<LI><a href="#[2b0b94]">&gt;&gt;</a>&nbsp;&nbsp;&nbsp;voidint
<LI><a href="#[2b1620]">&gt;&gt;</a>&nbsp;&nbsp;&nbsp;voidvoid
<LI><a href="#[2b1710]">&gt;&gt;</a>&nbsp;&nbsp;&nbsp;intvoid
<LI><a href="#[2b20e8]">&gt;&gt;</a>&nbsp;&nbsp;&nbsp;asched_tick
</UL>

<P><STRONG><a name="[2b192c]"></a>error_occurred_irq</STRONG> (ARM, 92 bytes, Stack size 8 bytes, error.o(.text))
<BR><BR>[Stack]<UL><LI>Max Depth = 8<LI>Call Chain = error_occurred_irq
</UL>
<BR>[Calls]<UL><LI><a href="#[2b165c]">&gt;&gt;</a>&nbsp;&nbsp;&nbsp;mutex_unlock
<LI><a href="#[2b1698]">&gt;&gt;</a>&nbsp;&nbsp;&nbsp;mutex_lock
<LI><a href="#[2b16d4]">&gt;&gt;</a>&nbsp;&nbsp;&nbsp;mutex_check
</UL>
<BR>[Called By]<UL><LI><a href="#[2adbc4]">&gt;&gt;</a>&nbsp;&nbsp;&nbsp;can_error_isr
</UL>

<P><STRONG><a name="[2b18f0]"></a>error_occurred_fiq</STRONG> (ARM, 92 bytes, Stack size 8 bytes, error.o(.text), UNUSED)
<BR><BR>[Calls]<UL><LI><a href="#[2b165c]">&gt;&gt;</a>&nbsp;&nbsp;&nbsp;mutex_unlock
<LI><a href="#[2b1698]">&gt;&gt;</a>&nbsp;&nbsp;&nbsp;mutex_lock
<LI><a href="#[2b16d4]">&gt;&gt;</a>&nbsp;&nbsp;&nbsp;mutex_check
</UL>

<P><STRONG><a name="[2b18b4]"></a>error_update</STRONG> (ARM, 388 bytes, Stack size 72 bytes, error.o(.text))
<BR><BR>[Stack]<UL><LI>Max Depth = 72<LI>Call Chain = error_update
</UL>
<BR>[Called By]<UL><LI><a href="#[2b0018]">&gt;&gt;</a>&nbsp;&nbsp;&nbsp;task_every_row
</UL>

<P><STRONG><a name="[2b1878]"></a>error_get_time</STRONG> (ARM, 32 bytes, Stack size 0 bytes, error.o(.text))
<BR>[Address Reference Count : 1]<UL><LI> can_setup.o(.text)
</UL>
<P><STRONG><a name="[2b183c]"></a>error_get_info</STRONG> (ARM, 56 bytes, Stack size 0 bytes, error.o(.text))
<BR>[Address Reference Count : 1]<UL><LI> can_setup.o(.text)
</UL>
<P><STRONG><a name="[2b1800]"></a>error_get_board</STRONG> (ARM, 12 bytes, Stack size 0 bytes, error.o(.text), UNUSED)

<P><STRONG><a name="[2b17c4]"></a>error_get_id</STRONG> (ARM, 28 bytes, Stack size 0 bytes, error.o(.text), UNUSED)

<P><STRONG><a name="[2b1788]"></a>error_get_frequency</STRONG> (ARM, 28 bytes, Stack size 0 bytes, error.o(.text), UNUSED)

<P><STRONG><a name="[2b174c]"></a>error_send_next</STRONG> (ARM, 132 bytes, Stack size 0 bytes, error.o(.text))
<BR><BR>[Called By]<UL><LI><a href="#[2affdc]">&gt;&gt;</a>&nbsp;&nbsp;&nbsp;run_occasionally
</UL>

<P><STRONG><a name="[2b16d4]"></a>mutex_check</STRONG> (ARM, 8 bytes, Stack size 0 bytes, mutex.o(.text))
<BR><BR>[Called By]<UL><LI><a href="#[2b18f0]">&gt;&gt;</a>&nbsp;&nbsp;&nbsp;error_occurred_fiq
<LI><a href="#[2b192c]">&gt;&gt;</a>&nbsp;&nbsp;&nbsp;error_occurred_irq
<LI><a href="#[2b2034]">&gt;&gt;</a>&nbsp;&nbsp;&nbsp;error_occurred
</UL>

<P><STRONG><a name="[2b1698]"></a>mutex_lock</STRONG> (ARM, 24 bytes, Stack size 0 bytes, mutex.o(.text))
<BR><BR>[Calls]<UL><LI><a href="#[2b1698]">&gt;&gt;</a>&nbsp;&nbsp;&nbsp;mutex_lock
</UL>
<BR>[Called By]<UL><LI><a href="#[2b1698]">&gt;&gt;</a>&nbsp;&nbsp;&nbsp;mutex_lock
<LI><a href="#[2b18f0]">&gt;&gt;</a>&nbsp;&nbsp;&nbsp;error_occurred_fiq
<LI><a href="#[2b192c]">&gt;&gt;</a>&nbsp;&nbsp;&nbsp;error_occurred_irq
<LI><a href="#[2b2034]">&gt;&gt;</a>&nbsp;&nbsp;&nbsp;error_occurred
</UL>

<P><STRONG><a name="[2b165c]"></a>mutex_unlock</STRONG> (ARM, 12 bytes, Stack size 0 bytes, mutex.o(.text))
<BR><BR>[Called By]<UL><LI><a href="#[2b18f0]">&gt;&gt;</a>&nbsp;&nbsp;&nbsp;error_occurred_fiq
<LI><a href="#[2b192c]">&gt;&gt;</a>&nbsp;&nbsp;&nbsp;error_occurred_irq
<LI><a href="#[2b2034]">&gt;&gt;</a>&nbsp;&nbsp;&nbsp;error_occurred
</UL>

<P><STRONG><a name="[2b0db0]"></a>float_to_fixed</STRONG> (ARM, 20 bytes, Stack size 8 bytes, utility.o(.text))
<BR><BR>[Stack]<UL><LI>Max Depth = 8<LI>Call Chain = float_to_fixed
</UL>
<BR>[Calls]<UL><LI><a href="#[2b0978]">&gt;&gt;</a>&nbsp;&nbsp;&nbsp;__aeabi_f2iz
<LI><a href="#[2b09b4]">&gt;&gt;</a>&nbsp;&nbsp;&nbsp;__ARM_scalbnf
</UL>
<BR>[Called By]<UL><LI><a href="#[2aac6c]">&gt;&gt;</a>&nbsp;&nbsp;&nbsp;mc_set_unsafe_target_current
<LI><a href="#[2adffc]">&gt;&gt;</a>&nbsp;&nbsp;&nbsp;mc_set_target_current
<LI><a href="#[2af3e8]">&gt;&gt;</a>&nbsp;&nbsp;&nbsp;mc_set_stiffness
<LI><a href="#[2af424]">&gt;&gt;</a>&nbsp;&nbsp;&nbsp;mc_set_dampness
<LI><a href="#[2af460]">&gt;&gt;</a>&nbsp;&nbsp;&nbsp;mc_set_command_current
<LI><a href="#[2af49c]">&gt;&gt;</a>&nbsp;&nbsp;&nbsp;mc_init
<LI><a href="#[2af4d8]">&gt;&gt;</a>&nbsp;&nbsp;&nbsp;mc_compliant_control
</UL>

<P><STRONG><a name="[2b0d74]"></a>int_to_fixed</STRONG> (ARM, 8 bytes, Stack size 0 bytes, utility.o(.text), UNUSED)

<P><STRONG><a name="[2b0d38]"></a>fixed_to_float</STRONG> (ARM, 20 bytes, Stack size 8 bytes, utility.o(.text))
<BR><BR>[Stack]<UL><LI>Max Depth = 8<LI>Call Chain = fixed_to_float
</UL>
<BR>[Calls]<UL><LI><a href="#[2b093c]">&gt;&gt;</a>&nbsp;&nbsp;&nbsp;__aeabi_i2f
<LI><a href="#[2b09b4]">&gt;&gt;</a>&nbsp;&nbsp;&nbsp;__ARM_scalbnf
</UL>
<BR>[Called By]<UL><LI><a href="#[2aabb8]">&gt;&gt;</a>&nbsp;&nbsp;&nbsp;mc_pid_current
<LI><a href="#[2af49c]">&gt;&gt;</a>&nbsp;&nbsp;&nbsp;mc_init
</UL>

<P><STRONG><a name="[2b0cfc]"></a>fixed_to_int</STRONG> (ARM, 8 bytes, Stack size 0 bytes, utility.o(.text))
<BR><BR>[Called By]<UL><LI><a href="#[2aabb8]">&gt;&gt;</a>&nbsp;&nbsp;&nbsp;mc_pid_current
</UL>

<P><STRONG><a name="[2b0cc0]"></a>fixed_mult</STRONG> (ARM, 16 bytes, Stack size 0 bytes, utility.o(.text))
<BR><BR>[Called By]<UL><LI><a href="#[2aabb8]">&gt;&gt;</a>&nbsp;&nbsp;&nbsp;mc_pid_current
<LI><a href="#[2af49c]">&gt;&gt;</a>&nbsp;&nbsp;&nbsp;mc_init
<LI><a href="#[2af4d8]">&gt;&gt;</a>&nbsp;&nbsp;&nbsp;mc_compliant_control
</UL>

<P><STRONG><a name="[2b0c84]"></a>fixed_mult_to_long</STRONG> (ARM, 20 bytes, Stack size 0 bytes, utility.o(.text))
<BR><BR>[Called By]<UL><LI><a href="#[2aabb8]">&gt;&gt;</a>&nbsp;&nbsp;&nbsp;mc_pid_current
</UL>

<P><STRONG><a name="[2b0c48]"></a>linear_to_fixed</STRONG> (ARM, 52 bytes, Stack size 8 bytes, utility.o(.text))
<BR><BR>[Stack]<UL><LI>Max Depth = 8<LI>Call Chain = linear_to_fixed
</UL>
<BR>[Calls]<UL><LI><a href="#[2b0978]">&gt;&gt;</a>&nbsp;&nbsp;&nbsp;__aeabi_f2iz
<LI><a href="#[2b09b4]">&gt;&gt;</a>&nbsp;&nbsp;&nbsp;__ARM_scalbnf
</UL>
<BR>[Called By]<UL><LI><a href="#[2ad390]">&gt;&gt;</a>&nbsp;&nbsp;&nbsp;dn_get_raw_battery_current
<LI><a href="#[2ad408]">&gt;&gt;</a>&nbsp;&nbsp;&nbsp;dn_get_raw_battery_voltage
<LI><a href="#[2af6f4]">&gt;&gt;</a>&nbsp;&nbsp;&nbsp;dn_get_raw_motor_current
</UL>

<P><STRONG><a name="[2b0c0c]"></a>fixed_abs</STRONG> (ARM, 12 bytes, Stack size 0 bytes, utility.o(.text), UNUSED)

<P><STRONG><a name="[2b1620]"></a>voidvoid</STRONG> (ARM, 8 bytes, Stack size 0 bytes, utility.o(.text))
<BR><BR>[Stack]<UL><LI>Max Depth = 8<LI>Call Chain = voidvoid &rArr; error_occurred
</UL>
<BR>[Calls]<UL><LI><a href="#[2b2034]">&gt;&gt;</a>&nbsp;&nbsp;&nbsp;error_occurred
</UL>
<BR>[Address Reference Count : 2]<UL><LI> error.o(.data)
<LI> heartbeat.o(.data)
</UL>
<P><STRONG><a name="[2b0bd0]"></a>voidvoid_noerror</STRONG> (ARM, 4 bytes, Stack size 0 bytes, utility.o(.text), UNUSED)

<P><STRONG><a name="[2b0b94]"></a>voidint</STRONG> (ARM, 8 bytes, Stack size 0 bytes, utility.o(.text))
<BR><BR>[Stack]<UL><LI>Max Depth = 8<LI>Call Chain = voidint &rArr; error_occurred
</UL>
<BR>[Calls]<UL><LI><a href="#[2b2034]">&gt;&gt;</a>&nbsp;&nbsp;&nbsp;error_occurred
</UL>
<BR>[Address Reference Count : 1]<UL><LI> utility.o(.data)
</UL>
<P><STRONG><a name="[2b0b58]"></a>voidint_noerror</STRONG> (ARM, 4 bytes, Stack size 0 bytes, utility.o(.text), UNUSED)

<P><STRONG><a name="[2b0b1c]"></a>floatvoid</STRONG> (ARM, 20 bytes, Stack size 8 bytes, utility.o(.text), UNUSED)
<BR><BR>[Calls]<UL><LI><a href="#[2b2034]">&gt;&gt;</a>&nbsp;&nbsp;&nbsp;error_occurred
</UL>

<P><STRONG><a name="[2b0ae0]"></a>floatvoid_noerror</STRONG> (ARM, 8 bytes, Stack size 0 bytes, utility.o(.text), UNUSED)

<P><STRONG><a name="[2b1710]"></a>intvoid</STRONG> (ARM, 20 bytes, Stack size 8 bytes, utility.o(.text))
<BR><BR>[Stack]<UL><LI>Max Depth = 16<LI>Call Chain = intvoid &rArr; error_occurred
</UL>
<BR>[Calls]<UL><LI><a href="#[2b2034]">&gt;&gt;</a>&nbsp;&nbsp;&nbsp;error_occurred
</UL>
<BR>[Address Reference Count : 2]<UL><LI> error.o(.data)
<LI> heartbeat.o(.data)
</UL>
<P><STRONG><a name="[2b0aa4]"></a>intvoid_noerror</STRONG> (ARM, 8 bytes, Stack size 0 bytes, utility.o(.text), UNUSED)

<P><STRONG><a name="[2b0a68]"></a>tic_toc_init</STRONG> (ARM, 12 bytes, Stack size 0 bytes, utility.o(.text), UNUSED)

<P><STRONG><a name="[2b0a2c]"></a>tic</STRONG> (ARM, 24 bytes, Stack size 0 bytes, utility.o(.text), UNUSED)

<P><STRONG><a name="[2b09f0]"></a>toc</STRONG> (ARM, 56 bytes, Stack size 8 bytes, utility.o(.text), UNUSED)

<P><STRONG><a name="[2b2c64]"></a>init_hardware</STRONG> (ARM, 1196 bytes, Stack size 16 bytes, hardware_setup.o(.text))
<BR><BR>[Stack]<UL><LI>Max Depth = 16<LI>Call Chain = init_hardware
</UL>
<BR>[Called By]<UL><LI><a href="#[2b2d18]">&gt;&gt;</a>&nbsp;&nbsp;&nbsp;main
<LI><a href="#[2b2d54]">&gt;&gt;</a>&nbsp;&nbsp;&nbsp;init
</UL>

<P><STRONG><a name="[2b05b8]"></a>timer1_isr</STRONG> (ARM, 40 bytes, Stack size 24 bytes, hardware_setup.o(.text))
<BR><BR>[Stack]<UL><LI>Max Depth = 40<LI>Call Chain = timer1_isr &rArr; asched_tick &rArr; error_occurred
</UL>
<BR>[Calls]<UL><LI><a href="#[2b20e8]">&gt;&gt;</a>&nbsp;&nbsp;&nbsp;asched_tick
</UL>
<BR>[Address Reference Count : 1]<UL><LI> interrupts.o(.text)
</UL>
<P><STRONG><a name="[2b0018]"></a>task_every_row</STRONG> (ARM, 72 bytes, Stack size 8 bytes, software_setup.o(.text))
<BR><BR>[Stack]<UL><LI>Max Depth = 132<LI>Call Chain = task_every_row &rArr; can_rx_dispatch_all &rArr; can_rx_dispatch_frame &rArr; can_transmit_alt &rArr; can_transmit_frame &rArr; can_tx4
</UL>
<BR>[Calls]<UL><LI><a href="#[2af280]">&gt;&gt;</a>&nbsp;&nbsp;&nbsp;qdc_tmr0_cap23_rate_update
<LI><a href="#[2af2bc]">&gt;&gt;</a>&nbsp;&nbsp;&nbsp;qdc_tmr0_cap23_angle_update
<LI><a href="#[2af334]">&gt;&gt;</a>&nbsp;&nbsp;&nbsp;qdc_tmr0_cap01_rate_update
<LI><a href="#[2af370]">&gt;&gt;</a>&nbsp;&nbsp;&nbsp;qdc_tmr0_cap01_angle_update
<LI><a href="#[2af3ac]">&gt;&gt;</a>&nbsp;&nbsp;&nbsp;mcu_led_update
<LI><a href="#[2af4d8]">&gt;&gt;</a>&nbsp;&nbsp;&nbsp;mc_compliant_control
<LI><a href="#[2af514]">&gt;&gt;</a>&nbsp;&nbsp;&nbsp;ls_update
<LI><a href="#[2af5c8]">&gt;&gt;</a>&nbsp;&nbsp;&nbsp;hb_beat
<LI><a href="#[2af640]">&gt;&gt;</a>&nbsp;&nbsp;&nbsp;dn_safety
<LI><a href="#[2afd48]">&gt;&gt;</a>&nbsp;&nbsp;&nbsp;can_tx2
<LI><a href="#[2afd84]">&gt;&gt;</a>&nbsp;&nbsp;&nbsp;can_rx_dispatch_all
<LI><a href="#[2afdfc]">&gt;&gt;</a>&nbsp;&nbsp;&nbsp;ae_update
<LI><a href="#[2afeb0]">&gt;&gt;</a>&nbsp;&nbsp;&nbsp;adcx_convert_all
<LI><a href="#[2afeec]">&gt;&gt;</a>&nbsp;&nbsp;&nbsp;adcx_conversion_wait
<LI><a href="#[2affa0]">&gt;&gt;</a>&nbsp;&nbsp;&nbsp;adci_convert_all
<LI><a href="#[2b18b4]">&gt;&gt;</a>&nbsp;&nbsp;&nbsp;error_update
</UL>
<BR>[Address Reference Count : 1]<UL><LI> software_setup.o(.data)
</UL>
<P><STRONG><a name="[2affdc]"></a>run_occasionally</STRONG> (ARM, 256 bytes, Stack size 8 bytes, software_setup.o(.text))
<BR><BR>[Stack]<UL><LI>Max Depth = 160<LI>Call Chain = run_occasionally &rArr; dn_inner_feet_motor_encoder_rezero &rArr; __aeabi_dadd &rArr; _double_addcore &rArr; _double_epilogue &rArr; _double_round
</UL>
<BR>[Calls]<UL><LI><a href="#[2af67c]">&gt;&gt;</a>&nbsp;&nbsp;&nbsp;dn_inner_feet_motor_encoder_rezero
<LI><a href="#[2af910]">&gt;&gt;</a>&nbsp;&nbsp;&nbsp;can_tx_right_heel_sense
<LI><a href="#[2af988]">&gt;&gt;</a>&nbsp;&nbsp;&nbsp;can_tx_motor_vel
<LI><a href="#[2afa00]">&gt;&gt;</a>&nbsp;&nbsp;&nbsp;can_tx_motor_current
<LI><a href="#[2afa3c]">&gt;&gt;</a>&nbsp;&nbsp;&nbsp;can_tx_max_exec_time
<LI><a href="#[2afa78]">&gt;&gt;</a>&nbsp;&nbsp;&nbsp;can_tx_ls_right
<LI><a href="#[2afab4]">&gt;&gt;</a>&nbsp;&nbsp;&nbsp;can_tx_ls_left
<LI><a href="#[2afb68]">&gt;&gt;</a>&nbsp;&nbsp;&nbsp;can_tx_hs_left
<LI><a href="#[2afba4]">&gt;&gt;</a>&nbsp;&nbsp;&nbsp;can_tx_hbridge_temp
<LI><a href="#[2afbe0]">&gt;&gt;</a>&nbsp;&nbsp;&nbsp;can_tx_exec_time
<LI><a href="#[2afc1c]">&gt;&gt;</a>&nbsp;&nbsp;&nbsp;can_tx_board_status
<LI><a href="#[2afc58]">&gt;&gt;</a>&nbsp;&nbsp;&nbsp;can_tx_batt_voltage
<LI><a href="#[2afcd0]">&gt;&gt;</a>&nbsp;&nbsp;&nbsp;can_tx_batt_current
<LI><a href="#[2b174c]">&gt;&gt;</a>&nbsp;&nbsp;&nbsp;error_send_next
</UL>
<BR>[Address Reference Count : 1]<UL><LI> software_setup.o(.data)
</UL>
<P><STRONG><a name="[2b2bec]"></a>init_software</STRONG> (ARM, 392 bytes, Stack size 56 bytes, software_setup.o(.text))
<BR><BR>[Stack]<UL><LI>Max Depth = 280<LI>Call Chain = init_software &rArr; qdc_tmr0_init &rArr; __aeabi_dmul &rArr; _double_epilogue &rArr; _double_round
</UL>
<BR>[Calls]<UL><LI><a href="#[2af208]">&gt;&gt;</a>&nbsp;&nbsp;&nbsp;qdc_tmr0_init
<LI><a href="#[2af3e8]">&gt;&gt;</a>&nbsp;&nbsp;&nbsp;mc_set_stiffness
<LI><a href="#[2af424]">&gt;&gt;</a>&nbsp;&nbsp;&nbsp;mc_set_dampness
<LI><a href="#[2af460]">&gt;&gt;</a>&nbsp;&nbsp;&nbsp;mc_set_command_current
<LI><a href="#[2af49c]">&gt;&gt;</a>&nbsp;&nbsp;&nbsp;mc_init
<LI><a href="#[2af550]">&gt;&gt;</a>&nbsp;&nbsp;&nbsp;ls_init_switch
<LI><a href="#[2af58c]">&gt;&gt;</a>&nbsp;&nbsp;&nbsp;hb_init
<LI><a href="#[2afe38]">&gt;&gt;</a>&nbsp;&nbsp;&nbsp;ae_init_encoder
<LI><a href="#[2afe74]">&gt;&gt;</a>&nbsp;&nbsp;&nbsp;adcx_init
<LI><a href="#[2aff28]">&gt;&gt;</a>&nbsp;&nbsp;&nbsp;adcx_add_config
<LI><a href="#[2aff64]">&gt;&gt;</a>&nbsp;&nbsp;&nbsp;adci_init
<LI><a href="#[2b1968]">&gt;&gt;</a>&nbsp;&nbsp;&nbsp;error_init
<LI><a href="#[2b2124]">&gt;&gt;</a>&nbsp;&nbsp;&nbsp;asched_init
</UL>
<BR>[Called By]<UL><LI><a href="#[2b2d18]">&gt;&gt;</a>&nbsp;&nbsp;&nbsp;main
<LI><a href="#[2b2d54]">&gt;&gt;</a>&nbsp;&nbsp;&nbsp;init
</UL>

<P><STRONG><a name="[2b2bb0]"></a>init_values</STRONG> (ARM, 32 bytes, Stack size 8 bytes, software_setup.o(.text))
<BR><BR>[Stack]<UL><LI>Max Depth = 80<LI>Call Chain = init_values &rArr; qdc_tmr0_cap23_set_angle_float &rArr; __aeabi_ldivmod &rArr; __aeabi_uldivmod
</UL>
<BR>[Calls]<UL><LI><a href="#[2af244]">&gt;&gt;</a>&nbsp;&nbsp;&nbsp;qdc_tmr0_cap23_set_angle_float
<LI><a href="#[2af2f8]">&gt;&gt;</a>&nbsp;&nbsp;&nbsp;qdc_tmr0_cap01_set_angle_float
<LI><a href="#[2af85c]">&gt;&gt;</a>&nbsp;&nbsp;&nbsp;dn_get_ankle_pos_rads
<LI><a href="#[2afdc0]">&gt;&gt;</a>&nbsp;&nbsp;&nbsp;ae_wait
<LI><a href="#[2afdfc]">&gt;&gt;</a>&nbsp;&nbsp;&nbsp;ae_update
</UL>
<BR>[Called By]<UL><LI><a href="#[2b2d18]">&gt;&gt;</a>&nbsp;&nbsp;&nbsp;main
<LI><a href="#[2b2d54]">&gt;&gt;</a>&nbsp;&nbsp;&nbsp;init
</UL>

<P><STRONG><a name="[2b2ca0]"></a>init_can</STRONG> (ARM, 800 bytes, Stack size 16 bytes, can_setup.o(.text))
<BR><BR>[Stack]<UL><LI>Max Depth = 20<LI>Call Chain = init_can &rArr; can_set_tx_descriptor_ii
</UL>
<BR>[Calls]<UL><LI><a href="#[2ae4ac]">&gt;&gt;</a>&nbsp;&nbsp;&nbsp;can_set_tx_descriptor_ii
<LI><a href="#[2ae4e8]">&gt;&gt;</a>&nbsp;&nbsp;&nbsp;can_set_tx_descriptor_fi
<LI><a href="#[2ae524]">&gt;&gt;</a>&nbsp;&nbsp;&nbsp;can_set_rx_descriptor_ii
<LI><a href="#[2ae560]">&gt;&gt;</a>&nbsp;&nbsp;&nbsp;can_set_rx_descriptor_fi
<LI><a href="#[2ae614]">&gt;&gt;</a>&nbsp;&nbsp;&nbsp;can_rx_set_descriptors
<LI><a href="#[2ae650]">&gt;&gt;</a>&nbsp;&nbsp;&nbsp;can_init
</UL>
<BR>[Called By]<UL><LI><a href="#[2b2d18]">&gt;&gt;</a>&nbsp;&nbsp;&nbsp;main
<LI><a href="#[2b2d54]">&gt;&gt;</a>&nbsp;&nbsp;&nbsp;init
</UL>

<P><STRONG><a name="[2af9c4]"></a>can_tx_motor_pos</STRONG> (ARM, 8 bytes, Stack size 0 bytes, can_setup.o(.text))
<BR><BR>[Stack]<UL><LI>Max Depth = 60<LI>Call Chain = can_tx_motor_pos &rArr; can_transmit &rArr; can_transmit_alt &rArr; can_transmit_frame &rArr; can_tx4
</UL>
<BR>[Calls]<UL><LI><a href="#[2ae470]">&gt;&gt;</a>&nbsp;&nbsp;&nbsp;can_transmit
</UL>
<BR>[Address Reference Count : 1]<UL><LI> software_setup.o(.data)
</UL>
<P><STRONG><a name="[2af988]"></a>can_tx_motor_vel</STRONG> (ARM, 8 bytes, Stack size 0 bytes, can_setup.o(.text))
<BR><BR>[Stack]<UL><LI>Max Depth = 60<LI>Call Chain = can_tx_motor_vel &rArr; can_transmit &rArr; can_transmit_alt &rArr; can_transmit_frame &rArr; can_tx4
</UL>
<BR>[Calls]<UL><LI><a href="#[2ae470]">&gt;&gt;</a>&nbsp;&nbsp;&nbsp;can_transmit
</UL>
<BR>[Called By]<UL><LI><a href="#[2affdc]">&gt;&gt;</a>&nbsp;&nbsp;&nbsp;run_occasionally
</UL>

<P><STRONG><a name="[2afa00]"></a>can_tx_motor_current</STRONG> (ARM, 8 bytes, Stack size 0 bytes, can_setup.o(.text))
<BR><BR>[Stack]<UL><LI>Max Depth = 60<LI>Call Chain = can_tx_motor_current &rArr; can_transmit &rArr; can_transmit_alt &rArr; can_transmit_frame &rArr; can_tx4
</UL>
<BR>[Calls]<UL><LI><a href="#[2ae470]">&gt;&gt;</a>&nbsp;&nbsp;&nbsp;can_transmit
</UL>
<BR>[Called By]<UL><LI><a href="#[2affdc]">&gt;&gt;</a>&nbsp;&nbsp;&nbsp;run_occasionally
</UL>

<P><STRONG><a name="[2afd0c]"></a>can_tx_angle</STRONG> (ARM, 8 bytes, Stack size 0 bytes, can_setup.o(.text))
<BR><BR>[Stack]<UL><LI>Max Depth = 60<LI>Call Chain = can_tx_angle &rArr; can_transmit &rArr; can_transmit_alt &rArr; can_transmit_frame &rArr; can_tx4
</UL>
<BR>[Calls]<UL><LI><a href="#[2ae470]">&gt;&gt;</a>&nbsp;&nbsp;&nbsp;can_transmit
</UL>
<BR>[Address Reference Count : 1]<UL><LI> software_setup.o(.data)
</UL>
<P><STRONG><a name="[2af94c]"></a>can_tx_rate</STRONG> (ARM, 8 bytes, Stack size 0 bytes, can_setup.o(.text))
<BR><BR>[Stack]<UL><LI>Max Depth = 60<LI>Call Chain = can_tx_rate &rArr; can_transmit &rArr; can_transmit_alt &rArr; can_transmit_frame &rArr; can_tx4
</UL>
<BR>[Calls]<UL><LI><a href="#[2ae470]">&gt;&gt;</a>&nbsp;&nbsp;&nbsp;can_transmit
</UL>
<BR>[Address Reference Count : 1]<UL><LI> software_setup.o(.data)
</UL>
<P><STRONG><a name="[2afc94]"></a>can_tx_batt_power</STRONG> (ARM, 8 bytes, Stack size 0 bytes, can_setup.o(.text))
<BR><BR>[Stack]<UL><LI>Max Depth = 60<LI>Call Chain = can_tx_batt_power &rArr; can_transmit &rArr; can_transmit_alt &rArr; can_transmit_frame &rArr; can_tx4
</UL>
<BR>[Calls]<UL><LI><a href="#[2ae470]">&gt;&gt;</a>&nbsp;&nbsp;&nbsp;can_transmit
</UL>
<BR>[Address Reference Count : 1]<UL><LI> software_setup.o(.data)
</UL>
<P><STRONG><a name="[2afa78]"></a>can_tx_ls_right</STRONG> (ARM, 8 bytes, Stack size 0 bytes, can_setup.o(.text))
<BR><BR>[Stack]<UL><LI>Max Depth = 60<LI>Call Chain = can_tx_ls_right &rArr; can_transmit &rArr; can_transmit_alt &rArr; can_transmit_frame &rArr; can_tx4
</UL>
<BR>[Calls]<UL><LI><a href="#[2ae470]">&gt;&gt;</a>&nbsp;&nbsp;&nbsp;can_transmit
</UL>
<BR>[Called By]<UL><LI><a href="#[2affdc]">&gt;&gt;</a>&nbsp;&nbsp;&nbsp;run_occasionally
</UL>

<P><STRONG><a name="[2afab4]"></a>can_tx_ls_left</STRONG> (ARM, 8 bytes, Stack size 0 bytes, can_setup.o(.text))
<BR><BR>[Stack]<UL><LI>Max Depth = 60<LI>Call Chain = can_tx_ls_left &rArr; can_transmit &rArr; can_transmit_alt &rArr; can_transmit_frame &rArr; can_tx4
</UL>
<BR>[Calls]<UL><LI><a href="#[2ae470]">&gt;&gt;</a>&nbsp;&nbsp;&nbsp;can_transmit
</UL>
<BR>[Called By]<UL><LI><a href="#[2affdc]">&gt;&gt;</a>&nbsp;&nbsp;&nbsp;run_occasionally
</UL>

<P><STRONG><a name="[2afb2c]"></a>can_tx_hs_right</STRONG> (ARM, 8 bytes, Stack size 0 bytes, can_setup.o(.text))
<BR><BR>[Stack]<UL><LI>Max Depth = 60<LI>Call Chain = can_tx_hs_right &rArr; can_transmit &rArr; can_transmit_alt &rArr; can_transmit_frame &rArr; can_tx4
</UL>
<BR>[Calls]<UL><LI><a href="#[2ae470]">&gt;&gt;</a>&nbsp;&nbsp;&nbsp;can_transmit
</UL>
<BR>[Address Reference Count : 1]<UL><LI> software_setup.o(.data)
</UL>
<P><STRONG><a name="[2afb68]"></a>can_tx_hs_left</STRONG> (ARM, 8 bytes, Stack size 0 bytes, can_setup.o(.text))
<BR><BR>[Stack]<UL><LI>Max Depth = 60<LI>Call Chain = can_tx_hs_left &rArr; can_transmit &rArr; can_transmit_alt &rArr; can_transmit_frame &rArr; can_tx4
</UL>
<BR>[Calls]<UL><LI><a href="#[2ae470]">&gt;&gt;</a>&nbsp;&nbsp;&nbsp;can_transmit
</UL>
<BR>[Called By]<UL><LI><a href="#[2affdc]">&gt;&gt;</a>&nbsp;&nbsp;&nbsp;run_occasionally
</UL>

<P><STRONG><a name="[2afc1c]"></a>can_tx_board_status</STRONG> (ARM, 8 bytes, Stack size 0 bytes, can_setup.o(.text))
<BR><BR>[Stack]<UL><LI>Max Depth = 60<LI>Call Chain = can_tx_board_status &rArr; can_transmit &rArr; can_transmit_alt &rArr; can_transmit_frame &rArr; can_tx4
</UL>
<BR>[Calls]<UL><LI><a href="#[2ae470]">&gt;&gt;</a>&nbsp;&nbsp;&nbsp;can_transmit
</UL>
<BR>[Called By]<UL><LI><a href="#[2affdc]">&gt;&gt;</a>&nbsp;&nbsp;&nbsp;run_occasionally
</UL>

<P><STRONG><a name="[2afcd0]"></a>can_tx_batt_current</STRONG> (ARM, 8 bytes, Stack size 0 bytes, can_setup.o(.text))
<BR><BR>[Stack]<UL><LI>Max Depth = 60<LI>Call Chain = can_tx_batt_current &rArr; can_transmit &rArr; can_transmit_alt &rArr; can_transmit_frame &rArr; can_tx4
</UL>
<BR>[Calls]<UL><LI><a href="#[2ae470]">&gt;&gt;</a>&nbsp;&nbsp;&nbsp;can_transmit
</UL>
<BR>[Called By]<UL><LI><a href="#[2affdc]">&gt;&gt;</a>&nbsp;&nbsp;&nbsp;run_occasionally
</UL>

<P><STRONG><a name="[2afc58]"></a>can_tx_batt_voltage</STRONG> (ARM, 8 bytes, Stack size 0 bytes, can_setup.o(.text))
<BR><BR>[Stack]<UL><LI>Max Depth = 60<LI>Call Chain = can_tx_batt_voltage &rArr; can_transmit &rArr; can_transmit_alt &rArr; can_transmit_frame &rArr; can_tx4
</UL>
<BR>[Calls]<UL><LI><a href="#[2ae470]">&gt;&gt;</a>&nbsp;&nbsp;&nbsp;can_transmit
</UL>
<BR>[Called By]<UL><LI><a href="#[2affdc]">&gt;&gt;</a>&nbsp;&nbsp;&nbsp;run_occasionally
</UL>

<P><STRONG><a name="[2afba4]"></a>can_tx_hbridge_temp</STRONG> (ARM, 8 bytes, Stack size 0 bytes, can_setup.o(.text))
<BR><BR>[Stack]<UL><LI>Max Depth = 60<LI>Call Chain = can_tx_hbridge_temp &rArr; can_transmit &rArr; can_transmit_alt &rArr; can_transmit_frame &rArr; can_tx4
</UL>
<BR>[Calls]<UL><LI><a href="#[2ae470]">&gt;&gt;</a>&nbsp;&nbsp;&nbsp;can_transmit
</UL>
<BR>[Called By]<UL><LI><a href="#[2affdc]">&gt;&gt;</a>&nbsp;&nbsp;&nbsp;run_occasionally
</UL>

<P><STRONG><a name="[2afaf0]"></a>can_tx_left_heel_sense</STRONG> (ARM, 8 bytes, Stack size 0 bytes, can_setup.o(.text))
<BR><BR>[Stack]<UL><LI>Max Depth = 60<LI>Call Chain = can_tx_left_heel_sense &rArr; can_transmit &rArr; can_transmit_alt &rArr; can_transmit_frame &rArr; can_tx4
</UL>
<BR>[Calls]<UL><LI><a href="#[2ae470]">&gt;&gt;</a>&nbsp;&nbsp;&nbsp;can_transmit
</UL>
<BR>[Address Reference Count : 1]<UL><LI> software_setup.o(.data)
</UL>
<P><STRONG><a name="[2af910]"></a>can_tx_right_heel_sense</STRONG> (ARM, 8 bytes, Stack size 0 bytes, can_setup.o(.text))
<BR><BR>[Stack]<UL><LI>Max Depth = 60<LI>Call Chain = can_tx_right_heel_sense &rArr; can_transmit &rArr; can_transmit_alt &rArr; can_transmit_frame &rArr; can_tx4
</UL>
<BR>[Calls]<UL><LI><a href="#[2ae470]">&gt;&gt;</a>&nbsp;&nbsp;&nbsp;can_transmit
</UL>
<BR>[Called By]<UL><LI><a href="#[2affdc]">&gt;&gt;</a>&nbsp;&nbsp;&nbsp;run_occasionally
</UL>
<BR>[Address Reference Count : 1]<UL><LI> software_setup.o(.data)
</UL>
<P><STRONG><a name="[2afbe0]"></a>can_tx_exec_time</STRONG> (ARM, 8 bytes, Stack size 0 bytes, can_setup.o(.text))
<BR><BR>[Stack]<UL><LI>Max Depth = 60<LI>Call Chain = can_tx_exec_time &rArr; can_transmit &rArr; can_transmit_alt &rArr; can_transmit_frame &rArr; can_tx4
</UL>
<BR>[Calls]<UL><LI><a href="#[2ae470]">&gt;&gt;</a>&nbsp;&nbsp;&nbsp;can_transmit
</UL>
<BR>[Called By]<UL><LI><a href="#[2affdc]">&gt;&gt;</a>&nbsp;&nbsp;&nbsp;run_occasionally
</UL>

<P><STRONG><a name="[2afa3c]"></a>can_tx_max_exec_time</STRONG> (ARM, 8 bytes, Stack size 0 bytes, can_setup.o(.text))
<BR><BR>[Stack]<UL><LI>Max Depth = 60<LI>Call Chain = can_tx_max_exec_time &rArr; can_transmit &rArr; can_transmit_alt &rArr; can_transmit_frame &rArr; can_tx4
</UL>
<BR>[Calls]<UL><LI><a href="#[2ae470]">&gt;&gt;</a>&nbsp;&nbsp;&nbsp;can_transmit
</UL>
<BR>[Called By]<UL><LI><a href="#[2affdc]">&gt;&gt;</a>&nbsp;&nbsp;&nbsp;run_occasionally
</UL>

<P><STRONG><a name="[2b2c28]"></a>init_interrupts</STRONG> (ARM, 200 bytes, Stack size 0 bytes, interrupts.o(.text))
<BR><BR>[Called By]<UL><LI><a href="#[2b2d18]">&gt;&gt;</a>&nbsp;&nbsp;&nbsp;main
<LI><a href="#[2b2d54]">&gt;&gt;</a>&nbsp;&nbsp;&nbsp;init
</UL>

<P><STRONG><a name="[2ae254]"></a>dn_get_left_ls</STRONG> (ARM, 24 bytes, Stack size 8 bytes, data_nexus.o(.text))
<BR><BR>[Stack]<UL><LI>Max Depth = 24<LI>Call Chain = dn_get_left_ls &rArr; ls_get_state &rArr; error_occurred
</UL>
<BR>[Calls]<UL><LI><a href="#[2ad084]">&gt;&gt;</a>&nbsp;&nbsp;&nbsp;ls_get_state
</UL>
<BR>[Address Reference Count : 1]<UL><LI> can_setup.o(.text)
</UL>
<P><STRONG><a name="[2ae128]"></a>dn_get_right_ls</STRONG> (ARM, 24 bytes, Stack size 8 bytes, data_nexus.o(.text))
<BR><BR>[Stack]<UL><LI>Max Depth = 24<LI>Call Chain = dn_get_right_ls &rArr; ls_get_state &rArr; error_occurred
</UL>
<BR>[Calls]<UL><LI><a href="#[2ad084]">&gt;&gt;</a>&nbsp;&nbsp;&nbsp;ls_get_state
</UL>
<BR>[Address Reference Count : 1]<UL><LI> can_setup.o(.text)
</UL>
<P><STRONG><a name="[2af820]"></a>dn_get_motor_pos_rads</STRONG> (ARM, 4 bytes, Stack size 0 bytes, data_nexus.o(.text))
<BR><BR>[Stack]<UL><LI>Max Depth = 8<LI>Call Chain = dn_get_motor_pos_rads &rArr; qdc_tmr0_cap01_get_angle_float
</UL>
<BR>[Calls]<UL><LI><a href="#[2acf58]">&gt;&gt;</a>&nbsp;&nbsp;&nbsp;qdc_tmr0_cap01_get_angle_float
</UL>
<BR>[Address Reference Count : 2]<UL><LI> software_setup.o(.text)
<LI> can_setup.o(.text)
</UL>
<P><STRONG><a name="[2af85c]"></a>dn_get_ankle_pos_rads</STRONG> (ARM, 32 bytes, Stack size 8 bytes, data_nexus.o(.text))
<BR><BR>[Stack]<UL><LI>Max Depth = 24<LI>Call Chain = dn_get_ankle_pos_rads &rArr; ae_get_pos &rArr; error_occurred
</UL>
<BR>[Calls]<UL><LI><a href="#[2ad0c0]">&gt;&gt;</a>&nbsp;&nbsp;&nbsp;ae_get_pos
<LI><a href="#[2ad228]">&gt;&gt;</a>&nbsp;&nbsp;&nbsp;__aeabi_fmul
<LI><a href="#[2b093c]">&gt;&gt;</a>&nbsp;&nbsp;&nbsp;__aeabi_i2f
</UL>
<BR>[Called By]<UL><LI><a href="#[2b2bb0]">&gt;&gt;</a>&nbsp;&nbsp;&nbsp;init_values
</UL>
<BR>[Address Reference Count : 1]<UL><LI> can_setup.o(.text)
</UL>
<P><STRONG><a name="[2af640]"></a>dn_safety</STRONG> (ARM, 264 bytes, Stack size 24 bytes, data_nexus.o(.text))
<BR><BR>[Stack]<UL><LI>Max Depth = 40<LI>Call Chain = dn_safety &rArr; ls_get_state &rArr; error_occurred
</UL>
<BR>[Calls]<UL><LI><a href="#[2acf58]">&gt;&gt;</a>&nbsp;&nbsp;&nbsp;qdc_tmr0_cap01_get_angle_float
<LI><a href="#[2acf94]">&gt;&gt;</a>&nbsp;&nbsp;&nbsp;mcu_led_red_blink
<LI><a href="#[2ad048]">&gt;&gt;</a>&nbsp;&nbsp;&nbsp;mc_direction_control
<LI><a href="#[2ad084]">&gt;&gt;</a>&nbsp;&nbsp;&nbsp;ls_get_state
<LI><a href="#[2ad0c0]">&gt;&gt;</a>&nbsp;&nbsp;&nbsp;ae_get_pos
<LI><a href="#[2ad1ec]">&gt;&gt;</a>&nbsp;&nbsp;&nbsp;__aeabi_frsub
<LI><a href="#[2ad228]">&gt;&gt;</a>&nbsp;&nbsp;&nbsp;__aeabi_fmul
<LI><a href="#[2b093c]">&gt;&gt;</a>&nbsp;&nbsp;&nbsp;__aeabi_i2f
<LI><a href="#[2b2034]">&gt;&gt;</a>&nbsp;&nbsp;&nbsp;error_occurred
</UL>
<BR>[Called By]<UL><LI><a href="#[2b0018]">&gt;&gt;</a>&nbsp;&nbsp;&nbsp;task_every_row
</UL>

<P><STRONG><a name="[2af8d4]"></a>dn_blue_heartbeat</STRONG> (ARM, 8 bytes, Stack size 0 bytes, data_nexus.o(.text))
<BR><BR>[Calls]<UL><LI><a href="#[2ad00c]">&gt;&gt;</a>&nbsp;&nbsp;&nbsp;mcu_led_blue_blink
</UL>
<BR>[Address Reference Count : 1]<UL><LI> software_setup.o(.text)
</UL>
<P><STRONG><a name="[2ad480]"></a>dn_green_heartbeat</STRONG> (ARM, 8 bytes, Stack size 0 bytes, data_nexus.o(.text), UNUSED)
<BR><BR>[Calls]<UL><LI><a href="#[2acfd0]">&gt;&gt;</a>&nbsp;&nbsp;&nbsp;mcu_led_green_blink
</UL>

<P><STRONG><a name="[2ad444]"></a>dn_red_heartbeat</STRONG> (ARM, 8 bytes, Stack size 0 bytes, data_nexus.o(.text), UNUSED)
<BR><BR>[Calls]<UL><LI><a href="#[2acf94]">&gt;&gt;</a>&nbsp;&nbsp;&nbsp;mcu_led_red_blink
</UL>

<P><STRONG><a name="[2ae380]"></a>dn_get_battery_voltage</STRONG> (ARM, 28 bytes, Stack size 8 bytes, data_nexus.o(.text))
<BR><BR>[Stack]<UL><LI>Max Depth = 8<LI>Call Chain = dn_get_battery_voltage
</UL>
<BR>[Calls]<UL><LI><a href="#[2ad138]">&gt;&gt;</a>&nbsp;&nbsp;&nbsp;adci_get_result
<LI><a href="#[2ad228]">&gt;&gt;</a>&nbsp;&nbsp;&nbsp;__aeabi_fmul
<LI><a href="#[2b093c]">&gt;&gt;</a>&nbsp;&nbsp;&nbsp;__aeabi_i2f
</UL>
<BR>[Address Reference Count : 1]<UL><LI> can_setup.o(.text)
</UL>
<P><STRONG><a name="[2ad408]"></a>dn_get_raw_battery_voltage</STRONG> (ARM, 32 bytes, Stack size 8 bytes, data_nexus.o(.text), UNUSED)
<BR><BR>[Calls]<UL><LI><a href="#[2ad138]">&gt;&gt;</a>&nbsp;&nbsp;&nbsp;adci_get_result
<LI><a href="#[2b0c48]">&gt;&gt;</a>&nbsp;&nbsp;&nbsp;linear_to_fixed
</UL>

<P><STRONG><a name="[2ad3cc]"></a>dn_get_hbridge_raw_temp</STRONG> (ARM, 8 bytes, Stack size 0 bytes, data_nexus.o(.text), UNUSED)
<BR><BR>[Calls]<UL><LI><a href="#[2ad138]">&gt;&gt;</a>&nbsp;&nbsp;&nbsp;adci_get_result
</UL>

<P><STRONG><a name="[2ae308]"></a>dn_get_hbridge_temp</STRONG> (ARM, 20 bytes, Stack size 8 bytes, data_nexus.o(.text))
<BR><BR>[Stack]<UL><LI>Max Depth = 8<LI>Call Chain = dn_get_hbridge_temp
</UL>
<BR>[Calls]<UL><LI><a href="#[2ad138]">&gt;&gt;</a>&nbsp;&nbsp;&nbsp;adci_get_result
<LI><a href="#[2b093c]">&gt;&gt;</a>&nbsp;&nbsp;&nbsp;__aeabi_i2f
</UL>
<BR>[Address Reference Count : 1]<UL><LI> can_setup.o(.text)
</UL>
<P><STRONG><a name="[2af6f4]"></a>dn_get_raw_motor_current</STRONG> (ARM, 32 bytes, Stack size 8 bytes, data_nexus.o(.text))
<BR><BR>[Stack]<UL><LI>Max Depth = 16<LI>Call Chain = dn_get_raw_motor_current &rArr; linear_to_fixed
</UL>
<BR>[Calls]<UL><LI><a href="#[2ad0fc]">&gt;&gt;</a>&nbsp;&nbsp;&nbsp;adcx_get_result
<LI><a href="#[2b0c48]">&gt;&gt;</a>&nbsp;&nbsp;&nbsp;linear_to_fixed
</UL>
<BR>[Address Reference Count : 1]<UL><LI> software_setup.o(.text)
</UL>
<P><STRONG><a name="[2ae1dc]"></a>dn_get_motor_current</STRONG> (ARM, 32 bytes, Stack size 8 bytes, data_nexus.o(.text))
<BR><BR>[Stack]<UL><LI>Max Depth = 8<LI>Call Chain = dn_get_motor_current
</UL>
<BR>[Calls]<UL><LI><a href="#[2ad0fc]">&gt;&gt;</a>&nbsp;&nbsp;&nbsp;adcx_get_result
<LI><a href="#[2ad228]">&gt;&gt;</a>&nbsp;&nbsp;&nbsp;__aeabi_fmul
<LI><a href="#[2b093c]">&gt;&gt;</a>&nbsp;&nbsp;&nbsp;__aeabi_i2f
</UL>
<BR>[Address Reference Count : 1]<UL><LI> can_setup.o(.text)
</UL>
<P><STRONG><a name="[2ae3f8]"></a>dn_get_battery_current</STRONG> (ARM, 32 bytes, Stack size 8 bytes, data_nexus.o(.text))
<BR><BR>[Stack]<UL><LI>Max Depth = 8<LI>Call Chain = dn_get_battery_current
</UL>
<BR>[Calls]<UL><LI><a href="#[2ad0fc]">&gt;&gt;</a>&nbsp;&nbsp;&nbsp;adcx_get_result
<LI><a href="#[2ad228]">&gt;&gt;</a>&nbsp;&nbsp;&nbsp;__aeabi_fmul
<LI><a href="#[2b093c]">&gt;&gt;</a>&nbsp;&nbsp;&nbsp;__aeabi_i2f
</UL>
<BR>[Address Reference Count : 1]<UL><LI> can_setup.o(.text)
</UL>
<P><STRONG><a name="[2ad390]"></a>dn_get_raw_battery_current</STRONG> (ARM, 32 bytes, Stack size 8 bytes, data_nexus.o(.text), UNUSED)
<BR><BR>[Calls]<UL><LI><a href="#[2ad0fc]">&gt;&gt;</a>&nbsp;&nbsp;&nbsp;adcx_get_result
<LI><a href="#[2b0c48]">&gt;&gt;</a>&nbsp;&nbsp;&nbsp;linear_to_fixed
</UL>

<P><STRONG><a name="[2ae3bc]"></a>dn_get_battery_power</STRONG> (ARM, 48 bytes, Stack size 8 bytes, data_nexus.o(.text))
<BR><BR>[Stack]<UL><LI>Max Depth = 8<LI>Call Chain = dn_get_battery_power
</UL>
<BR>[Calls]<UL><LI><a href="#[2ad0fc]">&gt;&gt;</a>&nbsp;&nbsp;&nbsp;adcx_get_result
<LI><a href="#[2ad138]">&gt;&gt;</a>&nbsp;&nbsp;&nbsp;adci_get_result
<LI><a href="#[2ad228]">&gt;&gt;</a>&nbsp;&nbsp;&nbsp;__aeabi_fmul
<LI><a href="#[2b093c]">&gt;&gt;</a>&nbsp;&nbsp;&nbsp;__aeabi_i2f
</UL>
<BR>[Address Reference Count : 1]<UL><LI> can_setup.o(.text)
</UL>
<P><STRONG><a name="[2af6b8]"></a>dn_get_raw_right_hs</STRONG> (ARM, 60 bytes, Stack size 8 bytes, data_nexus.o(.text))
<BR><BR>[Stack]<UL><LI>Max Depth = 8<LI>Call Chain = dn_get_raw_right_hs
</UL>
<BR>[Calls]<UL><LI><a href="#[2ad0fc]">&gt;&gt;</a>&nbsp;&nbsp;&nbsp;adcx_get_result
</UL>
<BR>[Address Reference Count : 1]<UL><LI> software_setup.o(.text)
</UL>
<P><STRONG><a name="[2af730]"></a>dn_get_raw_left_hs</STRONG> (ARM, 52 bytes, Stack size 8 bytes, data_nexus.o(.text))
<BR><BR>[Stack]<UL><LI>Max Depth = 8<LI>Call Chain = dn_get_raw_left_hs
</UL>
<BR>[Calls]<UL><LI><a href="#[2ad0fc]">&gt;&gt;</a>&nbsp;&nbsp;&nbsp;adcx_get_result
</UL>
<BR>[Address Reference Count : 1]<UL><LI> software_setup.o(.text)
</UL>
<P><STRONG><a name="[2ae164]"></a>dn_get_right_hs</STRONG> (ARM, 20 bytes, Stack size 8 bytes, data_nexus.o(.text))
<BR><BR>[Stack]<UL><LI>Max Depth = 24<LI>Call Chain = dn_get_right_hs &rArr; ls_get_state &rArr; error_occurred
</UL>
<BR>[Calls]<UL><LI><a href="#[2ad084]">&gt;&gt;</a>&nbsp;&nbsp;&nbsp;ls_get_state
<LI><a href="#[2ad174]">&gt;&gt;</a>&nbsp;&nbsp;&nbsp;__aeabi_ui2f
</UL>
<BR>[Address Reference Count : 1]<UL><LI> can_setup.o(.text)
</UL>
<P><STRONG><a name="[2ae290]"></a>dn_get_left_hs</STRONG> (ARM, 20 bytes, Stack size 8 bytes, data_nexus.o(.text))
<BR><BR>[Stack]<UL><LI>Max Depth = 24<LI>Call Chain = dn_get_left_hs &rArr; ls_get_state &rArr; error_occurred
</UL>
<BR>[Calls]<UL><LI><a href="#[2ad084]">&gt;&gt;</a>&nbsp;&nbsp;&nbsp;ls_get_state
<LI><a href="#[2ad174]">&gt;&gt;</a>&nbsp;&nbsp;&nbsp;__aeabi_ui2f
</UL>
<BR>[Address Reference Count : 1]<UL><LI> can_setup.o(.text)
</UL>
<P><STRONG><a name="[2ae2cc]"></a>dn_get_left_heel_sense</STRONG> (ARM, 20 bytes, Stack size 8 bytes, data_nexus.o(.text))
<BR><BR>[Stack]<UL><LI>Max Depth = 8<LI>Call Chain = dn_get_left_heel_sense
</UL>
<BR>[Calls]<UL><LI><a href="#[2ad0fc]">&gt;&gt;</a>&nbsp;&nbsp;&nbsp;adcx_get_result
<LI><a href="#[2b093c]">&gt;&gt;</a>&nbsp;&nbsp;&nbsp;__aeabi_i2f
</UL>
<BR>[Address Reference Count : 1]<UL><LI> can_setup.o(.text)
</UL>
<P><STRONG><a name="[2ae1a0]"></a>dn_get_right_heel_sense</STRONG> (ARM, 20 bytes, Stack size 8 bytes, data_nexus.o(.text))
<BR><BR>[Stack]<UL><LI>Max Depth = 8<LI>Call Chain = dn_get_right_heel_sense
</UL>
<BR>[Calls]<UL><LI><a href="#[2ad0fc]">&gt;&gt;</a>&nbsp;&nbsp;&nbsp;adcx_get_result
<LI><a href="#[2b093c]">&gt;&gt;</a>&nbsp;&nbsp;&nbsp;__aeabi_i2f
</UL>
<BR>[Address Reference Count : 1]<UL><LI> can_setup.o(.text)
</UL>
<P><STRONG><a name="[2af7a8]"></a>dn_get_p0</STRONG> (ARM, 24 bytes, Stack size 0 bytes, data_nexus.o(.text))
<BR>[Address Reference Count : 1]<UL><LI> software_setup.o(.text)
</UL>
<P><STRONG><a name="[2af76c]"></a>dn_get_p1</STRONG> (ARM, 24 bytes, Stack size 0 bytes, data_nexus.o(.text))
<BR>[Address Reference Count : 1]<UL><LI> software_setup.o(.text)
</UL>
<P><STRONG><a name="[2af898]"></a>dn_error_transmit</STRONG> (ARM, 8 bytes, Stack size 0 bytes, data_nexus.o(.text))
<BR><BR>[Stack]<UL><LI>Max Depth = 60<LI>Call Chain = dn_error_transmit &rArr; can_transmit &rArr; can_transmit_alt &rArr; can_transmit_frame &rArr; can_tx4
</UL>
<BR>[Calls]<UL><LI><a href="#[2ae470]">&gt;&gt;</a>&nbsp;&nbsp;&nbsp;can_transmit
</UL>
<BR>[Address Reference Count : 1]<UL><LI> software_setup.o(.text)
</UL>
<P><STRONG><a name="[2af7e4]"></a>dn_get_motor_vel_rads</STRONG> (ARM, 4 bytes, Stack size 0 bytes, data_nexus.o(.text))
<BR><BR>[Stack]<UL><LI>Max Depth = 8<LI>Call Chain = dn_get_motor_vel_rads &rArr; qdc_tmr0_cap01_get_rate_float
</UL>
<BR>[Calls]<UL><LI><a href="#[2acf1c]">&gt;&gt;</a>&nbsp;&nbsp;&nbsp;qdc_tmr0_cap01_get_rate_float
</UL>
<BR>[Address Reference Count : 2]<UL><LI> software_setup.o(.text)
<LI> can_setup.o(.text)
</UL>
<P><STRONG><a name="[2ae434]"></a>dn_get_ankle_vel_rads</STRONG> (ARM, 4 bytes, Stack size 0 bytes, data_nexus.o(.text))
<BR><BR>[Stack]<UL><LI>Max Depth = 8<LI>Call Chain = dn_get_ankle_vel_rads &rArr; qdc_tmr0_cap23_get_rate_float
</UL>
<BR>[Calls]<UL><LI><a href="#[2acee0]">&gt;&gt;</a>&nbsp;&nbsp;&nbsp;qdc_tmr0_cap23_get_rate_float
</UL>
<BR>[Address Reference Count : 1]<UL><LI> can_setup.o(.text)
</UL>
<P><STRONG><a name="[2af67c]"></a>dn_inner_feet_motor_encoder_rezero</STRONG> (ARM, 232 bytes, Stack size 16 bytes, data_nexus.o(.text))
<BR><BR>[Stack]<UL><LI>Max Depth = 152<LI>Call Chain = dn_inner_feet_motor_encoder_rezero &rArr; __aeabi_dadd &rArr; _double_addcore &rArr; _double_epilogue &rArr; _double_round
</UL>
<BR>[Calls]<UL><LI><a href="#[2acee0]">&gt;&gt;</a>&nbsp;&nbsp;&nbsp;qdc_tmr0_cap23_get_rate_float
<LI><a href="#[2acf58]">&gt;&gt;</a>&nbsp;&nbsp;&nbsp;qdc_tmr0_cap01_get_angle_float
<LI><a href="#[2ad0c0]">&gt;&gt;</a>&nbsp;&nbsp;&nbsp;ae_get_pos
<LI><a href="#[2ad1b0]">&gt;&gt;</a>&nbsp;&nbsp;&nbsp;__aeabi_fsub
<LI><a href="#[2ad228]">&gt;&gt;</a>&nbsp;&nbsp;&nbsp;__aeabi_fmul
<LI><a href="#[2ad264]">&gt;&gt;</a>&nbsp;&nbsp;&nbsp;__aeabi_f2d
<LI><a href="#[2ad2a0]">&gt;&gt;</a>&nbsp;&nbsp;&nbsp;__aeabi_dmul
<LI><a href="#[2ad2dc]">&gt;&gt;</a>&nbsp;&nbsp;&nbsp;__aeabi_dadd
<LI><a href="#[2ad318]">&gt;&gt;</a>&nbsp;&nbsp;&nbsp;__aeabi_d2f
<LI><a href="#[2af2f8]">&gt;&gt;</a>&nbsp;&nbsp;&nbsp;qdc_tmr0_cap01_set_angle_float
<LI><a href="#[2b093c]">&gt;&gt;</a>&nbsp;&nbsp;&nbsp;__aeabi_i2f
</UL>
<BR>[Called By]<UL><LI><a href="#[2affdc]">&gt;&gt;</a>&nbsp;&nbsp;&nbsp;run_occasionally
</UL>

<P><STRONG><a name="[2ad354]"></a>dn_get_ankle_position</STRONG> (ARM, 12 bytes, Stack size 0 bytes, data_nexus.o(.text), UNUSED)
<BR><BR>[Calls]<UL><LI><a href="#[2ad0c0]">&gt;&gt;</a>&nbsp;&nbsp;&nbsp;ae_get_pos
</UL>

<P><STRONG><a name="[2ae0b0]"></a>dn_rx_timestamp</STRONG> (ARM, 4 bytes, Stack size 0 bytes, data_nexus.o(.text))
<BR><BR>[Calls]<UL><LI><a href="#[2b20ac]">&gt;&gt;</a>&nbsp;&nbsp;&nbsp;asched_set_timestamp
</UL>
<BR>[Address Reference Count : 1]<UL><LI> can_setup.o(.text)
</UL>
<P><STRONG><a name="[2ae0ec]"></a>dn_get_status</STRONG> (ARM, 8 bytes, Stack size 0 bytes, data_nexus.o(.text))
<BR>[Address Reference Count : 1]<UL><LI> can_setup.o(.text)
</UL>
<P><STRONG><a name="[2af604]"></a>dn_sched_done</STRONG> (ARM, 76 bytes, Stack size 16 bytes, data_nexus.o(.text))
<BR><BR>[Stack]<UL><LI>Max Depth = 16<LI>Call Chain = dn_sched_done
</UL>
<BR>[Calls]<UL><LI><a href="#[2b2070]">&gt;&gt;</a>&nbsp;&nbsp;&nbsp;asched_get_timestamp
</UL>
<BR>[Address Reference Count : 1]<UL><LI> software_setup.o(.data)
</UL>
<P><STRONG><a name="[2ae344]"></a>dn_get_execution_time</STRONG> (ARM, 28 bytes, Stack size 8 bytes, data_nexus.o(.text))
<BR><BR>[Stack]<UL><LI>Max Depth = 8<LI>Call Chain = dn_get_execution_time
</UL>
<BR>[Calls]<UL><LI><a href="#[2ad174]">&gt;&gt;</a>&nbsp;&nbsp;&nbsp;__aeabi_ui2f
<LI><a href="#[2ad228]">&gt;&gt;</a>&nbsp;&nbsp;&nbsp;__aeabi_fmul
</UL>
<BR>[Address Reference Count : 1]<UL><LI> can_setup.o(.text)
</UL>
<P><STRONG><a name="[2ae218]"></a>dn_get_max_execution_time</STRONG> (ARM, 28 bytes, Stack size 8 bytes, data_nexus.o(.text))
<BR><BR>[Stack]<UL><LI>Max Depth = 8<LI>Call Chain = dn_get_max_execution_time
</UL>
<BR>[Calls]<UL><LI><a href="#[2ad174]">&gt;&gt;</a>&nbsp;&nbsp;&nbsp;__aeabi_ui2f
<LI><a href="#[2ad228]">&gt;&gt;</a>&nbsp;&nbsp;&nbsp;__aeabi_fmul
</UL>
<BR>[Address Reference Count : 1]<UL><LI> can_setup.o(.text)
</UL>
<P><STRONG><a name="[2af58c]"></a>hb_init</STRONG> (ARM, 12 bytes, Stack size 0 bytes, heartbeat.o(.text))
<BR><BR>[Called By]<UL><LI><a href="#[2b2bec]">&gt;&gt;</a>&nbsp;&nbsp;&nbsp;init_software
</UL>

<P><STRONG><a name="[2af5c8]"></a>hb_beat</STRONG> (ARM, 72 bytes, Stack size 16 bytes, heartbeat.o(.text))
<BR><BR>[Stack]<UL><LI>Max Depth = 16<LI>Call Chain = hb_beat
</UL>
<BR>[Called By]<UL><LI><a href="#[2b0018]">&gt;&gt;</a>&nbsp;&nbsp;&nbsp;task_every_row
</UL>

<P><STRONG><a name="[2ac1c0]"></a>hb_get_count</STRONG> (ARM, 52 bytes, Stack size 0 bytes, heartbeat.o(.text), UNUSED)

<P><STRONG><a name="[2aff64]"></a>adci_init</STRONG> (ARM, 200 bytes, Stack size 24 bytes, adc_internal.o(.text))
<BR><BR>[Stack]<UL><LI>Max Depth = 24<LI>Call Chain = adci_init
</UL>
<BR>[Called By]<UL><LI><a href="#[2b2bec]">&gt;&gt;</a>&nbsp;&nbsp;&nbsp;init_software
</UL>

<P><STRONG><a name="[2abc20]"></a>adci_convert_next</STRONG> (ARM, 124 bytes, Stack size 0 bytes, adc_internal.o(.text), UNUSED)

<P><STRONG><a name="[2affa0]"></a>adci_convert_all</STRONG> (ARM, 144 bytes, Stack size 8 bytes, adc_internal.o(.text))
<BR><BR>[Stack]<UL><LI>Max Depth = 16<LI>Call Chain = adci_convert_all &rArr; error_occurred
</UL>
<BR>[Calls]<UL><LI><a href="#[2b2034]">&gt;&gt;</a>&nbsp;&nbsp;&nbsp;error_occurred
</UL>
<BR>[Called By]<UL><LI><a href="#[2b0018]">&gt;&gt;</a>&nbsp;&nbsp;&nbsp;task_every_row
</UL>

<P><STRONG><a name="[2abbe4]"></a>adci_efilter_add</STRONG> (ARM, 88 bytes, Stack size 16 bytes, adc_internal.o(.text), UNUSED)
<BR><BR>[Calls]<UL><LI><a href="#[2b2034]">&gt;&gt;</a>&nbsp;&nbsp;&nbsp;error_occurred
</UL>

<P><STRONG><a name="[2adc78]"></a>adci_isr</STRONG> (ARM, 240 bytes, Stack size 40 bytes, adc_internal.o(.text))
<BR><BR>[Stack]<UL><LI>Max Depth = 48<LI>Call Chain = adci_isr &rArr; error_occurred
</UL>
<BR>[Calls]<UL><LI><a href="#[2b2034]">&gt;&gt;</a>&nbsp;&nbsp;&nbsp;error_occurred
</UL>
<BR>[Address Reference Count : 1]<UL><LI> interrupts.o(.text)
</UL>
<P><STRONG><a name="[2ad138]"></a>adci_get_result</STRONG> (ARM, 20 bytes, Stack size 0 bytes, adc_internal.o(.text))
<BR><BR>[Called By]<UL><LI><a href="#[2ad3cc]">&gt;&gt;</a>&nbsp;&nbsp;&nbsp;dn_get_hbridge_raw_temp
<LI><a href="#[2ad408]">&gt;&gt;</a>&nbsp;&nbsp;&nbsp;dn_get_raw_battery_voltage
<LI><a href="#[2ae308]">&gt;&gt;</a>&nbsp;&nbsp;&nbsp;dn_get_hbridge_temp
<LI><a href="#[2ae380]">&gt;&gt;</a>&nbsp;&nbsp;&nbsp;dn_get_battery_voltage
<LI><a href="#[2ae3bc]">&gt;&gt;</a>&nbsp;&nbsp;&nbsp;dn_get_battery_power
</UL>

<P><STRONG><a name="[2abba8]"></a>adci_get_raw</STRONG> (ARM, 16 bytes, Stack size 0 bytes, adc_internal.o(.text), UNUSED)

<P><STRONG><a name="[2abb6c]"></a>adci_get_filter</STRONG> (ARM, 16 bytes, Stack size 0 bytes, adc_internal.o(.text), UNUSED)

<P><STRONG><a name="[2af550]"></a>ls_init_switch</STRONG> (ARM, 84 bytes, Stack size 8 bytes, limit_switch.o(.text))
<BR><BR>[Stack]<UL><LI>Max Depth = 16<LI>Call Chain = ls_init_switch &rArr; error_occurred
</UL>
<BR>[Calls]<UL><LI><a href="#[2b2034]">&gt;&gt;</a>&nbsp;&nbsp;&nbsp;error_occurred
</UL>
<BR>[Called By]<UL><LI><a href="#[2b2bec]">&gt;&gt;</a>&nbsp;&nbsp;&nbsp;init_software
</UL>

<P><STRONG><a name="[2af514]"></a>ls_update</STRONG> (ARM, 124 bytes, Stack size 24 bytes, limit_switch.o(.text))
<BR><BR>[Stack]<UL><LI>Max Depth = 24<LI>Call Chain = ls_update
</UL>
<BR>[Called By]<UL><LI><a href="#[2b0018]">&gt;&gt;</a>&nbsp;&nbsp;&nbsp;task_every_row
</UL>

<P><STRONG><a name="[2ad084]"></a>ls_get_state</STRONG> (ARM, 56 bytes, Stack size 8 bytes, limit_switch.o(.text))
<BR><BR>[Stack]<UL><LI>Max Depth = 16<LI>Call Chain = ls_get_state &rArr; error_occurred
</UL>
<BR>[Calls]<UL><LI><a href="#[2b2034]">&gt;&gt;</a>&nbsp;&nbsp;&nbsp;error_occurred
</UL>
<BR>[Called By]<UL><LI><a href="#[2ae128]">&gt;&gt;</a>&nbsp;&nbsp;&nbsp;dn_get_right_ls
<LI><a href="#[2ae164]">&gt;&gt;</a>&nbsp;&nbsp;&nbsp;dn_get_right_hs
<LI><a href="#[2ae254]">&gt;&gt;</a>&nbsp;&nbsp;&nbsp;dn_get_left_ls
<LI><a href="#[2ae290]">&gt;&gt;</a>&nbsp;&nbsp;&nbsp;dn_get_left_hs
<LI><a href="#[2af640]">&gt;&gt;</a>&nbsp;&nbsp;&nbsp;dn_safety
</UL>

<P><STRONG><a name="[2af49c]"></a>mc_init</STRONG> (ARM, 332 bytes, Stack size 56 bytes, motor_controller.o(.text))
<BR><BR>[Stack]<UL><LI>Max Depth = 64<LI>Call Chain = mc_init &rArr; __aeabi_fdiv
</UL>
<BR>[Calls]<UL><LI><a href="#[2aa9d8]">&gt;&gt;</a>&nbsp;&nbsp;&nbsp;__aeabi_fdiv
<LI><a href="#[2ad1ec]">&gt;&gt;</a>&nbsp;&nbsp;&nbsp;__aeabi_frsub
<LI><a href="#[2ad228]">&gt;&gt;</a>&nbsp;&nbsp;&nbsp;__aeabi_fmul
<LI><a href="#[2b093c]">&gt;&gt;</a>&nbsp;&nbsp;&nbsp;__aeabi_i2f
<LI><a href="#[2b0cc0]">&gt;&gt;</a>&nbsp;&nbsp;&nbsp;fixed_mult
<LI><a href="#[2b0d38]">&gt;&gt;</a>&nbsp;&nbsp;&nbsp;fixed_to_float
<LI><a href="#[2b0db0]">&gt;&gt;</a>&nbsp;&nbsp;&nbsp;float_to_fixed
</UL>
<BR>[Called By]<UL><LI><a href="#[2b2bec]">&gt;&gt;</a>&nbsp;&nbsp;&nbsp;init_software
</UL>

<P><STRONG><a name="[2adffc]"></a>mc_set_target_current</STRONG> (ARM, 72 bytes, Stack size 8 bytes, motor_controller.o(.text))
<BR><BR>[Stack]<UL><LI>Max Depth = 16<LI>Call Chain = mc_set_target_current &rArr; float_to_fixed
</UL>
<BR>[Calls]<UL><LI><a href="#[2b0db0]">&gt;&gt;</a>&nbsp;&nbsp;&nbsp;float_to_fixed
<LI><a href="#[2b2034]">&gt;&gt;</a>&nbsp;&nbsp;&nbsp;error_occurred
</UL>
<BR>[Address Reference Count : 1]<UL><LI> can_setup.o(.text)
</UL>
<P><STRONG><a name="[2aac6c]"></a>mc_set_unsafe_target_current</STRONG> (ARM, 20 bytes, Stack size 8 bytes, motor_controller.o(.text), UNUSED)
<BR><BR>[Calls]<UL><LI><a href="#[2b0db0]">&gt;&gt;</a>&nbsp;&nbsp;&nbsp;float_to_fixed
</UL>

<P><STRONG><a name="[2aac30]"></a>mc_update_watchdog</STRONG> (ARM, 72 bytes, Stack size 0 bytes, motor_controller.o(.text), UNUSED)

<P><STRONG><a name="[2aabf4]"></a>mc_set_pwm</STRONG> (ARM, 384 bytes, Stack size 40 bytes, motor_controller.o(.text))
<BR><BR>[Stack]<UL><LI>Max Depth = 48<LI>Call Chain = mc_set_pwm &rArr; error_occurred
</UL>
<BR>[Calls]<UL><LI><a href="#[2b2034]">&gt;&gt;</a>&nbsp;&nbsp;&nbsp;error_occurred
</UL>
<BR>[Called By]<UL><LI><a href="#[2aabb8]">&gt;&gt;</a>&nbsp;&nbsp;&nbsp;mc_pid_current
</UL>

<P><STRONG><a name="[2aabb8]"></a>mc_pid_current</STRONG> (ARM, 868 bytes, Stack size 40 bytes, motor_controller.o(.text))
<BR><BR>[Stack]<UL><LI>Max Depth = 88<LI>Call Chain = mc_pid_current &rArr; mc_set_pwm &rArr; error_occurred
</UL>
<BR>[Calls]<UL><LI><a href="#[2aa960]">&gt;&gt;</a>&nbsp;&nbsp;&nbsp;mcu_led_green_on
<LI><a href="#[2aa99c]">&gt;&gt;</a>&nbsp;&nbsp;&nbsp;mcu_led_green_off
<LI><a href="#[2aabf4]">&gt;&gt;</a>&nbsp;&nbsp;&nbsp;mc_set_pwm
<LI><a href="#[2b0c84]">&gt;&gt;</a>&nbsp;&nbsp;&nbsp;fixed_mult_to_long
<LI><a href="#[2b0cc0]">&gt;&gt;</a>&nbsp;&nbsp;&nbsp;fixed_mult
<LI><a href="#[2b0cfc]">&gt;&gt;</a>&nbsp;&nbsp;&nbsp;fixed_to_int
<LI><a href="#[2b0d38]">&gt;&gt;</a>&nbsp;&nbsp;&nbsp;fixed_to_float
<LI><a href="#[2b2034]">&gt;&gt;</a>&nbsp;&nbsp;&nbsp;error_occurred
</UL>
<BR>[Called By]<UL><LI><a href="#[2af4d8]">&gt;&gt;</a>&nbsp;&nbsp;&nbsp;mc_compliant_control
</UL>

<P><STRONG><a name="[2af4d8]"></a>mc_compliant_control</STRONG> (ARM, 148 bytes, Stack size 24 bytes, motor_controller.o(.text))
<BR><BR>[Stack]<UL><LI>Max Depth = 112<LI>Call Chain = mc_compliant_control &rArr; mc_pid_current &rArr; mc_set_pwm &rArr; error_occurred
</UL>
<BR>[Calls]<UL><LI><a href="#[2aabb8]">&gt;&gt;</a>&nbsp;&nbsp;&nbsp;mc_pid_current
<LI><a href="#[2b0cc0]">&gt;&gt;</a>&nbsp;&nbsp;&nbsp;fixed_mult
<LI><a href="#[2b0db0]">&gt;&gt;</a>&nbsp;&nbsp;&nbsp;float_to_fixed
<LI><a href="#[2b2034]">&gt;&gt;</a>&nbsp;&nbsp;&nbsp;error_occurred
</UL>
<BR>[Called By]<UL><LI><a href="#[2b0018]">&gt;&gt;</a>&nbsp;&nbsp;&nbsp;task_every_row
</UL>

<P><STRONG><a name="[2af460]"></a>mc_set_command_current</STRONG> (ARM, 44 bytes, Stack size 8 bytes, motor_controller.o(.text))
<BR><BR>[Stack]<UL><LI>Max Depth = 16<LI>Call Chain = mc_set_command_current &rArr; float_to_fixed
</UL>
<BR>[Calls]<UL><LI><a href="#[2b0db0]">&gt;&gt;</a>&nbsp;&nbsp;&nbsp;float_to_fixed
</UL>
<BR>[Called By]<UL><LI><a href="#[2b2bec]">&gt;&gt;</a>&nbsp;&nbsp;&nbsp;init_software
</UL>
<BR>[Address Reference Count : 1]<UL><LI> can_setup.o(.text)
</UL>
<P><STRONG><a name="[2aab7c]"></a>mc_get_command_current</STRONG> (ARM, 12 bytes, Stack size 0 bytes, motor_controller.o(.text), UNUSED)

<P><STRONG><a name="[2af3e8]"></a>mc_set_stiffness</STRONG> (ARM, 28 bytes, Stack size 8 bytes, motor_controller.o(.text))
<BR><BR>[Stack]<UL><LI>Max Depth = 16<LI>Call Chain = mc_set_stiffness &rArr; float_to_fixed
</UL>
<BR>[Calls]<UL><LI><a href="#[2b0db0]">&gt;&gt;</a>&nbsp;&nbsp;&nbsp;float_to_fixed
</UL>
<BR>[Called By]<UL><LI><a href="#[2b2bec]">&gt;&gt;</a>&nbsp;&nbsp;&nbsp;init_software
</UL>
<BR>[Address Reference Count : 1]<UL><LI> can_setup.o(.text)
</UL>
<P><STRONG><a name="[2aab40]"></a>mc_get_stiffness</STRONG> (ARM, 12 bytes, Stack size 0 bytes, motor_controller.o(.text), UNUSED)

<P><STRONG><a name="[2af424]"></a>mc_set_dampness</STRONG> (ARM, 28 bytes, Stack size 8 bytes, motor_controller.o(.text))
<BR><BR>[Stack]<UL><LI>Max Depth = 16<LI>Call Chain = mc_set_dampness &rArr; float_to_fixed
</UL>
<BR>[Calls]<UL><LI><a href="#[2b0db0]">&gt;&gt;</a>&nbsp;&nbsp;&nbsp;float_to_fixed
</UL>
<BR>[Called By]<UL><LI><a href="#[2b2bec]">&gt;&gt;</a>&nbsp;&nbsp;&nbsp;init_software
</UL>
<BR>[Address Reference Count : 1]<UL><LI> can_setup.o(.text)
</UL>
<P><STRONG><a name="[2aab04]"></a>mc_get_dampness</STRONG> (ARM, 24 bytes, Stack size 0 bytes, motor_controller.o(.text), UNUSED)

<P><STRONG><a name="[2ad048]"></a>mc_direction_control</STRONG> (ARM, 28 bytes, Stack size 0 bytes, motor_controller.o(.text))
<BR><BR>[Called By]<UL><LI><a href="#[2af640]">&gt;&gt;</a>&nbsp;&nbsp;&nbsp;dn_safety
</UL>

<P><STRONG><a name="[2aaac8]"></a>mc_get_parameters</STRONG> (ARM, 8 bytes, Stack size 0 bytes, motor_controller.o(.text), UNUSED)

<P><STRONG><a name="[2aaa8c]"></a>mc_get_pwm</STRONG> (ARM, 12 bytes, Stack size 0 bytes, motor_controller.o(.text), UNUSED)

<P><STRONG><a name="[2ae074]"></a>mc_set_shutdown</STRONG> (ARM, 20 bytes, Stack size 0 bytes, motor_controller.o(.text))
<BR>[Address Reference Count : 1]<UL><LI> can_setup.o(.text)
</UL>
<P><STRONG><a name="[2ae038]"></a>mc_set_sleep</STRONG> (ARM, 20 bytes, Stack size 0 bytes, motor_controller.o(.text))
<BR>[Address Reference Count : 1]<UL><LI> can_setup.o(.text)
</UL>
<P><STRONG><a name="[2aaa50]"></a>mc_get_mult</STRONG> (ARM, 12 bytes, Stack size 0 bytes, motor_controller.o(.text), UNUSED)

<P><STRONG><a name="[2aaa14]"></a>mc_run_no_control</STRONG> (ARM, 152 bytes, Stack size 16 bytes, motor_controller.o(.text), UNUSED)
<BR><BR>[Calls]<UL><LI><a href="#[2b2034]">&gt;&gt;</a>&nbsp;&nbsp;&nbsp;error_occurred
</UL>

<P><STRONG><a name="[2afe38]"></a>ae_init_encoder</STRONG> (ARM, 124 bytes, Stack size 16 bytes, abs_enc.o(.text))
<BR><BR>[Stack]<UL><LI>Max Depth = 136<LI>Call Chain = ae_init_encoder &rArr; __aeabi_ddiv &rArr; _double_epilogue &rArr; _double_round
</UL>
<BR>[Calls]<UL><LI><a href="#[2aa438]">&gt;&gt;</a>&nbsp;&nbsp;&nbsp;__aeabi_ddiv
<LI><a href="#[2aa474]">&gt;&gt;</a>&nbsp;&nbsp;&nbsp;__aeabi_d2iz
<LI><a href="#[2ad228]">&gt;&gt;</a>&nbsp;&nbsp;&nbsp;__aeabi_fmul
<LI><a href="#[2ad264]">&gt;&gt;</a>&nbsp;&nbsp;&nbsp;__aeabi_f2d
<LI><a href="#[2b093c]">&gt;&gt;</a>&nbsp;&nbsp;&nbsp;__aeabi_i2f
<LI><a href="#[2b2034]">&gt;&gt;</a>&nbsp;&nbsp;&nbsp;error_occurred
</UL>
<BR>[Called By]<UL><LI><a href="#[2b2bec]">&gt;&gt;</a>&nbsp;&nbsp;&nbsp;init_software
</UL>

<P><STRONG><a name="[2afdfc]"></a>ae_update</STRONG> (ARM, 140 bytes, Stack size 8 bytes, abs_enc.o(.text))
<BR><BR>[Stack]<UL><LI>Max Depth = 8<LI>Call Chain = ae_update
</UL>
<BR>[Called By]<UL><LI><a href="#[2b0018]">&gt;&gt;</a>&nbsp;&nbsp;&nbsp;task_every_row
<LI><a href="#[2b2bb0]">&gt;&gt;</a>&nbsp;&nbsp;&nbsp;init_values
</UL>

<P><STRONG><a name="[2ad0c0]"></a>ae_get_pos</STRONG> (ARM, 52 bytes, Stack size 8 bytes, abs_enc.o(.text))
<BR><BR>[Stack]<UL><LI>Max Depth = 16<LI>Call Chain = ae_get_pos &rArr; error_occurred
</UL>
<BR>[Calls]<UL><LI><a href="#[2b2034]">&gt;&gt;</a>&nbsp;&nbsp;&nbsp;error_occurred
</UL>
<BR>[Called By]<UL><LI><a href="#[2ad354]">&gt;&gt;</a>&nbsp;&nbsp;&nbsp;dn_get_ankle_position
<LI><a href="#[2af640]">&gt;&gt;</a>&nbsp;&nbsp;&nbsp;dn_safety
<LI><a href="#[2af67c]">&gt;&gt;</a>&nbsp;&nbsp;&nbsp;dn_inner_feet_motor_encoder_rezero
<LI><a href="#[2af85c]">&gt;&gt;</a>&nbsp;&nbsp;&nbsp;dn_get_ankle_pos_rads
</UL>

<P><STRONG><a name="[2afdc0]"></a>ae_wait</STRONG> (ARM, 20 bytes, Stack size 0 bytes, abs_enc.o(.text))
<BR><BR>[Called By]<UL><LI><a href="#[2b2bb0]">&gt;&gt;</a>&nbsp;&nbsp;&nbsp;init_values
</UL>

<P><STRONG><a name="[2adc00]"></a>ae_isr</STRONG> (ARM, 224 bytes, Stack size 48 bytes, abs_enc.o(.text))
<BR><BR>[Stack]<UL><LI>Max Depth = 56<LI>Call Chain = ae_isr &rArr; error_occurred
</UL>
<BR>[Calls]<UL><LI><a href="#[2b2034]">&gt;&gt;</a>&nbsp;&nbsp;&nbsp;error_occurred
</UL>
<BR>[Address Reference Count : 1]<UL><LI> interrupts.o(.text)
</UL>
<P><STRONG><a name="[2a9f4c]"></a>mcu_led_init</STRONG> (ARM, 24 bytes, Stack size 0 bytes, mcu_led.o(.text), UNUSED)

<P><STRONG><a name="[2a9f10]"></a>mcu_led_red_off</STRONG> (ARM, 20 bytes, Stack size 0 bytes, mcu_led.o(.text), UNUSED)

<P><STRONG><a name="[2a9ed4]"></a>mcu_led_blue_off</STRONG> (ARM, 20 bytes, Stack size 0 bytes, mcu_led.o(.text), UNUSED)

<P><STRONG><a name="[2aa99c]"></a>mcu_led_green_off</STRONG> (ARM, 20 bytes, Stack size 0 bytes, mcu_led.o(.text))
<BR><BR>[Called By]<UL><LI><a href="#[2aabb8]">&gt;&gt;</a>&nbsp;&nbsp;&nbsp;mc_pid_current
</UL>

<P><STRONG><a name="[2af3ac]"></a>mcu_led_update</STRONG> (ARM, 124 bytes, Stack size 0 bytes, mcu_led.o(.text))
<BR><BR>[Called By]<UL><LI><a href="#[2b0018]">&gt;&gt;</a>&nbsp;&nbsp;&nbsp;task_every_row
</UL>

<P><STRONG><a name="[2aa960]"></a>mcu_led_green_on</STRONG> (ARM, 20 bytes, Stack size 0 bytes, mcu_led.o(.text))
<BR><BR>[Called By]<UL><LI><a href="#[2aabb8]">&gt;&gt;</a>&nbsp;&nbsp;&nbsp;mc_pid_current
</UL>

<P><STRONG><a name="[2acfd0]"></a>mcu_led_green_blink</STRONG> (ARM, 32 bytes, Stack size 0 bytes, mcu_led.o(.text), UNUSED)
<BR><BR>[Called By]<UL><LI><a href="#[2ad480]">&gt;&gt;</a>&nbsp;&nbsp;&nbsp;dn_green_heartbeat
</UL>

<P><STRONG><a name="[2a9e98]"></a>mcu_led_blue_on</STRONG> (ARM, 20 bytes, Stack size 0 bytes, mcu_led.o(.text), UNUSED)

<P><STRONG><a name="[2ad00c]"></a>mcu_led_blue_blink</STRONG> (ARM, 32 bytes, Stack size 0 bytes, mcu_led.o(.text))
<BR><BR>[Called By]<UL><LI><a href="#[2af8d4]">&gt;&gt;</a>&nbsp;&nbsp;&nbsp;dn_blue_heartbeat
</UL>

<P><STRONG><a name="[2a9e5c]"></a>mcu_led_red_on</STRONG> (ARM, 20 bytes, Stack size 0 bytes, mcu_led.o(.text), UNUSED)

<P><STRONG><a name="[2acf94]"></a>mcu_led_red_blink</STRONG> (ARM, 32 bytes, Stack size 0 bytes, mcu_led.o(.text))
<BR><BR>[Called By]<UL><LI><a href="#[2ad444]">&gt;&gt;</a>&nbsp;&nbsp;&nbsp;dn_red_heartbeat
<LI><a href="#[2af640]">&gt;&gt;</a>&nbsp;&nbsp;&nbsp;dn_safety
</UL>

<P><STRONG><a name="[2a9e20]"></a>mcu_led_green_toggle</STRONG> (ARM, 32 bytes, Stack size 0 bytes, mcu_led.o(.text), UNUSED)

<P><STRONG><a name="[2a9de4]"></a>mcu_led_red_toggle</STRONG> (ARM, 32 bytes, Stack size 0 bytes, mcu_led.o(.text), UNUSED)

<P><STRONG><a name="[2a9da8]"></a>mcu_led_blue_toggle</STRONG> (ARM, 32 bytes, Stack size 0 bytes, mcu_led.o(.text), UNUSED)

<P><STRONG><a name="[2a9d6c]"></a>mcu_led_all_on</STRONG> (ARM, 36 bytes, Stack size 0 bytes, mcu_led.o(.text), UNUSED)

<P><STRONG><a name="[2a9d30]"></a>mcu_led_all_off</STRONG> (ARM, 36 bytes, Stack size 0 bytes, mcu_led.o(.text), UNUSED)

<P><STRONG><a name="[2a9cf4]"></a>mcu_led_all_toggle</STRONG> (ARM, 72 bytes, Stack size 0 bytes, mcu_led.o(.text), UNUSED)

<P><STRONG><a name="[2a96dc]"></a>adcx_register_write</STRONG> (ARM, 40 bytes, Stack size 0 bytes, adc_external.o(.text), UNUSED)

<P><STRONG><a name="[2a96a0]"></a>adcx_convert_cfg</STRONG> (ARM, 72 bytes, Stack size 0 bytes, adc_external.o(.text), UNUSED)

<P><STRONG><a name="[2a9664]"></a>adcx_convert_next</STRONG> (ARM, 132 bytes, Stack size 0 bytes, adc_external.o(.text), UNUSED)

<P><STRONG><a name="[2a9628]"></a>adcx_register_read</STRONG> (ARM, 56 bytes, Stack size 0 bytes, adc_external.o(.text), UNUSED)

<P><STRONG><a name="[2a95ec]"></a>adcx_read_buffer</STRONG> (ARM, 56 bytes, Stack size 8 bytes, adc_external.o(.text), UNUSED)
<BR><BR>[Calls]<UL><LI><a href="#[2b2034]">&gt;&gt;</a>&nbsp;&nbsp;&nbsp;error_occurred
</UL>

<P><STRONG><a name="[2adc3c]"></a>adcx_isr</STRONG> (ARM, 336 bytes, Stack size 40 bytes, adc_external.o(.text))
<BR><BR>[Stack]<UL><LI>Max Depth = 48<LI>Call Chain = adcx_isr &rArr; error_occurred
</UL>
<BR>[Calls]<UL><LI><a href="#[2b2034]">&gt;&gt;</a>&nbsp;&nbsp;&nbsp;error_occurred
</UL>
<BR>[Address Reference Count : 1]<UL><LI> interrupts.o(.text)
</UL>
<P><STRONG><a name="[2afeb0]"></a>adcx_convert_all</STRONG> (ARM, 148 bytes, Stack size 0 bytes, adc_external.o(.text))
<BR><BR>[Stack]<UL><LI>Max Depth = 8<LI>Call Chain = adcx_convert_all &rArr; error_occurred
</UL>
<BR>[Calls]<UL><LI><a href="#[2b2034]">&gt;&gt;</a>&nbsp;&nbsp;&nbsp;error_occurred
</UL>
<BR>[Called By]<UL><LI><a href="#[2b0018]">&gt;&gt;</a>&nbsp;&nbsp;&nbsp;task_every_row
</UL>

<P><STRONG><a name="[2a95b0]"></a>adcx_write</STRONG> (ARM, 40 bytes, Stack size 16 bytes, adc_external.o(.text), UNUSED)
<BR><BR>[Calls]<UL><LI><a href="#[2b2034]">&gt;&gt;</a>&nbsp;&nbsp;&nbsp;error_occurred
</UL>

<P><STRONG><a name="[2ad0fc]"></a>adcx_get_result</STRONG> (ARM, 16 bytes, Stack size 0 bytes, adc_external.o(.text))
<BR><BR>[Called By]<UL><LI><a href="#[2ad390]">&gt;&gt;</a>&nbsp;&nbsp;&nbsp;dn_get_raw_battery_current
<LI><a href="#[2ae1a0]">&gt;&gt;</a>&nbsp;&nbsp;&nbsp;dn_get_right_heel_sense
<LI><a href="#[2ae1dc]">&gt;&gt;</a>&nbsp;&nbsp;&nbsp;dn_get_motor_current
<LI><a href="#[2ae2cc]">&gt;&gt;</a>&nbsp;&nbsp;&nbsp;dn_get_left_heel_sense
<LI><a href="#[2ae3bc]">&gt;&gt;</a>&nbsp;&nbsp;&nbsp;dn_get_battery_power
<LI><a href="#[2ae3f8]">&gt;&gt;</a>&nbsp;&nbsp;&nbsp;dn_get_battery_current
<LI><a href="#[2af6b8]">&gt;&gt;</a>&nbsp;&nbsp;&nbsp;dn_get_raw_right_hs
<LI><a href="#[2af6f4]">&gt;&gt;</a>&nbsp;&nbsp;&nbsp;dn_get_raw_motor_current
<LI><a href="#[2af730]">&gt;&gt;</a>&nbsp;&nbsp;&nbsp;dn_get_raw_left_hs
</UL>

<P><STRONG><a name="[2afe74]"></a>adcx_init</STRONG> (ARM, 136 bytes, Stack size 8 bytes, adc_external.o(.text))
<BR><BR>[Stack]<UL><LI>Max Depth = 16<LI>Call Chain = adcx_init &rArr; error_occurred
</UL>
<BR>[Calls]<UL><LI><a href="#[2b2034]">&gt;&gt;</a>&nbsp;&nbsp;&nbsp;error_occurred
</UL>
<BR>[Called By]<UL><LI><a href="#[2b2bec]">&gt;&gt;</a>&nbsp;&nbsp;&nbsp;init_software
</UL>

<P><STRONG><a name="[2aff28]"></a>adcx_add_config</STRONG> (ARM, 48 bytes, Stack size 0 bytes, adc_external.o(.text))
<BR><BR>[Stack]<UL><LI>Max Depth = 8<LI>Call Chain = adcx_add_config &rArr; error_occurred
</UL>
<BR>[Calls]<UL><LI><a href="#[2b2034]">&gt;&gt;</a>&nbsp;&nbsp;&nbsp;error_occurred
</UL>
<BR>[Called By]<UL><LI><a href="#[2b2bec]">&gt;&gt;</a>&nbsp;&nbsp;&nbsp;init_software
</UL>

<P><STRONG><a name="[2afeec]"></a>adcx_conversion_wait</STRONG> (ARM, 52 bytes, Stack size 0 bytes, adc_external.o(.text))
<BR><BR>[Called By]<UL><LI><a href="#[2b0018]">&gt;&gt;</a>&nbsp;&nbsp;&nbsp;task_every_row
</UL>

<P><STRONG><a name="[2af2f8]"></a>qdc_tmr0_cap01_set_angle_float</STRONG> (ARM, 56 bytes, Stack size 8 bytes, qdc.o(.text))
<BR><BR>[Stack]<UL><LI>Max Depth = 72<LI>Call Chain = qdc_tmr0_cap01_set_angle_float &rArr; __aeabi_ldivmod &rArr; __aeabi_uldivmod
</UL>
<BR>[Calls]<UL><LI><a href="#[2b0978]">&gt;&gt;</a>&nbsp;&nbsp;&nbsp;__aeabi_f2iz
<LI><a href="#[32bfc8]">&gt;&gt;</a>&nbsp;&nbsp;&nbsp;__aeabi_llsl
<LI><a href="#[32c0f4]">&gt;&gt;</a>&nbsp;&nbsp;&nbsp;__aeabi_ldivmod
</UL>
<BR>[Called By]<UL><LI><a href="#[2af67c]">&gt;&gt;</a>&nbsp;&nbsp;&nbsp;dn_inner_feet_motor_encoder_rezero
<LI><a href="#[2b2bb0]">&gt;&gt;</a>&nbsp;&nbsp;&nbsp;init_values
</UL>

<P><STRONG><a name="[2a8aac]"></a>qdc_tmr0_cap01_set_angle_fixed</STRONG> (ARM, 40 bytes, Stack size 8 bytes, qdc.o(.text), UNUSED)
<BR><BR>[Calls]<UL><LI><a href="#[32bfc8]">&gt;&gt;</a>&nbsp;&nbsp;&nbsp;__aeabi_llsl
<LI><a href="#[32c0f4]">&gt;&gt;</a>&nbsp;&nbsp;&nbsp;__aeabi_ldivmod
</UL>

<P><STRONG><a name="[2af244]"></a>qdc_tmr0_cap23_set_angle_float</STRONG> (ARM, 56 bytes, Stack size 8 bytes, qdc.o(.text))
<BR><BR>[Stack]<UL><LI>Max Depth = 72<LI>Call Chain = qdc_tmr0_cap23_set_angle_float &rArr; __aeabi_ldivmod &rArr; __aeabi_uldivmod
</UL>
<BR>[Calls]<UL><LI><a href="#[2b0978]">&gt;&gt;</a>&nbsp;&nbsp;&nbsp;__aeabi_f2iz
<LI><a href="#[32bfc8]">&gt;&gt;</a>&nbsp;&nbsp;&nbsp;__aeabi_llsl
<LI><a href="#[32c0f4]">&gt;&gt;</a>&nbsp;&nbsp;&nbsp;__aeabi_ldivmod
</UL>
<BR>[Called By]<UL><LI><a href="#[2b2bb0]">&gt;&gt;</a>&nbsp;&nbsp;&nbsp;init_values
</UL>

<P><STRONG><a name="[2a8a70]"></a>qdc_tmr0_cap23_set_angle_fixed</STRONG> (ARM, 40 bytes, Stack size 8 bytes, qdc.o(.text), UNUSED)
<BR><BR>[Calls]<UL><LI><a href="#[32bfc8]">&gt;&gt;</a>&nbsp;&nbsp;&nbsp;__aeabi_llsl
<LI><a href="#[32c0f4]">&gt;&gt;</a>&nbsp;&nbsp;&nbsp;__aeabi_ldivmod
</UL>

<P><STRONG><a name="[2a8a34]"></a>qdc_tmr0_cap01_get_angle_fixed</STRONG> (ARM, 12 bytes, Stack size 0 bytes, qdc.o(.text), UNUSED)

<P><STRONG><a name="[2acf58]"></a>qdc_tmr0_cap01_get_angle_float</STRONG> (ARM, 32 bytes, Stack size 8 bytes, qdc.o(.text))
<BR><BR>[Stack]<UL><LI>Max Depth = 8<LI>Call Chain = qdc_tmr0_cap01_get_angle_float
</UL>
<BR>[Calls]<UL><LI><a href="#[2b093c]">&gt;&gt;</a>&nbsp;&nbsp;&nbsp;__aeabi_i2f
</UL>
<BR>[Called By]<UL><LI><a href="#[2af640]">&gt;&gt;</a>&nbsp;&nbsp;&nbsp;dn_safety
<LI><a href="#[2af67c]">&gt;&gt;</a>&nbsp;&nbsp;&nbsp;dn_inner_feet_motor_encoder_rezero
<LI><a href="#[2af820]">&gt;&gt;</a>&nbsp;&nbsp;&nbsp;dn_get_motor_pos_rads
</UL>

<P><STRONG><a name="[2a89f8]"></a>qdc_tmr0_cap01_get_rate_fixed</STRONG> (ARM, 12 bytes, Stack size 0 bytes, qdc.o(.text), UNUSED)

<P><STRONG><a name="[2acf1c]"></a>qdc_tmr0_cap01_get_rate_float</STRONG> (ARM, 32 bytes, Stack size 8 bytes, qdc.o(.text))
<BR><BR>[Stack]<UL><LI>Max Depth = 8<LI>Call Chain = qdc_tmr0_cap01_get_rate_float
</UL>
<BR>[Calls]<UL><LI><a href="#[2b093c]">&gt;&gt;</a>&nbsp;&nbsp;&nbsp;__aeabi_i2f
</UL>
<BR>[Called By]<UL><LI><a href="#[2af7e4]">&gt;&gt;</a>&nbsp;&nbsp;&nbsp;dn_get_motor_vel_rads
</UL>

<P><STRONG><a name="[2a89bc]"></a>qdc_tmr0_cap23_get_angle_fixed</STRONG> (ARM, 12 bytes, Stack size 0 bytes, qdc.o(.text), UNUSED)

<P><STRONG><a name="[2a8980]"></a>qdc_tmr0_cap23_get_angle_float</STRONG> (ARM, 32 bytes, Stack size 8 bytes, qdc.o(.text), UNUSED)
<BR><BR>[Calls]<UL><LI><a href="#[2b093c]">&gt;&gt;</a>&nbsp;&nbsp;&nbsp;__aeabi_i2f
</UL>

<P><STRONG><a name="[2a8944]"></a>qdc_tmr0_cap23_get_rate_fixed</STRONG> (ARM, 12 bytes, Stack size 0 bytes, qdc.o(.text), UNUSED)

<P><STRONG><a name="[2acee0]"></a>qdc_tmr0_cap23_get_rate_float</STRONG> (ARM, 32 bytes, Stack size 8 bytes, qdc.o(.text))
<BR><BR>[Stack]<UL><LI>Max Depth = 8<LI>Call Chain = qdc_tmr0_cap23_get_rate_float
</UL>
<BR>[Calls]<UL><LI><a href="#[2b093c]">&gt;&gt;</a>&nbsp;&nbsp;&nbsp;__aeabi_i2f
</UL>
<BR>[Called By]<UL><LI><a href="#[2ae434]">&gt;&gt;</a>&nbsp;&nbsp;&nbsp;dn_get_ankle_vel_rads
<LI><a href="#[2af67c]">&gt;&gt;</a>&nbsp;&nbsp;&nbsp;dn_inner_feet_motor_encoder_rezero
</UL>

<P><STRONG><a name="[2af334]"></a>qdc_tmr0_cap01_rate_update</STRONG> (ARM, 548 bytes, Stack size 40 bytes, qdc.o(.text))
<BR><BR>[Stack]<UL><LI>Max Depth = 60<LI>Call Chain = qdc_tmr0_cap01_rate_update &rArr; __aeabi_idivmod &rArr; __aeabi_uidivmod
</UL>
<BR>[Calls]<UL><LI><a href="#[2b2034]">&gt;&gt;</a>&nbsp;&nbsp;&nbsp;error_occurred
<LI><a href="#[32be9c]">&gt;&gt;</a>&nbsp;&nbsp;&nbsp;__aeabi_lasr
<LI><a href="#[32c220]">&gt;&gt;</a>&nbsp;&nbsp;&nbsp;__aeabi_idivmod
</UL>
<BR>[Called By]<UL><LI><a href="#[2b0018]">&gt;&gt;</a>&nbsp;&nbsp;&nbsp;task_every_row
</UL>

<P><STRONG><a name="[2af280]"></a>qdc_tmr0_cap23_rate_update</STRONG> (ARM, 548 bytes, Stack size 40 bytes, qdc.o(.text))
<BR><BR>[Stack]<UL><LI>Max Depth = 60<LI>Call Chain = qdc_tmr0_cap23_rate_update &rArr; __aeabi_idivmod &rArr; __aeabi_uidivmod
</UL>
<BR>[Calls]<UL><LI><a href="#[2b2034]">&gt;&gt;</a>&nbsp;&nbsp;&nbsp;error_occurred
<LI><a href="#[32be9c]">&gt;&gt;</a>&nbsp;&nbsp;&nbsp;__aeabi_lasr
<LI><a href="#[32c220]">&gt;&gt;</a>&nbsp;&nbsp;&nbsp;__aeabi_idivmod
</UL>
<BR>[Called By]<UL><LI><a href="#[2b0018]">&gt;&gt;</a>&nbsp;&nbsp;&nbsp;task_every_row
</UL>

<P><STRONG><a name="[2af370]"></a>qdc_tmr0_cap01_angle_update</STRONG> (ARM, 52 bytes, Stack size 16 bytes, qdc.o(.text))
<BR><BR>[Stack]<UL><LI>Max Depth = 16<LI>Call Chain = qdc_tmr0_cap01_angle_update
</UL>
<BR>[Calls]<UL><LI><a href="#[32be9c]">&gt;&gt;</a>&nbsp;&nbsp;&nbsp;__aeabi_lasr
</UL>
<BR>[Called By]<UL><LI><a href="#[2b0018]">&gt;&gt;</a>&nbsp;&nbsp;&nbsp;task_every_row
</UL>

<P><STRONG><a name="[2af2bc]"></a>qdc_tmr0_cap23_angle_update</STRONG> (ARM, 52 bytes, Stack size 16 bytes, qdc.o(.text))
<BR><BR>[Stack]<UL><LI>Max Depth = 16<LI>Call Chain = qdc_tmr0_cap23_angle_update
</UL>
<BR>[Calls]<UL><LI><a href="#[32be9c]">&gt;&gt;</a>&nbsp;&nbsp;&nbsp;__aeabi_lasr
</UL>
<BR>[Called By]<UL><LI><a href="#[2b0018]">&gt;&gt;</a>&nbsp;&nbsp;&nbsp;task_every_row
</UL>

<P><STRONG><a name="[2af208]"></a>qdc_tmr0_init</STRONG> (ARM, 1224 bytes, Stack size 96 bytes, qdc.o(.text))
<BR><BR>[Stack]<UL><LI>Max Depth = 224<LI>Call Chain = qdc_tmr0_init &rArr; __aeabi_dmul &rArr; _double_epilogue &rArr; _double_round
</UL>
<BR>[Calls]<UL><LI><a href="#[2a8908]">&gt;&gt;</a>&nbsp;&nbsp;&nbsp;__aeabi_f2uiz
<LI><a href="#[2aa438]">&gt;&gt;</a>&nbsp;&nbsp;&nbsp;__aeabi_ddiv
<LI><a href="#[2ad228]">&gt;&gt;</a>&nbsp;&nbsp;&nbsp;__aeabi_fmul
<LI><a href="#[2ad264]">&gt;&gt;</a>&nbsp;&nbsp;&nbsp;__aeabi_f2d
<LI><a href="#[2ad2a0]">&gt;&gt;</a>&nbsp;&nbsp;&nbsp;__aeabi_dmul
<LI><a href="#[2ad318]">&gt;&gt;</a>&nbsp;&nbsp;&nbsp;__aeabi_d2f
<LI><a href="#[2b0978]">&gt;&gt;</a>&nbsp;&nbsp;&nbsp;__aeabi_f2iz
<LI><a href="#[2b09b4]">&gt;&gt;</a>&nbsp;&nbsp;&nbsp;__ARM_scalbnf
</UL>
<BR>[Called By]<UL><LI><a href="#[2b2bec]">&gt;&gt;</a>&nbsp;&nbsp;&nbsp;init_software
</UL>

<P><STRONG><a name="[2ae650]"></a>can_init</STRONG> (ARM, 48 bytes, Stack size 0 bytes, can.o(.text))
<BR><BR>[Called By]<UL><LI><a href="#[2b2ca0]">&gt;&gt;</a>&nbsp;&nbsp;&nbsp;init_can
</UL>

<P><STRONG><a name="[2a78dc]"></a>can_tx1_push_frame</STRONG> (ARM, 96 bytes, Stack size 8 bytes, can.o(.text), UNUSED)

<P><STRONG><a name="[2a78a0]"></a>can_tx1</STRONG> (ARM, 340 bytes, Stack size 16 bytes, can.o(.text))
<BR><BR>[Stack]<UL><LI>Max Depth = 16<LI>Call Chain = can_tx1
</UL>
<BR>[Called By]<UL><LI><a href="#[2a760c]">&gt;&gt;</a>&nbsp;&nbsp;&nbsp;can_transmit_frame
</UL>

<P><STRONG><a name="[2a7864]"></a>can_tx2_push_frame</STRONG> (ARM, 96 bytes, Stack size 8 bytes, can.o(.text), UNUSED)

<P><STRONG><a name="[2afd48]"></a>can_tx2</STRONG> (ARM, 352 bytes, Stack size 16 bytes, can.o(.text))
<BR><BR>[Stack]<UL><LI>Max Depth = 16<LI>Call Chain = can_tx2
</UL>
<BR>[Called By]<UL><LI><a href="#[2a760c]">&gt;&gt;</a>&nbsp;&nbsp;&nbsp;can_transmit_frame
<LI><a href="#[2b0018]">&gt;&gt;</a>&nbsp;&nbsp;&nbsp;task_every_row
</UL>

<P><STRONG><a name="[2a7828]"></a>can_tx3_push_frame</STRONG> (ARM, 96 bytes, Stack size 8 bytes, can.o(.text), UNUSED)

<P><STRONG><a name="[2a77ec]"></a>can_tx3</STRONG> (ARM, 352 bytes, Stack size 16 bytes, can.o(.text))
<BR><BR>[Stack]<UL><LI>Max Depth = 16<LI>Call Chain = can_tx3
</UL>
<BR>[Called By]<UL><LI><a href="#[2a760c]">&gt;&gt;</a>&nbsp;&nbsp;&nbsp;can_transmit_frame
</UL>

[...]
</UL>

<P><STRONG><a name="[32c658]"></a>can_set_rx_descriptor_iss</STRONG> (ARM, 72 bytes, Stack size 4 bytes, can_types.o(.text), UNUSED)

<P><STRONG><a name="[32c25c]"></a>__aeabi_idiv</STRONG> (ARM, 0 bytes, Stack size 16 bytes, idiv.o(.text), UNUSED)

<P><STRONG><a name="[32c220]"></a>__aeabi_idivmod</STRONG> (ARM, 60 bytes, Stack size 16 bytes, idiv.o(.text))
<BR><BR>[Stack]<UL><LI>Max Depth = 20<LI>Call Chain = __aeabi_idivmod &rArr; __aeabi_uidivmod
</UL>
<BR>[Calls]<UL><LI><a href="#[32ab64]">&gt;&gt;</a>&nbsp;&nbsp;&nbsp;__aeabi_uidivmod
</UL>
<BR>[Called By]<UL><LI><a href="#[2af280]">&gt;&gt;</a>&nbsp;&nbsp;&nbsp;qdc_tmr0_cap23_rate_update
<LI><a href="#[2af334]">&gt;&gt;</a>&nbsp;&nbsp;&nbsp;qdc_tmr0_cap01_rate_update
</UL>

<P><STRONG><a name="[32c0f4]"></a>__aeabi_ldivmod</STRONG> (ARM, 168 bytes, Stack size 32 bytes, ldiv.o(.text))
<BR><BR>[Stack]<UL><LI>Max Depth = 64<LI>Call Chain = __aeabi_ldivmod &rArr; __aeabi_uldivmod
</UL>
<BR>[Calls]<UL><LI><a href="#[32aa74]">&gt;&gt;</a>&nbsp;&nbsp;&nbsp;__aeabi_uldivmod
</UL>
<BR>[Called By]<UL><LI><a href="#[2a8a70]">&gt;&gt;</a>&nbsp;&nbsp;&nbsp;qdc_tmr0_cap23_set_angle_fixed
<LI><a href="#[2a8aac]">&gt;&gt;</a>&nbsp;&nbsp;&nbsp;qdc_tmr0_cap01_set_angle_fixed
<LI><a href="#[2af244]">&gt;&gt;</a>&nbsp;&nbsp;&nbsp;qdc_tmr0_cap23_set_angle_float
<LI><a href="#[2af2f8]">&gt;&gt;</a>&nbsp;&nbsp;&nbsp;qdc_tmr0_cap01_set_angle_float
</UL>

<P><STRONG><a name="[32bfc8]"></a>__aeabi_llsl</STRONG> (ARM, 40 bytes, Stack size 0 bytes, llshl.o(.text))
<BR><BR>[Called By]<UL><LI><a href="#[2a8a70]">&gt;&gt;</a>&nbsp;&nbsp;&nbsp;qdc_tmr0_cap23_set_angle_fixed
<LI><a href="#[2a8aac]">&gt;&gt;</a>&nbsp;&nbsp;&nbsp;qdc_tmr0_cap01_set_angle_fixed
<LI><a href="#[2af244]">&gt;&gt;</a>&nbsp;&nbsp;&nbsp;qdc_tmr0_cap23_set_angle_float
<LI><a href="#[2af2f8]">&gt;&gt;</a>&nbsp;&nbsp;&nbsp;qdc_tmr0_cap01_set_angle_float
<LI><a href="#[32aa74]">&gt;&gt;</a>&nbsp;&nbsp;&nbsp;__aeabi_uldivmod
<LI><a href="#[32b758]">&gt;&gt;</a>&nbsp;&nbsp;&nbsp;_double_addcore
</UL>

<P><STRONG><a name="[32bf8c]"></a>_ll_shift_l</STRONG> (ARM, 0 bytes, Stack size 0 bytes, llshl.o(.text), UNUSED)

<P><STRONG><a name="[32be9c]"></a>__aeabi_lasr</STRONG> (ARM, 40 bytes, Stack size 0 bytes, llsshr.o(.text))
<BR><BR>[Called By]<UL><LI><a href="#[2af280]">&gt;&gt;</a>&nbsp;&nbsp;&nbsp;qdc_tmr0_cap23_rate_update
<LI><a href="#[2af2bc]">&gt;&gt;</a>&nbsp;&nbsp;&nbsp;qdc_tmr0_cap23_angle_update
<LI><a href="#[2af334]">&gt;&gt;</a>&nbsp;&nbsp;&nbsp;qdc_tmr0_cap01_rate_update
<LI><a href="#[2af370]">&gt;&gt;</a>&nbsp;&nbsp;&nbsp;qdc_tmr0_cap01_angle_update
</UL>

<P><STRONG><a name="[32be60]"></a>_ll_sshift_r</STRONG> (ARM, 0 bytes, Stack size 0 bytes, llsshr.o(.text), UNUSED)

<P><STRONG><a name="[32bb18]"></a>__aeabi_fadd</STRONG> (ARM, 16 bytes, Stack size 0 bytes, fadd.o(.text), UNUSED)
<BR><BR>[Calls]<UL><LI><a href="#[32bb54]">&gt;&gt;</a>&nbsp;&nbsp;&nbsp;_float_addcore
</UL>

<P><STRONG><a name="[2ad1b0]"></a>__aeabi_fsub</STRONG> (ARM, 20 bytes, Stack size 0 bytes, fadd.o(.text))
<BR><BR>[Stack]<UL><LI>Max Depth = 8<LI>Call Chain = __aeabi_fsub &rArr; _float_addcore
</UL>
<BR>[Calls]<UL><LI><a href="#[32bb54]">&gt;&gt;</a>&nbsp;&nbsp;&nbsp;_float_addcore
</UL>
<BR>[Called By]<UL><LI><a href="#[2af67c]">&gt;&gt;</a>&nbsp;&nbsp;&nbsp;dn_inner_feet_motor_encoder_rezero
</UL>

<P><STRONG><a name="[2ad1ec]"></a>__aeabi_frsub</STRONG> (ARM, 32 bytes, Stack size 0 bytes, fadd.o(.text))
<BR><BR>[Stack]<UL><LI>Max Depth = 8<LI>Call Chain = __aeabi_frsub &rArr; _float_addcore
</UL>
<BR>[Calls]<UL><LI><a href="#[32bb54]">&gt;&gt;</a>&nbsp;&nbsp;&nbsp;_float_addcore
</UL>
<BR>[Called By]<UL><LI><a href="#[2af49c]">&gt;&gt;</a>&nbsp;&nbsp;&nbsp;mc_init
<LI><a href="#[2af640]">&gt;&gt;</a>&nbsp;&nbsp;&nbsp;dn_safety
</UL>

<P><STRONG><a name="[2ad228]"></a>__aeabi_fmul</STRONG> (ARM, 136 bytes, Stack size 0 bytes, fmul.o(.text))
<BR><BR>[Called By]<UL><LI><a href="#[2ae1dc]">&gt;&gt;</a>&nbsp;&nbsp;&nbsp;dn_get_motor_current
<LI><a href="#[2ae218]">&gt;&gt;</a>&nbsp;&nbsp;&nbsp;dn_get_max_execution_time
<LI><a href="#[2ae344]">&gt;&gt;</a>&nbsp;&nbsp;&nbsp;dn_get_execution_time
<LI><a href="#[2ae380]">&gt;&gt;</a>&nbsp;&nbsp;&nbsp;dn_get_battery_voltage
<LI><a href="#[2ae3bc]">&gt;&gt;</a>&nbsp;&nbsp;&nbsp;dn_get_battery_power
<LI><a href="#[2ae3f8]">&gt;&gt;</a>&nbsp;&nbsp;&nbsp;dn_get_battery_current
<LI><a href="#[2af208]">&gt;&gt;</a>&nbsp;&nbsp;&nbsp;qdc_tmr0_init
<LI><a href="#[2af49c]">&gt;&gt;</a>&nbsp;&nbsp;&nbsp;mc_init
<LI><a href="#[2af640]">&gt;&gt;</a>&nbsp;&nbsp;&nbsp;dn_safety
<LI><a href="#[2af67c]">&gt;&gt;</a>&nbsp;&nbsp;&nbsp;dn_inner_feet_motor_encoder_rezero
<LI><a href="#[2af85c]">&gt;&gt;</a>&nbsp;&nbsp;&nbsp;dn_get_ankle_pos_rads
<LI><a href="#[2afe38]">&gt;&gt;</a>&nbsp;&nbsp;&nbsp;ae_init_encoder
</UL>

<P><STRONG><a name="[2aa9d8]"></a>__aeabi_fdiv</STRONG> (ARM, 140 bytes, Stack size 8 bytes, fdiv.o(.text))
<BR><BR>[Stack]<UL><LI>Max Depth = 8<LI>Call Chain = __aeabi_fdiv
</UL>
<BR>[Calls]<UL><LI><a href="#[32baa0]">&gt;&gt;</a>&nbsp;&nbsp;&nbsp;_float_epilogue
</UL>
<BR>[Called By]<UL><LI><a href="#[2af49c]">&gt;&gt;</a>&nbsp;&nbsp;&nbsp;mc_init
</UL>

<P><STRONG><a name="[2b09b4]"></a>__ARM_scalbnf</STRONG> (ARM, 12 bytes, Stack size 0 bytes, fscalb.o(.text))
<BR><BR>[Called By]<UL><LI><a href="#[2af208]">&gt;&gt;</a>&nbsp;&nbsp;&nbsp;qdc_tmr0_init
<LI><a href="#[2b0c48]">&gt;&gt;</a>&nbsp;&nbsp;&nbsp;linear_to_fixed
<LI><a href="#[2b0d38]">&gt;&gt;</a>&nbsp;&nbsp;&nbsp;fixed_to_float
<LI><a href="#[2b0db0]">&gt;&gt;</a>&nbsp;&nbsp;&nbsp;float_to_fixed
</UL>

<P><STRONG><a name="[32b848]"></a>scalbnf</STRONG> (ARM, 0 bytes, Stack size 0 bytes, fscalb.o(.text), UNUSED)

<P><STRONG><a name="[2ad2dc]"></a>__aeabi_dadd</STRONG> (ARM, 80 bytes, Stack size 24 bytes, dadd.o(.text))
<BR><BR>[Stack]<UL><LI>Max Depth = 136<LI>Call Chain = __aeabi_dadd &rArr; _double_addcore &rArr; _double_epilogue &rArr; _double_round
</UL>
<BR>[Calls]<UL><LI><a href="#[32b758]">&gt;&gt;</a>&nbsp;&nbsp;&nbsp;_double_addcore
</UL>
<BR>[Called By]<UL><LI><a href="#[2af67c]">&gt;&gt;</a>&nbsp;&nbsp;&nbsp;dn_inner_feet_motor_encoder_rezero
</UL>

<P><STRONG><a name="[32b71c]"></a>__aeabi_dsub</STRONG> (ARM, 80 bytes, Stack size 24 bytes, dadd.o(.text), UNUSED)
<BR><BR>[Calls]<UL><LI><a href="#[32b758]">&gt;&gt;</a>&nbsp;&nbsp;&nbsp;_double_addcore
</UL>

<P><STRONG><a name="[32b6e0]"></a>__aeabi_drsub</STRONG> (ARM, 80 bytes, Stack size 24 bytes, dadd.o(.text), UNUSED)
<BR><BR>[Calls]<UL><LI><a href="#[32b758]">&gt;&gt;</a>&nbsp;&nbsp;&nbsp;_double_addcore
</UL>

<P><STRONG><a name="[2ad2a0]"></a>__aeabi_dmul</STRONG> (ARM, 360 bytes, Stack size 80 bytes, dmul.o(.text))
<BR><BR>[Stack]<UL><LI>Max Depth = 128<LI>Call Chain = __aeabi_dmul &rArr; _double_epilogue &rArr; _double_round
</UL>
<BR>[Calls]<UL><LI><a href="#[32b668]">&gt;&gt;</a>&nbsp;&nbsp;&nbsp;_double_epilogue
</UL>
<BR>[Called By]<UL><LI><a href="#[2af208]">&gt;&gt;</a>&nbsp;&nbsp;&nbsp;qdc_tmr0_init
<LI><a href="#[2af67c]">&gt;&gt;</a>&nbsp;&nbsp;&nbsp;dn_inner_feet_motor_encoder_rezero
</UL>

<P><STRONG><a name="[2aa438]"></a>__aeabi_ddiv</STRONG> (ARM, 380 bytes, Stack size 72 bytes, ddiv.o(.text))
<BR><BR>[Stack]<UL><LI>Max Depth = 120<LI>Call Chain = __aeabi_ddiv &rArr; _double_epilogue &rArr; _double_round
</UL>
<BR>[Calls]<UL><LI><a href="#[32b668]">&gt;&gt;</a>&nbsp;&nbsp;&nbsp;_double_epilogue
</UL>
<BR>[Called By]<UL><LI><a href="#[2af208]">&gt;&gt;</a>&nbsp;&nbsp;&nbsp;qdc_tmr0_init
<LI><a href="#[2afe38]">&gt;&gt;</a>&nbsp;&nbsp;&nbsp;ae_init_encoder
</UL>

<P><STRONG><a name="[2b093c]"></a>__aeabi_i2f</STRONG> (ARM, 28 bytes, Stack size 0 bytes, fflti.o(.text))
<BR><BR>[Calls]<UL><LI><a href="#[32baa0]">&gt;&gt;</a>&nbsp;&nbsp;&nbsp;_float_epilogue
</UL>
<BR>[Called By]<UL><LI><a href="#[2a8980]">&gt;&gt;</a>&nbsp;&nbsp;&nbsp;qdc_tmr0_cap23_get_angle_float
<LI><a href="#[2acee0]">&gt;&gt;</a>&nbsp;&nbsp;&nbsp;qdc_tmr0_cap23_get_rate_float
<LI><a href="#[2acf1c]">&gt;&gt;</a>&nbsp;&nbsp;&nbsp;qdc_tmr0_cap01_get_rate_float
<LI><a href="#[2acf58]">&gt;&gt;</a>&nbsp;&nbsp;&nbsp;qdc_tmr0_cap01_get_angle_float
<LI><a href="#[2ae1a0]">&gt;&gt;</a>&nbsp;&nbsp;&nbsp;dn_get_right_heel_sense
<LI><a href="#[2ae1dc]">&gt;&gt;</a>&nbsp;&nbsp;&nbsp;dn_get_motor_current
<LI><a href="#[2ae2cc]">&gt;&gt;</a>&nbsp;&nbsp;&nbsp;dn_get_left_heel_sense
<LI><a href="#[2ae308]">&gt;&gt;</a>&nbsp;&nbsp;&nbsp;dn_get_hbridge_temp
<LI><a href="#[2ae380]">&gt;&gt;</a>&nbsp;&nbsp;&nbsp;dn_get_battery_voltage
<LI><a href="#[2ae3bc]">&gt;&gt;</a>&nbsp;&nbsp;&nbsp;dn_get_battery_power
<LI><a href="#[2ae3f8]">&gt;&gt;</a>&nbsp;&nbsp;&nbsp;dn_get_battery_current
<LI><a href="#[2af49c]">&gt;&gt;</a>&nbsp;&nbsp;&nbsp;mc_init
<LI><a href="#[2af640]">&gt;&gt;</a>&nbsp;&nbsp;&nbsp;dn_safety
<LI><a href="#[2af67c]">&gt;&gt;</a>&nbsp;&nbsp;&nbsp;dn_inner_feet_motor_encoder_rezero
<LI><a href="#[2af85c]">&gt;&gt;</a>&nbsp;&nbsp;&nbsp;dn_get_ankle_pos_rads
<LI><a href="#[2afe38]">&gt;&gt;</a>&nbsp;&nbsp;&nbsp;ae_init_encoder
<LI><a href="#[2b0d38]">&gt;&gt;</a>&nbsp;&nbsp;&nbsp;fixed_to_float
</UL>

<P><STRONG><a name="[2ad174]"></a>__aeabi_ui2f</STRONG> (ARM, 16 bytes, Stack size 0 bytes, ffltui.o(.text))
<BR><BR>[Calls]<UL><LI><a href="#[32baa0]">&gt;&gt;</a>&nbsp;&nbsp;&nbsp;_float_epilogue
</UL>
<BR>[Called By]<UL><LI><a href="#[2ae164]">&gt;&gt;</a>&nbsp;&nbsp;&nbsp;dn_get_right_hs
<LI><a href="#[2ae218]">&gt;&gt;</a>&nbsp;&nbsp;&nbsp;dn_get_max_execution_time
<LI><a href="#[2ae290]">&gt;&gt;</a>&nbsp;&nbsp;&nbsp;dn_get_left_hs
<LI><a href="#[2ae344]">&gt;&gt;</a>&nbsp;&nbsp;&nbsp;dn_get_execution_time
</UL>

<P><STRONG><a name="[2b0978]"></a>__aeabi_f2iz</STRONG> (ARM, 64 bytes, Stack size 0 bytes, ffixi.o(.text))
<BR><BR>[Called By]<UL><LI><a href="#[2af208]">&gt;&gt;</a>&nbsp;&nbsp;&nbsp;qdc_tmr0_init
<LI><a href="#[2af244]">&gt;&gt;</a>&nbsp;&nbsp;&nbsp;qdc_tmr0_cap23_set_angle_float
<LI><a href="#[2af2f8]">&gt;&gt;</a>&nbsp;&nbsp;&nbsp;qdc_tmr0_cap01_set_angle_float
<LI><a href="#[2b0c48]">&gt;&gt;</a>&nbsp;&nbsp;&nbsp;linear_to_fixed
<LI><a href="#[2b0db0]">&gt;&gt;</a>&nbsp;&nbsp;&nbsp;float_to_fixed
</UL>

<P><STRONG><a name="[2a8908]"></a>__aeabi_f2uiz</STRONG> (ARM, 52 bytes, Stack size 0 bytes, ffixui.o(.text))
<BR><BR>[Called By]<UL><LI><a href="#[2af208]">&gt;&gt;</a>&nbsp;&nbsp;&nbsp;qdc_tmr0_init
</UL>

<P><STRONG><a name="[2aa474]"></a>__aeabi_d2iz</STRONG> (ARM, 116 bytes, Stack size 16 bytes, dfixi.o(.text))
<BR><BR>[Stack]<UL><LI>Max Depth = 16<LI>Call Chain = __aeabi_d2iz
</UL>
<BR>[Calls]<UL><LI><a href="#[32a984]">&gt;&gt;</a>&nbsp;&nbsp;&nbsp;__aeabi_llsr
</UL>
<BR>[Called By]<UL><LI><a href="#[2afe38]">&gt;&gt;</a>&nbsp;&nbsp;&nbsp;ae_init_encoder
</UL>

<P><STRONG><a name="[2ad264]"></a>__aeabi_f2d</STRONG> (ARM, 56 bytes, Stack size 0 bytes, f2d.o(.text))
<BR><BR>[Called By]<UL><LI><a href="#[2af208]">&gt;&gt;</a>&nbsp;&nbsp;&nbsp;qdc_tmr0_init
<LI><a href="#[2af67c]">&gt;&gt;</a>&nbsp;&nbsp;&nbsp;dn_inner_feet_motor_encoder_rezero
<LI><a href="#[2afe38]">&gt;&gt;</a>&nbsp;&nbsp;&nbsp;ae_init_encoder
</UL>

<P><STRONG><a name="[2ad318]"></a>__aeabi_d2f</STRONG> (ARM, 92 bytes, Stack size 16 bytes, d2f.o(.text))
<BR><BR>[Stack]<UL><LI>Max Depth = 16<LI>Call Chain = __aeabi_d2f
</UL>
<BR>[Calls]<UL><LI><a href="#[32baa0]">&gt;&gt;</a>&nbsp;&nbsp;&nbsp;_float_epilogue
</UL>
<BR>[Called By]<UL><LI><a href="#[2af208]">&gt;&gt;</a>&nbsp;&nbsp;&nbsp;qdc_tmr0_init
<LI><a href="#[2af67c]">&gt;&gt;</a>&nbsp;&nbsp;&nbsp;dn_inner_feet_motor_encoder_rezero
</UL>

<P><STRONG><a name="[32aba0]"></a>__aeabi_uidiv</STRONG> (ARM, 0 bytes, Stack size 4 bytes, uidiv.o(.text), UNUSED)

<P><STRONG><a name="[32ab64]"></a>__aeabi_uidivmod</STRONG> (ARM, 60 bytes, Stack size 4 bytes, uidiv.o(.text))
<BR><BR>[Stack]<UL><LI>Max Depth = 4<LI>Call Chain = __aeabi_uidivmod
</UL>
<BR>[Called By]<UL><LI><a href="#[32c220]">&gt;&gt;</a>&nbsp;&nbsp;&nbsp;__aeabi_idivmod
</UL>

<P><STRONG><a name="[32aa74]"></a>__aeabi_uldivmod</STRONG> (ARM, 144 bytes, Stack size 32 bytes, uldiv.o(.text))
<BR><BR>[Stack]<UL><LI>Max Depth = 32<LI>Call Chain = __aeabi_uldivmod
</UL>
<BR>[Calls]<UL><LI><a href="#[32a984]">&gt;&gt;</a>&nbsp;&nbsp;&nbsp;__aeabi_llsr
<LI><a href="#[32bfc8]">&gt;&gt;</a>&nbsp;&nbsp;&nbsp;__aeabi_llsl
</UL>
<BR>[Called By]<UL><LI><a href="#[32c0f4]">&gt;&gt;</a>&nbsp;&nbsp;&nbsp;__aeabi_ldivmod
</UL>

<P><STRONG><a name="[32a984]"></a>__aeabi_llsr</STRONG> (ARM, 36 bytes, Stack size 0 bytes, llushr.o(.text))
<BR><BR>[Called By]<UL><LI><a href="#[2aa474]">&gt;&gt;</a>&nbsp;&nbsp;&nbsp;__aeabi_d2iz
<LI><a href="#[32aa74]">&gt;&gt;</a>&nbsp;&nbsp;&nbsp;__aeabi_uldivmod
<LI><a href="#[32b758]">&gt;&gt;</a>&nbsp;&nbsp;&nbsp;_double_addcore
</UL>

<P><STRONG><a name="[32a948]"></a>_ll_ushift_r</STRONG> (ARM, 0 bytes, Stack size 0 bytes, llushr.o(.text), UNUSED)

<P><STRONG><a name="[32a894]"></a>__I$use$fp</STRONG> (ARM, 0 bytes, Stack size 0 bytes, iusefp.o(.text), UNUSED)

<P><STRONG><a name="[32a7a4]"></a>_float_round</STRONG> (ARM, 24 bytes, Stack size 0 bytes, fepilogue.o(.text))
<BR><BR>[Calls]<UL><LI><a href="#[32a7a4]">&gt;&gt;</a>&nbsp;&nbsp;&nbsp;_float_round
</UL>
<BR>[Called By]<UL><LI><a href="#[32a7a4]">&gt;&gt;</a>&nbsp;&nbsp;&nbsp;_float_round
<LI><a href="#[32baa0]">&gt;&gt;</a>&nbsp;&nbsp;&nbsp;_float_epilogue
</UL>

<P><STRONG><a name="[32baa0]"></a>_float_epilogue</STRONG> (ARM, 84 bytes, Stack size 0 bytes, fepilogue.o(.text))
<BR><BR>[Calls]<UL><LI><a href="#[32a7a4]">&gt;&gt;</a>&nbsp;&nbsp;&nbsp;_float_round
</UL>
<BR>[Called By]<UL><LI><a href="#[2aa9d8]">&gt;&gt;</a>&nbsp;&nbsp;&nbsp;__aeabi_fdiv
<LI><a href="#[2ad174]">&gt;&gt;</a>&nbsp;&nbsp;&nbsp;__aeabi_ui2f
<LI><a href="#[2ad318]">&gt;&gt;</a>&nbsp;&nbsp;&nbsp;__aeabi_d2f
<LI><a href="#[2b093c]">&gt;&gt;</a>&nbsp;&nbsp;&nbsp;__aeabi_i2f
<LI><a href="#[32bb54]">&gt;&gt;</a>&nbsp;&nbsp;&nbsp;_float_addcore
</UL>

<P><STRONG><a name="[32a6b4]"></a>_double_round</STRONG> (ARM, 84 bytes, Stack size 20 bytes, depilogue.o(.text))
<BR><BR>[Stack]<UL><LI>Max Depth = 20<LI>Call Chain = _double_round
</UL>
<BR>[Called By]<UL><LI><a href="#[32b668]">&gt;&gt;</a>&nbsp;&nbsp;&nbsp;_double_epilogue
</UL>

<P><STRONG><a name="[32b668]"></a>_double_epilogue</STRONG> (ARM, 204 bytes, Stack size 28 bytes, depilogue.o(.text))
<BR><BR>[Stack]<UL><LI>Max Depth = 48<LI>Call Chain = _double_epilogue &rArr; _double_round
</UL>
<BR>[Calls]<UL><LI><a href="#[32a6b4]">&gt;&gt;</a>&nbsp;&nbsp;&nbsp;_double_round
</UL>
<BR>[Called By]<UL><LI><a href="#[2aa438]">&gt;&gt;</a>&nbsp;&nbsp;&nbsp;__aeabi_ddiv
<LI><a href="#[2ad2a0]">&gt;&gt;</a>&nbsp;&nbsp;&nbsp;__aeabi_dmul
<LI><a href="#[32b758]">&gt;&gt;</a>&nbsp;&nbsp;&nbsp;_double_addcore
</UL>

<P><STRONG><a name="[32a5c4]"></a>__scatterload</STRONG> (ARM, 40 bytes, Stack size 0 bytes, init.o(.text))
<BR><BR>[Calls]<UL><LI><a href="#[32adbc]">&gt;&gt;</a>&nbsp;&nbsp;&nbsp;__main_after_scatterload
</UL>
<BR>[Called By]<UL><LI><a href="#[32adf8]">&gt;&gt;</a>&nbsp;&nbsp;&nbsp;_main_scatterload
</UL>

<P><STRONG><a name="[32a588]"></a>__scatterload_rt2</STRONG> (ARM, 0 bytes, Stack size 0 bytes, init.o(.text), UNUSED)

<P><STRONG><a name="[32a09c]"></a>__decompress</STRONG> (ARM, 0 bytes, Stack size unknown bytes, __dczerorl2.o(.text), UNUSED)

<P><STRONG><a name="[32a060]"></a>__decompress1</STRONG> (ARM, 112 bytes, Stack size unknown bytes, __dczerorl2.o(.text), UNUSED)

<P><STRONG><a name="[2b273c]"></a>FIQ_Handler</STRONG> (ARM, 0 bytes, Stack size unknown bytes, qdc_2x_fiq_handler.o(FIQ_HANDLER))
<BR>[Address Reference Count : 1]<UL><LI> startup.o(RESET)
</UL>
<P><STRONG><a name="[2a724c]"></a>__ARM_common_memcpy1_8_arm</STRONG> (ARM, 68 bytes, Stack size 0 bytes, can.o(i.__ARM_common_memcpy1_8_arm))
<BR><BR>[Called By]<UL><LI><a href="#[2a7594]">&gt;&gt;</a>&nbsp;&nbsp;&nbsp;can_rx_dispatch_frame
<LI><a href="#[2a75d0]">&gt;&gt;</a>&nbsp;&nbsp;&nbsp;can_transmit_alt
</UL>

<P><STRONG><a name="[32a204]"></a>__scatterload_copy</STRONG> (ARM, 24 bytes, Stack size unknown bytes, handlers.o(i.__scatterload_copy), UNUSED)
<BR><BR>[Calls]<UL><LI><a href="#[32a204]">&gt;&gt;</a>&nbsp;&nbsp;&nbsp;__scatterload_copy
</UL>
<BR>[Called By]<UL><LI><a href="#[32a204]">&gt;&gt;</a>&nbsp;&nbsp;&nbsp;__scatterload_copy
</UL>

<P><STRONG><a name="[32a1c8]"></a>__scatterload_null</STRONG> (ARM, 4 bytes, Stack size unknown bytes, handlers.o(i.__scatterload_null), UNUSED)

<P><STRONG><a name="[32a18c]"></a>__scatterload_zeroinit</STRONG> (ARM, 24 bytes, Stack size unknown bytes, handlers.o(i.__scatterload_zeroinit), UNUSED)
<P>
<H3>
Local Symbols
</H3>
<P><STRONG><a name="[2b29d0]"></a>Undef_Handler</STRONG> (ARM, 4 bytes, Stack size unknown bytes, startup.o(RESET))
<BR><BR>[Calls]<UL><LI><a href="#[2b29d0]">&gt;&gt;</a>&nbsp;&nbsp;&nbsp;Undef_Handler
</UL>
<BR>[Called By]<UL><LI><a href="#[2b29d0]">&gt;&gt;</a>&nbsp;&nbsp;&nbsp;Undef_Handler
</UL>
<BR>[Address Reference Count : 1]<UL><LI> startup.o(RESET)
</UL>
<P><STRONG><a name="[2b2994]"></a>SWI_Handler</STRONG> (ARM, 4 bytes, Stack size unknown bytes, startup.o(RESET))
<BR><BR>[Calls]<UL><LI><a href="#[2b2994]">&gt;&gt;</a>&nbsp;&nbsp;&nbsp;SWI_Handler
</UL>
<BR>[Called By]<UL><LI><a href="#[2b2994]">&gt;&gt;</a>&nbsp;&nbsp;&nbsp;SWI_Handler
</UL>
<BR>[Address Reference Count : 1]<UL><LI> startup.o(RESET)
</UL>
<P><STRONG><a name="[2b2958]"></a>PAbt_Handler</STRONG> (ARM, 4 bytes, Stack size unknown bytes, startup.o(RESET))
<BR><BR>[Calls]<UL><LI><a href="#[2b2958]">&gt;&gt;</a>&nbsp;&nbsp;&nbsp;PAbt_Handler
</UL>
<BR>[Called By]<UL><LI><a href="#[2b2958]">&gt;&gt;</a>&nbsp;&nbsp;&nbsp;PAbt_Handler
</UL>
<BR>[Address Reference Count : 1]<UL><LI> startup.o(RESET)
</UL>
<P><STRONG><a name="[2b291c]"></a>DAbt_Handler</STRONG> (ARM, 4 bytes, Stack size unknown bytes, startup.o(RESET))
<BR><BR>[Calls]<UL><LI><a href="#[2b291c]">&gt;&gt;</a>&nbsp;&nbsp;&nbsp;DAbt_Handler
</UL>
<BR>[Called By]<UL><LI><a href="#[2b291c]">&gt;&gt;</a>&nbsp;&nbsp;&nbsp;DAbt_Handler
</UL>
<BR>[Address Reference Count : 1]<UL><LI> startup.o(RESET)
</UL>
<P><STRONG><a name="[2b28e0]"></a>IRQ_Handler</STRONG> (ARM, 4 bytes, Stack size unknown bytes, startup.o(RESET))
<BR><BR>[Calls]<UL><LI><a href="#[2b28e0]">&gt;&gt;</a>&nbsp;&nbsp;&nbsp;IRQ_Handler
</UL>
<BR>[Called By]<UL><LI><a href="#[2b28e0]">&gt;&gt;</a>&nbsp;&nbsp;&nbsp;IRQ_Handler
</UL>
<BR>[Address Reference Count : 1]<UL><LI> startup.o(RESET)
</UL>
<P><STRONG><a name="[2a823c]"></a>__switch$$</STRONG> (ARM, 0 bytes, Stack size unknown bytes, can.o(.text))
<BR>[Address Reference Count : 1]<UL><LI> can.o(.text)
</UL>
<P><STRONG><a name="[2a8200]"></a>__switch$$</STRONG> (ARM, 0 bytes, Stack size unknown bytes, can.o(.text))
<BR>[Address Reference Count : 1]<UL><LI> can.o(.text)
</UL>
<P><STRONG><a name="[32bb54]"></a>_float_addcore</STRONG> (ARM, 164 bytes, Stack size 8 bytes, fadd.o(.text))
<BR><BR>[Stack]<UL><LI>Max Depth = 8<LI>Call Chain = _float_addcore
</UL>
<BR>[Calls]<UL><LI><a href="#[32baa0]">&gt;&gt;</a>&nbsp;&nbsp;&nbsp;_float_epilogue
</UL>
<BR>[Called By]<UL><LI><a href="#[2ad1b0]">&gt;&gt;</a>&nbsp;&nbsp;&nbsp;__aeabi_fsub
<LI><a href="#[2ad1ec]">&gt;&gt;</a>&nbsp;&nbsp;&nbsp;__aeabi_frsub
<LI><a href="#[32bb18]">&gt;&gt;</a>&nbsp;&nbsp;&nbsp;__aeabi_fadd
</UL>

<P><STRONG><a name="[32b758]"></a>_double_addcore</STRONG> (ARM, 428 bytes, Stack size 64 bytes, dadd.o(.text))
<BR><BR>[Stack]<UL><LI>Max Depth = 112<LI>Call Chain = _double_addcore &rArr; _double_epilogue &rArr; _double_round
</UL>
<BR>[Calls]<UL><LI><a href="#[32a984]">&gt;&gt;</a>&nbsp;&nbsp;&nbsp;__aeabi_llsr
<LI><a href="#[32b668]">&gt;&gt;</a>&nbsp;&nbsp;&nbsp;_double_epilogue
<LI><a href="#[32bfc8]">&gt;&gt;</a>&nbsp;&nbsp;&nbsp;__aeabi_llsl
</UL>
<BR>[Called By]<UL><LI><a href="#[2ad2dc]">&gt;&gt;</a>&nbsp;&nbsp;&nbsp;__aeabi_dadd
<LI><a href="#[32b6e0]">&gt;&gt;</a>&nbsp;&nbsp;&nbsp;__aeabi_drsub
<LI><a href="#[32b71c]">&gt;&gt;</a>&nbsp;&nbsp;&nbsp;__aeabi_dsub
</UL>
<P>
<H3>
Undefined Global Symbols
</H3><HR></body></html>
