<html>
<body>
<pre>
<h1>µVision3 Build Log</h1>
<h2>Project:</h2>
C:\Users\Matt\git\RangerGit\Ranger\Ranger\Control\B2A_Inner_Feet_Motor_Controller\current\keil_framework_2194.uv2
Project File Date:  02/24/2016

<h2>Output:</h2>
Build target 'LPC2194/01'
compiling main.c...
assembling Startup.s...
compiling async_scheduler.c...
compiling error.c...
compiling mutex.c...
compiling utility.c...
compiling hardware_setup.c...
compiling software_setup.c...
src\software_setup.c(23): error:  #20: identifier "can_tx_battery_power" is undefined
compiling can_setup.c...
compiling interrupts.c...
compiling data_nexus.c...
compiling Retarget.c...
compiling heartbeat.c...
compiling adc_internal.c...
compiling limit_switch.c...
compiling motor_controller.c...
compiling abs_enc.c...
compiling mcu_led.c...
compiling adc_external.c...
compiling UART.c...
compiling qdc.c...
assembling qdc_2x_fiq_handler.s...
compiling can.c...
compiling can_types.c...
Target not created
Build target 'LPC2194/01'
compiling main.c...
assembling Startup.s...
compiling async_scheduler.c...
compiling error.c...
compiling mutex.c...
compiling utility.c...
compiling hardware_setup.c...
compiling software_setup.c...
compiling can_setup.c...
compiling interrupts.c...
compiling data_nexus.c...
compiling Retarget.c...
compiling heartbeat.c...
compiling adc_internal.c...
compiling limit_switch.c...
compiling motor_controller.c...
compiling abs_enc.c...
compiling mcu_led.c...
compiling adc_external.c...
compiling UART.c...
compiling qdc.c...
assembling qdc_2x_fiq_handler.s...
compiling can.c...
compiling can_types.c...
linking...
Program Size: Code=25260 RO-data=32 RW-data=524 ZI-data=6348  
FromELF: creating hex file...
".\Flash\keil_framework_2194.axf" - 0 Error(s), 0 Warning(s).
Load "C:\\Users\\Matt\\git\\RangerGit\\Ranger\\Ranger\\Control\\B2A_Inner_Feet_Motor_Controller\\current\\Flash\\keil_framework_2194.AXF" 
Erase Done.
Programming Done.
Verify OK.
Application running ...
