<html>
<body>
<pre>
<h1>µVision3 Build Log</h1>
<h2>Project:</h2>
C:\Documents and Settings\Robot Admin\My Documents\SVN\Trunk\Ranger\Control\LPC3250_Main_Brain\current\LPC3250_main_brain.uv2
Project File Date:  12/10/2010

<h2>Output:</h2>
Build target 'LPC3250 Int RAM'
assembling LPC32x0.s...
compiling mb_hardware_setup.c...
compiling mb_software_setup.c...
compiling main.c...
compiling mb_data_nexus.c...
compiling mb_scheduler.c...
compiling mb_ssp_dma.c...
compiling mb_heartbeat.c...
compiling mb_bluetooth.c...
compiling a9_clock.c...
compiling mb_io_data.c...
compiling mb_error.c...
compiling mb_estimator.c...
..\..\Estimator\mb_estimator.c(1092): warning:  #177-D: variable "xhi" was declared but never referenced
..\..\Estimator\mb_estimator.c(29): warning:  #177-D: variable "ankle_flip_up_threshold" was declared but never referenced
..\..\Estimator\mb_estimator.c(33): warning:  #177-D: variable "foot_radius" was declared but never referenced
compiling mb_estimator_execution_time.c...
compiling UI_fsm.cpp...
compiling foot_inner_fsm.cpp...
compiling foot_outer_fsm.cpp...
compiling fsm.cpp...
compiling hip_fsm.cpp...
compiling mb_fsm.cpp...
compiling steering_fsm.cpp...
compiling system_init_fsm.cpp...
linking...
Program Size: Code=43456 RO-data=2096 RW-data=12908 ZI-data=81076  
".\Int_RAM\LPC3250_Main_Brain.axf" - 0 Error(s), 3 Warning(s).
Load "C:\\Documents and Settings\\Robot Admin\\My Documents\\SVN\\Trunk\\Ranger\\Control\\LPC3250_Main_Brain\\current\\Int_RAM\\LPC3250_Main_Brain.AXF" 
No Algorithm found for: 08000000H - 0800DC17H
Erase skipped!
