<html>
<body>
<pre>
<h1>µVision3 Build Log</h1>
<h2>Project:</h2>
C:\Documents and Settings\Robot Admin\My Documents\SVN\Trunk\Ranger\Control\LPC3250_Main_Brain\current\LPC3250_main_brain.uv2
Project File Date:  05/26/2010

<h2>Output:</h2>
Build target 'LPC3250 Int RAM'
linking...
Program Size: Code=39684 RO-data=2200 RW-data=12132 ZI-data=80876  
".\Int_RAM\LPC3250_Main_Brain.axf" - 0 Error(s), 0 Warning(s).
Load "C:\\Documents and Settings\\Robot Admin\\My Documents\\SVN\\Trunk\\Ranger\\Control\\LPC3250_Main_Brain\\current\\Int_RAM\\LPC3250_Main_Brain.AXF" 
No Algorithm found for: 08000000H - 0800CD43H
Erase skipped!
Build target 'LPC3250 Int RAM'
assembling LPC32x0.s...
compiling mb_hardware_setup.c...
compiling mb_software_setup.c...
compiling main.c...
compiling mb_data_nexus.c...
compiling mb_scheduler.c...
compiling mb_ssp_dma.c...
compiling mb_heartbeat.c...
compiling mb_bluetooth.c...
compiling a9_clock.c...
compiling mb_io_data.c...
compiling mb_error.c...
compiling mb_estimator.c...
..\..\Estimator\mb_estimator.c(675): warning:  #177-D: variable "outer_leg_hs_state" was declared but never referenced
..\..\Estimator\mb_estimator.c(862): warning:  #177-D: variable "xhi" was declared but never referenced
..\..\Estimator\mb_estimator.c(26): warning:  #177-D: variable "ft_r" was declared but never referenced
..\..\Estimator\mb_estimator.c(27): warning:  #177-D: variable "flipdown_target_ankle_angle" was declared but never referenced
compiling foot_inner_fsm.cpp...
compiling foot_inner_fsm_conditions.cpp...
compiling foot_outer_fsm.cpp...
compiling foot_outer_fsm_conditions.cpp...
compiling fsm.cpp...
compiling hip_fsm.cpp...
compiling hip_fsm_conditions.cpp...
compiling mb_fsm.cpp...
..\..\Finite_State_Machines\FSM_7\mb_fsm.cpp(48): warning:  #177-D: variable "g_hip_fsm_stop_command" was declared but never referenced
..\..\Finite_State_Machines\FSM_7\mb_fsm.cpp(49): warning:  #177-D: variable "g_foot_inner_stop_command" was declared but never referenced
..\..\Finite_State_Machines\FSM_7\mb_fsm.cpp(50): warning:  #177-D: variable "g_foot_outer_stop_command" was declared but never referenced
..\..\Finite_State_Machines\FSM_7\mb_fsm.cpp(51): warning:  #177-D: variable "g_steering_fsm_stop_command" was declared but never referenced
..\..\Finite_State_Machines\FSM_7\mb_fsm.cpp(52): warning:  #177-D: variable "g_ui_fsm_stop_command" was declared but never referenced
compiling read_global_sensors.cpp...
compiling steering_conditions.cpp...
compiling steering_fsm.cpp...
compiling system_init_fsm.cpp...
compiling system_init_fsm_conditions.cpp...
compiling UI_fsm.cpp...
..\..\Ranger_Configuration\error_messages.h(112): warning:  #1-D: last line of file ends without a newline
compiling UI_fsm_conditions.cpp...
linking...
Program Size: Code=39684 RO-data=2200 RW-data=12132 ZI-data=80876  
".\Int_RAM\LPC3250_Main_Brain.axf" - 0 Error(s), 10 Warning(s).
Load "C:\\Documents and Settings\\Robot Admin\\My Documents\\SVN\\Trunk\\Ranger\\Control\\LPC3250_Main_Brain\\current\\Int_RAM\\LPC3250_Main_Brain.AXF" 
No Algorithm found for: 08000000H - 0800CD43H
Erase skipped!
Load "C:\\Documents and Settings\\Robot Admin\\My Documents\\SVN\\Trunk\\Ranger\\Control\\LPC3250_Main_Brain\\current\\Int_RAM\\LPC3250_Main_Brain.AXF" 
No Algorithm found for: 08000000H - 0800CD43H
Erase skipped!
Build target 'LPC3250 Int RAM'
assembling LPC32x0.s...
compiling mb_hardware_setup.c...
compiling mb_software_setup.c...
compiling main.c...
compiling mb_data_nexus.c...
compiling mb_scheduler.c...
compiling mb_ssp_dma.c...
compiling mb_heartbeat.c...
compiling mb_bluetooth.c...
compiling a9_clock.c...
compiling mb_io_data.c...
compiling mb_error.c...
compiling mb_estimator.c...
..\..\Estimator\mb_estimator.c(675): warning:  #177-D: variable "outer_leg_hs_state" was declared but never referenced
..\..\Estimator\mb_estimator.c(862): warning:  #177-D: variable "xhi" was declared but never referenced
..\..\Estimator\mb_estimator.c(26): warning:  #177-D: variable "ft_r" was declared but never referenced
..\..\Estimator\mb_estimator.c(27): warning:  #177-D: variable "flipdown_target_ankle_angle" was declared but never referenced
compiling foot_inner_fsm.cpp...
compiling foot_inner_fsm_conditions.cpp...
compiling foot_outer_fsm.cpp...
compiling foot_outer_fsm_conditions.cpp...
compiling fsm.cpp...
compiling hip_fsm.cpp...
compiling hip_fsm_conditions.cpp...
compiling mb_fsm.cpp...
..\..\Finite_State_Machines\FSM_7\mb_fsm.cpp(48): warning:  #177-D: variable "g_hip_fsm_stop_command" was declared but never referenced
..\..\Finite_State_Machines\FSM_7\mb_fsm.cpp(49): warning:  #177-D: variable "g_foot_inner_stop_command" was declared but never referenced
..\..\Finite_State_Machines\FSM_7\mb_fsm.cpp(50): warning:  #177-D: variable "g_foot_outer_stop_command" was declared but never referenced
..\..\Finite_State_Machines\FSM_7\mb_fsm.cpp(51): warning:  #177-D: variable "g_steering_fsm_stop_command" was declared but never referenced
..\..\Finite_State_Machines\FSM_7\mb_fsm.cpp(52): warning:  #177-D: variable "g_ui_fsm_stop_command" was declared but never referenced
compiling read_global_sensors.cpp...
compiling steering_conditions.cpp...
compiling steering_fsm.cpp...
compiling system_init_fsm.cpp...
compiling system_init_fsm_conditions.cpp...
compiling UI_fsm.cpp...
..\..\Ranger_Configuration\error_messages.h(112): warning:  #1-D: last line of file ends without a newline
compiling UI_fsm_conditions.cpp...
linking...
Program Size: Code=39684 RO-data=2200 RW-data=12132 ZI-data=80876  
".\Int_RAM\LPC3250_Main_Brain.axf" - 0 Error(s), 10 Warning(s).
Load "C:\\Documents and Settings\\Robot Admin\\My Documents\\SVN\\Trunk\\Ranger\\Control\\LPC3250_Main_Brain\\current\\Int_RAM\\LPC3250_Main_Brain.AXF" 
No Algorithm found for: 08000000H - 0800CD43H
Erase skipped!
